export/q3_2单品数据筛选.csv
,日期,单品名称,批发价格(元/千克)_否,销售单价(元/千克)_否,销量(千克)_否,损耗率(%)_否
1,2020-07-01,上海青,7.03,10.0,11.476,14.429999999999998
37,2020-07-02,上海青,7.03,10.0,6.806,14.43
74,2020-07-03,上海青,6.76,10.0,12.659,14.429999999999998
110,2020-07-04,上海青,6.56,10.0,28.186,14.43
144,2020-07-05,上海青,6.559999999999999,10.0,11.617,14.43
178,2020-07-06,上海青,6.25,10.0,13.458,14.43
214,2020-07-07,上海青,6.25,10.0,9.861,14.43
251,2020-07-08,上海青,6.25,10.0,12.569,14.43
288,2020-07-09,上海青,6.25,10.0,10.182,14.43
324,2020-07-10,上海青,6.25,10.0,12.567,14.43
361,2020-07-11,上海青,6.25,10.0,20.957,14.43
396,2020-07-12,上海青,6.25,10.0,12.99,14.43
435,2020-07-13,上海青,6.25,10.0,11.174,14.43
470,2020-07-14,上海青,6.0,10.0,10.514,14.43
507,2020-07-15,上海青,5.7,10.0,15.176,14.43
543,2020-07-16,上海青,5.67,10.0,13.959,14.43
580,2020-07-17,上海青,5.67,10.0,7.589,14.43
618,2020-07-18,上海青,5.38,10.0,18.321,14.43
655,2020-07-19,上海青,5.33,10.0,27.866,14.43
691,2020-07-20,上海青,5.33,10.0,12.659,14.43
726,2020-07-21,上海青,5.33,7.0,14.373,14.43
764,2020-07-22,上海青,4.57,7.0,13.227,14.43
801,2020-07-23,上海青,4.19,9.0,12.108,14.43
839,2020-07-24,上海青,4.19,9.0,12.92,14.43
874,2020-07-25,上海青,4.97,9.0,13.431,14.43
910,2020-07-26,上海青,5.0,9.0,19.404,14.43
948,2020-07-27,上海青,5.0,9.0,17.352,14.43
986,2020-07-28,上海青,5.0,9.0,9.533,14.43
1024,2020-07-29,上海青,5.0,9.0,12.899,14.43
1059,2020-07-30,上海青,5.0,9.0,11.038,14.429999999999998
1095,2020-07-31,上海青,5.0,9.0,12.084,14.43
1132,2020-08-01,上海青,4.99,9.0,18.876,14.43
1171,2020-08-02,上海青,4.97,9.0,19.502,14.43
1215,2020-08-03,上海青,4.97,9.0,12.754,14.43
1258,2020-08-04,上海青,4.69,9.0,13.107,14.43
1297,2020-08-05,上海青,5.46,9.0,8.62,14.43
1338,2020-08-06,上海青,5.02,9.0,13.476,14.43
1381,2020-08-07,上海青,4.69,9.0,14.446,14.43
1427,2020-08-08,上海青,4.73,7.0,42.264,14.43
1472,2020-08-09,上海青,4.46,7.0,35.806,14.43
1517,2020-08-10,上海青,4.38,8.0,12.456,14.43
1555,2020-08-11,上海青,4.37,8.0,29.987,14.43
1594,2020-08-12,上海青,4.38,7.0,23.648,14.429999999999998
1633,2020-08-13,上海青,4.37,7.0,14.345,14.43
1670,2020-08-14,上海青,4.37,7.0,13.882,14.43
1714,2020-08-15,上海青,4.37,7.0,11.651,14.43
1756,2020-08-16,上海青,4.91,8.0,24.443,14.43
1795,2020-08-17,上海青,5.33,8.0,11.204,14.43
1834,2020-08-18,上海青,5.63,8.0,13.849,14.43
1873,2020-08-19,上海青,5.48,10.0,12.727,14.43
1913,2020-08-20,上海青,5.1,10.0,14.262,14.43
1955,2020-08-21,上海青,5.93,10.0,33.883,14.43
1996,2020-08-22,上海青,5.82,10.0,23.043,14.43
2035,2020-08-23,上海青,5.69,10.0,36.66,14.43
2075,2020-08-24,上海青,5.66,10.0,31.723,14.43
2117,2020-08-25,上海青,5.3,10.0,17.641000000000002,14.43
2157,2020-08-26,上海青,5.62,10.0,16.816,14.43
2198,2020-08-27,上海青,5.54,10.0,25.568,14.43
2241,2020-08-28,上海青,5.65,10.0,21.288,14.43
2283,2020-08-29,上海青,5.77,10.0,37.526,14.43
2324,2020-08-30,上海青,5.94,10.0,25.748,14.43
2364,2020-08-31,上海青,5.57,10.0,20.376,14.43
2405,2020-09-01,上海青,5.62,10.0,15.103,14.43
2444,2020-09-02,上海青,4.88,10.0,25.209,14.43
2485,2020-09-03,上海青,4.6,9.6,11.881,14.43
2524,2020-09-04,上海青,5.360000000000001,9.6,21.985,14.429999999999998
2565,2020-09-05,上海青,4.98,9.6,30.525,14.43
2607,2020-09-06,上海青,5.31,9.6,20.795,14.43
2651,2020-09-07,上海青,5.31,9.6,18.52,14.43
2694,2020-09-08,上海青,5.31,9.6,14.324,14.43
2733,2020-09-09,上海青,5.31,8.0,15.857,14.429999999999998
2774,2020-09-10,上海青,4.73,8.0,16.195,14.43
2816,2020-09-11,上海青,5.31,8.0,6.491,14.43
2857,2020-09-12,上海青,4.96,8.0,16.544,14.43
2901,2020-09-13,上海青,5.19,8.0,13.224,14.43
2944,2020-09-14,上海青,4.69,8.0,12.922,14.43
2982,2020-09-15,上海青,4.69,8.0,22.009,14.43
3024,2020-09-16,上海青,4.69,8.0,12.96,14.43
3066,2020-09-17,上海青,4.69,8.0,22.976,14.43
3108,2020-09-18,上海青,4.49,8.0,28.499,14.43
3154,2020-09-19,上海青,4.49,8.0,35.746,14.43
3195,2020-09-20,上海青,2.25,8.0,9.025,14.43
3237,2020-09-21,上海青,3.96,8.0,28.823,14.43
3277,2020-09-22,上海青,4.69,8.0,35.614999999999995,14.43
3322,2020-09-23,上海青,4.73,8.0,22.611,14.43
3366,2020-09-24,上海青,5.31,9.0,5.96,14.43
3413,2020-09-25,上海青,5.410000000000001,9.0,5.725,14.429999999999998
3465,2020-09-26,上海青,5.9,9.0,14.41,14.43
3514,2020-09-27,上海青,5.940000000000001,9.0,10.791,14.43
3563,2020-09-28,上海青,5.94,9.0,6.837,14.43
3607,2020-09-29,上海青,5.920000000000001,9.0,3.686,14.43
3653,2020-09-30,上海青,5.63,9.0,10.28,14.429999999999998
3699,2020-10-01,上海青,5.63,9.0,8.565,14.43
3743,2020-10-02,上海青,5.62,9.0,15.682,14.43
3788,2020-10-03,上海青,5.65,9.0,25.367,14.43
3832,2020-10-04,上海青,6.05,9.0,15.103,14.43
3875,2020-10-05,上海青,5.94,9.0,27.219,14.43
3919,2020-10-06,上海青,5.94,10.0,6.957,14.43
3965,2020-10-07,上海青,5.94,10.0,5.801,14.43
4009,2020-10-08,上海青,5.94,10.0,8.289,14.43
4053,2020-10-09,上海青,5.94,11.0,6.97,14.43
4097,2020-10-10,上海青,5.94,11.0,3.909,14.43
4142,2020-10-11,上海青,5.86,11.0,6.5600000000000005,14.43
4184,2020-10-12,上海青,5.63,10.0,4.131,14.43
4224,2020-10-13,上海青,6.56,9.0,4.131,14.43
4268,2020-10-14,上海青,5.12,9.0,3.998,14.43
4309,2020-10-15,上海青,4.99,8.0,7.27,14.43
4351,2020-10-16,上海青,4.38,8.0,11.744,14.429999999999998
4393,2020-10-17,上海青,4.38,8.0,8.584,14.43
4439,2020-10-18,上海青,4.38,8.0,7.97,14.43
4485,2020-10-19,上海青,4.42,8.0,6.179,14.43
4529,2020-10-20,上海青,4.41,8.0,9.624,14.43
4572,2020-10-21,上海青,4.37,8.0,6.755,14.43
4614,2020-10-22,上海青,4.38,8.0,7.295,14.43
4656,2020-10-23,上海青,4.38,7.0,5.361,14.43
4698,2020-10-24,上海青,4.38,7.0,8.385,14.43
4741,2020-10-25,上海青,4.38,7.0,6.103,14.43
4786,2020-10-26,上海青,3.9,6.0,5.352,14.43
4829,2020-10-27,上海青,4.38,6.0,4.147,14.43
4872,2020-10-28,上海青,4.3,6.0,4.665,14.43
4916,2020-10-29,上海青,3.75,6.0,2.894,14.429999999999998
4962,2020-10-30,上海青,3.75,6.0,4.465,14.43
5010,2020-10-31,上海青,3.87,7.0,7.265,14.43
5056,2020-11-01,上海青,3.4399999999999995,7.0,3.383,14.43
5101,2020-11-02,上海青,3.5499999999999994,7.0,5.903,14.43
5143,2020-11-03,上海青,4.05,7.0,5.229,14.43
5185,2020-11-04,上海青,3.85,7.0,4.042,14.43
5226,2020-11-05,上海青,3.75,7.0,2.966,14.43
5268,2020-11-06,上海青,3.75,7.0,1.591,14.43
5310,2020-11-07,上海青,3.75,7.0,14.518,14.43
5353,2020-11-08,上海青,3.67,7.0,7.051,14.43
5397,2020-11-09,上海青,3.44,7.0,2.2350000000000003,14.43
5442,2020-11-10,上海青,3.44,7.0,2.966,14.43
5486,2020-11-11,上海青,3.44,7.0,3.783,14.43
5532,2020-11-12,上海青,3.44,6.0,2.676,14.429999999999998
5581,2020-11-13,上海青,3.44,6.0,6.024,14.43
5624,2020-11-14,上海青,3.4399999999999995,5.0,3.957,14.43
5671,2020-11-15,上海青,3.44,5.0,7.49,14.43
5716,2020-11-16,上海青,3.44,5.0,5.382,14.43
5759,2020-11-17,上海青,3.44,5.0,3.695,14.43
5802,2020-11-18,上海青,3.1600000000000006,5.0,5.562,14.43
5847,2020-11-19,上海青,3.13,5.0,4.319,14.43
5892,2020-11-20,上海青,3.12,5.0,5.582,14.43
5936,2020-11-21,上海青,3.13,5.0,5.745,14.43
5983,2020-11-22,上海青,3.13,5.0,11.867,14.43
6027,2020-11-23,上海青,2.84,5.0,5.281,14.43
6071,2020-11-24,上海青,2.81,5.0,5.805,14.429999999999998
6113,2020-11-25,上海青,2.81,5.0,6.667,14.43
6158,2020-11-26,上海青,2.81,5.0,2.349,14.43
6201,2020-11-27,上海青,2.81,5.0,1.405,14.43
6249,2020-11-28,上海青,2.81,5.0,6.347,14.43
6297,2020-11-29,上海青,2.81,5.6,4.088,14.43
6343,2020-11-30,上海青,2.89,5.6,4.157,14.43
6391,2020-12-01,上海青,2.89,5.0,5.221,14.43
6436,2020-12-02,上海青,2.89,5.0,2.9720000000000004,14.43
6483,2020-12-03,上海青,3.18,5.0,2.772,14.43
6529,2020-12-04,上海青,3.14,5.0,2.349,14.43
6578,2020-12-05,上海青,2.81,5.0,4.539,14.43
6629,2020-12-06,上海青,2.81,5.0,2.793,14.43
6678,2020-12-07,上海青,2.84,5.0,4.798,14.43
6729,2020-12-08,上海青,3.13,5.0,4.959,14.43
6830,2020-12-10,上海青,3.12,5.0,2.007,14.43
6883,2020-12-11,上海青,3.13,5.0,5.503,14.43
6937,2020-12-12,上海青,3.13,5.0,5.542,14.43
6993,2020-12-13,上海青,3.1300000000000003,5.0,11.206,14.429999999999998
7046,2020-12-14,上海青,3.12,5.0,1.828,14.43
7091,2020-12-15,上海青,3.13,5.0,3.474,14.43
7143,2020-12-16,上海青,3.12,5.0,3.032,14.43
7192,2020-12-17,上海青,3.12,5.0,4.358,14.43
7243,2020-12-18,上海青,3.12,5.0,5.684,14.43
7296,2020-12-19,上海青,3.12,5.0,8.815,14.43
7347,2020-12-20,上海青,3.12,5.0,7.01,14.43
7399,2020-12-21,上海青,3.12,5.0,3.977,14.429999999999998
7445,2020-12-22,上海青,3.12,5.0,5.181,14.43
7493,2020-12-23,上海青,3.12,5.0,3.696,14.43
7542,2020-12-24,上海青,3.26,5.0,8.294,14.43
7590,2020-12-25,上海青,3.44,5.0,3.213,14.43
7638,2020-12-26,上海青,3.44,5.0,6.446,14.43
7687,2020-12-27,上海青,3.27,5.0,10.263,14.429999999999998
7733,2020-12-28,上海青,3.2400000000000007,5.0,4.38,14.43
7778,2020-12-29,上海青,3.24,5.0,7.17,14.429999999999998
7824,2020-12-30,上海青,3.24,8.0,3.571,14.43
7874,2020-12-31,上海青,3.24,8.0,7.77,14.43
7922,2021-01-01,上海青,3.25,6.0,3.747,14.43
7968,2021-01-02,上海青,4.930000000000001,6.0,6.405,14.43
8013,2021-01-03,上海青,4.46,6.0,12.408,14.43
8060,2021-01-04,上海青,3.4399999999999995,6.0,12.042,14.43
8106,2021-01-05,上海青,2.0,8.0,4.148,14.429999999999998
8153,2021-01-06,上海青,3.84,7.0,7.94,14.43
8201,2021-01-07,上海青,4.5,8.0,14.049,14.43
8247,2021-01-08,上海青,4.7,8.0,7.205999999999999,14.43
8294,2021-01-09,上海青,4.7,8.0,6.443,14.429999999999998
8339,2021-01-10,上海青,4.7,8.0,8.737,14.43
8386,2021-01-11,上海青,4.7,8.0,3.91,14.43
8431,2021-01-12,上海青,4.7,8.0,3.735,14.43
8472,2021-01-13,上海青,4.91,8.0,7.995,14.43
8514,2021-01-14,上海青,5.48,8.0,15.565,14.43
8558,2021-01-15,上海青,5.6,10.0,14.951,14.43
8602,2021-01-16,上海青,5.85,10.0,9.15,14.43
8647,2021-01-17,上海青,5.85,10.0,13.787,14.429999999999998
8695,2021-01-18,上海青,5.85,10.0,7.387,14.43
8743,2021-01-19,上海青,5.87,11.0,4.343999999999999,14.43
8791,2021-01-20,上海青,5.92,11.0,7.367,14.43
8839,2021-01-21,上海青,5.92,11.0,4.409,14.43
8887,2021-01-22,上海青,5.92,11.0,7.295,14.43
8933,2021-01-23,上海青,6.15,11.0,5.586,14.43
8980,2021-01-24,上海青,7.18,11.0,5.111,14.429999999999998
9028,2021-01-25,上海青,7.18,11.0,6.478,14.43
9074,2021-01-26,上海青,7.180000000000001,11.0,6.4030000000000005,14.43
9122,2021-01-27,上海青,7.18,11.0,10.045,14.43
9167,2021-01-28,上海青,7.09,10.0,16.335,14.43
9213,2021-01-29,上海青,7.05,10.0,6.696,14.429999999999998
9261,2021-01-30,上海青,7.05,10.0,6.495,14.43
9311,2021-01-31,上海青,7.05,10.0,9.75,14.43
9359,2021-02-01,上海青,6.69,10.0,4.69,14.43
9407,2021-02-02,上海青,6.24,10.0,5.023,14.43
9456,2021-02-03,上海青,6.24,10.0,6.351,14.43
9504,2021-02-04,上海青,6.26,10.0,7.327,14.43
9553,2021-02-05,上海青,5.94,10.0,3.147,14.43
9602,2021-02-06,上海青,5.93,10.0,4.459,14.43
9653,2021-02-07,上海青,5.81,10.0,5.173,14.43
9704,2021-02-08,上海青,5.3100000000000005,10.0,6.975,14.43
9755,2021-02-09,上海青,5.26,10.0,22.485,14.43
9805,2021-02-10,上海青,4.76,10.0,43.597,14.43
9859,2021-02-13,上海青,4.68,10.0,18.029,14.43
9894,2021-02-14,上海青,4.53,10.0,7.077,14.43
9939,2021-02-15,上海青,4.36,6.6,22.662,14.429999999999998
9984,2021-02-16,上海青,4.1,6.599999999999999,23.392,14.43
10025,2021-02-17,上海青,4.1,6.599999999999999,11.326,14.43
10068,2021-02-18,上海青,4.1,6.0,12.694,14.43
10113,2021-02-19,上海青,4.1,6.0,10.569,14.43
10155,2021-02-20,上海青,4.1,6.0,14.047,14.43
10204,2021-02-21,上海青,4.1,6.0,16.473,14.43
10249,2021-02-22,上海青,4.1,6.0,13.028,14.429999999999998
10292,2021-02-23,上海青,4.1,6.0,18.058,14.43
10337,2021-02-24,上海青,3.75,7.0,17.74,14.43
10382,2021-02-25,上海青,3.78,7.0,17.439,14.43
10430,2021-02-26,上海青,3.77,7.0,37.054,14.43
10473,2021-02-27,上海青,3.74,7.0,20.261,14.43
10513,2021-02-28,上海青,3.53,6.0,28.966,14.43
10559,2021-03-01,上海青,3.42,6.0,13.096,14.43
10608,2021-03-02,上海青,3.4200000000000004,6.0,20.254,14.43
10657,2021-03-03,上海青,3.4200000000000004,6.0,9.517,14.43
10703,2021-03-04,上海青,3.42,6.0,10.901,14.43
10749,2021-03-05,上海青,3.4199999999999995,6.0,6.605,14.429999999999998
10794,2021-03-06,上海青,3.4200000000000004,6.0,19.868,14.43
10844,2021-03-07,上海青,3.42,6.0,13.647,14.43
10894,2021-03-08,上海青,3.42,6.0,13.751,14.43
10942,2021-03-09,上海青,3.43,6.0,8.362,14.43
10990,2021-03-10,上海青,3.52,6.0,12.594,14.43
11035,2021-03-11,上海青,3.42,6.0,14.632,14.43
11084,2021-03-12,上海青,3.4200000000000004,6.0,10.585,14.43
11134,2021-03-13,上海青,3.42,6.0,10.75,14.43
11186,2021-03-14,上海青,3.42,6.0,14.198,14.43
11233,2021-03-15,上海青,3.43,6.0,7.108,14.429999999999998
11277,2021-03-16,上海青,3.44,6.0,6.255,14.429999999999998
11322,2021-03-17,上海青,3.43,6.0,10.47,14.43
11370,2021-03-18,上海青,3.42,6.0,12.674,14.43
11416,2021-03-19,上海青,3.42,6.0,13.329,14.43
11463,2021-03-20,上海青,3.42,6.0,16.556,14.43
11512,2021-03-21,上海青,3.44,6.0,15.838,14.429999999999998
11561,2021-03-22,上海青,3.44,6.0,8.329,14.43
11607,2021-03-23,上海青,3.44,6.0,15.836,14.43
11654,2021-03-24,上海青,3.44,6.0,8.747,14.43
11699,2021-03-25,上海青,3.44,6.0,8.646,14.43
11746,2021-03-26,上海青,3.44,6.0,18.946,14.43
11793,2021-03-27,上海青,3.44,6.0,14.566,14.43
11839,2021-03-28,上海青,3.44,6.0,13.896,14.429999999999998
11888,2021-03-29,上海青,3.5,6.0,14.469,14.43
11935,2021-03-30,上海青,3.67,6.0,11.791,14.43
11980,2021-03-31,上海青,3.74,6.0,17.293,14.43
12023,2021-04-01,上海青,3.74,6.0,15.033,14.43
12072,2021-04-02,上海青,3.74,6.0,16.258,14.43
12126,2021-04-03,上海青,3.73,6.0,15.704,14.43
12176,2021-04-04,上海青,3.42,6.0,15.751,14.43
12224,2021-04-05,上海青,3.48,6.0,21.558,14.429999999999998
12271,2021-04-06,上海青,3.51,6.0,2.641,14.43
12312,2021-04-07,上海青,3.46,6.0,27.897,14.43
12359,2021-04-08,上海青,3.42,6.0,12.109,14.43
12407,2021-04-09,上海青,3.64,6.0,12.642,14.43
12453,2021-04-10,上海青,3.7400000000000007,6.0,37.796,14.429999999999998
12497,2021-04-11,上海青,3.74,6.0,30.422,14.43
12540,2021-04-12,上海青,3.74,6.0,17.727,14.43
12583,2021-04-13,上海青,3.74,6.0,15.437,14.43
12627,2021-04-14,上海青,3.74,6.0,14.95,14.43
12675,2021-04-15,上海青,3.78,6.0,16.457,14.429999999999998
12723,2021-04-16,上海青,3.87,6.0,10.334,14.43
12771,2021-04-17,上海青,3.87,6.0,21.943,14.43
12821,2021-04-18,上海青,4.01,6.0,9.617,14.43
12871,2021-04-19,上海青,4.06,6.0,12.425,14.43
12919,2021-04-20,上海青,4.06,6.0,7.408,14.43
12965,2021-04-21,上海青,4.06,6.0,9.248,14.43
13008,2021-04-22,上海青,4.06,6.0,9.348,14.43
13055,2021-04-23,上海青,4.09,6.0,6.84,14.43
13102,2021-04-24,上海青,4.08,6.0,8.815,14.43
13151,2021-04-25,上海青,4.06,6.0,12.657,14.43
13196,2021-04-26,上海青,4.06,6.0,13.061,14.43
13243,2021-04-27,上海青,4.06,8.0,3.509,14.43
13287,2021-04-28,上海青,4.06,8.0,3.02,14.429999999999998
13334,2021-04-29,上海青,4.06,7.0,1.404,14.43
13381,2021-04-30,上海青,4.06,6.0,1.388,14.43
13428,2021-05-01,上海青,4.06,6.0,4.232,14.43
13474,2021-05-02,上海青,3.55,6.0,9.483,14.43
13518,2021-05-03,上海青,3.0900000000000003,5.0,12.39,14.43
13561,2021-05-04,上海青,3.09,5.0,9.56,14.429999999999998
13604,2021-05-05,上海青,3.08,5.0,17.128,14.43
13650,2021-05-06,上海青,3.11,5.0,9.679,14.43
13694,2021-05-07,上海青,3.11,5.0,6.347,14.43
13740,2021-05-08,上海青,3.08,5.0,5.341,14.43
13785,2021-05-09,上海青,3.07,5.0,11.465,14.43
13834,2021-05-10,上海青,3.11,5.0,4.077,14.43
13876,2021-05-11,上海青,3.11,5.0,5.421,14.43
13919,2021-05-12,上海青,3.08,5.0,2.3080000000000003,14.43
13965,2021-05-13,上海青,3.08,5.0,1.727,14.43
14011,2021-05-14,上海青,3.0800000000000005,5.0,9.015,14.429999999999998
14056,2021-05-15,上海青,3.0800000000000005,5.0,3.334,14.429999999999998
14102,2021-05-16,上海青,3.08,5.0,9.779,14.43
14146,2021-05-17,上海青,3.08,5.0,2.028,14.43
14188,2021-05-18,上海青,3.06,5.0,3.896,14.43
14232,2021-05-19,上海青,2.76,5.0,3.736,14.43
14274,2021-05-20,上海青,2.76,5.0,5.663,14.429999999999998
14322,2021-05-21,上海青,2.76,5.0,2.6910000000000003,14.429999999999998
14367,2021-05-22,上海青,2.64,5.0,10.282,14.43
14410,2021-05-23,上海青,2.64,5.0,17.771,14.43
14454,2021-05-24,上海青,2.85,5.0,9.818,14.429999999999998
14500,2021-05-25,上海青,3.09,5.0,8.996,14.43
14541,2021-05-26,上海青,3.45,5.0,3.895,14.43
14586,2021-05-27,上海青,3.45,5.0,4.599,14.43
14631,2021-05-28,上海青,3.45,6.0,8.529,14.43
14675,2021-05-29,上海青,3.45,7.0,16.737,14.43
14723,2021-05-30,上海青,3.45,7.0,11.134,14.43
14764,2021-05-31,上海青,3.52,6.0,5.735,14.43
14810,2021-06-01,上海青,3.88,6.0,4.2490000000000006,14.43
14857,2021-06-02,上海青,3.87,6.0,3.512,14.43
14905,2021-06-03,上海青,3.88,6.0,2.091,14.43
14953,2021-06-04,上海青,3.53,6.0,4.716,14.43
15000,2021-06-05,上海青,3.53,6.0,2.643,14.43
15047,2021-06-06,上海青,3.53,6.0,13.497,14.43
15093,2021-06-07,上海青,3.5400000000000005,6.0,10.956,14.43
15138,2021-06-08,上海青,3.68,6.0,9.465,14.43
15183,2021-06-09,上海青,3.78,6.0,10.955,14.43
15234,2021-06-10,上海青,3.78,6.0,5.551,14.43
15283,2021-06-11,上海青,3.78,6.0,7.408,14.43
15333,2021-06-12,上海青,4.04,7.0,16.524,14.43
15385,2021-06-13,上海青,4.09,7.0,9.801,14.43
15431,2021-06-14,上海青,4.24,7.0,5.175,14.43
15475,2021-06-15,上海青,4.24,7.0,4.701,14.43
15523,2021-06-16,上海青,4.24,7.0,4.242,14.43
15566,2021-06-17,上海青,4.24,7.0,2.064,14.43
15607,2021-06-18,上海青,4.24,7.0,10.404,14.43
15648,2021-06-19,上海青,4.24,7.0,8.425,14.43
15694,2021-06-20,上海青,4.1,6.0,9.349,14.43
15739,2021-06-21,上海青,3.86,6.0,5.854,14.429999999999998
15778,2021-06-22,上海青,0.17,6.0,7.025,14.43
15821,2021-06-23,上海青,3.81,7.0,6.335,14.429999999999998
15868,2021-06-24,上海青,3.9300000000000006,7.0,3.756,14.43
15916,2021-06-25,上海青,3.93,7.0,5.689,14.429999999999998
15957,2021-06-26,上海青,3.92,7.0,12.471,14.43
16000,2021-06-27,上海青,4.15,7.0,10.748,14.43
16046,2021-06-28,上海青,4.22,7.0,5.101,14.43
16093,2021-06-29,上海青,4.12,7.0,4.888,14.43
16139,2021-06-30,上海青,3.95,7.0,7.25,14.429999999999998
16184,2021-07-01,上海青,3.94,7.0,7.609,14.429999999999998
16231,2021-07-02,上海青,3.93,7.0,6.564,14.43
16278,2021-07-03,上海青,3.93,7.0,5.804,14.43
16330,2021-07-04,上海青,3.94,7.0,11.008,14.43
16383,2021-07-05,上海青,3.9700000000000006,7.0,6.35,14.43
16435,2021-07-06,上海青,3.96,7.0,6.291,14.43
16485,2021-07-07,上海青,3.96,7.0,11.492,14.43
16532,2021-07-08,上海青,3.66,7.0,5.504,14.43
16582,2021-07-09,上海青,3.58,7.0,6.606,14.43
16628,2021-07-10,上海青,3.58,7.0,9.172,14.43
16677,2021-07-11,上海青,3.58,7.0,8.969,14.43
16723,2021-07-12,上海青,3.57,7.0,1.906,14.43
16766,2021-07-13,上海青,3.44,7.0,11.161,14.43
16808,2021-07-14,上海青,3.3600000000000003,7.0,8.626,14.43
16855,2021-07-15,上海青,3.33,7.0,6.047,14.43
16900,2021-07-16,上海青,3.32,7.0,25.581,14.43
16949,2021-07-17,上海青,3.36,7.0,13.53,14.43
16999,2021-07-18,上海青,3.3,7.0,13.327,14.43
17052,2021-07-19,上海青,3.32,7.0,12.783,14.43
17098,2021-07-20,上海青,3.32,7.0,7.423999999999999,14.429999999999998
17148,2021-07-21,上海青,3.28,7.0,5.315,14.43
17204,2021-07-22,上海青,3.31,7.0,12.036,14.43
17255,2021-07-23,上海青,3.34,7.0,6.406,14.43
17303,2021-07-24,上海青,3.28,7.0,13.613,14.43
17352,2021-07-25,上海青,3.35,6.0,24.648,14.429999999999998
17395,2021-07-26,上海青,3.28,6.0,2.7190000000000003,14.43
17434,2021-07-27,上海青,3.28,6.0,12.653,14.43
17479,2021-07-28,上海青,3.28,6.0,12.115,14.43
17529,2021-07-29,上海青,3.28,6.0,11.109,14.43
17576,2021-07-30,上海青,3.28,6.0,8.492,14.429999999999998
17624,2021-07-31,上海青,3.43,6.0,10.658,14.43
17674,2021-08-01,上海青,3.6,6.0,20.793,14.43
17718,2021-08-02,上海青,3.52,6.0,23.077,14.43
17763,2021-08-03,上海青,3.48,6.0,13.674,14.43
17811,2021-08-04,上海青,3.76,6.0,32.672,14.43
17854,2021-08-05,上海青,3.83,6.0,24.371,14.43
17899,2021-08-06,上海青,4.28,7.0,14.671,14.43
17947,2021-08-07,上海青,4.42,8.0,13.695,14.43
