export/q3_2单品数据筛选.csv
,日期,单品名称,批发价格(元/千克)_否,销售单价(元/千克)_否,销量(千克)_否,损耗率(%)_否
17991,2021-08-08,上海青,4.42,8.0,10.58,14.43
18034,2021-08-09,上海青,4.42,8.0,18.17,14.43
18079,2021-08-10,上海青,4.42,8.0,14.31,14.43
18123,2021-08-11,上海青,4.85,8.0,22.151,14.43
18167,2021-08-12,上海青,4.88,8.0,16.837,14.43
18214,2021-08-13,上海青,5.03,8.0,13.467,14.43
18260,2021-08-14,上海青,5.17,8.0,17.123,14.429999999999998
18304,2021-08-15,上海青,5.14,8.0,31.624,14.43
18347,2021-08-16,上海青,5.12,8.0,17.002,14.43
18390,2021-08-17,上海青,5.12,8.0,14.109,14.43
18430,2021-08-18,上海青,5.2,8.0,20.381,14.43
18473,2021-08-19,上海青,5.22,8.0,19.892,14.429999999999998
18517,2021-08-20,上海青,5.19,8.0,19.99,14.43
18565,2021-08-21,上海青,5.12,8.0,10.579,14.43
18612,2021-08-22,上海青,5.12,8.0,17.012,14.43
18654,2021-08-23,上海青,5.12,8.0,10.881,14.43
18695,2021-08-24,上海青,4.98,8.0,18.568,14.43
18741,2021-08-25,上海青,4.98,8.0,14.007,14.43
18784,2021-08-26,上海青,5.28,8.0,13.695,14.43
18829,2021-08-27,上海青,5.25,8.0,15.265,14.43
18874,2021-08-28,上海青,5.05,8.0,15.415,14.43
18921,2021-08-29,上海青,4.99,8.0,16.723,14.43
18971,2021-08-30,上海青,5.01,8.0,12.296,14.43
19019,2021-08-31,上海青,5.01,8.0,5.265,14.43
19067,2021-09-01,上海青,5.1,8.0,19.465,14.429999999999998
19113,2021-09-02,上海青,5.36,9.0,6.431,14.43
19160,2021-09-03,上海青,5.58,9.0,4.789,14.43
19210,2021-09-04,上海青,5.58,9.0,5.302,14.43
19259,2021-09-05,上海青,5.58,9.0,6.421,14.43
19307,2021-09-06,上海青,5.58,9.0,7.947,14.43
19357,2021-09-07,上海青,5.419999999999999,9.0,4.866,14.43
19405,2021-09-08,上海青,5.38,9.0,7.633,14.43
19454,2021-09-09,上海青,5.38,9.0,9.811,14.43
19503,2021-09-10,上海青,5.38,9.0,3.997,14.43
19551,2021-09-11,上海青,5.53,9.0,13.195,14.43
19600,2021-09-12,上海青,5.63,9.0,7.97,14.429999999999998
19645,2021-09-13,上海青,5.66,9.0,7.556999999999999,14.43
19685,2021-09-14,上海青,5.48,9.0,6.855,14.43
19729,2021-09-15,上海青,5.5,9.0,6.082,14.43
19774,2021-09-16,上海青,5.53,9.0,2.177,14.43
19818,2021-09-17,上海青,5.53,9.0,4.7780000000000005,14.43
19865,2021-09-18,上海青,5.48,9.0,7.559,14.43
19911,2021-09-19,上海青,5.48,9.0,6.584,14.429999999999998
19960,2021-09-20,上海青,5.49,9.0,11.808,14.43
20011,2021-09-21,上海青,5.48,9.0,14.12,14.43
20059,2021-09-22,上海青,5.48,9.0,4.299,14.43
20107,2021-09-23,上海青,5.48,9.0,1.395,14.43
20154,2021-09-24,上海青,5.38,8.0,3.543,14.43
20200,2021-09-25,上海青,5.38,8.0,7.287,14.43
20241,2021-09-26,上海青,5.28,8.0,4.461,14.429999999999998
20281,2021-09-27,上海青,5.17,8.0,4.134,14.43
20321,2021-09-28,上海青,5.17,6.0,8.778,14.43
20361,2021-09-29,上海青,4.42,6.0,3.473,14.43
20400,2021-09-30,上海青,4.29,6.0,5.857,14.43
20437,2021-10-01,上海青,3.48,6.0,17.353,14.43
20472,2021-10-02,上海青,3.48,6.0,10.958,14.429999999999998
20508,2021-10-03,上海青,3.48,6.0,12.989,14.43
20545,2021-10-04,上海青,3.48,6.0,12.065,14.43
20583,2021-10-05,上海青,3.79,6.0,10.756,14.429999999999998
20620,2021-10-06,上海青,3.88,6.0,13.658,14.43
20661,2021-10-07,上海青,3.88,6.0,7.418,14.43
20699,2021-10-08,上海青,3.88,7.0,5.675,14.43
20735,2021-10-09,上海青,3.88,7.0,3.09,14.43
20773,2021-10-10,上海青,3.88,8.0,8.177,14.429999999999998
20811,2021-10-11,上海青,3.9100000000000006,6.0,4.245,14.43
20848,2021-10-12,上海青,3.97,8.0,3.706,14.43
20884,2021-10-13,上海青,3.71,9.0,3.651,14.43
20921,2021-10-14,上海青,4.98,9.0,3.27,14.429999999999998
20957,2021-10-15,上海青,4.98,9.0,1.976,14.429999999999998
21000,2021-10-16,上海青,5.07,9.0,12.369,14.43
21041,2021-10-17,上海青,5.18,9.0,7.845,14.43
21082,2021-10-18,上海青,5.179999999999999,9.0,5.781,14.43
21120,2021-10-19,上海青,5.18,9.0,3.95,14.43
21157,2021-10-20,上海青,5.19,9.0,6.217,14.429999999999998
21194,2021-10-21,上海青,5.25,9.0,4.642,14.43
21229,2021-10-22,上海青,5.25,9.0,5.671,14.43
21262,2021-10-23,上海青,5.36,11.0,4.307,14.43
21298,2021-10-24,上海青,5.68,11.0,4.535,14.43
21333,2021-10-25,上海青,5.68,11.0,2.747,14.43
21367,2021-10-26,上海青,5.68,11.0,2.291,14.43
21402,2021-10-27,上海青,6.21,11.0,0.948,14.43
21434,2021-10-28,上海青,7.26,11.0,1.214,14.43
21467,2021-10-29,上海青,7.26,11.0,3.842,14.43
21499,2021-10-30,上海青,7.26,11.0,5.977,14.429999999999998
21533,2021-10-31,上海青,7.260000000000001,11.0,3.661,14.43
21570,2021-11-01,上海青,7.260000000000001,11.0,1.004,14.43
21603,2021-11-02,上海青,7.26,11.0,4.38,14.43
21639,2021-11-03,上海青,7.26,11.0,2.647,14.43
21673,2021-11-04,上海青,7.26,11.0,1.715,14.43
21707,2021-11-05,上海青,7.26,11.0,3.413,14.43
21743,2021-11-06,上海青,7.26,11.0,2.1630000000000003,14.43
21777,2021-11-07,上海青,6.840000000000001,11.0,8.56,14.43
21810,2021-11-08,上海青,6.3,11.0,2.054,14.43
21845,2021-11-09,上海青,6.3,11.0,2.336,14.43
21877,2021-11-10,上海青,6.3,11.0,0.521,14.43
21908,2021-11-11,上海青,6.3,11.0,1.624,14.43
21943,2021-11-12,上海青,6.3,11.0,1.561,14.43
21974,2021-11-13,上海青,6.3,11.0,1.451,14.43
22006,2021-11-14,上海青,6.3,11.0,2.856,14.429999999999998
22040,2021-11-15,上海青,6.3,11.0,2.848,14.429999999999998
22070,2021-11-16,上海青,6.3,11.0,1.689,14.43
22100,2021-11-17,上海青,6.3,11.0,4.554,14.43
22133,2021-11-18,上海青,5.98,11.0,1.851,14.43
22165,2021-11-19,上海青,5.98,11.0,3.249,14.429999999999998
22195,2021-11-20,上海青,5.98,11.0,4.299,14.43
22231,2021-11-21,上海青,5.98,11.0,2.3,14.429999999999998
22264,2021-11-22,上海青,5.98,11.0,1.762,14.43
22325,2021-11-24,上海青,5.79,11.0,1.515,14.43
22355,2021-11-25,上海青,5.79,11.0,2.5820000000000003,14.43
22384,2021-11-26,上海青,5.79,11.0,1.98,14.43
22416,2021-11-27,上海青,5.79,11.0,1.752,14.43
22447,2021-11-28,上海青,5.78,11.0,1.934,14.43
2,2020-07-01,云南油麦菜,3.44,6.0,32.579,12.81
39,2020-07-02,云南油麦菜,3.58,6.0,27.056,12.81
76,2020-07-03,云南油麦菜,3.75,6.0,36.709,12.81
112,2020-07-04,云南油麦菜,3.75,6.0,42.962,12.81
146,2020-07-05,云南油麦菜,3.75,6.0,12.594,12.81
179,2020-07-06,云南油麦菜,3.65,6.0,11.053,12.81
216,2020-07-07,云南油麦菜,3.73,6.0,28.214,12.81
252,2020-07-08,云南油麦菜,3.75,6.0,9.732,12.81
289,2020-07-09,云南油麦菜,3.75,6.0,14.213,12.81
325,2020-07-10,云南油麦菜,3.75,6.0,27.308,12.81
363,2020-07-11,云南油麦菜,3.75,6.0,42.764,12.81
398,2020-07-12,云南油麦菜,3.75,6.0,58.774,12.81
437,2020-07-13,云南油麦菜,3.75,6.0,23.868,12.81
472,2020-07-14,云南油麦菜,3.75,6.0,30.503,12.81
509,2020-07-15,云南油麦菜,3.75,6.0,40.792,12.81
545,2020-07-16,云南油麦菜,3.75,6.0,41.056,12.81
582,2020-07-17,云南油麦菜,3.75,6.0,31.655,12.81
619,2020-07-18,云南油麦菜,3.75,6.0,40.303,12.81
656,2020-07-19,云南油麦菜,3.78,6.0,66.48,12.81
692,2020-07-20,云南油麦菜,3.830000000000001,6.0,10.522,12.81
727,2020-07-21,云南油麦菜,3.75,7.0,23.025,12.81
765,2020-07-22,云南油麦菜,3.75,8.0,15.377,12.81
802,2020-07-23,云南油麦菜,4.27,8.0,16.717,12.81
840,2020-07-24,云南油麦菜,4.37,8.0,18.949,12.81
875,2020-07-25,云南油麦菜,4.38,8.0,27.562,12.81
911,2020-07-26,云南油麦菜,4.37,8.0,19.739,12.81
949,2020-07-27,云南油麦菜,4.38,8.0,31.279,12.81
987,2020-07-28,云南油麦菜,4.38,8.0,19.403,12.81
1025,2020-07-29,云南油麦菜,4.69,8.0,20.026,12.81
1060,2020-07-30,云南油麦菜,4.69,8.0,12.708,12.81
1096,2020-07-31,云南油麦菜,4.69,8.0,20.0,12.81
1134,2020-08-01,云南油麦菜,4.69,8.0,14.752,12.81
1173,2020-08-02,云南油麦菜,4.69,8.0,24.955,12.81
1216,2020-08-03,云南油麦菜,4.69,8.0,36.056,12.81
1260,2020-08-04,云南油麦菜,5.0,9.0,9.555,12.81
1299,2020-08-05,云南油麦菜,5.0,9.0,11.962,12.81
1340,2020-08-06,云南油麦菜,5.16,9.0,34.155,12.81
1383,2020-08-07,云南油麦菜,5.309999999999999,9.0,10.67,12.81
1428,2020-08-08,云南油麦菜,5.31,9.0,35.347,12.81
1473,2020-08-09,云南油麦菜,5.31,9.0,12.808,12.81
1518,2020-08-10,云南油麦菜,5.31,9.0,30.025,12.81
1556,2020-08-11,云南油麦菜,5.31,9.0,11.094,12.81
1595,2020-08-12,云南油麦菜,5.31,9.0,26.84,12.81
1634,2020-08-13,云南油麦菜,5.32,9.0,23.087,12.81
1671,2020-08-14,云南油麦菜,5.31,9.0,22.522,12.81
1715,2020-08-15,云南油麦菜,5.31,9.0,34.728,12.810000000000002
1757,2020-08-16,云南油麦菜,5.31,9.0,50.786,12.81
1796,2020-08-17,云南油麦菜,5.31,9.0,13.454,12.81
1835,2020-08-18,云南油麦菜,5.31,8.0,29.157,12.81
1874,2020-08-19,云南油麦菜,5.29,8.0,20.554,12.81
1914,2020-08-20,云南油麦菜,4.85,8.0,23.769,12.81
1956,2020-08-21,云南油麦菜,4.85,8.0,34.656,12.810000000000002
1997,2020-08-22,云南油麦菜,4.93,8.0,40.661,12.81
2036,2020-08-23,云南油麦菜,5.0,8.0,28.008,12.81
2076,2020-08-24,云南油麦菜,5.49,9.0,18.497,12.81
2119,2020-08-25,云南油麦菜,5.63,9.0,7.228,12.81
2159,2020-08-26,云南油麦菜,5.21,9.0,16.625,12.81
2199,2020-08-27,云南油麦菜,5.59,9.0,15.723,12.81
2243,2020-08-28,云南油麦菜,5.849999999999999,9.0,20.281,12.81
2284,2020-08-29,云南油麦菜,5.94,9.0,33.73,12.81
2325,2020-08-30,云南油麦菜,5.7,9.0,34.727,12.81
2365,2020-08-31,云南油麦菜,5.52,9.0,12.899,12.81
2406,2020-09-01,云南油麦菜,5.98,9.0,21.151,12.81
2445,2020-09-02,云南油麦菜,5.1,9.0,9.075,12.81
2486,2020-09-03,云南油麦菜,5.63,9.0,6.5600000000000005,12.81
2525,2020-09-04,云南油麦菜,5.91,9.0,7.372,12.81
2566,2020-09-05,云南油麦菜,5.76,9.0,15.87,12.81
2608,2020-09-06,云南油麦菜,5.79,10.0,17.964,12.81
2652,2020-09-07,云南油麦菜,5.94,10.0,9.294,12.81
2696,2020-09-08,云南油麦菜,5.49,10.0,8.238,12.81
2734,2020-09-09,云南油麦菜,4.43,10.0,6.376,12.81
2775,2020-09-10,云南油麦菜,5.63,10.0,6.705,12.81
2817,2020-09-11,云南油麦菜,4.93,9.0,6.971,12.81
2858,2020-09-12,云南油麦菜,5.41,9.0,23.418,12.81
2902,2020-09-13,云南油麦菜,5.65,9.0,12.428,12.81
2946,2020-09-14,云南油麦菜,5.31,9.0,5.392,12.81
2984,2020-09-15,云南油麦菜,5.31,9.0,7.205,12.81
3025,2020-09-16,云南油麦菜,5.3,8.6,6.879,12.81
3067,2020-09-17,云南油麦菜,4.82,8.6,6.549,12.81
3110,2020-09-18,云南油麦菜,4.2,8.6,6.063,12.81
3155,2020-09-19,云南油麦菜,4.69,8.6,8.486,12.81
3196,2020-09-20,云南油麦菜,4.69,8.0,34.554,12.810000000000002
3238,2020-09-21,云南油麦菜,4.69,8.0,16.696,12.81
3278,2020-09-22,云南油麦菜,4.69,9.0,14.367,12.81
3323,2020-09-23,云南油麦菜,4.41,9.0,7.016,12.81
3368,2020-09-24,云南油麦菜,5.63,10.0,7.615,12.81
3415,2020-09-25,云南油麦菜,6.22,10.0,7.0280000000000005,12.81
3466,2020-09-26,云南油麦菜,6.36,10.0,13.552,12.81
3516,2020-09-27,云南油麦菜,6.56,10.0,6.926,12.81
3564,2020-09-28,云南油麦菜,6.56,10.0,4.58,12.81
3608,2020-09-29,云南油麦菜,6.56,10.0,7.789,12.81
3654,2020-09-30,云南油麦菜,6.56,10.0,6.937,12.81
3700,2020-10-01,云南油麦菜,6.11,10.0,16.56,12.81
3744,2020-10-02,云南油麦菜,6.07,10.0,12.642,12.81
3789,2020-10-03,云南油麦菜,6.25,10.0,17.67,12.81
3833,2020-10-04,云南油麦菜,6.67,10.0,13.972,12.81
3876,2020-10-05,云南油麦菜,6.299999999999999,10.0,12.586,12.81
3920,2020-10-06,云南油麦菜,6.73,12.0,11.554,12.81
3966,2020-10-07,云南油麦菜,6.86,12.0,20.543,12.81
4010,2020-10-08,云南油麦菜,6.87,12.0,5.845,12.81
4054,2020-10-09,云南油麦菜,6.87,10.0,15.975,12.81
4098,2020-10-10,云南油麦菜,6.87,10.0,14.503,12.81
4143,2020-10-11,云南油麦菜,6.87,10.0,13.084,12.81
4185,2020-10-12,云南油麦菜,6.87,8.0,5.249,12.81
4225,2020-10-13,云南油麦菜,6.87,8.0,3.084,12.81
4269,2020-10-14,云南油麦菜,6.870000000000001,8.0,8.434000000000001,12.81
4310,2020-10-15,云南油麦菜,5.91,8.0,10.44,12.81
4353,2020-10-16,云南油麦菜,5.0,8.0,5.627,12.81
4395,2020-10-17,云南油麦菜,5.0,8.0,13.774,12.81
4441,2020-10-18,云南油麦菜,4.85,8.0,13.911,12.81
4487,2020-10-19,云南油麦菜,4.38,8.0,4.287,12.81
4531,2020-10-20,云南油麦菜,4.37,8.0,3.058,12.81
4574,2020-10-21,云南油麦菜,4.77,8.0,6.116,12.81
4616,2020-10-22,云南油麦菜,4.87,8.0,3.145,12.81
4657,2020-10-23,云南油麦菜,4.76,8.0,10.489,12.81
4700,2020-10-24,云南油麦菜,4.69,8.0,12.748,12.81
4743,2020-10-25,云南油麦菜,4.51,8.0,11.919,12.81
4787,2020-10-26,云南油麦菜,4.51,8.0,7.232,12.81
4830,2020-10-27,云南油麦菜,4.15,8.0,13.111,12.81
4873,2020-10-28,云南油麦菜,4.06,8.0,4.524,12.81
4918,2020-10-29,云南油麦菜,4.06,8.0,3.12,12.81
4964,2020-10-30,云南油麦菜,4.06,8.0,4.95,12.81
5011,2020-10-31,云南油麦菜,4.03,6.0,37.496,12.81
5057,2020-11-01,云南油麦菜,3.84,6.0,28.835,12.81
5102,2020-11-02,云南油麦菜,3.84,6.0,4.249,12.81
5144,2020-11-03,云南油麦菜,3.84,7.0,3.998,12.81
5186,2020-11-04,云南油麦菜,3.84,7.0,9.186,12.81
5228,2020-11-05,云南油麦菜,3.84,7.0,5.072,12.81
5269,2020-11-06,云南油麦菜,3.84,7.0,6.506,12.81
5311,2020-11-07,云南油麦菜,3.84,7.0,7.822,12.81
5354,2020-11-08,云南油麦菜,4.15,7.0,10.751,12.81
5398,2020-11-09,云南油麦菜,4.37,7.0,7.654,12.81
5444,2020-11-10,云南油麦菜,4.19,6.0,6.624,12.81
5487,2020-11-11,云南油麦菜,4.15,6.0,4.265000000000001,12.81
5534,2020-11-12,云南油麦菜,4.01,6.0,6.071,12.81
5582,2020-11-13,云南油麦菜,3.75,6.0,5.117,12.81
5626,2020-11-14,云南油麦菜,3.62,6.0,10.284,12.81
5672,2020-11-15,云南油麦菜,3.44,6.0,14.802,12.81
5717,2020-11-16,云南油麦菜,3.44,6.0,14.132,12.81
5760,2020-11-17,云南油麦菜,3.44,6.0,18.312,12.81
5804,2020-11-18,云南油麦菜,3.53,5.0,6.809,12.81
5848,2020-11-19,云南油麦菜,3.42,5.0,16.046,12.81
5893,2020-11-20,云南油麦菜,3.1300000000000003,4.0,8.543,12.81
5937,2020-11-21,云南油麦菜,3.12,5.0,18.817,12.81
5984,2020-11-22,云南油麦菜,3.12,5.0,16.708,12.81
6028,2020-11-23,云南油麦菜,3.13,5.0,3.375,12.81
6072,2020-11-24,云南油麦菜,2.81,5.0,4.297,12.81
6114,2020-11-25,云南油麦菜,2.81,5.0,4.677,12.81
6159,2020-11-26,云南油麦菜,2.81,5.0,9.398,12.81
6202,2020-11-27,云南油麦菜,2.81,5.0,11.147,12.81
6250,2020-11-28,云南油麦菜,2.81,5.0,17.47,12.81
6298,2020-11-29,云南油麦菜,2.81,3.6,45.007,12.81
6344,2020-11-30,云南油麦菜,2.81,5.0,4.138,12.81
6392,2020-12-01,云南油麦菜,2.81,4.0,9.147,12.81
6437,2020-12-02,云南油麦菜,2.63,4.0,5.529,12.81
6484,2020-12-03,云南油麦菜,2.56,4.0,3.693,12.81
6530,2020-12-04,云南油麦菜,2.81,4.0,23.721,12.81
6579,2020-12-05,云南油麦菜,2.81,4.0,8.417,12.81
6630,2020-12-06,云南油麦菜,2.81,4.0,8.568,12.81
6679,2020-12-07,云南油麦菜,2.93,4.0,22.744,12.81
6730,2020-12-08,云南油麦菜,2.94,4.0,7.613,12.81
6781,2020-12-09,云南油麦菜,2.82,4.0,18.168,12.81
6832,2020-12-10,云南油麦菜,2.81,4.0,25.328,12.81
6885,2020-12-11,云南油麦菜,2.81,4.0,17.995,12.81
6938,2020-12-12,云南油麦菜,2.81,4.0,12.915,12.81
6994,2020-12-13,云南油麦菜,2.81,4.0,18.495,12.81
7047,2020-12-14,云南油麦菜,2.81,4.0,14.297,12.81
7093,2020-12-15,云南油麦菜,3.1299999999999994,4.0,23.773,12.81
7145,2020-12-16,云南油麦菜,3.15,5.0,6.568,12.81
7194,2020-12-17,云南油麦菜,3.15,5.0,7.248,12.81
7245,2020-12-18,云南油麦菜,3.13,5.0,5.541,12.81
7298,2020-12-19,云南油麦菜,3.13,5.0,20.401,12.81
7349,2020-12-20,云南油麦菜,3.13,5.0,15.782,12.81
7401,2020-12-21,云南油麦菜,3.13,5.0,17.331,12.81
7447,2020-12-22,云南油麦菜,3.13,5.0,9.779,12.81
7495,2020-12-23,云南油麦菜,3.13,5.0,16.426000000000002,12.81
7544,2020-12-24,云南油麦菜,3.12,5.0,10.663,12.81
7591,2020-12-25,云南油麦菜,3.12,5.6,18.14,12.81
7640,2020-12-26,云南油麦菜,3.19,5.0,13.675,12.81
7689,2020-12-27,云南油麦菜,3.25,5.0,12.834,12.81
7735,2020-12-28,云南油麦菜,3.0,5.0,22.429,12.81
7780,2020-12-29,云南油麦菜,3.0,5.0,5.361,12.81
7826,2020-12-30,云南油麦菜,3.0,6.0,5.52,12.81
7876,2020-12-31,云南油麦菜,3.0,6.0,12.324,12.81
7924,2021-01-01,云南油麦菜,3.19,6.0,22.291,12.81
7970,2021-01-02,云南油麦菜,3.53,6.0,16.726,12.81
8015,2021-01-03,云南油麦菜,3.46,6.0,9.567,12.81
8062,2021-01-04,云南油麦菜,3.44,6.0,7.795,12.81
8107,2021-01-05,云南油麦菜,3.61,6.0,16.990000000000002,12.81
8155,2021-01-06,云南油麦菜,3.7,5.4,7.474,12.81
8203,2021-01-07,云南油麦菜,3.7000000000000006,5.6,16.724,12.81
8249,2021-01-08,云南油麦菜,3.68,6.0,31.357,12.81
8296,2021-01-09,云南油麦菜,3.58,6.0,12.309,12.81
8341,2021-01-10,云南油麦菜,3.58,6.0,25.423,12.81
8388,2021-01-11,云南油麦菜,3.72,6.0,17.24,12.81
8433,2021-01-12,云南油麦菜,3.74,7.0,13.613,12.81
8474,2021-01-13,云南油麦菜,3.86,8.0,8.523,12.81
8516,2021-01-14,云南油麦菜,4.06,8.0,6.39,12.81
8559,2021-01-15,云南油麦菜,4.06,9.0,4.843999999999999,12.81
8603,2021-01-16,云南油麦菜,5.32,9.0,21.52,12.81
8649,2021-01-17,云南油麦菜,4.92,9.0,20.2,12.81
8697,2021-01-18,云南油麦菜,5.3,9.0,11.402,12.81
8745,2021-01-19,云南油麦菜,5.3,9.0,4.288,12.81
8793,2021-01-20,云南油麦菜,5.3,10.0,7.739,12.81
8841,2021-01-21,云南油麦菜,5.3,10.0,6.695,12.81
8889,2021-01-22,云南油麦菜,5.3,9.2,28.71,12.81
8935,2021-01-23,云南油麦菜,5.3,9.586206896551724,13.029,12.81
8982,2021-01-24,云南油麦菜,5.99,9.52542372881356,30.187,12.81
9030,2021-01-25,云南油麦菜,5.919999999999999,10.0,10.995,12.81
9076,2021-01-26,云南油麦菜,5.92,10.0,12.775,12.81
9124,2021-01-27,云南油麦菜,5.92,10.0,15.645,12.81
9169,2021-01-28,云南油麦菜,5.81,10.0,17.945,12.81
9215,2021-01-29,云南油麦菜,5.62,8.0,17.359,12.81
9263,2021-01-30,云南油麦菜,5.62,8.0,12.206,12.81
9313,2021-01-31,云南油麦菜,5.610000000000001,8.0,25.803,12.81
9361,2021-02-01,云南油麦菜,5.3,8.0,7.932,12.81
9409,2021-02-02,云南油麦菜,5.3,8.0,20.202,12.81
9458,2021-02-03,云南油麦菜,5.3,8.0,16.934,12.81
9506,2021-02-04,云南油麦菜,5.27,8.0,20.414,12.81
9556,2021-02-05,云南油麦菜,5.24,8.0,11.518,12.81
9605,2021-02-06,云南油麦菜,5.24,8.0,7.893,12.81
9656,2021-02-07,云南油麦菜,5.24,8.0,10.241,12.81
9707,2021-02-08,云南油麦菜,4.79,8.0,13.486,12.81
9758,2021-02-09,云南油麦菜,4.68,8.0,23.95,12.81
9807,2021-02-10,云南油麦菜,4.34,8.0,50.077,12.81
9860,2021-02-13,云南油麦菜,4.22,8.0,41.224,12.81
9895,2021-02-14,云南油麦菜,4.22,8.0,8.597,12.81
9941,2021-02-15,云南油麦菜,4.22,6.0,53.835,12.81
9986,2021-02-16,云南油麦菜,4.13,6.0,34.648,12.81
10027,2021-02-17,云南油麦菜,3.97,6.0,19.683,12.81
10069,2021-02-18,云南油麦菜,3.84,6.0,41.406,12.81
10114,2021-02-19,云南油麦菜,3.76,6.0,15.753,12.81
10157,2021-02-20,云南油麦菜,3.76,6.0,16.121,12.81
10205,2021-02-21,云南油麦菜,3.75,6.0,19.134,12.81
10250,2021-02-22,云南油麦菜,3.75,6.0,31.975,12.81
10293,2021-02-23,云南油麦菜,3.75,6.0,34.168,12.81
10338,2021-02-24,云南油麦菜,3.39,6.0,31.588,12.81
10383,2021-02-25,云南油麦菜,3.15,6.0,27.714,12.81
10431,2021-02-26,云南油麦菜,3.12,6.0,58.6,12.81
10474,2021-02-27,云南油麦菜,3.12,6.0,50.507,12.81
10515,2021-02-28,云南油麦菜,3.12,5.0,64.697,12.81
10561,2021-03-01,云南油麦菜,3.12,5.0,32.730000000000004,12.81
10610,2021-03-02,云南油麦菜,3.12,5.0,28.313,12.81
10659,2021-03-03,云南油麦菜,3.12,5.0,26.066,12.81
10705,2021-03-04,云南油麦菜,3.12,5.0,19.193,12.81
10751,2021-03-05,云南油麦菜,3.0499999999999994,5.0,27.812,12.81
10796,2021-03-06,云南油麦菜,3.15,4.6,58.891,12.81
10846,2021-03-07,云南油麦菜,3.12,4.6,42.801,12.81
10896,2021-03-08,云南油麦菜,3.12,6.0,23.347,12.81
10944,2021-03-09,云南油麦菜,3.02,6.0,15.135,12.81
10992,2021-03-10,云南油麦菜,3.12,6.0,20.889,12.81
11036,2021-03-11,云南油麦菜,3.21,6.0,20.822,12.81
11086,2021-03-12,云南油麦菜,3.36,6.0,15.286,12.81
11136,2021-03-13,云南油麦菜,3.47,6.0,29.603,12.81
11188,2021-03-14,云南油麦菜,3.4200000000000004,6.0,22.041,12.81
11234,2021-03-15,云南油麦菜,3.42,6.0,12.192,12.81
11279,2021-03-16,云南油麦菜,3.48,6.0,11.608,12.81
11324,2021-03-17,云南油麦菜,3.52,5.6,13.372,12.81
11372,2021-03-18,云南油麦菜,3.4800000000000004,5.6,18.211,12.81
11418,2021-03-19,云南油麦菜,3.4200000000000004,5.6,20.025,12.81
11465,2021-03-20,云南油麦菜,3.42,5.6,44.341,12.81
11514,2021-03-21,云南油麦菜,3.34,5.6,32.805,12.81
11563,2021-03-22,云南油麦菜,3.44,5.6,13.192,12.81
11609,2021-03-23,云南油麦菜,3.47,5.6,19.465,12.81
11656,2021-03-24,云南油麦菜,3.4400000000000004,5.6,12.601,12.81
11700,2021-03-25,云南油麦菜,3.44,6.6,6.385,12.81
11747,2021-03-26,云南油麦菜,3.44,6.159259259259259,24.862,12.81
11795,2021-03-27,云南油麦菜,4.05,6.6,15.838,12.81
11841,2021-03-28,云南油麦菜,4.06,6.0,20.119,12.81
11890,2021-03-29,云南油麦菜,4.06,6.0,23.126,12.81
11937,2021-03-30,云南油麦菜,4.06,6.0,18.567,12.81
11981,2021-03-31,云南油麦菜,4.06,6.0,16.792,12.81
12025,2021-04-01,云南油麦菜,4.23,6.0,20.971,12.81
12074,2021-04-02,云南油麦菜,4.35,6.6,16.69,12.81
12128,2021-04-03,云南油麦菜,4.34,6.6,13.054,12.81
12178,2021-04-04,云南油麦菜,4.06,6.6,12.432,12.81
12226,2021-04-05,云南油麦菜,4.06,7.0,21.879,12.81
12272,2021-04-06,云南油麦菜,4.27,7.0,2.579,12.81
12314,2021-04-07,云南油麦菜,4.36,7.0,11.934,12.81
12361,2021-04-08,云南油麦菜,4.36,7.0,12.892,12.81
12409,2021-04-09,云南油麦菜,4.28,7.0,11.176,12.81
12455,2021-04-10,云南油麦菜,4.06,8.0,21.191,12.81
12499,2021-04-11,云南油麦菜,4.06,8.0,11.454,12.81
12542,2021-04-12,云南油麦菜,4.06,8.0,15.888,12.81
