export/q3_2单品数据筛选.csv
,日期,单品名称,批发价格(元/千克)_否,销售单价(元/千克)_否,销量(千克)_否,损耗率(%)_否
12585,2021-04-13,云南油麦菜,4.62,8.0,6.214,12.81
12629,2021-04-14,云南油麦菜,4.68,8.0,5.778,12.81
12677,2021-04-15,云南油麦菜,4.68,8.0,7.931999999999999,12.81
12725,2021-04-16,云南油麦菜,4.68,7.0,8.697000000000001,12.81
12773,2021-04-17,云南油麦菜,4.68,7.0,11.707,12.81
12823,2021-04-18,云南油麦菜,4.66,7.0,20.762,12.81
12873,2021-04-19,云南油麦菜,4.5,7.0,7.064,12.81
12921,2021-04-20,云南油麦菜,4.44,7.0,10.218,12.81
12967,2021-04-21,云南油麦菜,4.38,6.0,10.988,12.81
13010,2021-04-22,云南油麦菜,4.4,6.0,10.601,12.81
13057,2021-04-23,云南油麦菜,4.43,7.0,5.374,12.81
13104,2021-04-24,云南油麦菜,4.32,7.0,10.358,12.81
13153,2021-04-25,云南油麦菜,4.38,7.0,10.963,12.81
13198,2021-04-26,云南油麦菜,4.38,7.0,6.361,12.81
13245,2021-04-27,云南油麦菜,4.38,7.0,8.081,12.81
13289,2021-04-28,云南油麦菜,4.37,7.0,9.071,12.81
13336,2021-04-29,云南油麦菜,4.34,7.0,6.061,12.81
13382,2021-04-30,云南油麦菜,4.35,7.0,5.23,12.81
13430,2021-05-01,云南油麦菜,4.33,7.0,12.08,12.81
13476,2021-05-02,云南油麦菜,4.24,7.0,17.409,12.81
13520,2021-05-03,云南油麦菜,4.24,7.0,16.853,12.81
13563,2021-05-04,云南油麦菜,4.3,7.0,17.214,12.81
13606,2021-05-05,云南油麦菜,4.25,7.0,11.593,12.81
13652,2021-05-06,云南油麦菜,4.29,7.0,5.989,12.81
13696,2021-05-07,云南油麦菜,4.29,7.0,10.119,12.81
13742,2021-05-08,云南油麦菜,4.29,7.0,11.996,12.81
13787,2021-05-09,云南油麦菜,4.43,7.0,12.526,12.81
13836,2021-05-10,云南油麦菜,4.68,7.0,7.021,12.81
13878,2021-05-11,云南油麦菜,4.64,7.0,5.446,12.81
13921,2021-05-12,云南油麦菜,4.56,7.0,8.698,12.81
13967,2021-05-13,云南油麦菜,4.56,7.0,6.505,12.81
14013,2021-05-14,云南油麦菜,4.56,7.0,7.539000000000001,12.81
14058,2021-05-15,云南油麦菜,4.11,7.0,15.263,12.81
14104,2021-05-16,云南油麦菜,4.0,7.0,32.269,12.81
14148,2021-05-17,云南油麦菜,3.62,7.0,6.091,12.81
14190,2021-05-18,云南油麦菜,3.62,7.0,7.052,12.81
14233,2021-05-19,云南油麦菜,3.62,6.0,7.626,12.81
14276,2021-05-20,云南油麦菜,3.62,6.0,8.648,12.81
14324,2021-05-21,云南油麦菜,3.62,6.0,9.213,12.81
14369,2021-05-22,云南油麦菜,3.58,6.0,24.301,12.81
14412,2021-05-23,云南油麦菜,3.09,6.0,17.827,12.81
14455,2021-05-24,云南油麦菜,3.04,6.0,13.111,12.81
14502,2021-05-25,云南油麦菜,3.0400000000000005,5.0,8.615,12.81
14543,2021-05-26,云南油麦菜,2.99,5.0,11.666,12.81
14588,2021-05-27,云南油麦菜,3.43,5.0,5.604,12.81
14633,2021-05-28,云南油麦菜,3.5200000000000005,5.0,8.734,12.81
14677,2021-05-29,云南油麦菜,3.52,6.0,23.096,12.81
14725,2021-05-30,云南油麦菜,3.52,6.0,24.035,12.81
14766,2021-05-31,云南油麦菜,3.71,6.0,19.602,12.81
14811,2021-06-01,云南油麦菜,3.7,5.0,17.51,12.81
14859,2021-06-02,云南油麦菜,3.7,5.0,12.589,12.81
14907,2021-06-03,云南油麦菜,3.09,5.0,6.183,12.81
14954,2021-06-04,云南油麦菜,3.04,5.0,6.646,12.81
15002,2021-06-05,云南油麦菜,3.04,5.0,15.302,12.81
15049,2021-06-06,云南油麦菜,3.04,5.0,22.39,12.81
15094,2021-06-07,云南油麦菜,2.91,5.0,14.016,12.81
15139,2021-06-08,云南油麦菜,2.72,5.0,9.097,12.81
15185,2021-06-09,云南油麦菜,2.72,5.0,3.714,12.81
15236,2021-06-10,云南油麦菜,2.72,5.0,7.791,12.81
15285,2021-06-11,云南油麦菜,2.72,5.0,0.843,12.81
15335,2021-06-12,云南油麦菜,3.03,5.0,11.043,12.81
15387,2021-06-13,云南油麦菜,2.87,5.0,13.795,12.81
15432,2021-06-14,云南油麦菜,2.72,5.0,13.414,12.81
15477,2021-06-15,云南油麦菜,2.72,5.0,7.129,12.81
15525,2021-06-16,云南油麦菜,2.72,5.0,5.541,12.81
15568,2021-06-17,云南油麦菜,2.79,5.0,4.1370000000000005,12.81
15609,2021-06-18,云南油麦菜,2.87,5.0,12.229,12.81
15650,2021-06-19,云南油麦菜,2.87,5.0,22.752,12.81
15696,2021-06-20,云南油麦菜,2.96,5.0,27.913,12.81
15741,2021-06-21,云南油麦菜,2.9400000000000004,5.0,10.344,12.81
15780,2021-06-22,云南油麦菜,2.94,5.0,6.667,12.81
15823,2021-06-23,云南油麦菜,2.93,5.0,4.398,12.81
15871,2021-06-24,云南油麦菜,2.61,5.0,10.685,12.81
15919,2021-06-25,云南油麦菜,2.61,5.0,8.415,12.81
15958,2021-06-26,云南油麦菜,3.03,5.0,26.29,12.81
16002,2021-06-27,云南油麦菜,3.1499999999999995,5.0,18.922,12.81
16048,2021-06-28,云南油麦菜,2.86,5.0,6.305,12.81
16095,2021-06-29,云南油麦菜,2.87,6.0,7.074,12.81
16140,2021-06-30,云南油麦菜,3.15,6.0,7.007,12.81
16186,2021-07-01,云南油麦菜,3.02,6.0,11.761,12.81
16233,2021-07-02,云南油麦菜,3.04,6.0,13.161,12.81
16280,2021-07-03,云南油麦菜,3.03,6.0,16.471,12.81
16332,2021-07-04,云南油麦菜,3.04,6.0,10.989,12.81
16385,2021-07-05,云南油麦菜,3.03,6.0,17.058,12.81
16437,2021-07-06,云南油麦菜,3.03,6.0,10.203,12.81
16487,2021-07-07,云南油麦菜,2.94,4.0,14.524,12.81
16534,2021-07-08,云南油麦菜,2.5,4.0,7.939,12.81
16583,2021-07-09,云南油麦菜,2.5,5.0,12.429,12.81
16629,2021-07-10,云南油麦菜,2.5,5.0,10.543,12.81
16678,2021-07-11,云南油麦菜,2.5,5.0,11.648,12.81
16724,2021-07-12,云南油麦菜,2.77,5.0,15.445,12.81
16767,2021-07-13,云南油麦菜,2.79,5.0,7.793,12.81
16809,2021-07-14,云南油麦菜,2.79,5.0,13.916,12.81
16856,2021-07-15,云南油麦菜,2.79,5.0,11.148,12.81
16901,2021-07-16,云南油麦菜,2.87,5.0,20.784,12.81
16950,2021-07-17,云南油麦菜,2.89,5.0,21.19,12.81
17000,2021-07-18,云南油麦菜,2.91,5.0,15.322,12.81
17053,2021-07-19,云南油麦菜,2.92,5.0,12.688,12.81
17099,2021-07-20,云南油麦菜,2.92,5.0,1.607,12.81
17149,2021-07-21,云南油麦菜,2.92,5.0,6.146,12.81
17205,2021-07-22,云南油麦菜,2.92,5.0,9.316,12.81
17256,2021-07-23,云南油麦菜,2.92,5.0,6.686,12.81
17304,2021-07-24,云南油麦菜,3.04,6.0,23.967,12.81
17353,2021-07-25,云南油麦菜,3.26,6.0,10.268,12.81
17396,2021-07-26,云南油麦菜,3.28,6.0,13.31,12.81
17435,2021-07-27,云南油麦菜,3.28,6.0,12.552,12.81
17480,2021-07-28,云南油麦菜,3.28,6.0,12.501,12.81
17530,2021-07-29,云南油麦菜,3.28,6.0,19.633,12.81
17577,2021-07-30,云南油麦菜,3.28,6.0,7.703,12.81
17626,2021-07-31,云南油麦菜,3.3,6.0,15.492,12.81
17675,2021-08-01,云南油麦菜,3.3,6.0,28.33,12.81
17719,2021-08-02,云南油麦菜,3.29,6.0,25.696,12.81
17764,2021-08-03,云南油麦菜,3.28,6.0,37.106,12.810000000000002
17812,2021-08-04,云南油麦菜,3.38,6.0,54.465,12.81
17855,2021-08-05,云南油麦菜,3.51,6.0,35.993,12.81
17900,2021-08-06,云南油麦菜,3.72,6.0,26.008,12.81
17948,2021-08-07,云南油麦菜,3.72,6.0,35.108,12.810000000000002
17992,2021-08-08,云南油麦菜,3.65,6.0,34.72,12.81
18035,2021-08-09,云南油麦菜,3.57,7.0,40.591,12.81
18080,2021-08-10,云南油麦菜,3.57,7.0,11.682,12.81
18124,2021-08-11,云南油麦菜,3.65,7.0,37.624,12.81
18168,2021-08-12,云南油麦菜,4.19,7.0,54.259,12.81
18215,2021-08-13,云南油麦菜,4.08,7.0,18.868,12.81
18261,2021-08-14,云南油麦菜,4.28,7.0,20.559,12.81
18305,2021-08-15,云南油麦菜,4.28,7.0,35.107,12.81
18348,2021-08-16,云南油麦菜,4.28,7.0,16.254,12.81
18391,2021-08-17,云南油麦菜,4.28,7.0,33.898,12.81
18431,2021-08-18,云南油麦菜,4.25,7.0,21.597,12.81
18474,2021-08-19,云南油麦菜,4.22,7.0,9.656,12.81
18518,2021-08-20,云南油麦菜,4.22,7.0,20.276,12.81
18566,2021-08-21,云南油麦菜,4.22,7.0,16.051,12.81
18613,2021-08-22,云南油麦菜,4.22,7.0,38.151,12.810000000000002
18655,2021-08-23,云南油麦菜,4.24,7.0,29.284,12.81
18696,2021-08-24,云南油麦菜,4.12,7.0,22.615,12.81
18742,2021-08-25,云南油麦菜,4.12,7.0,18.794,12.81
18785,2021-08-26,云南油麦菜,4.12,6.6,29.013,12.81
18830,2021-08-27,云南油麦菜,4.38,6.6000000000000005,35.579,12.810000000000002
18875,2021-08-28,云南油麦菜,4.49,6.6,29.515,12.81
18922,2021-08-29,云南油麦菜,4.48,6.6,15.227,12.81
18972,2021-08-30,云南油麦菜,4.48,6.6,11.131,12.81
19020,2021-08-31,云南油麦菜,4.48,7.0,13.309,12.81
19068,2021-09-01,云南油麦菜,4.5,8.0,8.051,12.81
19114,2021-09-02,云南油麦菜,4.56,8.0,18.584,12.81
19161,2021-09-03,云南油麦菜,4.83,8.0,19.8,12.81
19211,2021-09-04,云南油麦菜,4.88,8.0,26.588,12.81
19260,2021-09-05,云南油麦菜,4.97,8.0,30.427,12.81
19308,2021-09-06,云南油麦菜,5.08,8.0,1.056,12.81
19358,2021-09-07,云南油麦菜,5.08,8.0,0.565,12.81
19406,2021-09-08,云南油麦菜,5.08,8.0,2.513,12.81
19455,2021-09-09,云南油麦菜,5.12,8.0,2.462,12.81
19504,2021-09-10,云南油麦菜,5.28,8.0,0.528,12.81
19552,2021-09-11,云南油麦菜,5.28,9.0,19.021,12.81
19602,2021-09-12,云南油麦菜,5.28,9.0,21.989,12.81
19646,2021-09-13,云南油麦菜,5.28,9.0,7.467,12.81
19686,2021-09-14,云南油麦菜,5.26,9.0,13.865,12.81
19731,2021-09-15,云南油麦菜,5.18,9.0,11.518,12.81
19776,2021-09-16,云南油麦菜,5.18,9.0,2.825,12.81
19820,2021-09-17,云南油麦菜,5.18,9.0,1.808,12.81
19867,2021-09-18,云南油麦菜,5.18,9.0,1.1720000000000002,12.81
19913,2021-09-19,云南油麦菜,5.2,9.0,2.623,12.81
19962,2021-09-20,云南油麦菜,5.38,9.0,3.036,12.81
20013,2021-09-21,云南油麦菜,5.38,9.0,28.06,12.81
20061,2021-09-22,云南油麦菜,5.38,9.0,10.928,12.81
20109,2021-09-23,云南油麦菜,5.38,9.0,7.476,12.81
20156,2021-09-24,云南油麦菜,5.28,8.0,6.143,12.81
20202,2021-09-25,云南油麦菜,5.24,8.0,10.339,12.81
20243,2021-09-26,云南油麦菜,4.99,8.0,15.163,12.81
20283,2021-09-27,云南油麦菜,4.88,8.0,5.591,12.81
20323,2021-09-28,云南油麦菜,4.41,8.0,8.467,12.81
20363,2021-09-29,云南油麦菜,4.39,8.0,9.122,12.81
20402,2021-09-30,云南油麦菜,4.41,8.0,11.019,12.81
20439,2021-10-01,云南油麦菜,4.41,8.0,19.69,12.81
20474,2021-10-02,云南油麦菜,4.38,7.0,20.676,12.81
20510,2021-10-03,云南油麦菜,4.38,7.0,21.767,12.81
20547,2021-10-04,云南油麦菜,4.38,7.0,18.941,12.81
20585,2021-10-05,云南油麦菜,4.51,7.0,16.165,12.81
20622,2021-10-06,云南油麦菜,4.58,7.0,18.568,12.81
20663,2021-10-07,云南油麦菜,4.58,7.0,16.164,12.81
20701,2021-10-08,云南油麦菜,4.58,7.0,12.63,12.81
20737,2021-10-09,云南油麦菜,4.58,7.0,9.831,12.81
20774,2021-10-10,云南油麦菜,4.58,7.0,36.007,12.81
20813,2021-10-11,云南油麦菜,4.58,8.0,9.613,12.81
20849,2021-10-12,云南油麦菜,4.38,8.0,6.469,12.81
20885,2021-10-13,云南油麦菜,4.57,8.0,10.227,12.81
20923,2021-10-14,云南油麦菜,4.58,8.0,4.322,12.81
20959,2021-10-15,云南油麦菜,4.9,8.0,12.714,12.81
21002,2021-10-16,云南油麦菜,4.98,8.0,23.446,12.81
21043,2021-10-17,云南油麦菜,4.98,8.0,16.672,12.81
21084,2021-10-18,云南油麦菜,4.98,8.0,8.919,12.81
21122,2021-10-19,云南油麦菜,4.98,8.0,1.495,12.81
21159,2021-10-20,云南油麦菜,5.05,8.0,13.742,12.81
21196,2021-10-21,云南油麦菜,5.160000000000001,9.0,6.33,12.81
21231,2021-10-22,云南油麦菜,5.28,9.0,3.55,12.81
21264,2021-10-23,云南油麦菜,5.28,9.0,5.135,12.81
21300,2021-10-24,云南油麦菜,5.7,9.0,5.357,12.81
21335,2021-10-25,云南油麦菜,5.8,9.0,2.232,12.81
21369,2021-10-26,云南油麦菜,5.8,9.0,3.984,12.81
21404,2021-10-27,云南油麦菜,5.95,9.0,4.053,12.81
21436,2021-10-28,云南油麦菜,5.96,9.0,3.471,12.81
21469,2021-10-29,云南油麦菜,5.96,9.0,4.354,12.81
21501,2021-10-30,云南油麦菜,5.96,9.0,8.035,12.81
21535,2021-10-31,云南油麦菜,5.96,9.0,6.532,12.81
21572,2021-11-01,云南油麦菜,5.96,10.0,3.576,12.81
21605,2021-11-02,云南油麦菜,6.19,10.0,5.182,12.81
21641,2021-11-03,云南油麦菜,6.56,10.0,1.937,12.81
21675,2021-11-04,云南油麦菜,6.56,10.0,6.817,12.81
21709,2021-11-05,云南油麦菜,6.56,10.0,5.973,12.81
21745,2021-11-06,云南油麦菜,6.56,10.0,8.443,12.81
21779,2021-11-07,云南油麦菜,6.26,10.0,15.32,12.81
21812,2021-11-08,云南油麦菜,6.16,10.0,2.972,12.81
21847,2021-11-09,云南油麦菜,6.160000000000001,10.0,3.253,12.81
21879,2021-11-10,云南油麦菜,6.160000000000001,10.0,2.912,12.81
21910,2021-11-11,云南油麦菜,6.16,10.0,2.089,12.81
21945,2021-11-12,云南油麦菜,6.16,10.0,3.064,12.81
21976,2021-11-13,云南油麦菜,6.16,10.0,2.631,12.81
22008,2021-11-14,云南油麦菜,6.21,10.0,2.149,12.81
22042,2021-11-15,云南油麦菜,6.26,10.0,2.129,12.81
22072,2021-11-16,云南油麦菜,6.25,10.0,1.044,12.81
22102,2021-11-17,云南油麦菜,6.26,10.0,5.072,12.81
22135,2021-11-18,云南油麦菜,6.36,10.0,2.118,12.81
22167,2021-11-19,云南油麦菜,6.36,10.0,1.075,12.81
22197,2021-11-20,云南油麦菜,6.39,10.0,5.33,12.81
22233,2021-11-21,云南油麦菜,6.56,10.0,2.841,12.81
22266,2021-11-22,云南油麦菜,6.56,10.0,7.351,12.81
22295,2021-11-23,云南油麦菜,6.590000000000001,12.0,2.04,12.81
22327,2021-11-24,云南油麦菜,6.589999999999999,12.0,2.61,12.81
22357,2021-11-25,云南油麦菜,6.59,12.0,0.51,12.81
22386,2021-11-26,云南油麦菜,6.589999999999999,12.0,2.708,12.81
22418,2021-11-27,云南油麦菜,6.59,12.0,2.668,12.81
22449,2021-11-28,云南油麦菜,6.59,12.0,2.249,12.81
3,2020-07-01,云南生菜,6.72,8.0,41.966,15.25
40,2020-07-02,云南生菜,4.23,8.0,44.409,15.25
77,2020-07-03,云南生菜,4.61,8.0,36.309,15.25
113,2020-07-04,云南生菜,5.77,8.0,51.205,15.25
147,2020-07-05,云南生菜,5.77,8.0,33.835,15.25
180,2020-07-06,云南生菜,6.480000000000001,8.0,36.532,15.25
217,2020-07-07,云南生菜,6.919999999999999,10.0,30.058,15.25
253,2020-07-08,云南生菜,6.92,10.0,21.339,15.25
290,2020-07-09,云南生菜,7.06,10.0,33.109,15.25
326,2020-07-10,云南生菜,7.07,10.0,12.83,15.25
364,2020-07-11,云南生菜,7.03,10.0,18.45,15.25
399,2020-07-12,云南生菜,6.92,10.0,26.44,15.25
438,2020-07-13,云南生菜,6.92,10.0,30.459,15.25
473,2020-07-14,云南生菜,6.92,10.0,24.081,15.25
510,2020-07-15,云南生菜,6.91,10.0,23.083,15.25
546,2020-07-16,云南生菜,6.8,10.0,22.349,15.25
583,2020-07-17,云南生菜,6.8,10.0,23.796,15.25
620,2020-07-18,云南生菜,6.8,10.0,35.317,15.25
657,2020-07-19,云南生菜,6.8,9.988505747126435,32.322,15.25
693,2020-07-20,云南生菜,6.8,10.0,28.157,15.25
728,2020-07-21,云南生菜,6.66,10.0,32.514,15.25
766,2020-07-22,云南生菜,6.54,10.0,26.902,15.25
803,2020-07-23,云南生菜,6.15,10.0,17.92,15.25
841,2020-07-24,云南生菜,6.15,10.0,19.754,15.25
876,2020-07-25,云南生菜,6.15,10.0,46.055,15.25
912,2020-07-26,云南生菜,6.15,10.0,48.384,15.25
950,2020-07-27,云南生菜,6.15,12.0,22.398,15.25
988,2020-07-28,云南生菜,6.15,12.0,17.319,15.25
1026,2020-07-29,云南生菜,6.15,12.0,16.486,15.25
1061,2020-07-30,云南生菜,6.15,12.0,26.132,15.25
1097,2020-07-31,云南生菜,6.15,12.0,19.111,15.25
1135,2020-08-01,云南生菜,6.15,12.0,28.869,15.25
1174,2020-08-02,云南生菜,6.33,12.0,22.288,15.25
1217,2020-08-03,云南生菜,7.7,12.0,13.315,15.25
1261,2020-08-04,云南生菜,8.08,12.0,17.016000000000002,15.25
1300,2020-08-05,云南生菜,8.08,12.0,20.015,15.25
1341,2020-08-06,云南生菜,7.61,12.0,20.564,15.25
1384,2020-08-07,云南生菜,7.24,12.0,20.897,15.25
1429,2020-08-08,云南生菜,6.92,12.0,34.302,15.25
1474,2020-08-09,云南生菜,6.920000000000001,10.0,20.969,15.25
1519,2020-08-10,云南生菜,6.92,10.0,24.445,15.25
1557,2020-08-11,云南生菜,6.92,10.0,18.624,15.25
1596,2020-08-12,云南生菜,6.919999999999999,10.0,27.011,15.25
1635,2020-08-13,云南生菜,6.92,10.0,17.69,15.25
1672,2020-08-14,云南生菜,6.15,10.0,29.789,15.25
1716,2020-08-15,云南生菜,5.78,10.0,42.174,15.25
1758,2020-08-16,云南生菜,5.77,10.0,14.431,15.25
1797,2020-08-17,云南生菜,5.46,8.0,47.839,15.25
1836,2020-08-18,云南生菜,5.38,8.0,34.041,15.25
1875,2020-08-19,云南生菜,5.38,8.0,37.437,15.25
1915,2020-08-20,云南生菜,5.38,8.0,29.877,15.25
1957,2020-08-21,云南生菜,5.39,8.0,15.854,15.25
1998,2020-08-22,云南生菜,5.38,8.0,31.245,15.25
2037,2020-08-23,云南生菜,5.38,9.0,31.328,15.25
2077,2020-08-24,云南生菜,5.0,8.0,28.15,15.25
2120,2020-08-25,云南生菜,4.83,8.0,27.859,15.25
2160,2020-08-26,云南生菜,4.73,8.0,35.816,15.25
2200,2020-08-27,云南生菜,4.86,8.0,33.578,15.25
2244,2020-08-28,云南生菜,4.85,8.0,31.005,15.25
2285,2020-08-29,云南生菜,4.73,8.0,52.538,15.25
2326,2020-08-30,云南生菜,4.76,8.0,43.843,15.25
2366,2020-08-31,云南生菜,5.34,8.0,52.387,15.25
2407,2020-09-01,云南生菜,5.63,8.0,31.896,15.25
2446,2020-09-02,云南生菜,5.57,8.0,24.402,15.25
2487,2020-09-03,云南生菜,5.19,8.6,23.558,15.25
2526,2020-09-04,云南生菜,5.26,8.6,23.118,15.25
2567,2020-09-05,云南生菜,5.33,8.6,27.428,15.25
2609,2020-09-06,云南生菜,5.09,9.0,56.537,15.25
2653,2020-09-07,云南生菜,4.43,9.0,20.516,15.25
2697,2020-09-08,云南生菜,4.85,9.0,13.052,15.25
2735,2020-09-09,云南生菜,4.84,9.0,22.562,15.25
2776,2020-09-10,云南生菜,4.27,9.0,11.118,15.25
2818,2020-09-11,云南生菜,5.18,8.0,41.772,15.25
2859,2020-09-12,云南生菜,4.8,8.0,22.96,15.25
2903,2020-09-13,云南生菜,4.69,8.0,47.847,15.25
2947,2020-09-14,云南生菜,5.0,8.0,38.641,15.25
2985,2020-09-15,云南生菜,5.0,8.0,21.041,15.25
3026,2020-09-16,云南生菜,5.0,8.0,27.334,15.25
3068,2020-09-17,云南生菜,3.94,8.0,17.259,15.25
3111,2020-09-18,云南生菜,4.62,8.0,10.181,15.25
3156,2020-09-19,云南生菜,4.43,8.0,27.521,15.25
3197,2020-09-20,云南生菜,4.35,8.0,56.799,15.25
3239,2020-09-21,云南生菜,4.62,8.0,4.11,15.25
3279,2020-09-22,云南生菜,4.62,8.0,31.458,15.25
3324,2020-09-23,云南生菜,4.62,9.0,28.981,15.25
3369,2020-09-24,云南生菜,5.730000000000001,9.6,41.111,15.25
3416,2020-09-25,云南生菜,5.76,9.6,36.687,15.25
3467,2020-09-26,云南生菜,5.77,9.6,47.512,15.25
3517,2020-09-27,云南生菜,5.77,9.6,30.446,15.25
3565,2020-09-28,云南生菜,5.7700000000000005,9.6,8.958,15.25
3609,2020-09-29,云南生菜,5.77,9.6,32.413,15.25
3655,2020-09-30,云南生菜,5.77,9.6,29.74,15.25
3701,2020-10-01,云南生菜,5.77,9.6,43.121,15.25
3745,2020-10-02,云南生菜,5.61,9.6,28.147,15.25
3790,2020-10-03,云南生菜,5.77,9.6,19.879,15.25
3834,2020-10-04,云南生菜,4.64,8.0,31.357,15.25
3877,2020-10-05,云南生菜,4.98,8.0,49.638,15.25
3921,2020-10-06,云南生菜,6.0,10.0,30.877,15.25
3967,2020-10-07,云南生菜,6.119999999999999,10.0,17.47,15.25
4011,2020-10-08,云南生菜,6.15,10.0,26.538,15.25
4055,2020-10-09,云南生菜,6.15,11.0,12.515,15.25
4099,2020-10-10,云南生菜,6.15,11.0,19.008,15.25
4144,2020-10-11,云南生菜,6.429999999999999,11.0,33.757,15.25
4186,2020-10-12,云南生菜,6.54,8.0,11.98,15.25
4226,2020-10-13,云南生菜,5.1,8.0,14.805,15.25
4270,2020-10-14,云南生菜,5.0,8.0,29.043,15.25
4311,2020-10-15,云南生菜,5.16,8.0,32.872,15.25
4354,2020-10-16,云南生菜,5.38,8.0,14.604,15.25
4396,2020-10-17,云南生菜,5.38,8.0,21.671,15.25
4442,2020-10-18,云南生菜,5.38,8.0,28.461,15.25
4488,2020-10-19,云南生菜,5.38,8.0,10.443,15.25
4532,2020-10-20,云南生菜,5.38,10.0,20.583,15.25
4575,2020-10-21,云南生菜,5.42,10.0,17.138,15.25
4617,2020-10-22,云南生菜,5.48,10.0,18.891,15.25
4658,2020-10-23,云南生菜,5.77,10.0,12.69,15.25
4701,2020-10-24,云南生菜,5.77,10.0,23.833,15.25
4744,2020-10-25,云南生菜,5.77,10.0,27.242,15.25
4788,2020-10-26,云南生菜,5.77,10.0,15.336,15.25
4831,2020-10-27,云南生菜,5.91,10.0,16.552,15.25
4874,2020-10-28,云南生菜,5.79,10.0,9.121,15.25
4919,2020-10-29,云南生菜,5.38,10.0,14.62,15.25
4965,2020-10-30,云南生菜,5.39,10.0,13.231,15.25
5012,2020-10-31,云南生菜,5.38,10.0,24.305,15.25
5058,2020-11-01,云南生菜,5.38,10.0,13.43,15.25
5103,2020-11-02,云南生菜,5.38,10.0,11.262,15.25
5145,2020-11-03,云南生菜,4.94,10.0,4.832,15.25
5187,2020-11-04,云南生菜,5.42,10.0,9.032,15.25
5229,2020-11-05,云南生菜,5.38,10.0,15.806,15.25
5270,2020-11-06,云南生菜,5.38,10.0,7.115,15.25
5312,2020-11-07,云南生菜,5.38,10.0,13.267,15.25
5355,2020-11-08,云南生菜,5.380000000000001,10.0,22.87,15.25
5399,2020-11-09,云南生菜,5.38,10.0,14.384,15.25
5445,2020-11-10,云南生菜,5.16,9.0,9.034,15.25
5488,2020-11-11,云南生菜,5.16,9.0,7.561,15.25
5535,2020-11-12,云南生菜,5.16,9.0,5.044,15.25
5583,2020-11-13,云南生菜,5.0,9.0,7.329,15.25
5627,2020-11-14,云南生菜,5.0,9.0,16.206,15.25
5673,2020-11-15,云南生菜,4.65,9.0,22.477,15.25
5718,2020-11-16,云南生菜,4.62,9.0,8.172,15.25
5761,2020-11-17,云南生菜,4.62,9.0,5.781,15.25
5805,2020-11-18,云南生菜,4.62,8.0,10.428,15.25
5849,2020-11-19,云南生菜,4.05,8.0,13.2,15.25
5894,2020-11-20,云南生菜,4.23,8.0,12.284,15.25
5938,2020-11-21,云南生菜,4.01,8.0,22.371,15.25
5985,2020-11-22,云南生菜,4.23,7.0,26.226,15.25
6029,2020-11-23,云南生菜,3.85,7.0,26.255,15.25
6073,2020-11-24,云南生菜,3.83,7.0,8.599,15.25
6115,2020-11-25,云南生菜,3.53,7.0,6.85,15.25
6160,2020-11-26,云南生菜,3.53,7.0,4.616,15.25
6203,2020-11-27,云南生菜,3.83,7.0,20.762,15.25
6251,2020-11-28,云南生菜,3.850000000000001,7.0,15.933,15.25
6299,2020-11-29,云南生菜,4.22,7.0,7.05,15.25
6345,2020-11-30,云南生菜,4.32,7.0,7.395,15.25
6393,2020-12-01,云南生菜,4.32,7.0,11.393,15.25
6438,2020-12-02,云南生菜,4.09,7.0,14.029,15.25
6485,2020-12-03,云南生菜,3.97,7.0,14.3,15.25
6531,2020-12-04,云南生菜,3.97,7.0,4.643,15.25
6580,2020-12-05,云南生菜,3.97,7.0,8.569,15.25
6631,2020-12-06,云南生菜,3.93,6.0,28.313,15.25
6680,2020-12-07,云南生菜,4.29,6.0,6.188,15.25
6731,2020-12-08,云南生菜,4.23,6.0,13.395,15.25
6782,2020-12-09,云南生菜,4.23,6.0,6.439,15.25
6833,2020-12-10,云南生菜,4.23,6.0,6.857,15.25
6886,2020-12-11,云南生菜,4.06,6.0,17.86,15.25
6939,2020-12-12,云南生菜,3.85,6.0,7.927,15.25
6995,2020-12-13,云南生菜,4.5,7.0,18.9,15.25
7048,2020-12-14,云南生菜,4.62,8.0,17.194,15.25
7094,2020-12-15,云南生菜,4.61,8.0,15.426,15.25
7146,2020-12-16,云南生菜,4.6,8.0,4.636,15.25
