export/q3_2单品数据筛选.csv
,日期,单品名称,批发价格(元/千克)_否,销售单价(元/千克)_否,销量(千克)_否,损耗率(%)_否
7195,2020-12-17,云南生菜,4.6,8.0,6.868,15.25
7246,2020-12-18,云南生菜,4.6,8.0,17.321,15.25
7299,2020-12-19,云南生菜,4.6,8.0,29.112,15.25
7350,2020-12-20,云南生菜,4.77,8.0,12.308,15.25
7402,2020-12-21,云南生菜,4.8,8.0,8.749,15.25
7448,2020-12-22,云南生菜,4.8,8.0,5.124,15.25
7496,2020-12-23,云南生菜,5.06,8.0,6.753,15.25
7545,2020-12-24,云南生菜,5.35,8.0,16.382,15.25
7592,2020-12-25,云南生菜,5.36,8.0,13.585,15.25
7641,2020-12-26,云南生菜,5.58,9.0,15.807,15.25
7690,2020-12-27,云南生菜,5.83,9.0,14.12,15.25
7736,2020-12-28,云南生菜,6.04,9.0,5.947,15.25
7781,2020-12-29,云南生菜,6.04,9.0,14.144,15.25
7827,2020-12-30,云南生菜,6.039999999999999,9.0,10.825,15.25
7877,2020-12-31,云南生菜,6.04,10.0,15.642,15.25
7925,2021-01-01,云南生菜,6.04,10.0,11.224,15.25
7971,2021-01-02,云南生菜,6.04,10.0,17.057,15.25
8016,2021-01-03,云南生菜,6.320000000000001,10.0,16.855,15.25
8063,2021-01-04,云南生菜,6.92,10.0,11.598,15.25
8108,2021-01-05,云南生菜,6.92,10.0,10.714,15.25
8156,2021-01-06,云南生菜,7.1,10.0,11.175,15.25
8204,2021-01-07,云南生菜,7.3,10.0,9.824,15.25
8250,2021-01-08,云南生菜,7.360000000000001,10.0,20.245,15.25
8297,2021-01-09,云南生菜,7.6,10.0,29.967,15.25
8342,2021-01-10,云南生菜,7.6,10.0,20.141,15.25
8389,2021-01-11,云南生菜,7.6,10.0,9.189,15.25
8434,2021-01-12,云南生菜,7.69,10.0,8.095,15.25
8475,2021-01-13,云南生菜,7.7,12.0,7.372,15.25
8517,2021-01-14,云南生菜,7.7,12.0,10.679,15.25
8560,2021-01-15,云南生菜,7.82,12.0,15.387,15.25
8604,2021-01-16,云南生菜,7.89,12.0,19.276,15.25
8650,2021-01-17,云南生菜,8.06,12.0,8.999,15.25
8698,2021-01-18,云南生菜,8.06,12.0,7.899,15.25
8746,2021-01-19,云南生菜,8.06,12.0,6.47,15.25
8794,2021-01-20,云南生菜,8.06,12.0,8.173,15.25
8842,2021-01-21,云南生菜,8.06,12.0,4.883,15.25
8890,2021-01-22,云南生菜,8.06,12.0,15.602,15.25
8936,2021-01-23,云南生菜,8.06,12.0,13.243,15.25
8983,2021-01-24,云南生菜,8.05,12.0,19.347,15.25
9031,2021-01-25,云南生菜,8.04,12.0,8.83,15.25
9077,2021-01-26,云南生菜,8.04,12.0,7.872,15.25
9125,2021-01-27,云南生菜,8.04,12.0,8.917,15.25
9170,2021-01-28,云南生菜,8.05,12.0,7.998,15.25
9216,2021-01-29,云南生菜,8.06,12.0,6.279,15.25
9264,2021-01-30,云南生菜,7.970000000000001,12.0,12.022,15.25
9314,2021-01-31,云南生菜,7.84,12.0,16.788,15.25
9362,2021-02-01,云南生菜,7.84,12.0,9.767,15.25
9410,2021-02-02,云南生菜,7.84,12.0,4.774,15.25
9459,2021-02-03,云南生菜,7.33,12.0,6.336,15.25
9507,2021-02-04,云南生菜,7.2,12.0,13.832,15.25
9557,2021-02-05,云南生菜,6.9,12.0,13.264,15.25
9606,2021-02-06,云南生菜,6.3,12.0,11.342,15.25
9657,2021-02-07,云南生菜,6.15,12.0,9.676,15.25
9708,2021-02-08,云南生菜,6.15,12.0,10.877,15.25
9759,2021-02-09,云南生菜,5.55,12.0,19.295,15.25
9808,2021-02-10,云南生菜,4.62,12.0,48.202,15.25
9861,2021-02-13,云南生菜,4.62,12.0,22.607,15.25
9896,2021-02-14,云南生菜,4.89,12.0,7.596999999999999,15.25
9942,2021-02-15,云南生菜,5.1,8.0,29.963,15.25
9987,2021-02-16,云南生菜,5.1,8.0,44.202,15.25
10028,2021-02-17,云南生菜,5.1,8.0,16.635,15.25
10070,2021-02-18,云南生菜,5.1,8.0,32.862,15.25
10115,2021-02-19,云南生菜,5.19,8.0,19.868,15.25
10158,2021-02-20,云南生菜,5.12,8.0,27.657,15.25
10206,2021-02-21,云南生菜,5.0,8.0,22.194,15.25
10251,2021-02-22,云南生菜,5.0,8.0,15.893,15.25
10294,2021-02-23,云南生菜,5.0,8.0,14.325,15.25
10339,2021-02-24,云南生菜,4.57,8.0,22.367,15.25
10384,2021-02-25,云南生菜,4.55,8.0,8.961,15.25
10432,2021-02-26,云南生菜,4.38,8.0,32.708,15.25
10475,2021-02-27,云南生菜,4.24,8.0,19.814,15.25
10516,2021-02-28,云南生菜,3.82,6.0,30.254,15.25
10562,2021-03-01,云南生菜,3.82,6.0,56.205,15.25
10611,2021-03-02,云南生菜,3.82,6.0,16.923000000000002,15.25
10660,2021-03-03,云南生菜,3.82,6.0,36.257,15.25
10706,2021-03-04,云南生菜,3.82,6.0,16.123,15.25
10752,2021-03-05,云南生菜,3.82,6.0,12.779,15.25
10797,2021-03-06,云南生菜,3.69,6.0,3.779,15.25
10847,2021-03-07,云南生菜,3.56,6.0,0.6859999999999999,15.25
10897,2021-03-08,云南生菜,3.55,6.0,23.447,15.25
10945,2021-03-09,云南生菜,3.56,6.0,22.308,15.25
10993,2021-03-10,云南生菜,3.47,6.0,15.269,15.25
11037,2021-03-11,云南生菜,3.46,6.0,26.574,15.25
11087,2021-03-12,云南生菜,3.46,6.0,30.769,15.25
11137,2021-03-13,云南生菜,3.47,6.0,19.754,15.25
11189,2021-03-14,云南生菜,3.82,6.0,31.426,15.25
11235,2021-03-15,云南生菜,3.85,6.0,14.264,15.25
11280,2021-03-16,云南生菜,3.85,6.0,13.83,15.25
11325,2021-03-17,云南生菜,3.84,6.0,14.2,15.25
11373,2021-03-18,云南生菜,3.84,6.0,7.1240000000000006,15.25
11419,2021-03-19,云南生菜,3.84,6.0,22.86,15.25
11466,2021-03-20,云南生菜,3.84,6.0,40.037,15.25
11515,2021-03-21,云南生菜,3.84,6.0,22.475,15.25
11564,2021-03-22,云南生菜,3.84,6.0,18.013,15.25
11610,2021-03-23,云南生菜,3.84,6.0,25.102,15.25
11657,2021-03-24,云南生菜,3.84,6.0,16.338,15.25
11701,2021-03-25,云南生菜,3.84,6.0,24.35,15.25
11748,2021-03-26,云南生菜,3.84,6.0,22.897,15.25
11796,2021-03-27,云南生菜,3.89,6.0,36.411,15.25
11842,2021-03-28,云南生菜,4.08,6.0,28.676,15.25
11891,2021-03-29,云南生菜,4.08,7.0,8.599,15.25
11938,2021-03-30,云南生菜,4.08,6.0,20.653,15.25
11982,2021-03-31,云南生菜,4.41,7.0,18.454,15.25
12026,2021-04-01,云南生菜,4.46,7.0,19.341,15.25
12075,2021-04-02,云南生菜,4.46,7.0,26.238,15.25
12129,2021-04-03,云南生菜,4.46,7.0,43.831,15.25
12179,2021-04-04,云南生菜,4.26,7.0,27.255,15.25
12227,2021-04-05,云南生菜,4.41,8.0,16.394,15.25
12273,2021-04-06,云南生菜,4.54,7.0,3.153,15.25
12315,2021-04-07,云南生菜,4.39,7.0,22.739,15.25
12362,2021-04-08,云南生菜,4.26,7.0,8.498,15.25
12410,2021-04-09,云南生菜,4.39,7.0,22.555,15.25
12456,2021-04-10,云南生菜,4.6,7.0,20.448,15.25
12500,2021-04-11,云南生菜,4.6,7.0,21.082,15.25
12543,2021-04-12,云南生菜,4.6,7.0,16.767,15.25
12586,2021-04-13,云南生菜,4.6,7.0,8.916,15.25
12630,2021-04-14,云南生菜,4.6,7.0,15.964,15.25
12678,2021-04-15,云南生菜,4.6,7.0,13.644,15.25
12726,2021-04-16,云南生菜,4.6,7.0,13.741,15.25
12774,2021-04-17,云南生菜,4.74,7.0,31.493,15.25
12824,2021-04-18,云南生菜,4.76,7.0,29.202,15.25
12874,2021-04-19,云南生菜,4.76,7.0,14.201,15.25
12922,2021-04-20,云南生菜,4.68,7.0,17.238,15.25
12968,2021-04-21,云南生菜,4.64,7.0,19.044,15.25
13011,2021-04-22,云南生菜,4.5,7.0,16.037,15.25
13058,2021-04-23,云南生菜,4.53,7.0,20.348,15.25
13105,2021-04-24,云南生菜,4.24,7.0,21.953,15.25
13154,2021-04-25,云南生菜,4.24,7.0,19.117,15.25
13199,2021-04-26,云南生菜,4.24,7.0,12.941,15.25
13246,2021-04-27,云南生菜,4.24,6.0,12.627,15.25
13290,2021-04-28,云南生菜,4.24,6.0,13.426,15.25
13337,2021-04-29,云南生菜,4.24,6.0,19.366,15.25
13383,2021-04-30,云南生菜,4.12,6.0,23.345,15.25
13431,2021-05-01,云南生菜,4.0,6.0,20.018,15.25
13477,2021-05-02,云南生菜,4.07,6.0,17.809,15.25
13521,2021-05-03,云南生菜,4.2,6.0,26.792,15.25
13564,2021-05-04,云南生菜,4.02,6.0,25.771,15.25
13607,2021-05-05,云南生菜,4.04,6.0,18.865,15.25
13653,2021-05-06,云南生菜,4.1,6.0,15.988,15.25
13697,2021-05-07,云南生菜,4.2,6.0,15.002,15.25
13743,2021-05-08,云南生菜,4.22,6.0,17.93,15.25
13788,2021-05-09,云南生菜,4.23,6.0,24.548,15.25
13837,2021-05-10,云南生菜,4.1,6.0,20.207,15.25
13879,2021-05-11,云南生菜,3.82,6.0,10.905,15.25
13922,2021-05-12,云南生菜,3.82,6.0,18.364,15.25
13968,2021-05-13,云南生菜,3.82,6.0,14.28,15.25
14014,2021-05-14,云南生菜,3.82,6.0,21.808,15.25
14059,2021-05-15,云南生菜,3.42,6.0,45.538,15.25
14105,2021-05-16,云南生菜,3.3,6.0,29.216,15.25
14149,2021-05-17,云南生菜,3.33,6.0,19.083,15.25
14191,2021-05-18,云南生菜,3.37,6.0,11.856,15.25
14234,2021-05-19,云南生菜,3.32,6.0,12.56,15.25
14277,2021-05-20,云南生菜,3.3,6.0,19.451,15.25
14325,2021-05-21,云南生菜,3.3,6.0,17.124,15.25
14370,2021-05-22,云南生菜,3.4,6.0,22.741,15.25
14413,2021-05-23,云南生菜,3.48,6.0,44.555,15.25
14456,2021-05-24,云南生菜,3.67,6.0,25.771,15.25
14503,2021-05-25,云南生菜,3.67,6.0,14.952,15.25
14544,2021-05-26,云南生菜,3.67,6.0,13.864,15.25
14589,2021-05-27,云南生菜,4.02,6.0,1.722,15.25
14634,2021-05-28,云南生菜,3.9,6.0,2.458,15.25
14678,2021-05-29,云南生菜,3.9,6.0,3.697,15.25
14726,2021-05-30,云南生菜,3.9,6.0,12.359,15.25
14767,2021-05-31,云南生菜,3.97,6.0,30.804,15.25
14812,2021-06-01,云南生菜,3.98,6.0,18.984,15.25
14860,2021-06-02,云南生菜,3.91,6.0,30.339,15.25
14908,2021-06-03,云南生菜,3.89,6.0,15.673,15.25
14955,2021-06-04,云南生菜,3.89,6.0,19.898,15.25
15003,2021-06-05,云南生菜,3.87,6.0,42.412,15.25
15050,2021-06-06,云南生菜,3.82,7.0,21.54,15.25
15095,2021-06-07,云南生菜,3.86,7.0,23.442,15.25
15140,2021-06-08,云南生菜,3.79,6.0,21.926,15.25
15186,2021-06-09,云南生菜,3.78,6.0,18.78,15.25
15237,2021-06-10,云南生菜,3.78,8.0,17.071,15.25
15286,2021-06-11,云南生菜,3.81,8.0,24.94,15.25
15336,2021-06-12,云南生菜,4.13,8.0,35.363,15.25
15388,2021-06-13,云南生菜,4.46,8.0,26.057,15.25
15433,2021-06-14,云南生菜,4.78,8.0,27.023,15.25
15478,2021-06-15,云南生菜,4.78,8.0,16.845,15.25
15526,2021-06-16,云南生菜,4.78,8.0,11.78,15.25
15569,2021-06-17,云南生菜,4.78,8.0,12.421,15.25
15610,2021-06-18,云南生菜,4.78,8.0,20.504,15.25
15651,2021-06-19,云南生菜,4.76,8.0,38.849,15.25
15697,2021-06-20,云南生菜,4.63,8.0,15.001,15.25
15742,2021-06-21,云南生菜,5.16,8.0,27.224,15.25
15781,2021-06-22,云南生菜,4.66,8.0,18.261,15.25
15824,2021-06-23,云南生菜,4.92,8.0,12.771,15.25
15872,2021-06-24,云南生菜,4.900000000000001,8.0,19.673,15.25
15920,2021-06-25,云南生菜,5.17,8.0,26.109,15.25
15959,2021-06-26,云南生菜,5.16,8.0,46.539,15.25
16003,2021-06-27,云南生菜,4.88,8.0,35.765,15.25
16049,2021-06-28,云南生菜,4.82,8.0,24.868,15.25
16096,2021-06-29,云南生菜,4.84,8.0,21.634,15.25
16141,2021-06-30,云南生菜,4.91,8.0,27.733,15.25
16187,2021-07-01,云南生菜,4.9,8.0,40.607,15.25
16234,2021-07-02,云南生菜,4.91,8.0,21.669,15.25
16281,2021-07-03,云南生菜,4.89,8.0,34.916000000000004,15.25
16333,2021-07-04,云南生菜,4.88,8.0,37.546,15.25
16386,2021-07-05,云南生菜,4.85,8.0,31.182,15.25
16438,2021-07-06,云南生菜,4.8,8.0,35.031,15.25
16488,2021-07-07,云南生菜,4.4,7.0,32.175,15.25
16535,2021-07-08,云南生菜,4.21,7.0,28.447,15.25
16584,2021-07-09,云南生菜,3.95,7.0,21.354,15.25
16630,2021-07-10,云南生菜,3.91,7.785714285714286,6.237,15.25
16679,2021-07-11,云南生菜,4.23,8.0,6.217,15.25
16725,2021-07-12,云南生菜,4.28,8.0,3.596,15.25
16768,2021-07-13,云南生菜,4.15,8.0,4.963,15.25
16810,2021-07-14,云南生菜,4.45,8.0,4.11,15.25
16857,2021-07-15,云南生菜,4.47,8.0,4.95,15.25
16902,2021-07-16,云南生菜,4.629999999999999,8.0,47.401,15.25
16951,2021-07-17,云南生菜,4.43,8.0,54.115,15.25
17001,2021-07-18,云南生菜,4.42,8.0,43.301,15.25
17054,2021-07-19,云南生菜,4.39,8.0,40.79,15.25
17100,2021-07-20,云南生菜,4.36,8.0,41.697,15.25
17150,2021-07-21,云南生菜,4.36,8.0,43.856,15.25
17206,2021-07-22,云南生菜,4.36,8.0,43.705,15.25
17257,2021-07-23,云南生菜,4.36,8.0,43.756,15.25
17305,2021-07-24,云南生菜,4.49,8.0,57.214,15.25
17354,2021-07-25,云南生菜,4.61,7.6,58.523,15.25
17397,2021-07-26,云南生菜,4.59,7.6,42.729,15.25
17436,2021-07-27,云南生菜,4.59,7.6,36.592,15.25
17481,2021-07-28,云南生菜,4.58,7.6,48.187,15.25
17531,2021-07-29,云南生菜,4.6,7.6,54.444,15.25
17578,2021-07-30,云南生菜,4.57,8.0,56.211,15.25
17627,2021-07-31,云南生菜,4.59,8.0,66.805,15.25
17676,2021-08-01,云南生菜,4.57,8.0,50.391,15.25
17720,2021-08-02,云南生菜,4.59,8.0,75.16,15.25
17765,2021-08-03,云南生菜,4.56,8.0,0.804,15.25
17813,2021-08-04,云南生菜,4.48,8.0,53.85,15.25
17856,2021-08-05,云南生菜,4.7,8.0,43.381,15.25
17901,2021-08-06,云南生菜,4.75,8.0,29.968,15.25
17949,2021-08-07,云南生菜,4.630000000000001,8.0,44.442,15.25
17993,2021-08-08,云南生菜,4.59,8.0,47.191,15.25
18036,2021-08-09,云南生菜,4.98,9.0,8.821,15.25
18081,2021-08-10,云南生菜,5.03,9.0,31.937,15.25
18125,2021-08-11,云南生菜,5.25,8.0,21.407,15.25
18169,2021-08-12,云南生菜,5.2,8.0,21.256,15.25
18216,2021-08-13,云南生菜,5.07,8.0,64.263,15.25
18262,2021-08-14,云南生菜,5.08,8.0,59.84,15.25
18306,2021-08-15,云南生菜,5.18,9.0,44.929,15.25
18349,2021-08-16,云南生菜,5.17,9.0,28.316,15.25
18392,2021-08-17,云南生菜,5.21,9.0,38.184,15.25
18432,2021-08-18,云南生菜,5.26,9.0,25.695,15.25
18475,2021-08-19,云南生菜,5.26,9.0,33.81,15.25
18519,2021-08-20,云南生菜,5.26,9.0,37.459,15.25
18567,2021-08-21,云南生菜,5.26,9.0,52.672,15.25
18614,2021-08-22,云南生菜,5.26,9.0,38.663,15.25
18656,2021-08-23,云南生菜,5.26,9.0,15.984,15.25
18697,2021-08-24,云南生菜,4.98,9.0,18.709,15.25
18743,2021-08-25,云南生菜,5.0,8.0,32.981,15.25
18786,2021-08-26,云南生菜,5.02,8.0,45.471,15.25
18831,2021-08-27,云南生菜,5.04,8.0,30.729,15.25
18876,2021-08-28,云南生菜,5.06,8.0,21.623,15.25
18923,2021-08-29,云南生菜,5.340000000000001,8.0,35.831,15.25
18973,2021-08-30,云南生菜,5.31,8.0,37.605,15.25
19021,2021-08-31,云南生菜,5.36,8.0,35.63,15.25
19069,2021-09-01,云南生菜,5.36,7.866666666666666,5.101,15.25
19115,2021-09-02,云南生菜,5.42,8.0,2.866,15.25
19162,2021-09-03,云南生菜,5.46,8.0,4.898,15.25
19212,2021-09-04,云南生菜,5.46,8.0,4.221,15.25
19261,2021-09-05,云南生菜,5.46,8.0,3.643,15.25
19309,2021-09-06,云南生菜,5.46,8.0,36.297,15.25
19359,2021-09-07,云南生菜,5.58,8.0,26.833,15.25
19407,2021-09-08,云南生菜,5.69,10.0,28.509,15.25
19456,2021-09-09,云南生菜,5.76,10.0,10.534,15.25
19505,2021-09-10,云南生菜,5.76,10.0,16.465,15.25
19553,2021-09-11,云南生菜,5.76,8.0,42.296,15.25
19603,2021-09-12,云南生菜,5.76,8.0,72.618,15.25
19647,2021-09-13,云南生菜,5.5,8.0,11.861,15.25
19687,2021-09-14,云南生菜,5.57,8.0,16.862000000000002,15.25
19732,2021-09-15,云南生菜,5.48,8.0,36.865,15.25
19777,2021-09-16,云南生菜,5.46,8.0,8.882,15.25
19821,2021-09-17,云南生菜,5.46,9.0,27.759,15.25
19868,2021-09-18,云南生菜,5.46,9.0,23.779,15.25
19914,2021-09-19,云南生菜,5.74,9.0,38.119,15.25
19963,2021-09-20,云南生菜,5.619999999999999,9.0,38.808,15.25
20014,2021-09-21,云南生菜,5.59,8.984126984126984,25.967,15.25
20062,2021-09-22,云南生菜,5.52,9.0,21.332,15.25
20110,2021-09-23,云南生菜,5.34,9.0,10.781,15.25
20157,2021-09-24,云南生菜,5.46,8.0,26.949,15.25
20203,2021-09-25,云南生菜,5.52,8.0,42.575,15.25
20244,2021-09-26,云南生菜,5.47,8.0,32.484,15.25
20284,2021-09-27,云南生菜,5.46,8.0,21.557,15.25
20324,2021-09-28,云南生菜,5.46,8.0,15.932,15.25
20364,2021-09-29,云南生菜,5.07,8.0,19.563,15.25
20403,2021-09-30,云南生菜,4.88,8.0,10.906,15.25
20440,2021-10-01,云南生菜,4.88,8.0,46.271,15.25
20475,2021-10-02,云南生菜,4.88,8.0,30.582,15.25
20511,2021-10-03,云南生菜,4.88,8.0,16.297,15.25
20548,2021-10-04,云南生菜,4.88,8.0,12.085,15.25
20586,2021-10-05,云南生菜,4.43,8.0,31.94,15.25
20623,2021-10-06,云南生菜,4.66,8.0,45.571,15.25
20664,2021-10-07,云南生菜,4.68,8.0,42.879,15.25
20702,2021-10-08,云南生菜,4.68,8.0,26.773,15.25
20738,2021-10-09,云南生菜,4.68,8.0,29.237,15.25
20775,2021-10-10,云南生菜,4.38,8.0,63.61,15.25
20814,2021-10-11,云南生菜,4.18,8.0,14.299,15.25
20850,2021-10-12,云南生菜,4.36,8.0,23.336,15.25
20886,2021-10-13,云南生菜,4.97,8.0,17.551000000000002,15.25
20924,2021-10-14,云南生菜,5.07,8.0,19.511,15.25
20960,2021-10-15,云南生菜,4.88,8.0,36.035,15.25
21003,2021-10-16,云南生菜,4.92,8.0,63.425,15.25
21044,2021-10-17,云南生菜,4.88,8.0,23.382,15.25
21085,2021-10-18,云南生菜,4.98,8.0,25.255,15.25
21123,2021-10-19,云南生菜,5.03,8.0,23.143,15.25
21160,2021-10-20,云南生菜,4.98,9.0,24.335,15.25
21197,2021-10-21,云南生菜,4.98,9.0,18.494,15.25
21232,2021-10-22,云南生菜,5.19,9.0,23.13,15.25
21265,2021-10-23,云南生菜,5.18,10.0,24.549,15.25
21301,2021-10-24,云南生菜,5.27,10.0,28.522,15.25
21336,2021-10-25,云南生菜,6.5,10.0,16.976,15.25
21370,2021-10-26,云南生菜,6.73,10.0,18.22,15.25
21405,2021-10-27,云南生菜,6.78,11.0,13.295,15.25
21437,2021-10-28,云南生菜,6.78,11.0,11.434,15.25
21470,2021-10-29,云南生菜,6.78,11.0,11.136,15.25
21502,2021-10-30,云南生菜,6.78,11.0,14.474,15.25
21536,2021-10-31,云南生菜,6.78,11.0,14.499,15.25
21573,2021-11-01,云南生菜,6.78,11.0,9.811,15.25
21606,2021-11-02,云南生菜,6.78,11.0,5.375,15.25
21642,2021-11-03,云南生菜,6.78,11.0,6.748,15.25
21676,2021-11-04,云南生菜,6.779999999999999,10.0,6.548,15.25
21710,2021-11-05,云南生菜,6.78,10.0,9.447,15.25
21746,2021-11-06,云南生菜,6.78,10.0,21.863,15.25
21780,2021-11-07,云南生菜,6.540000000000001,10.0,19.809,15.25
21813,2021-11-08,云南生菜,6.48,10.0,11.858,15.25
21848,2021-11-09,云南生菜,6.48,12.0,5.938,15.25
21880,2021-11-10,云南生菜,6.48,12.0,4.664,15.25
21911,2021-11-11,云南生菜,6.48,12.0,7.292,15.25
21946,2021-11-12,云南生菜,6.48,12.0,3.554,15.25
21977,2021-11-13,云南生菜,6.57,12.0,6.314,15.25
22009,2021-11-14,云南生菜,6.48,12.0,11.648,15.25
22043,2021-11-15,云南生菜,6.48,12.0,5.779,15.25
22073,2021-11-16,云南生菜,6.419999999999999,12.0,2.108,15.25
22103,2021-11-17,云南生菜,6.480000000000001,12.0,1.84,15.25
22136,2021-11-18,云南生菜,6.48,12.0,0.543,15.25
22168,2021-11-19,云南生菜,6.48,12.0,0.518,15.25
22198,2021-11-20,云南生菜,6.48,12.0,1.765,15.25
22234,2021-11-21,云南生菜,6.48,12.0,6.189,15.25
22267,2021-11-22,云南生菜,6.48,12.0,7.66,15.25
22296,2021-11-23,云南生菜,6.48,12.0,6.789,15.25
22328,2021-11-24,云南生菜,6.480000000000001,12.0,3.328,15.25
22358,2021-11-25,云南生菜,6.48,12.0,5.394,15.25
22387,2021-11-26,云南生菜,6.5,12.0,1.22,15.25
22419,2021-11-27,云南生菜,6.49,12.0,0.552,15.25
22450,2021-11-28,云南生菜,6.5,12.0,2.325,15.25
