export/q3_2单品数据筛选.csv
,日期,单品名称,批发价格(元/千克)_否,销售单价(元/千克)_否,销量(千克)_否,损耗率(%)_否
4,2020-07-01,外地茼蒿,11.69,16.0,2.623,26.16
41,2020-07-02,外地茼蒿,11.75,16.0,0.857,26.16
78,2020-07-03,外地茼蒿,11.75,16.0,2.09,26.16
181,2020-07-06,外地茼蒿,9.17,16.0,5.4190000000000005,26.16
218,2020-07-07,外地茼蒿,9.42,16.0,3.416,26.16
256,2020-07-08,外地茼蒿,9.81,18.0,1.146,26.16
291,2020-07-09,外地茼蒿,9.8,18.0,1.123,26.16
328,2020-07-10,外地茼蒿,9.81,18.0,0.835,26.16
366,2020-07-11,外地茼蒿,10.61,18.0,6.047,26.16
401,2020-07-12,外地茼蒿,11.06,18.0,2.376,26.16
1176,2020-08-02,外地茼蒿,11.0,19.8,3.793,26.160000000000004
1219,2020-08-03,外地茼蒿,11.05,19.8,3.244,26.160000000000004
1263,2020-08-04,外地茼蒿,11.02,19.8,1.642,26.16
1302,2020-08-05,外地茼蒿,11.02,19.8,1.414,26.160000000000004
1343,2020-08-06,外地茼蒿,11.02,19.8,2.302,26.16
1386,2020-08-07,外地茼蒿,11.02,19.8,3.565,26.16
1431,2020-08-08,外地茼蒿,11.0,19.8,2.964,26.16
1476,2020-08-09,外地茼蒿,10.96,19.8,3.338,26.16
1521,2020-08-10,外地茼蒿,10.96,21.8,2.344,26.160000000000004
1559,2020-08-11,外地茼蒿,10.99,21.8,1.198,26.160000000000004
1598,2020-08-12,外地茼蒿,10.99,21.8,1.211,26.16
1674,2020-08-14,外地茼蒿,13.090000000000002,21.8,3.971,26.16
1718,2020-08-15,外地茼蒿,13.14,21.8,4.105,26.16
15190,2021-06-09,外地茼蒿,8.53,14.0,5.001,26.16
15241,2021-06-10,外地茼蒿,8.54,14.0,5.694,26.16
15290,2021-06-11,外地茼蒿,8.57,14.0,4.665,26.16
15340,2021-06-12,外地茼蒿,8.56,14.0,8.241,26.16
15481,2021-06-15,外地茼蒿,8.64,14.0,0.902,26.16
15655,2021-06-19,外地茼蒿,8.63,14.0,4.056,26.16
15701,2021-06-20,外地茼蒿,9.85,16.0,4.862,26.160000000000004
15785,2021-06-22,外地茼蒿,10.24,16.0,2.742,26.160000000000004
15829,2021-06-23,外地茼蒿,10.61,16.0,3.848,26.16
15876,2021-06-24,外地茼蒿,11.18,16.0,2.173,26.160000000000004
15924,2021-06-25,外地茼蒿,10.9,16.0,3.205,26.16
15964,2021-06-26,外地茼蒿,10.28,16.0,4.625,26.160000000000004
16007,2021-06-27,外地茼蒿,8.42,16.0,4.537,26.16
16053,2021-06-28,外地茼蒿,8.94,16.0,4.794,26.16
16101,2021-06-29,外地茼蒿,8.81,16.0,4.462,26.16
16145,2021-06-30,外地茼蒿,7.58,16.0,2.26,26.160000000000004
16192,2021-07-01,外地茼蒿,7.63,16.0,3.111,26.16
16286,2021-07-03,外地茼蒿,8.31,16.0,4.3870000000000005,26.16
16338,2021-07-04,外地茼蒿,9.06,16.0,3.349,26.16
16391,2021-07-05,外地茼蒿,9.46,16.0,3.386,26.16
16443,2021-07-06,外地茼蒿,10.0,16.0,3.017,26.16
16494,2021-07-07,外地茼蒿,10.64,16.0,3.242,26.16
16539,2021-07-08,外地茼蒿,10.4,16.0,3.844,26.16
16588,2021-07-09,外地茼蒿,8.12,16.0,2.21,26.160000000000004
16636,2021-07-10,外地茼蒿,8.05,16.0,3.861,26.16
16682,2021-07-11,外地茼蒿,8.05,16.0,3.681,26.16
16729,2021-07-12,外地茼蒿,8.05,14.0,1.095,26.16
16771,2021-07-13,外地茼蒿,8.87,16.0,6.92,26.16
16813,2021-07-14,外地茼蒿,12.78,18.0,2.496,26.160000000000004
16861,2021-07-15,外地茼蒿,12.78,19.8,3.333,26.16
16954,2021-07-17,外地茼蒿,13.48,19.8,3.944,26.16
17006,2021-07-18,外地茼蒿,13.92,19.8,4.333,26.16
17058,2021-07-19,外地茼蒿,14.26,19.8,2.167,26.160000000000004
17104,2021-07-20,外地茼蒿,14.32,19.8,2.111,26.160000000000004
17155,2021-07-21,外地茼蒿,14.01,19.8,3.131,26.16
17211,2021-07-22,外地茼蒿,13.570000000000002,19.8,4.48,26.16
17261,2021-07-23,外地茼蒿,13.56,19.8,2.081,26.16
17309,2021-07-24,外地茼蒿,13.46,19.8,4.544,26.16
17358,2021-07-25,外地茼蒿,14.05,19.6,3.959,26.16
17485,2021-07-28,外地茼蒿,16.29,25.8,3.153,26.160000000000004
17535,2021-07-29,外地茼蒿,18.24,25.8,3.984,26.16
17581,2021-07-30,外地茼蒿,19.3,25.8,1.137,26.16
17631,2021-07-31,外地茼蒿,12.06,19.6,3.832,26.16
17680,2021-08-01,外地茼蒿,11.56,19.6,2.225,26.16
17769,2021-08-03,外地茼蒿,12.97,19.6,4.235,26.16
17817,2021-08-04,外地茼蒿,14.03,21.600000000000005,2.603,26.16
17860,2021-08-05,外地茼蒿,13.76,21.600000000000005,1.255,26.16
17905,2021-08-06,外地茼蒿,13.63,21.6,3.903,26.16
17953,2021-08-07,外地茼蒿,14.93,21.6,4.293,26.16
17996,2021-08-08,外地茼蒿,14.25,21.6,4.806,26.16
18040,2021-08-09,外地茼蒿,13.83,18.0,2.962,26.16
18085,2021-08-10,外地茼蒿,13.35,18.0,4.204,26.16
18129,2021-08-11,外地茼蒿,11.44,18.0,3.013,26.16
18173,2021-08-12,外地茼蒿,10.83,18.0,3.5860000000000003,26.16
18220,2021-08-13,外地茼蒿,10.22,18.0,5.517,26.16
18266,2021-08-14,外地茼蒿,10.38,18.0,5.981,26.16
18310,2021-08-15,外地茼蒿,10.45,18.0,5.1000000000000005,26.16
18353,2021-08-16,外地茼蒿,10.4,18.0,3.2750000000000004,26.16
18396,2021-08-17,外地茼蒿,10.34,18.0,1.798,26.16
18436,2021-08-18,外地茼蒿,10.43,18.0,2.049,26.16
18479,2021-08-19,外地茼蒿,11.77,18.0,3.39,26.16
18523,2021-08-20,外地茼蒿,12.13,18.0,1.626,26.16
18571,2021-08-21,外地茼蒿,12.12,18.0,2.266,26.160000000000004
18617,2021-08-22,外地茼蒿,12.02,18.0,5.002,26.160000000000004
18701,2021-08-24,外地茼蒿,12.66,18.0,4.009,26.16
18747,2021-08-25,外地茼蒿,12.65,19.6,6.65,26.16
18789,2021-08-26,外地茼蒿,12.679999999999998,19.6,5.506,26.16
18927,2021-08-29,外地茼蒿,13.140000000000002,19.6,4.935,26.16
19025,2021-08-31,外地茼蒿,15.88,23.6,3.576,26.16
19073,2021-09-01,外地茼蒿,15.77,23.6,3.114,26.16
19119,2021-09-02,外地茼蒿,15.12,23.6,4.348,26.16
19167,2021-09-03,外地茼蒿,13.42,23.6,5.362,26.16
19217,2021-09-04,外地茼蒿,13.400000000000002,23.6,5.221,26.16
19266,2021-09-05,外地茼蒿,13.55,23.6,4.492,26.160000000000004
19314,2021-09-06,外地茼蒿,13.51,23.600000000000005,2.415,26.16
19364,2021-09-07,外地茼蒿,13.06,23.6,4.681,26.16
19412,2021-09-08,外地茼蒿,11.89,19.8,0.8440000000000001,26.16
19460,2021-09-09,外地茼蒿,11.89,19.8,3.248,26.16
19509,2021-09-10,外地茼蒿,11.949999999999998,19.8,1.965,26.16
19557,2021-09-11,外地茼蒿,13.65,19.8,3.223,26.160000000000004
19607,2021-09-12,外地茼蒿,13.52,19.8,5.2010000000000005,26.16
19651,2021-09-13,外地茼蒿,13.51,19.8,1.364,26.16
19691,2021-09-14,外地茼蒿,12.73,19.8,4.935,26.160000000000004
19736,2021-09-15,外地茼蒿,13.49,19.8,2.605,26.16
19781,2021-09-16,外地茼蒿,14.3,21.6,1.653,26.16
19826,2021-09-17,外地茼蒿,14.62,21.6,3.811,26.16
19872,2021-09-18,外地茼蒿,14.93,21.6,2.098,26.160000000000004
19919,2021-09-19,外地茼蒿,14.89,21.6,5.505,26.16
21047,2021-10-17,外地茼蒿,10.949999999999998,18.0,3.068,26.16
21088,2021-10-18,外地茼蒿,10.94,18.0,0.958,26.16
21234,2021-10-22,外地茼蒿,10.95,19.8,0.222,26.16
21539,2021-10-31,外地茼蒿,5.73,10.0,3.604,26.16
21609,2021-11-02,外地茼蒿,5.73,10.0,1.606,26.16
21645,2021-11-03,外地茼蒿,5.73,10.0,0.291,26.16
21816,2021-11-08,外地茼蒿,6.62,12.0,0.577,26.16
21850,2021-11-09,外地茼蒿,6.62,14.0,0.358,26.16
21913,2021-11-11,外地茼蒿,6.63,12.0,1.74,26.16
21948,2021-11-12,外地茼蒿,6.62,12.0,0.736,26.16
21979,2021-11-13,外地茼蒿,6.69,12.0,1.188,26.16
22011,2021-11-14,外地茼蒿,6.73,12.0,0.343,26.16
22076,2021-11-16,外地茼蒿,6.74,12.0,0.694,26.16
22105,2021-11-17,外地茼蒿,6.73,14.0,0.523,26.16
22138,2021-11-18,外地茼蒿,6.74,14.0,0.265,26.16
22170,2021-11-19,外地茼蒿,7.26,14.0,0.265,26.16
22200,2021-11-20,外地茼蒿,7.69,14.0,0.896,26.16
22236,2021-11-21,外地茼蒿,7.69,14.0,1.361,26.160000000000004
22269,2021-11-22,外地茼蒿,7.69,14.0,0.595,26.16
22299,2021-11-23,外地茼蒿,8.13,14.0,0.6379999999999999,26.16
22389,2021-11-26,外地茼蒿,5.0,16.0,0.432,26.16
7,2020-07-01,娃娃菜,4.13,6.9,9.0,2.48
44,2020-07-02,娃娃菜,4.11,6.900000000000001,6.0,2.48
81,2020-07-03,娃娃菜,4.05,6.900000000000001,10.0,2.48
116,2020-07-04,娃娃菜,4.09,6.9,14.0,2.48
151,2020-07-05,娃娃菜,4.1,6.9,10.0,2.48
185,2020-07-06,娃娃菜,4.06,6.9,9.0,2.48
221,2020-07-07,娃娃菜,4.07,6.863636363636363,5.0,2.48
259,2020-07-08,娃娃菜,4.11,6.9,0.0,2.48
295,2020-07-09,娃娃菜,4.09,6.9,9.0,2.48
332,2020-07-10,娃娃菜,4.06,6.9,9.0,2.48
369,2020-07-11,娃娃菜,4.04,6.9,13.0,2.48
405,2020-07-12,娃娃菜,4.05,6.9,15.0,2.48
443,2020-07-13,娃娃菜,4.05,6.9,7.0,2.48
478,2020-07-14,娃娃菜,4.0,6.9,14.0,2.48
515,2020-07-15,娃娃菜,4.03,6.900000000000001,12.0,2.48
552,2020-07-16,娃娃菜,4.07,6.700000000000001,7.0,2.48
589,2020-07-17,娃娃菜,4.08,6.421428571428572,3.0,2.48
626,2020-07-18,娃娃菜,4.08,6.825,10.0,2.48
663,2020-07-19,娃娃菜,4.06,6.9,10.0,2.48
699,2020-07-20,娃娃菜,4.07,6.9,7.0,2.48
734,2020-07-21,娃娃菜,4.07,6.9,11.0,2.48
772,2020-07-22,娃娃菜,4.07,6.9,13.0,2.48
809,2020-07-23,娃娃菜,4.05,6.9,10.0,2.48
846,2020-07-24,娃娃菜,4.03,6.9,9.0,2.48
882,2020-07-25,娃娃菜,4.03,6.9,16.0,2.48
918,2020-07-26,娃娃菜,4.03,6.9,16.0,2.48
956,2020-07-27,娃娃菜,4.04,6.9,9.0,2.48
994,2020-07-28,娃娃菜,4.05,6.9,7.0,2.48
1032,2020-07-29,娃娃菜,4.08,6.9,9.0,2.48
1067,2020-07-30,娃娃菜,4.07,6.9,8.0,2.48
1103,2020-07-31,娃娃菜,4.04,6.9,10.0,2.48
1141,2020-08-01,娃娃菜,4.02,6.9,8.0,2.48
1181,2020-08-02,娃娃菜,4.04,6.9,10.0,2.48
1224,2020-08-03,娃娃菜,4.12,6.900000000000001,12.0,2.48
1268,2020-08-04,娃娃菜,4.07,6.9,7.0,2.48
1306,2020-08-05,娃娃菜,4.09,6.9,7.0,2.48
1348,2020-08-06,娃娃菜,4.06,6.900000000000001,12.0,2.48
1390,2020-08-07,娃娃菜,4.1,6.9,5.0,2.48
1436,2020-08-08,娃娃菜,4.11,6.9,8.0,2.48
1481,2020-08-09,娃娃菜,4.05,6.9,13.0,2.48
1525,2020-08-10,娃娃菜,4.06,6.9,11.0,2.48
1563,2020-08-11,娃娃菜,4.06,6.9,13.0,2.48
1602,2020-08-12,娃娃菜,4.05,6.9,9.0,2.48
1640,2020-08-13,娃娃菜,4.06,6.9,8.0,2.48
1679,2020-08-14,娃娃菜,4.07,6.9,10.0,2.48
1723,2020-08-15,娃娃菜,4.06,6.9,11.0,2.48
1764,2020-08-16,娃娃菜,4.08,6.9,13.0,2.48
1803,2020-08-17,娃娃菜,4.06,6.9,5.0,2.48
1842,2020-08-18,娃娃菜,4.04,6.9,15.0,2.48
1881,2020-08-19,娃娃菜,4.03,6.9,10.0,2.48
1921,2020-08-20,娃娃菜,4.06,6.9,11.0,2.48
1963,2020-08-21,娃娃菜,4.07,6.9,10.0,2.48
2004,2020-08-22,娃娃菜,4.03,6.9,15.0,2.48
2043,2020-08-23,娃娃菜,4.09,6.9,9.0,2.48
2084,2020-08-24,娃娃菜,4.06,6.9,9.0,2.48
2126,2020-08-25,娃娃菜,4.27,6.9,11.0,2.48
2165,2020-08-26,娃娃菜,4.27,6.900000000000001,12.0,2.48
2208,2020-08-27,娃娃菜,4.1,6.900000000000001,6.0,2.48
2250,2020-08-28,娃娃菜,4.05,6.9,13.0,2.48
2291,2020-08-29,娃娃菜,4.04,6.9,11.0,2.48
2332,2020-08-30,娃娃菜,4.03,6.9,14.0,2.48
2372,2020-08-31,娃娃菜,4.03,6.9,9.0,2.48
2413,2020-09-01,娃娃菜,4.02,6.9,8.0,2.48
2452,2020-09-02,娃娃菜,4.02,6.9,7.0,2.48
2492,2020-09-03,娃娃菜,4.04,6.9,7.0,2.48
2533,2020-09-04,娃娃菜,4.03,6.9,9.0,2.48
2574,2020-09-05,娃娃菜,4.04,6.9,16.0,2.48
2616,2020-09-06,娃娃菜,4.06,6.900000000000001,12.0,2.48
2660,2020-09-07,娃娃菜,4.06,6.9,7.0,2.48
2703,2020-09-08,娃娃菜,4.06,6.9,4.0,2.48
2742,2020-09-09,娃娃菜,4.05,6.9,2.0,2.48
2824,2020-09-11,娃娃菜,3.7000000000000006,6.900000000000001,3.0,2.48
2866,2020-09-12,娃娃菜,3.7000000000000006,6.9,9.0,2.48
2909,2020-09-13,娃娃菜,3.770000000000001,6.9,5.0,2.48
2953,2020-09-14,娃娃菜,3.86,6.9,4.0,2.48
2992,2020-09-15,娃娃菜,4.59,7.9,1.0,2.48
3032,2020-09-16,娃娃菜,4.51,6.900000000000001,12.0,2.48
3075,2020-09-17,娃娃菜,4.08,6.9,1.0,2.48
3119,2020-09-18,娃娃菜,4.08,6.900000000000001,6.0,2.48
3162,2020-09-19,娃娃菜,4.43,7.900000000000001,6.0,2.48
3204,2020-09-20,娃娃菜,4.35,7.900000000000001,3.0,2.48
3246,2020-09-21,娃娃菜,4.96,7.9,1.0,2.48
3287,2020-09-22,娃娃菜,4.94,7.9,4.0,2.48
3332,2020-09-23,娃娃菜,4.94,7.9,7.0,2.48
3377,2020-09-24,娃娃菜,4.91,7.900000000000001,6.0,2.48
3424,2020-09-25,娃娃菜,4.91,7.9,4.0,2.48
3475,2020-09-26,娃娃菜,4.55,7.900000000000001,9.0,2.48
3525,2020-09-27,娃娃菜,4.39,7.9,4.0,2.48
3572,2020-09-28,娃娃菜,4.4,7.9,2.0,2.48
3616,2020-09-29,娃娃菜,4.39,7.9,8.0,2.48
3662,2020-09-30,娃娃菜,4.4,7.900000000000001,9.0,2.48
3708,2020-10-01,娃娃菜,4.39,7.9,10.0,2.48
3752,2020-10-02,娃娃菜,4.51,7.900000000000001,6.0,2.48
3798,2020-10-03,娃娃菜,5.05,8.8,7.0,2.48
3841,2020-10-04,娃娃菜,5.01,8.8,15.0,2.48
3884,2020-10-05,娃娃菜,4.43,7.8,6.0,2.48
3929,2020-10-06,娃娃菜,4.76,8.8,6.0,2.48
3975,2020-10-07,娃娃菜,4.58,8.8,5.0,2.48
4019,2020-10-08,娃娃菜,4.58,8.8,6.0,2.48
4063,2020-10-09,娃娃菜,4.77,8.8,8.0,2.48
4107,2020-10-10,娃娃菜,4.73,8.8,4.0,2.48
4152,2020-10-11,娃娃菜,4.5,7.8,4.0,2.48
4192,2020-10-12,娃娃菜,4.51,7.8,7.0,2.48
4234,2020-10-13,娃娃菜,4.23,7.8,6.0,2.48
4278,2020-10-14,娃娃菜,4.21,7.8,4.0,2.48
4319,2020-10-15,娃娃菜,4.02,7.8,7.0,2.48
4362,2020-10-16,娃娃菜,3.34,7.8,5.0,2.48
4404,2020-10-17,娃娃菜,3.35,5.8,9.0,2.48
4450,2020-10-18,娃娃菜,3.9,5.8,6.0,2.48
4495,2020-10-19,娃娃菜,3.5699999999999994,6.8,5.0,2.48
4541,2020-10-20,娃娃菜,3.35,4.9,59.0,2.48
4582,2020-10-21,娃娃菜,3.35,4.9,43.0,2.48
4624,2020-10-22,娃娃菜,3.35,4.9,8.0,2.48
4665,2020-10-23,娃娃菜,3.31,4.9,35.0,2.48
4708,2020-10-24,娃娃菜,3.25,4.9,56.0,2.48
4751,2020-10-25,娃娃菜,3.25,4.9,14.0,2.48
4795,2020-10-26,娃娃菜,3.25,5.9,2.0,2.48
4838,2020-10-27,娃娃菜,3.25,5.9,4.0,2.48
4881,2020-10-28,娃娃菜,3.25,5.9,7.0,2.48
4926,2020-10-29,娃娃菜,3.25,5.900000000000001,3.0,2.48
4972,2020-10-30,娃娃菜,3.25,5.9,2.0,2.48
5019,2020-10-31,娃娃菜,2.94,5.9,8.0,2.48
5065,2020-11-01,娃娃菜,3.34,4.9,5.0,2.48
5110,2020-11-02,娃娃菜,3.34,4.9,4.0,2.48
5152,2020-11-03,娃娃菜,3.26,5.900000000000001,3.0,2.48
5194,2020-11-04,娃娃菜,3.22,5.9,1.0,2.48
5235,2020-11-05,娃娃菜,3.12,5.900000000000001,6.0,2.48
5277,2020-11-06,娃娃菜,3.35,5.9,5.0,2.48
5319,2020-11-07,娃娃菜,3.2400000000000007,5.9,5.0,2.48
5362,2020-11-08,娃娃菜,3.22,5.900000000000001,6.0,2.48
5406,2020-11-09,娃娃菜,3.16,4.9,3.0,2.48
5451,2020-11-10,娃娃菜,2.93,5.9,4.0,2.48
5495,2020-11-11,娃娃菜,3.19,5.9,2.0,2.48
5543,2020-11-12,娃娃菜,2.7999999999999994,5.900000000000001,3.0,2.48
5588,2020-11-13,娃娃菜,3.4,5.9,4.0,2.48
5635,2020-11-14,娃娃菜,3.39,5.9,5.0,2.48
5681,2020-11-15,娃娃菜,2.8,4.9,15.0,2.48
5725,2020-11-16,娃娃菜,3.2,5.9,2.0,2.48
5769,2020-11-17,娃娃菜,3.08,5.8,8.0,2.48
5813,2020-11-18,娃娃菜,2.96,5.8,5.0,2.48
5857,2020-11-19,娃娃菜,2.94,5.8,5.0,2.48
5901,2020-11-20,娃娃菜,2.98,5.8,6.0,2.48
5946,2020-11-21,娃娃菜,3.06,5.8,15.0,2.48
5993,2020-11-22,娃娃菜,2.94,5.8,14.0,2.48
6036,2020-11-23,娃娃菜,2.94,4.9,9.0,2.48
6080,2020-11-24,娃娃菜,2.9399999999999995,4.9,11.0,2.48
6122,2020-11-25,娃娃菜,3.0,4.9,4.0,2.48
6167,2020-11-26,娃娃菜,3.0,4.9,8.0,2.48
6210,2020-11-27,娃娃菜,3.0,4.9,6.0,2.48
6259,2020-11-28,娃娃菜,2.99,4.9,9.0,2.48
6306,2020-11-29,娃娃菜,2.96,4.9,9.0,2.48
6352,2020-11-30,娃娃菜,3.1,4.9,9.0,2.48
6400,2020-12-01,娃娃菜,3.11,4.9,9.0,2.48
6445,2020-12-02,娃娃菜,3.12,4.9,4.0,2.48
6492,2020-12-03,娃娃菜,3.2000000000000006,4.9,6.0,2.48
6538,2020-12-04,娃娃菜,3.1300000000000003,4.9,6.0,2.48
6588,2020-12-05,娃娃菜,3.15,4.9,9.0,2.48
6639,2020-12-06,娃娃菜,3.17,4.9,10.0,2.48
6688,2020-12-07,娃娃菜,3.17,4.9,8.0,2.48
6739,2020-12-08,娃娃菜,3.17,4.9,10.0,2.48
6790,2020-12-09,娃娃菜,3.17,4.9,3.0,2.48
6841,2020-12-10,娃娃菜,3.19,4.9,10.0,2.48
6894,2020-12-11,娃娃菜,2.98,3.5,11.0,2.48
6947,2020-12-12,娃娃菜,2.6,3.5,10.0,2.48
7003,2020-12-13,娃娃菜,2.6000000000000005,3.5,13.0,2.48
7056,2020-12-14,娃娃菜,2.6,3.5,6.0,2.48
7101,2020-12-15,娃娃菜,2.6,3.5,8.0,2.48
7152,2020-12-16,娃娃菜,2.6,3.5,5.0,2.48
7202,2020-12-17,娃娃菜,2.6,3.5,2.0,2.48
7254,2020-12-18,娃娃菜,2.56,3.5,4.0,2.48
7306,2020-12-19,娃娃菜,2.3,3.5,6.0,2.48
7358,2020-12-20,娃娃菜,2.3,3.5,5.0,2.48
7408,2020-12-21,娃娃菜,1.98,3.5,5.0,2.48
7455,2020-12-22,娃娃菜,2.69,3.5,5.0,2.48
7503,2020-12-23,娃娃菜,2.97,3.5,1.0,2.48
7551,2020-12-24,娃娃菜,2.2,3.5,1.0,2.48
7598,2020-12-25,娃娃菜,2.2,3.5,9.0,2.48
7648,2020-12-26,娃娃菜,2.2,3.5,8.0,2.48
7696,2020-12-27,娃娃菜,2.2,3.5,8.0,2.48
7787,2020-12-29,娃娃菜,2.2,3.5,6.0,2.48
7833,2020-12-30,娃娃菜,2.2,3.5,6.0,2.48
7883,2020-12-31,娃娃菜,2.2,3.5,13.0,2.48
7931,2021-01-01,娃娃菜,2.37,3.5,11.0,2.48
7977,2021-01-02,娃娃菜,3.03,4.9,6.0,2.48
8022,2021-01-03,娃娃菜,3.03,4.9,14.0,2.48
8069,2021-01-04,娃娃菜,3.08,4.9,5.0,2.48
8114,2021-01-05,娃娃菜,3.1,4.9,6.0,2.48
8162,2021-01-06,娃娃菜,2.98,4.9,4.0,2.48
8210,2021-01-07,娃娃菜,3.03,4.9,8.0,2.48
8255,2021-01-08,娃娃菜,3.05,4.9,11.0,2.48
8302,2021-01-09,娃娃菜,3.07,4.9,9.0,2.48
8348,2021-01-10,娃娃菜,3.03,4.9,9.0,2.48
8395,2021-01-11,娃娃菜,3.27,4.9,8.0,2.48
8439,2021-01-12,娃娃菜,3.27,4.9,14.0,2.48
8481,2021-01-13,娃娃菜,3.71,4.9,6.0,2.48
8523,2021-01-14,娃娃菜,3.5400000000000005,4.9,6.0,2.48
8566,2021-01-15,娃娃菜,3.57,5.900000000000001,6.0,2.48
8610,2021-01-16,娃娃菜,3.69,5.9,16.0,2.48
8657,2021-01-17,娃娃菜,3.71,5.9,10.0,2.48
8703,2021-01-18,娃娃菜,3.55,5.9,4.0,2.48
8752,2021-01-19,娃娃菜,3.5499999999999994,5.900000000000001,3.0,2.48
8800,2021-01-20,娃娃菜,3.6800000000000006,5.9,10.0,2.48
8848,2021-01-21,娃娃菜,3.75,5.9,11.0,2.48
8897,2021-01-22,娃娃菜,3.77,5.9,7.0,2.48
8942,2021-01-23,娃娃菜,3.77,5.9,8.0,2.48
8989,2021-01-24,娃娃菜,3.810000000000001,5.9,11.0,2.48
9037,2021-01-25,娃娃菜,3.76,5.9,9.0,2.48
9084,2021-01-26,娃娃菜,3.75,5.900000000000001,12.0,2.48
9130,2021-01-27,娃娃菜,3.75,6.8,6.0,2.48
9177,2021-01-28,娃娃菜,3.68,6.8,8.0,2.48
9223,2021-01-29,娃娃菜,3.71,6.8,1.0,2.48
9269,2021-01-30,娃娃菜,3.76,6.8,9.0,2.48
9320,2021-01-31,娃娃菜,3.75,6.8,10.0,2.48
9370,2021-02-01,娃娃菜,3.82,6.8,8.0,2.48
9416,2021-02-02,娃娃菜,3.75,6.8,8.0,2.48
9467,2021-02-03,娃娃菜,3.75,6.8,5.0,2.48
9515,2021-02-04,娃娃菜,3.75,6.8,4.0,2.48
9563,2021-02-05,娃娃菜,3.75,6.8,8.0,2.48
9613,2021-02-06,娃娃菜,3.75,6.8,6.0,2.48
9665,2021-02-07,娃娃菜,3.77,6.8,7.0,2.48
9714,2021-02-08,娃娃菜,3.76,6.8,16.0,2.48
9765,2021-02-09,娃娃菜,3.93,6.8,25.0,2.48
9814,2021-02-10,娃娃菜,3.8,6.8,10.0,2.48
9864,2021-02-13,娃娃菜,3.78,6.8,16.0,2.48
9902,2021-02-14,娃娃菜,3.83,6.8,11.0,2.48
9948,2021-02-15,娃娃菜,0.0,0.0,0.0,0.0
9993,2021-02-16,娃娃菜,4.72,6.9,8.0,2.48
10034,2021-02-17,娃娃菜,5.01,6.900000000000001,3.0,2.48
10077,2021-02-18,娃娃菜,4.7700000000000005,6.9,7.0,2.48
10120,2021-02-19,娃娃菜,4.68,6.900000000000001,6.0,2.48
10164,2021-02-20,娃娃菜,4.79,6.9,7.0,2.48
10212,2021-02-21,娃娃菜,4.85,6.9,9.0,2.48
10257,2021-02-22,娃娃菜,4.92,6.9,9.0,2.48
10300,2021-02-23,娃娃菜,5.4,6.9,1.0,2.48
10346,2021-02-24,娃娃菜,4.74,7.9,7.0,2.48
10390,2021-02-25,娃娃菜,4.76,7.9,11.0,2.48
10440,2021-02-26,娃娃菜,4.74,7.9,15.0,2.48
10483,2021-02-27,娃娃菜,4.75,7.900000000000001,6.0,2.48
10523,2021-02-28,娃娃菜,4.76,7.900000000000001,18.0,2.48
10570,2021-03-01,娃娃菜,4.76,7.9,7.0,2.48
10619,2021-03-02,娃娃菜,4.53,7.9,8.0,2.48
10669,2021-03-03,娃娃菜,4.12,7.9,10.0,2.48
10714,2021-03-04,娃娃菜,4.04,7.9,2.0,2.48
10757,2021-03-05,娃娃菜,4.05,7.9,8.0,2.48
10803,2021-03-06,娃娃菜,3.6,7.9,5.0,2.48
10853,2021-03-07,娃娃菜,2.08,4.9,6.0,2.48
10950,2021-03-09,娃娃菜,2.25,5.9,10.0,2.48
10998,2021-03-10,娃娃菜,3.2099999999999995,5.900000000000001,6.0,2.48
11043,2021-03-11,娃娃菜,3.79,5.9,5.0,2.48
11094,2021-03-12,娃娃菜,3.68,5.900000000000001,6.0,2.48
11145,2021-03-13,娃娃菜,3.66,5.900000000000001,12.0,2.48
11196,2021-03-14,娃娃菜,3.42,5.9,8.0,2.48
11241,2021-03-15,娃娃菜,3.42,5.900000000000001,6.0,2.48
11287,2021-03-16,娃娃菜,3.38,5.9,7.0,2.48
11331,2021-03-17,娃娃菜,3.23,5.900000000000001,3.0,2.48
11380,2021-03-18,娃娃菜,3.21,5.9,2.0,2.48
11427,2021-03-19,娃娃菜,3.21,3.9,10.0,2.48
11474,2021-03-20,娃娃菜,3.21,3.9,10.0,2.48
11523,2021-03-21,娃娃菜,3.2099999999999995,4.9,12.0,2.48
11571,2021-03-22,娃娃菜,3.21,4.9,8.0,2.48
11619,2021-03-23,娃娃菜,3.21,4.9,9.0,2.48
11664,2021-03-24,娃娃菜,3.21,4.9,8.0,2.48
11709,2021-03-25,娃娃菜,3.21,4.9,2.0,2.48
11757,2021-03-26,娃娃菜,3.2099999999999995,4.9,12.0,2.48
11803,2021-03-27,娃娃菜,3.2099999999999995,4.9,12.0,2.48
11848,2021-03-28,娃娃菜,3.47,4.9,7.0,2.48
11898,2021-03-29,娃娃菜,3.5699999999999994,4.9,9.0,2.48
11944,2021-03-30,娃娃菜,3.57,4.9,6.0,2.48
11988,2021-03-31,娃娃菜,3.5699999999999994,5.9,9.0,2.48
12034,2021-04-01,娃娃菜,3.57,5.9,4.0,2.48
12084,2021-04-02,娃娃菜,3.5699999999999994,5.9,10.0,2.48
12136,2021-04-03,娃娃菜,3.57,5.9,11.0,2.48
12187,2021-04-04,娃娃菜,3.57,5.9,11.0,2.48
12233,2021-04-05,娃娃菜,3.62,5.900000000000001,12.0,2.48
12279,2021-04-06,娃娃菜,3.57,5.9,2.0,2.48
12322,2021-04-07,娃娃菜,3.57,5.9,14.0,2.48
12368,2021-04-08,娃娃菜,3.71,5.9,4.0,2.48
12417,2021-04-09,娃娃菜,3.78,5.9,5.0,2.48
12463,2021-04-10,娃娃菜,4.01,5.9,11.0,2.48
12507,2021-04-11,娃娃菜,4.02,5.9,14.0,2.48
