export/q3_2单品数据筛选.csv
,日期,单品名称,批发价格(元/千克)_否,销售单价(元/千克)_否,销量(千克)_否,损耗率(%)_否
12550,2021-04-12,娃娃菜,4.04,5.9,4.0,2.48
12594,2021-04-13,娃娃菜,4.04,5.9,8.0,2.48
12637,2021-04-14,娃娃菜,3.85,5.9,9.0,2.48
12687,2021-04-15,娃娃菜,3.85,5.9,7.0,2.48
12734,2021-04-16,娃娃菜,3.84,5.9,2.0,2.48
12784,2021-04-17,娃娃菜,3.83,5.9,8.0,2.48
12833,2021-04-18,娃娃菜,3.85,5.9,17.0,2.48
12883,2021-04-19,娃娃菜,3.86,5.900000000000001,6.0,2.48
12930,2021-04-20,娃娃菜,3.82,5.9,4.0,2.48
12976,2021-04-21,娃娃菜,3.86,5.9,7.0,2.48
13018,2021-04-22,娃娃菜,3.86,5.9,7.0,2.48
13066,2021-04-23,娃娃菜,3.85,5.9,4.0,2.48
13114,2021-04-24,娃娃菜,3.36,5.9,13.0,2.48
13161,2021-04-25,娃娃菜,3.85,5.9,11.0,2.48
13208,2021-04-26,娃娃菜,3.85,5.9,5.0,2.48
13299,2021-04-28,娃娃菜,3.68,5.9,2.0,2.48
13345,2021-04-29,娃娃菜,3.5,5.9,2.0,2.48
13392,2021-04-30,娃娃菜,3.48,5.9,4.0,2.48
13439,2021-05-01,娃娃菜,3.43,5.9,8.0,2.48
13485,2021-05-02,娃娃菜,3.4900000000000007,5.9,5.0,2.48
13528,2021-05-03,娃娃菜,3.49,5.9,8.0,2.48
13572,2021-05-04,娃娃菜,3.33,5.9,5.0,2.48
13615,2021-05-05,娃娃菜,3.32,5.900000000000001,6.0,2.48
13661,2021-05-06,娃娃菜,3.32,5.9,7.0,2.48
13704,2021-05-07,娃娃菜,3.31,5.9,5.0,2.48
13751,2021-05-08,娃娃菜,3.32,5.900000000000001,6.0,2.48
13796,2021-05-09,娃娃菜,3.32,5.9,4.0,2.48
13843,2021-05-10,娃娃菜,3.32,5.900000000000001,3.0,2.48
13886,2021-05-11,娃娃菜,3.31,5.9,5.0,2.48
13929,2021-05-12,娃娃菜,3.32,5.900000000000001,3.0,2.48
13974,2021-05-13,娃娃菜,3.3300000000000005,5.9,7.0,2.48
14021,2021-05-14,娃娃菜,3.28,5.9,2.0,2.48
14067,2021-05-15,娃娃菜,3.3,5.9,7.0,2.48
14113,2021-05-16,娃娃菜,3.35,5.9,5.0,2.48
14156,2021-05-17,娃娃菜,3.31,5.900000000000001,3.0,2.48
14198,2021-05-18,娃娃菜,3.31,5.9,8.0,2.48
14241,2021-05-19,娃娃菜,3.29,5.9,7.0,2.48
14284,2021-05-20,娃娃菜,2.97,4.9,4.0,2.48
14331,2021-05-21,娃娃菜,2.75,4.9,8.0,2.48
14377,2021-05-22,娃娃菜,2.87,4.9,9.0,2.48
14420,2021-05-23,娃娃菜,2.88,4.9,5.0,2.48
14463,2021-05-24,娃娃菜,2.89,4.9,5.0,2.48
14511,2021-05-25,娃娃菜,2.87,4.9,6.0,2.48
14552,2021-05-26,娃娃菜,2.88,4.9,7.0,2.48
14597,2021-05-27,娃娃菜,2.95,4.9,7.0,2.48
14641,2021-05-28,娃娃菜,2.95,4.9,7.0,2.48
14686,2021-05-29,娃娃菜,2.9500000000000006,4.9,6.0,2.48
14733,2021-05-30,娃娃菜,2.9500000000000006,4.9,3.0,2.48
14775,2021-05-31,娃娃菜,2.96,4.9,8.0,2.48
14820,2021-06-01,娃娃菜,3.0,4.9,3.0,2.48
14867,2021-06-02,娃娃菜,3.17,5.900000000000001,3.0,2.48
14916,2021-06-03,娃娃菜,3.16,5.9,5.0,2.48
14964,2021-06-04,娃娃菜,3.4199999999999995,5.9,7.0,2.48
15012,2021-06-05,娃娃菜,3.5899999999999994,5.9,11.0,2.48
15059,2021-06-06,娃娃菜,3.73,5.9,4.0,2.48
15103,2021-06-07,娃娃菜,3.82,5.900000000000001,3.0,2.48
15148,2021-06-08,娃娃菜,3.81,5.900000000000001,6.0,2.48
15195,2021-06-09,娃娃菜,3.81,6.9,2.0,2.48
15247,2021-06-10,娃娃菜,3.83,6.9,4.0,2.48
15295,2021-06-11,娃娃菜,3.96,6.9,5.0,2.48
15346,2021-06-12,娃娃菜,4.56,6.9,5.0,2.48
15395,2021-06-13,娃娃菜,4.75,6.9,8.0,2.48
15441,2021-06-14,娃娃菜,4.81,6.9,5.0,2.48
15487,2021-06-15,娃娃菜,4.81,6.9,5.0,2.48
15533,2021-06-16,娃娃菜,4.81,6.9,4.0,2.48
15575,2021-06-17,娃娃菜,4.69,6.9,2.0,2.48
15617,2021-06-18,娃娃菜,3.9500000000000006,6.9,9.0,2.48
15660,2021-06-19,娃娃菜,3.95,7.9,2.0,2.48
15706,2021-06-20,娃娃菜,4.26,7.900000000000001,12.0,2.48
15749,2021-06-21,娃娃菜,4.43,7.900000000000001,9.0,2.48
15790,2021-06-22,娃娃菜,5.17,7.9,7.0,2.48
15834,2021-06-23,娃娃菜,5.32,7.9,4.0,2.48
15881,2021-06-24,娃娃菜,4.84,7.9,2.0,2.48
15928,2021-06-25,娃娃菜,4.43,7.9,5.0,2.48
15969,2021-06-26,娃娃菜,4.43,6.9,4.0,2.48
16011,2021-06-27,娃娃菜,4.25,6.9,9.0,2.48
16058,2021-06-28,娃娃菜,4.1,6.9,2.0,2.48
16105,2021-06-29,娃娃菜,4.12,6.9,1.0,2.48
16150,2021-06-30,娃娃菜,4.12,6.9,4.0,2.48
16196,2021-07-01,娃娃菜,4.12,6.9,2.0,2.48
16243,2021-07-02,娃娃菜,4.1,6.900000000000001,6.0,2.48
16291,2021-07-03,娃娃菜,4.1,6.9,9.0,2.48
16343,2021-07-04,娃娃菜,4.1,6.9,7.0,2.48
16396,2021-07-05,娃娃菜,4.1,6.9,5.0,2.48
16447,2021-07-06,娃娃菜,4.09,6.9,5.0,2.48
16498,2021-07-07,娃娃菜,4.08,6.9,5.0,2.48
16543,2021-07-08,娃娃菜,4.08,6.9,10.0,2.48
16592,2021-07-09,娃娃菜,4.07,6.9,5.0,2.48
16641,2021-07-10,娃娃菜,3.93,6.900000000000001,6.0,2.48
16686,2021-07-11,娃娃菜,3.73,6.9,7.0,2.48
16732,2021-07-12,娃娃菜,3.7,6.9,5.0,2.48
16775,2021-07-13,娃娃菜,3.7,6.9,2.0,2.48
16818,2021-07-14,娃娃菜,3.69,6.9,2.0,2.48
16866,2021-07-15,娃娃菜,3.69,6.9,5.0,2.48
16909,2021-07-16,娃娃菜,3.48,6.9,7.0,2.48
16958,2021-07-17,娃娃菜,3.33,6.9,8.0,2.48
17011,2021-07-18,娃娃菜,3.34,5.9,1.0,2.48
17064,2021-07-19,娃娃菜,3.43,5.9,7.0,2.48
17109,2021-07-20,娃娃菜,3.64,5.9,5.0,2.48
17160,2021-07-21,娃娃菜,3.13,5.9,7.0,2.48
17215,2021-07-22,娃娃菜,2.99,5.9,7.0,2.48
17267,2021-07-23,娃娃菜,2.85,5.900000000000001,6.0,2.48
17313,2021-07-24,娃娃菜,3.33,5.9,8.0,2.48
17362,2021-07-25,娃娃菜,3.32,5.8,7.0,2.48
17405,2021-07-26,娃娃菜,3.35,5.8,5.0,2.48
17444,2021-07-27,娃娃菜,3.34,5.8,8.0,2.48
17490,2021-07-28,娃娃菜,3.33,5.8,10.0,2.48
17540,2021-07-29,娃娃菜,3.18,5.8,6.0,2.48
17587,2021-07-30,娃娃菜,3.33,5.8,8.0,2.48
17636,2021-07-31,娃娃菜,3.33,5.799999999999999,13.0,2.48
17684,2021-08-01,娃娃菜,3.34,5.8,5.0,2.48
17728,2021-08-02,娃娃菜,3.3,5.8,8.0,2.48
17774,2021-08-03,娃娃菜,3.28,5.8,19.0,2.48
17821,2021-08-04,娃娃菜,3.56,5.8,12.0,2.48
17865,2021-08-05,娃娃菜,3.5,5.8,10.0,2.48
17910,2021-08-06,娃娃菜,3.49,5.8,15.0,2.48
17958,2021-08-07,娃娃菜,3.4600000000000004,5.8,11.0,2.48
18001,2021-08-08,娃娃菜,3.21,5.8,8.0,2.48
18045,2021-08-09,娃娃菜,3.69,5.8,3.0,2.48
18090,2021-08-10,娃娃菜,3.7,5.8,7.0,2.48
18134,2021-08-11,娃娃菜,3.7,5.8,8.0,2.48
18178,2021-08-12,娃娃菜,3.33,5.8,9.0,2.48
18225,2021-08-13,娃娃菜,3.33,5.8,4.0,2.48
18271,2021-08-14,娃娃菜,3.33,5.8,10.0,2.48
18315,2021-08-15,娃娃菜,3.32,5.8,12.0,2.48
18357,2021-08-16,娃娃菜,3.32,5.8,11.0,2.48
18401,2021-08-17,娃娃菜,3.31,5.8,16.0,2.48
18441,2021-08-18,娃娃菜,3.31,5.8,5.0,2.48
18484,2021-08-19,娃娃菜,3.32,5.8,6.0,2.48
18528,2021-08-20,娃娃菜,3.32,5.799999999999999,13.0,2.48
18576,2021-08-21,娃娃菜,3.3199999999999994,5.8,10.0,2.48
18622,2021-08-22,娃娃菜,3.31,5.8,3.0,2.48
18664,2021-08-23,娃娃菜,3.48,5.8,1.0,2.48
18706,2021-08-24,娃娃菜,0.0,0.0,0.0,0.0
18751,2021-08-25,娃娃菜,0.0,0.0,0.0,0.0
18794,2021-08-26,娃娃菜,0.0,0.0,0.0,0.0
18839,2021-08-27,娃娃菜,3.92,5.8,12.0,2.48
18884,2021-08-28,娃娃菜,3.91,5.8,14.0,2.48
18932,2021-08-29,娃娃菜,4.11,5.799999999999999,13.0,2.48
18981,2021-08-30,娃娃菜,4.04,5.8,11.0,2.48
19030,2021-08-31,娃娃菜,4.02,5.8,7.0,2.48
19078,2021-09-01,娃娃菜,3.92,5.8,4.0,2.48
19124,2021-09-02,娃娃菜,3.92,5.8,7.0,2.48
19172,2021-09-03,娃娃菜,3.85,5.8,10.0,2.48
19222,2021-09-04,娃娃菜,3.85,5.8,12.0,2.48
19271,2021-09-05,娃娃菜,3.92,5.8,9.0,2.48
19319,2021-09-06,娃娃菜,3.95,5.8,11.0,2.48
19369,2021-09-07,娃娃菜,3.83,5.8,8.0,2.48
19417,2021-09-08,娃娃菜,3.84,5.8,3.0,2.48
19465,2021-09-09,娃娃菜,3.9500000000000006,5.8,3.0,2.48
19514,2021-09-10,娃娃菜,3.9500000000000006,5.8,3.0,2.48
19562,2021-09-11,娃娃菜,3.6800000000000006,5.8,9.0,2.48
19612,2021-09-12,娃娃菜,3.66,5.8,7.0,2.48
19655,2021-09-13,娃娃菜,3.69,5.8,4.0,2.48
19696,2021-09-14,娃娃菜,3.71,5.8,3.0,2.48
19740,2021-09-15,娃娃菜,3.69,5.8,4.0,2.48
19785,2021-09-16,娃娃菜,3.68,5.8,3.0,2.48
19830,2021-09-17,娃娃菜,3.71,5.8,6.0,2.48
19876,2021-09-18,娃娃菜,3.48,5.8,7.0,2.48
19924,2021-09-19,娃娃菜,3.73,5.8,16.0,2.48
19972,2021-09-20,娃娃菜,3.8,5.8,10.0,2.48
20021,2021-09-21,娃娃菜,4.02,5.8,10.0,2.48
20069,2021-09-22,娃娃菜,4.92,6.8,6.0,2.48
20117,2021-09-23,娃娃菜,4.07,6.8,8.0,2.48
20163,2021-09-24,娃娃菜,3.75,6.8,7.0,2.48
20208,2021-09-25,娃娃菜,3.78,5.8,7.0,2.48
20249,2021-09-26,娃娃菜,3.85,5.8,10.0,2.48
20289,2021-09-27,娃娃菜,3.790000000000001,5.8,6.0,2.48
20369,2021-09-29,娃娃菜,3.88,5.8,2.0,2.48
20516,2021-10-03,娃娃菜,3.89,5.8,1.0,2.48
20553,2021-10-04,娃娃菜,3.88,5.8,1.0,2.48
10,2020-07-01,木耳菜,4.2,7.0,3.039,7.610000000000001
47,2020-07-02,木耳菜,4.23,7.0,3.124,7.61
84,2020-07-03,木耳菜,4.3,7.0,2.306,7.610000000000001
119,2020-07-04,木耳菜,4.28,7.0,4.099,7.61
153,2020-07-05,木耳菜,4.31,7.0,3.568,7.610000000000001
188,2020-07-06,木耳菜,4.21,7.0,3.539,7.610000000000001
225,2020-07-07,木耳菜,4.21,7.0,5.059,7.61
262,2020-07-08,木耳菜,4.21,7.0,4.429,7.610000000000001
298,2020-07-09,木耳菜,4.22,7.0,4.013,7.61
335,2020-07-10,木耳菜,4.23,7.0,2.02,7.610000000000001
372,2020-07-11,木耳菜,4.24,7.0,2.98,7.61
408,2020-07-12,木耳菜,4.43,7.0,5.174,7.61
446,2020-07-13,木耳菜,4.25,7.0,3.153,7.61
481,2020-07-14,木耳菜,4.27,7.0,3.712,7.61
517,2020-07-15,木耳菜,4.26,7.0,5.517,7.61
555,2020-07-16,木耳菜,4.26,7.0,5.433,7.61
592,2020-07-17,木耳菜,4.27,7.0,4.271,7.610000000000001
629,2020-07-18,木耳菜,4.35,7.0,5.746,7.61
666,2020-07-19,木耳菜,4.37,7.0,2.751,7.61
702,2020-07-20,木耳菜,4.37,7.0,3.096,7.61
737,2020-07-21,木耳菜,4.29,7.0,3.21,7.61
775,2020-07-22,木耳菜,4.3,7.0,4.859,7.61
812,2020-07-23,木耳菜,4.26,7.0,4.974,7.61
849,2020-07-24,木耳菜,4.24,7.0,1.82,7.61
885,2020-07-25,木耳菜,4.23,7.0,1.963,7.610000000000001
921,2020-07-26,木耳菜,4.23,7.0,1.849,7.61
997,2020-07-28,木耳菜,4.26,7.0,1.605,7.61
1035,2020-07-29,木耳菜,4.31,7.0,1.676,7.610000000000001
1106,2020-07-31,木耳菜,4.25,7.0,1.434,7.610000000000001
1144,2020-08-01,木耳菜,4.72,10.0,3.146,7.61
1184,2020-08-02,木耳菜,5.74,7.0,6.037,7.61
1227,2020-08-03,木耳菜,5.48,10.0,1.616,7.61
1272,2020-08-04,木耳菜,4.2,10.0,0.873,7.61
1310,2020-08-05,木耳菜,4.2,10.0,3.743,7.61
1352,2020-08-06,木耳菜,4.2,10.0,0.441,7.61
1567,2020-08-11,木耳菜,3.810000000000001,6.0,3.076,7.61
1644,2020-08-13,木耳菜,3.2,6.0,2.257,7.61
1682,2020-08-14,木耳菜,2.83,6.0,2.893,7.61
2007,2020-08-22,木耳菜,3.22,6.0,8.699,7.61
2087,2020-08-24,木耳菜,3.71,7.0,8.455,7.61
2375,2020-08-31,木耳菜,4.7,8.0,2.908,7.61
2455,2020-09-02,木耳菜,3.47,6.0,3.544,7.61
2577,2020-09-05,木耳菜,4.26,8.0,3.885,7.610000000000001
2619,2020-09-06,木耳菜,3.37,8.0,1.943,7.61
2663,2020-09-07,木耳菜,3.23,8.0,2.018,7.61
2706,2020-09-08,木耳菜,3.26,8.0,4.312,7.61
2745,2020-09-09,木耳菜,3.25,8.0,4.51,7.61
2996,2020-09-15,木耳菜,2.67,8.0,1.779,7.610000000000001
3036,2020-09-16,木耳菜,2.66,6.0,5.0,7.61
3079,2020-09-17,木耳菜,2.68,6.0,1.823,7.61
3123,2020-09-18,木耳菜,2.65,6.0,2.392,7.61
3166,2020-09-19,木耳菜,1.57,6.0,1.472,7.610000000000001
3208,2020-09-20,木耳菜,2.63,6.0,12.61,7.61
3250,2020-09-21,木耳菜,2.68,6.0,2.108,7.61
3291,2020-09-22,木耳菜,3.64,6.0,10.486,7.61
3336,2020-09-23,木耳菜,6.0,6.0,1.806,7.610000000000001
3381,2020-09-24,木耳菜,2.69,6.0,4.668,7.61
3428,2020-09-25,木耳菜,2.7,4.0,2.336,7.610000000000001
3479,2020-09-26,木耳菜,4.13,8.0,1.003,7.61
3666,2020-09-30,木耳菜,2.67,4.0,7.993,7.61
3756,2020-10-02,木耳菜,2.52,4.0,9.401,7.61
4066,2020-10-09,木耳菜,2.6499999999999995,4.0,2.564,7.61
4111,2020-10-10,木耳菜,2.95,4.0,2.79,7.61
8900,2021-01-22,木耳菜,10.49,4.0,1.054,7.61
9087,2021-01-26,木耳菜,10.38,4.0,0.98,7.61
12640,2021-04-14,木耳菜,8.24,4.0,1.607,7.61
12737,2021-04-16,木耳菜,8.35,14.0,1.223,7.61
13442,2021-05-01,木耳菜,6.19,12.0,2.73,7.61
13488,2021-05-02,木耳菜,6.19,12.0,4.766,7.61
13846,2021-05-10,木耳菜,4.24,8.0,3.108,7.61
13933,2021-05-12,木耳菜,4.24,8.0,2.456,7.61
14202,2021-05-18,木耳菜,3.25,6.0,3.845,7.610000000000001
14288,2021-05-20,木耳菜,2.97,6.0,3.495,7.61
14466,2021-05-24,木耳菜,3.19,5.0,3.5730000000000004,7.610000000000001
14555,2021-05-26,木耳菜,3.19,5.0,2.571,7.61
14600,2021-05-27,木耳菜,3.19,5.0,8.375,7.610000000000001
14644,2021-05-28,木耳菜,3.19,5.0,2.89,7.610000000000001
14871,2021-06-02,木耳菜,3.18,5.0,1.084,7.61
14920,2021-06-03,木耳菜,3.18,5.0,1.165,7.61
15199,2021-06-09,木耳菜,2.72,5.0,0.923,7.61
15251,2021-06-10,木耳菜,2.72,6.0,0.518,7.61
15299,2021-06-11,木耳菜,2.7099999999999995,6.0,1.1869999999999998,7.61
15350,2021-06-12,木耳菜,2.52,6.0,11.356,7.61
15398,2021-06-13,木耳菜,2.66,6.0,8.01,7.61
15445,2021-06-14,木耳菜,2.68,6.0,3.33,7.61
16199,2021-07-01,木耳菜,3.1,5.0,2.129,7.610000000000001
16245,2021-07-02,木耳菜,3.11,5.0,2.007,7.61
16294,2021-07-03,木耳菜,3.09,5.0,2.169,7.61
16346,2021-07-04,木耳菜,3.08,5.0,9.821,7.610000000000001
16399,2021-07-05,木耳菜,2.81,5.0,2.53,7.61
16450,2021-07-06,木耳菜,2.69,4.0,6.76,7.61
16501,2021-07-07,木耳菜,1.83,4.0,4.097,7.610000000000001
16546,2021-07-08,木耳菜,1.71,4.0,8.796,7.610000000000001
16595,2021-07-09,木耳菜,1.81,4.0,7.666,7.61
16644,2021-07-10,木耳菜,1.83,4.0,8.066,7.610000000000001
16689,2021-07-11,木耳菜,1.85,4.0,2.336,7.61
16735,2021-07-12,木耳菜,1.8400000000000003,3.0,2.283,7.610000000000001
16778,2021-07-13,木耳菜,1.84,3.0,2.752,7.61
16820,2021-07-14,木耳菜,1.93,3.0,3.156,7.61
16870,2021-07-15,木耳菜,1.85,3.0,3.322,7.61
16913,2021-07-16,木耳菜,1.84,3.0,6.176,7.61
16962,2021-07-17,木耳菜,1.88,3.0,3.457,7.61
17015,2021-07-18,木耳菜,1.85,3.0,16.849,7.61
17068,2021-07-19,木耳菜,1.84,3.0,2.149,7.61
17113,2021-07-20,木耳菜,1.8300000000000003,3.0,4.664,7.61
17164,2021-07-21,木耳菜,1.83,3.0,3.927,7.61
17219,2021-07-22,木耳菜,1.83,3.0,3.156,7.61
17448,2021-07-27,木耳菜,1.87,3.0,1.082,7.61
17494,2021-07-28,木耳菜,1.86,3.0,2.973,7.61
17544,2021-07-29,木耳菜,1.86,3.0,1.115,7.61
17591,2021-07-30,木耳菜,1.92,3.0,9.733,7.61
17640,2021-07-31,木耳菜,1.91,3.0,2.94,7.61
17688,2021-08-01,木耳菜,1.83,3.0,2.636,7.610000000000001
17732,2021-08-02,木耳菜,1.8,3.0,1.994,7.610000000000001
17777,2021-08-03,木耳菜,1.83,3.0,1.588,7.61
17824,2021-08-04,木耳菜,1.83,3.0,1.69,7.61
17869,2021-08-05,木耳菜,1.83,3.0,2.668,7.61
17914,2021-08-06,木耳菜,1.86,3.0,4.932,7.61
17960,2021-08-07,木耳菜,1.86,3.0,3.751,7.610000000000001
18005,2021-08-08,木耳菜,1.87,3.0,4.359,7.61
18049,2021-08-09,木耳菜,1.87,3.0,3.346,7.610000000000001
18093,2021-08-10,木耳菜,1.88,4.0,2.552,7.61
18137,2021-08-11,木耳菜,1.95,4.0,3.032,7.61
18182,2021-08-12,木耳菜,1.95,4.0,2.55,7.61
18229,2021-08-13,木耳菜,1.92,4.0,3.94,7.610000000000001
18275,2021-08-14,木耳菜,1.9,4.0,11.389,7.61
18318,2021-08-15,木耳菜,1.86,4.0,5.0520000000000005,7.61
18360,2021-08-16,木耳菜,1.8400000000000003,4.0,2.147,7.610000000000001
18444,2021-08-18,木耳菜,3.4799999999999995,10.0,2.371,7.610000000000001
18487,2021-08-19,木耳菜,6.37,10.0,2.48,7.610000000000001
18531,2021-08-20,木耳菜,5.87,10.0,2.247,7.61
18579,2021-08-21,木耳菜,5.06,10.0,2.68,7.61
18624,2021-08-22,木耳菜,4.57,10.0,4.701,7.610000000000001
18667,2021-08-23,木耳菜,5.06,10.0,3.646,7.61
18710,2021-08-24,木耳菜,4.32,10.0,3.272,7.610000000000001
18755,2021-08-25,木耳菜,4.31,10.0,5.582,7.61
18798,2021-08-26,木耳菜,4.15,8.0,2.451,7.61
18843,2021-08-27,木耳菜,4.09,8.0,3.115,7.610000000000001
18888,2021-08-28,木耳菜,5.54,12.0,1.898,7.610000000000001
18936,2021-08-29,木耳菜,7.14,12.0,1.346,7.61
18986,2021-08-30,木耳菜,6.94,12.0,2.491,7.61
19082,2021-09-01,木耳菜,5.489999999999999,12.0,2.584,7.61
19128,2021-09-02,木耳菜,6.12,12.0,2.484,7.610000000000001
19177,2021-09-03,木耳菜,10.03,14.0,1.948,7.61
19226,2021-09-04,木耳菜,10.46,14.0,3.13,7.61
19276,2021-09-05,木耳菜,8.31,14.0,5.41,7.61
19324,2021-09-06,木耳菜,7.35,14.0,2.688,7.61
19374,2021-09-07,木耳菜,6.56,12.0,1.648,7.610000000000001
19422,2021-09-08,木耳菜,5.96,10.0,3.526,7.610000000000001
19470,2021-09-09,木耳菜,4.04,10.0,2.42,7.610000000000001
19519,2021-09-10,木耳菜,3.77,12.0,2.075,7.61
19566,2021-09-11,木耳菜,6.09,12.0,2.041,7.61
19616,2021-09-12,木耳菜,7.07,14.0,2.837,7.61
19659,2021-09-13,木耳菜,5.54,14.0,2.58,7.610000000000001
19700,2021-09-14,木耳菜,3.24,10.0,1.606,7.61
19744,2021-09-15,木耳菜,3.24,8.0,2.274,7.61
19789,2021-09-16,木耳菜,3.26,8.0,3.054,7.610000000000001
19834,2021-09-17,木耳菜,3.27,6.0,2.718,7.61
19880,2021-09-18,木耳菜,3.25,6.0,1.561,7.61
19927,2021-09-19,木耳菜,4.73,8.0,6.005,7.610000000000001
19976,2021-09-20,木耳菜,5.42,10.0,3.024,7.61
20025,2021-09-21,木耳菜,4.75,10.0,4.878,7.610000000000001
20074,2021-09-22,木耳菜,3.55,10.0,2.731,7.61
20121,2021-09-23,木耳菜,3.94,8.0,4.158,7.610000000000001
20167,2021-09-24,木耳菜,3.29,8.0,4.674,7.610000000000001
20212,2021-09-25,木耳菜,3.13,8.0,6.557,7.61
20253,2021-09-26,木耳菜,3.23,8.0,3.657,7.610000000000001
20294,2021-09-27,木耳菜,3.29,8.0,2.965,7.61
20332,2021-09-28,木耳菜,3.3,8.0,4.95,7.610000000000001
20373,2021-09-29,木耳菜,3.28,8.0,4.008,7.610000000000001
20411,2021-09-30,木耳菜,3.28,8.0,2.123,7.61
20448,2021-10-01,木耳菜,3.27,8.0,5.856,7.61
20483,2021-10-02,木耳菜,3.25,8.0,3.18,7.61
20520,2021-10-03,木耳菜,3.23,8.0,3.806,7.61
20632,2021-10-06,木耳菜,3.38,8.0,7.374,7.610000000000001
20672,2021-10-07,木耳菜,3.2,8.0,2.11,7.610000000000001
20710,2021-10-08,木耳菜,3.2,8.0,3.0540000000000003,7.610000000000001
20746,2021-10-09,木耳菜,3.35,8.0,4.334,7.61
20784,2021-10-10,木耳菜,3.39,8.0,7.853,7.61
20820,2021-10-11,木耳菜,3.42,8.0,1.545,7.61
20856,2021-10-12,木耳菜,3.43,8.0,4.121,7.61
20894,2021-10-13,木耳菜,3.4,6.0,2.786,7.61
20929,2021-10-14,木耳菜,5.07,8.0,2.89,7.610000000000001
20966,2021-10-15,木耳菜,3.75,16.0,1.316,7.61
