export/q3_2单品数据筛选.csv
,日期,单品名称,批发价格(元/千克)_否,销售单价(元/千克)_否,销量(千克)_否,损耗率(%)_否
13,2020-07-01,洪湖藕带,29.43,39.8,0.7310000000000001,24.05
50,2020-07-02,洪湖藕带,29.54,37.6,0.258,24.05
122,2020-07-04,洪湖藕带,25.48,37.6,2.332,24.05
411,2020-07-12,洪湖藕带,24.05,29.8,2.461,24.05
740,2020-07-21,洪湖藕带,20.0,25.8,2.093,24.05
778,2020-07-22,洪湖藕带,20.0,29.8,1.134,24.05
852,2020-07-24,洪湖藕带,22.0,31.8,1.226,24.05
924,2020-07-26,洪湖藕带,22.0,31.8,2.347,24.05
961,2020-07-27,洪湖藕带,22.0,31.8,1.536,24.05
1187,2020-08-02,洪湖藕带,22.0,31.8,0.864,24.05
1230,2020-08-03,洪湖藕带,22.0,31.8,0.902,24.05
1275,2020-08-04,洪湖藕带,22.0,31.8,1.283,24.05
1313,2020-08-05,洪湖藕带,22.0,31.8,0.985,24.05
1355,2020-08-06,洪湖藕带,22.0,31.8,0.491,24.05
1397,2020-08-07,洪湖藕带,22.0,31.8,1.52,24.05
1443,2020-08-08,洪湖藕带,22.0,31.8,1.645,24.05
1488,2020-08-09,洪湖藕带,22.0,31.8,1.18,24.05
1531,2020-08-10,洪湖藕带,22.0,31.8,0.616,24.05
1570,2020-08-11,洪湖藕带,22.0,31.8,1.664,24.05
1608,2020-08-12,洪湖藕带,22.0,31.8,1.038,24.05
1647,2020-08-13,洪湖藕带,22.0,31.8,1.773,24.05
1685,2020-08-14,洪湖藕带,22.0,31.8,0.403,24.05
1728,2020-08-15,洪湖藕带,22.0,31.8,1.849,24.05
1769,2020-08-16,洪湖藕带,22.0,31.8,0.937,24.05
1808,2020-08-17,洪湖藕带,22.0,31.8,1.073,24.05
1847,2020-08-18,洪湖藕带,22.0,31.8,0.597,24.05
1886,2020-08-19,洪湖藕带,22.0,31.8,1.198,24.05
1926,2020-08-20,洪湖藕带,22.0,29.8,0.806,24.05
1968,2020-08-21,洪湖藕带,22.0,29.8,0.5800000000000001,24.05
2010,2020-08-22,洪湖藕带,22.0,29.8,1.7799999999999998,24.05
2048,2020-08-23,洪湖藕带,22.0,29.8,1.175,24.05
2090,2020-08-24,洪湖藕带,22.0,29.8,0.889,24.05
2131,2020-08-25,洪湖藕带,22.0,29.8,1.46,24.05
2170,2020-08-26,洪湖藕带,22.0,29.8,1.226,24.05
2213,2020-08-27,洪湖藕带,22.0,33.8,1.186,24.05
2255,2020-08-28,洪湖藕带,22.0,33.8,1.588,24.05
2296,2020-08-29,洪湖藕带,22.0,33.8,0.696,24.05
2337,2020-08-30,洪湖藕带,22.0,33.8,1.56,24.05
2378,2020-08-31,洪湖藕带,22.0,33.8,0.8400000000000001,24.05
2418,2020-09-01,洪湖藕带,21.99,33.8,0.994,24.05
2458,2020-09-02,洪湖藕带,22.0,33.8,0.21,24.05
14424,2021-05-23,洪湖藕带,38.78,16.0,5.0,24.05
15201,2021-06-09,洪湖藕带,36.0,53.79999999999999,0.5349999999999999,24.05
15254,2021-06-10,洪湖藕带,34.83,53.8,1.698,24.05
15301,2021-06-11,洪湖藕带,32.07,39.8,1.286,24.05
15352,2021-06-12,洪湖藕带,30.11,39.8,2.307,24.05
15400,2021-06-13,洪湖藕带,30.0,39.8,2.454,24.05
15448,2021-06-14,洪湖藕带,30.0,39.8,1.887,24.05
15494,2021-06-15,洪湖藕带,30.0,39.8,2.075,24.05
15538,2021-06-16,洪湖藕带,30.0,45.8,0.45,24.05
15580,2021-06-17,洪湖藕带,30.0,45.79999999999999,0.856,24.05
15621,2021-06-18,洪湖藕带,27.78,35.8,1.431,24.05
15665,2021-06-19,洪湖藕带,26.05,35.8,2.2880000000000003,24.05
15710,2021-06-20,洪湖藕带,26.0,39.8,2.428,24.05
15753,2021-06-21,洪湖藕带,26.0,39.8,1.073,24.05
15794,2021-06-22,洪湖藕带,26.0,39.8,1.47,24.05
15838,2021-06-23,洪湖藕带,26.0,39.8,0.907,24.05
15885,2021-06-24,洪湖藕带,25.51,39.8,1.028,24.05
15932,2021-06-25,洪湖藕带,16.0,19.8,1.162,24.05
15972,2021-06-26,洪湖藕带,16.0,19.8,2.346,24.05
16016,2021-06-27,洪湖藕带,16.0,19.8,3.537,24.05
16062,2021-06-28,洪湖藕带,16.0,25.8,1.12,24.05
16109,2021-06-29,洪湖藕带,17.83,25.8,0.535,24.05
16155,2021-06-30,洪湖藕带,18.0,25.8,1.869,24.05
16202,2021-07-01,洪湖藕带,18.0,25.8,1.058,24.05
16247,2021-07-02,洪湖藕带,18.0,25.8,1.461,24.05
16296,2021-07-03,洪湖藕带,18.0,25.800000000000004,3.853,24.050000000000004
16349,2021-07-04,洪湖藕带,18.0,25.8,2.349,24.05
16403,2021-07-05,洪湖藕带,18.0,25.8,0.869,24.05
16453,2021-07-06,洪湖藕带,18.0,27.8,0.687,24.05
16503,2021-07-07,洪湖藕带,18.0,27.8,0.86,24.05
16548,2021-07-08,洪湖藕带,18.0,27.8,1.735,24.05
16647,2021-07-10,洪湖藕带,18.0,27.8,1.327,24.05
16692,2021-07-11,洪湖藕带,18.0,27.8,2.799,24.05
16738,2021-07-12,洪湖藕带,18.0,27.8,0.313,24.05
16780,2021-07-13,洪湖藕带,18.9,29.8,2.041,24.05
16823,2021-07-14,洪湖藕带,20.0,29.8,1.52,24.05
16873,2021-07-15,洪湖藕带,20.0,29.8,0.309,24.05
16916,2021-07-16,洪湖藕带,20.0,29.8,2.008,24.05
16965,2021-07-17,洪湖藕带,20.0,29.8,2.62,24.05
17018,2021-07-18,洪湖藕带,21.36,35.8,1.6869999999999998,24.05
17070,2021-07-19,洪湖藕带,24.0,33.8,2.229,24.05
17115,2021-07-20,洪湖藕带,22.57,33.8,1.763,24.05
17167,2021-07-21,洪湖藕带,22.88,29.8,2.979,24.05
17222,2021-07-22,洪湖藕带,20.0,29.8,1.144,24.05
17273,2021-07-23,洪湖藕带,20.0,29.8,0.447,24.05
17318,2021-07-24,洪湖藕带,20.0,29.8,2.345,24.05
17410,2021-07-26,洪湖藕带,20.0,29.6,1.608,24.05
17452,2021-07-27,洪湖藕带,20.0,29.6,4.19,24.05
17497,2021-07-28,洪湖藕带,20.0,29.6,4.023,24.05
17594,2021-07-30,洪湖藕带,20.0,29.600000000000005,0.869,24.05
17642,2021-07-31,洪湖藕带,20.0,29.600000000000005,2.068,24.05
17690,2021-08-01,洪湖藕带,20.0,27.6,2.653,24.05
17780,2021-08-03,洪湖藕带,22.0,27.6,1.174,24.05
17917,2021-08-06,洪湖藕带,22.0,27.600000000000005,1.634,24.05
17963,2021-08-07,洪湖藕带,22.0,27.600000000000005,1.881,24.05
18008,2021-08-08,洪湖藕带,22.0,27.600000000000005,1.692,24.05
18095,2021-08-10,洪湖藕带,22.0,27.6,1.239,24.05
