export/q3_2单品数据筛选.csv
,日期,单品名称,批发价格(元/千克)_否,销售单价(元/千克)_否,销量(千克)_否,损耗率(%)_否
17,2020-07-01,竹叶菜,3.19,6.0,11.352,13.62
54,2020-07-02,竹叶菜,3.18,6.0,11.556,13.62
90,2020-07-03,竹叶菜,3.79,6.0,9.064,13.62
126,2020-07-04,竹叶菜,3.46,6.0,20.571,13.62
158,2020-07-05,竹叶菜,3.45,6.0,30.519,13.62
194,2020-07-06,竹叶菜,3.18,6.0,14.131,13.619999999999996
231,2020-07-07,竹叶菜,3.18,6.0,11.756,13.62
268,2020-07-08,竹叶菜,3.02,6.0,7.927,13.62
304,2020-07-09,竹叶菜,2.84,6.0,17.546,13.62
341,2020-07-10,竹叶菜,2.62,6.0,8.396,13.62
378,2020-07-11,竹叶菜,2.37,5.0,20.175,13.62
416,2020-07-12,竹叶菜,2.24,5.0,30.973,13.62
452,2020-07-13,竹叶菜,2.17,4.0,10.505,13.62
489,2020-07-14,竹叶菜,1.76,4.0,11.483,13.62
525,2020-07-15,竹叶菜,1.77,4.0,13.744,13.62
562,2020-07-16,竹叶菜,1.76,4.0,17.597,13.62
599,2020-07-17,竹叶菜,1.76,4.0,11.735,13.619999999999996
636,2020-07-18,竹叶菜,1.76,4.0,8.314,13.62
673,2020-07-19,竹叶菜,2.1,4.0,18.243,13.62
708,2020-07-20,竹叶菜,2.18,4.0,10.78,13.62
745,2020-07-21,竹叶菜,2.17,4.0,9.848,13.62
782,2020-07-22,竹叶菜,2.17,4.0,20.378,13.62
819,2020-07-23,竹叶菜,2.6,4.0,12.263,13.62
857,2020-07-24,竹叶菜,2.79,4.0,16.784,13.62
892,2020-07-25,竹叶菜,3.2,5.0,13.613,13.62
929,2020-07-26,竹叶菜,3.34,5.0,7.21,13.62
967,2020-07-27,竹叶菜,3.43,5.0,12.35,13.62
1005,2020-07-28,竹叶菜,3.4400000000000004,5.0,8.791,13.62
1042,2020-07-29,竹叶菜,3.43,5.0,12.516,13.62
1076,2020-07-30,竹叶菜,3.52,4.78125,12.381,13.62
1113,2020-07-31,竹叶菜,3.65,5.0,16.986,13.62
1151,2020-08-01,竹叶菜,3.64,7.0,13.487,13.62
1193,2020-08-02,竹叶菜,4.35,8.0,14.726,13.62
1236,2020-08-03,竹叶菜,3.99,6.0,17.678,13.62
1279,2020-08-04,竹叶菜,2.97,5.0,16.946,13.62
1318,2020-08-05,竹叶菜,2.97,5.0,25.766,13.62
1361,2020-08-06,竹叶菜,2.97,5.0,8.934000000000001,13.62
1404,2020-08-07,竹叶菜,2.97,5.0,7.352,13.62
1450,2020-08-08,竹叶菜,2.97,5.0,12.393,13.62
1494,2020-08-09,竹叶菜,2.9,5.0,10.904,13.62
1535,2020-08-10,竹叶菜,2.5800000000000005,5.0,9.816,13.62
1574,2020-08-11,竹叶菜,2.57,4.0,10.483,13.619999999999996
1613,2020-08-12,竹叶菜,2.57,4.0,11.962,13.62
1650,2020-08-13,竹叶菜,2.58,4.0,22.219,13.62
1691,2020-08-14,竹叶菜,1.78,4.0,10.384,13.619999999999996
1734,2020-08-15,竹叶菜,1.81,3.6000000000000005,9.13,13.62
1774,2020-08-16,竹叶菜,1.81,3.6,9.329,13.62
1813,2020-08-17,竹叶菜,1.7800000000000002,3.6,9.75,13.62
1852,2020-08-18,竹叶菜,1.78,3.6,11.228,13.62
1893,2020-08-19,竹叶菜,1.7900000000000005,3.6,11.394,13.62
1933,2020-08-20,竹叶菜,2.06,4.0,10.778,13.62
1975,2020-08-21,竹叶菜,2.21,4.0,9.422,13.62
2015,2020-08-22,竹叶菜,2.2,4.0,9.574,13.62
2054,2020-08-23,竹叶菜,2.18,4.0,17.869,13.62
2097,2020-08-24,竹叶菜,1.89,4.0,8.193,13.62
2137,2020-08-25,竹叶菜,3.74,4.888888888888889,18.358,13.62
2177,2020-08-26,竹叶菜,3.8,7.0,8.828,13.62
2220,2020-08-27,竹叶菜,4.24,8.0,9.935,13.62
2303,2020-08-29,竹叶菜,4.13,8.0,6.366,13.62
2344,2020-08-30,竹叶菜,3.0,6.0,16.759,13.62
2384,2020-08-31,竹叶菜,2.61,6.0,15.772,13.62
2425,2020-09-01,竹叶菜,2.61,6.0,8.781,13.62
2464,2020-09-02,竹叶菜,2.47,6.0,10.469,13.62
2502,2020-09-03,竹叶菜,2.61,6.0,9.198,13.62
2544,2020-09-04,竹叶菜,2.61,6.0,6.806,13.62
2585,2020-09-05,竹叶菜,2.61,6.0,4.966,13.62
2627,2020-09-06,竹叶菜,2.27,6.0,5.787,13.62
2672,2020-09-07,竹叶菜,2.63,6.0,2.475,13.62
2712,2020-09-08,竹叶菜,2.59,6.0,0.8029999999999999,13.62
2753,2020-09-09,竹叶菜,2.5899999999999994,6.0,6.1370000000000005,13.62
2792,2020-09-10,竹叶菜,2.61,5.0,10.846,13.62
2835,2020-09-11,竹叶菜,1.55,3.6,6.734,13.62
2878,2020-09-12,竹叶菜,1.8,3.4,11.185,13.62
2919,2020-09-13,竹叶菜,2.0,3.4,9.526,13.62
2961,2020-09-14,竹叶菜,2.01,3.4,13.463,13.619999999999996
3003,2020-09-15,竹叶菜,2.02,3.3999999999999995,8.609,13.62
3044,2020-09-16,竹叶菜,2.04,3.4,8.52,13.62
3086,2020-09-17,竹叶菜,1.79,3.4,7.487,13.62
3132,2020-09-18,竹叶菜,2.22,3.4,8.107,13.62
3174,2020-09-19,竹叶菜,2.2,3.4,13.963,13.62
3216,2020-09-20,竹叶菜,1.99,4.0,10.003,13.62
3257,2020-09-21,竹叶菜,2.01,4.0,25.755,13.62
3300,2020-09-22,竹叶菜,2.04,4.0,11.106,13.62
3343,2020-09-23,竹叶菜,2.25,4.0,11.183,13.62
3389,2020-09-24,竹叶菜,2.24,4.0,5.503,13.62
3438,2020-09-25,竹叶菜,2.25,4.0,4.676,13.62
3488,2020-09-26,竹叶菜,2.26,4.0,7.691,13.62
3538,2020-09-27,竹叶菜,2.57,5.0,8.894,13.62
3584,2020-09-28,竹叶菜,3.47,6.0,5.518,13.62
3629,2020-09-29,竹叶菜,4.07,8.0,4.812,13.62
3676,2020-09-30,竹叶菜,4.77,7.0,4.816,13.62
3721,2020-10-01,竹叶菜,4.87,6.0,10.871,13.62
3766,2020-10-02,竹叶菜,4.21,6.0,12.529,13.62
8716,2021-01-18,竹叶菜,10.15,16.0,2.459,13.62
8764,2021-01-19,竹叶菜,10.15,16.0,3.147,13.62
8812,2021-01-20,竹叶菜,10.15,16.0,1.908,13.62
8861,2021-01-21,竹叶菜,10.17,16.0,1.898,13.62
8909,2021-01-22,竹叶菜,10.18,16.0,2.141,13.62
8953,2021-01-23,竹叶菜,10.18,12.0,0.76,13.62
9001,2021-01-24,竹叶菜,10.109999999999998,14.0,5.415,13.62
9049,2021-01-25,竹叶菜,10.11,14.0,2.433,13.62
9095,2021-01-26,竹叶菜,10.11,14.0,1.524,13.62
9141,2021-01-27,竹叶菜,10.11,16.0,2.285,13.62
9188,2021-01-28,竹叶菜,10.12,16.0,1.539,13.62
9234,2021-01-29,竹叶菜,10.12,14.0,2.747,13.62
9280,2021-01-30,竹叶菜,10.16,14.0,1.587,13.62
9331,2021-01-31,竹叶菜,10.75,14.0,2.145,13.62
9381,2021-02-01,竹叶菜,10.17,14.0,1.0870000000000002,13.62
9427,2021-02-02,竹叶菜,10.17,14.0,1.932,13.62
9727,2021-02-08,竹叶菜,9.57,16.0,0.376,13.62
9777,2021-02-09,竹叶菜,9.57,16.0,2.465,13.62
9827,2021-02-10,竹叶菜,9.57,16.0,3.691,13.62
9873,2021-02-13,竹叶菜,9.18,16.0,12.325,13.62
10087,2021-02-18,竹叶菜,9.56,16.0,3.711,13.62
10131,2021-02-19,竹叶菜,9.56,14.0,2.2030000000000003,13.62
10175,2021-02-20,竹叶菜,9.46,14.0,2.132,13.62
10531,2021-02-28,竹叶菜,11.2,18.0,3.382,13.62
10579,2021-03-01,竹叶菜,11.21,18.0,2.53,13.62
10679,2021-03-03,竹叶菜,11.89,18.0,5.358,13.62
10813,2021-03-06,竹叶菜,11.28,18.0,1.3130000000000002,13.62
10864,2021-03-07,竹叶菜,11.28,18.0,1.113,13.62
10913,2021-03-08,竹叶菜,11.28,18.0,3.811,13.62
10960,2021-03-09,竹叶菜,11.28,18.0,1.351,13.62
11007,2021-03-10,竹叶菜,11.28,18.0,0.35,13.62
11054,2021-03-11,竹叶菜,11.28,18.0,2.214,13.62
11104,2021-03-12,竹叶菜,11.28,18.0,3.505,13.62
11155,2021-03-13,竹叶菜,11.28,18.0,3.176,13.62
11206,2021-03-14,竹叶菜,13.01,18.0,1.535,13.62
11249,2021-03-15,竹叶菜,13.0,19.8,2.145,13.62
11295,2021-03-16,竹叶菜,13.0,19.8,1.056,13.62
11341,2021-03-17,竹叶菜,13.54,19.8,1.419,13.62
11389,2021-03-18,竹叶菜,13.55,16.0,2.692,13.62
11439,2021-03-19,竹叶菜,13.54,16.0,0.958,13.62
11484,2021-03-20,竹叶菜,11.39,16.0,11.913,13.62
11860,2021-03-28,竹叶菜,11.19,16.0,5.675,13.62
11910,2021-03-29,竹叶菜,11.19,18.0,1.702,13.62
11999,2021-03-31,竹叶菜,10.22,18.0,5.363,13.62
12042,2021-04-01,竹叶菜,10.17,16.0,3.753,13.62
12096,2021-04-02,竹叶菜,10.17,12.0,8.396,13.62
12145,2021-04-03,竹叶菜,10.17,12.0,9.72,13.62
12198,2021-04-04,竹叶菜,7.29,12.0,6.688,13.62
12244,2021-04-05,竹叶菜,7.63,14.0,3.729,13.62
12286,2021-04-06,竹叶菜,7.480000000000001,12.0,1.678,13.62
12333,2021-04-07,竹叶菜,7.33,12.0,8.735,13.62
12376,2021-04-08,竹叶菜,8.69,12.0,4.041,13.62
12424,2021-04-09,竹叶菜,7.95,12.0,4.134,13.62
12471,2021-04-10,竹叶菜,8.16,12.0,4.141,13.62
12515,2021-04-11,竹叶菜,8.35,14.0,6.494,13.62
12557,2021-04-12,竹叶菜,8.23,14.0,3.626,13.62
12602,2021-04-13,竹叶菜,8.8,12.0,4.242,13.62
12647,2021-04-14,竹叶菜,7.08,11.0,3.762,13.62
12695,2021-04-15,竹叶菜,7.08,9.0,1.148,13.62
12744,2021-04-16,竹叶菜,6.91,8.0,5.138,13.62
12793,2021-04-17,竹叶菜,5.27,8.0,7.532,13.62
12842,2021-04-18,竹叶菜,5.27,8.0,4.449,13.62
12892,2021-04-19,竹叶菜,5.24,6.0,6.457,13.62
12938,2021-04-20,竹叶菜,4.83,6.0,15.219,13.62
12985,2021-04-21,竹叶菜,4.23,6.0,11.571,13.62
13028,2021-04-22,竹叶菜,4.21,6.0,10.233,13.62
13074,2021-04-23,竹叶菜,4.13,5.0,17.092,13.62
13123,2021-04-24,竹叶菜,4.03,5.0,30.026,13.62
13168,2021-04-25,竹叶菜,4.14,5.0,26.288,13.619999999999996
13218,2021-04-26,竹叶菜,4.21,5.0,21.104,13.62
13261,2021-04-27,竹叶菜,4.38,6.0,13.027,13.62
13308,2021-04-28,竹叶菜,4.69,6.0,17.927,13.62
13353,2021-04-29,竹叶菜,4.87,7.0,5.516,13.62
13402,2021-04-30,竹叶菜,5.1,8.0,9.449,13.62
13448,2021-05-01,竹叶菜,5.93,8.0,15.24,13.62
13494,2021-05-02,竹叶菜,6.03,7.0,19.446,13.62
13536,2021-05-03,竹叶菜,5.52,7.0,21.567,13.62
13580,2021-05-04,竹叶菜,5.07,6.0,22.395,13.62
13625,2021-05-05,竹叶菜,5.06,6.0,15.703,13.62
13669,2021-05-06,竹叶菜,5.15,6.0,17.742,13.62
13715,2021-05-07,竹叶菜,5.06,8.0,13.647,13.62
13761,2021-05-08,竹叶菜,4.49,7.0,16.165,13.62
13808,2021-05-09,竹叶菜,4.33,7.0,19.992,13.62
13855,2021-05-10,竹叶菜,4.28,5.0,13.797,13.62
13896,2021-05-11,竹叶菜,3.62,5.0,20.545,13.62
13942,2021-05-12,竹叶菜,3.61,5.0,16.771,13.62
13985,2021-05-13,竹叶菜,3.61,5.0,4.359,13.62
14031,2021-05-14,竹叶菜,2.86,4.0,36.764,13.62
14079,2021-05-15,竹叶菜,2.26,4.0,23.189,13.62
14122,2021-05-16,竹叶菜,2.03,4.0,7.614,13.62
14165,2021-05-17,竹叶菜,2.19,4.0,17.744,13.62
14209,2021-05-18,竹叶菜,2.26,4.0,20.307,13.62
14250,2021-05-19,竹叶菜,2.41,3.6,15.894,13.62
14297,2021-05-20,竹叶菜,2.41,4.0,19.444,13.62
14342,2021-05-21,竹叶菜,2.57,5.0,10.261,13.62
14387,2021-05-22,竹叶菜,3.35,6.0,17.262,13.62
14430,2021-05-23,竹叶菜,3.77,6.0,18.964,13.62
14473,2021-05-24,竹叶菜,3.83,6.0,17.679000000000002,13.62
14520,2021-05-25,竹叶菜,4.02,6.0,15.335,13.62
14563,2021-05-26,竹叶菜,4.01,6.0,14.583,13.62
14608,2021-05-27,竹叶菜,4.06,7.0,13.511,13.62
14651,2021-05-28,竹叶菜,4.2,6.0,17.126,13.62
14696,2021-05-29,竹叶菜,4.33,6.0,20.069,13.62
14741,2021-05-30,竹叶菜,4.35,6.0,21.303,13.62
14787,2021-05-31,竹叶菜,4.39,6.0,18.411,13.62
14832,2021-06-01,竹叶菜,4.38,5.0,19.842,13.62
14880,2021-06-02,竹叶菜,3.0,4.0,33.647,13.62
14928,2021-06-03,竹叶菜,2.23,3.4,23.671,13.62
14975,2021-06-04,竹叶菜,2.02,3.4,6.417,13.62
15022,2021-06-05,竹叶菜,1.87,3.4,29.823,13.62
15069,2021-06-06,竹叶菜,1.81,3.4,28.255,13.62
15114,2021-06-07,竹叶菜,1.81,3.4,14.675,13.62
15158,2021-06-08,竹叶菜,1.79,3.4,21.45,13.62
15205,2021-06-09,竹叶菜,1.7800000000000002,3.2,20.501,13.62
15257,2021-06-10,竹叶菜,1.78,3.2,20.319,13.62
15306,2021-06-11,竹叶菜,1.85,3.2,20.569,13.62
15357,2021-06-12,竹叶菜,1.85,3.2,32.457,13.62
15406,2021-06-13,竹叶菜,1.84,3.2,41.035,13.62
15452,2021-06-14,竹叶菜,1.84,3.2,27.461,13.62
15498,2021-06-15,竹叶菜,1.71,3.0,11.379,13.619999999999996
15542,2021-06-16,竹叶菜,1.61,3.0,11.982,13.62
15584,2021-06-17,竹叶菜,1.73,3.0,19.264,13.62
15625,2021-06-18,竹叶菜,1.59,3.0,21.513,13.62
15670,2021-06-19,竹叶菜,1.59,3.0,25.071,13.62
15714,2021-06-20,竹叶菜,1.66,2.6,26.783,13.62
15755,2021-06-21,竹叶菜,1.61,2.6,24.025,13.62
15798,2021-06-22,竹叶菜,1.61,2.6,18.411,13.62
15842,2021-06-23,竹叶菜,1.6,2.6,17.135,13.62
15890,2021-06-24,竹叶菜,1.62,2.6,16.512999999999998,13.62
15935,2021-06-25,竹叶菜,1.63,2.6,15.117,13.62
15976,2021-06-26,竹叶菜,1.74,4.0,14.068,13.62
16020,2021-06-27,竹叶菜,1.94,4.0,14.999,13.62
16067,2021-06-28,竹叶菜,2.1,4.0,11.81,13.62
16113,2021-06-29,竹叶菜,2.26,4.0,10.006,13.62
16159,2021-06-30,竹叶菜,2.23,4.0,10.38,13.62
16206,2021-07-01,竹叶菜,2.22,4.0,15.129,13.62
16252,2021-07-02,竹叶菜,2.25,4.0,16.634,13.62
16302,2021-07-03,竹叶菜,2.26,4.0,18.015,13.62
16355,2021-07-04,竹叶菜,2.25,4.0,14.857,13.62
16407,2021-07-05,竹叶菜,2.24,4.0,11.913,13.62
16458,2021-07-06,竹叶菜,2.14,4.0,12.085,13.62
16507,2021-07-07,竹叶菜,2.05,4.0,8.519,13.62
16554,2021-07-08,竹叶菜,2.04,4.0,9.426,13.62
16602,2021-07-09,竹叶菜,2.02,4.0,9.478,13.62
16652,2021-07-10,竹叶菜,2.02,4.0,17.617,13.62
16697,2021-07-11,竹叶菜,2.03,4.0,12.918,13.62
16742,2021-07-12,竹叶菜,2.06,4.0,10.531,13.619999999999996
16783,2021-07-13,竹叶菜,2.05,4.0,14.553,13.62
16828,2021-07-14,竹叶菜,1.44,4.0,17.966,13.62
16876,2021-07-15,竹叶菜,1.4,4.0,9.647,13.62
16921,2021-07-16,竹叶菜,1.42,4.0,29.1,13.62
16970,2021-07-17,竹叶菜,1.55,3.0,22.725,13.62
17023,2021-07-18,竹叶菜,1.62,3.2,13.774,13.62
17074,2021-07-19,竹叶菜,1.82,3.2,15.977,13.62
17120,2021-07-20,竹叶菜,1.82,3.2,7.52,13.62
17173,2021-07-21,竹叶菜,1.84,3.2,11.446,13.62
17227,2021-07-22,竹叶菜,1.8600000000000003,3.2,11.355,13.619999999999996
17277,2021-07-23,竹叶菜,1.84,3.2,17.073999999999998,13.62
17323,2021-07-24,竹叶菜,1.87,3.2,6.858,13.62
17370,2021-07-25,竹叶菜,1.85,3.0,20.677,13.62
17416,2021-07-26,竹叶菜,1.85,3.0,13.65,13.62
17456,2021-07-27,竹叶菜,1.86,3.0,20.674,13.62
17503,2021-07-28,竹叶菜,1.87,3.0,12.499,13.62
17552,2021-07-29,竹叶菜,1.87,3.0,20.409,13.62
17599,2021-07-30,竹叶菜,1.87,3.4,9.552,13.62
17648,2021-07-31,竹叶菜,1.88,3.4,10.029,13.62
17695,2021-08-01,竹叶菜,1.91,3.4,11.636,13.62
17739,2021-08-02,竹叶菜,1.9,3.3999999999999995,8.868,13.62
17785,2021-08-03,竹叶菜,1.86,3.4,12.767,13.62
17831,2021-08-04,竹叶菜,1.84,3.4,15.18,13.62
17875,2021-08-05,竹叶菜,1.8300000000000003,3.4,21.308,13.62
17922,2021-08-06,竹叶菜,1.82,3.4,15.116,13.62
17968,2021-08-07,竹叶菜,1.85,3.4,15.089,13.62
18013,2021-08-08,竹叶菜,1.87,3.4,7.141,13.62
18056,2021-08-09,竹叶菜,1.87,3.4,8.542,13.62
18100,2021-08-10,竹叶菜,1.89,4.0,20.154,13.62
18144,2021-08-11,竹叶菜,1.94,4.0,16.468,13.62
18189,2021-08-12,竹叶菜,1.95,4.0,16.794,13.62
18237,2021-08-13,竹叶菜,1.9,4.0,7.603,13.62
18283,2021-08-14,竹叶菜,1.91,4.0,8.563,13.62
18325,2021-08-15,竹叶菜,1.86,4.0,11.545,13.62
18366,2021-08-16,竹叶菜,1.84,4.0,10.229,13.62
18450,2021-08-18,竹叶菜,3.04,5.0,11.432,13.62
18493,2021-08-19,竹叶菜,3.2,5.0,6.07,13.62
18539,2021-08-20,竹叶菜,3.45,7.0,5.603,13.62
18587,2021-08-21,竹叶菜,3.82,7.0,6.426,13.62
18631,2021-08-22,竹叶菜,3.93,7.0,19.072,13.62
18674,2021-08-23,竹叶菜,4.11,7.0,5.317,13.62
18718,2021-08-24,竹叶菜,4.61,7.0,8.019,13.62
18763,2021-08-25,竹叶菜,4.86,8.0,14.876,13.62
18806,2021-08-26,竹叶菜,4.91,8.0,31.304,13.62
18851,2021-08-27,竹叶菜,4.39,8.0,11.508,13.62
18896,2021-08-28,竹叶菜,4.16,7.0,15.708,13.62
18945,2021-08-29,竹叶菜,4.13,7.0,10.261,13.62
18994,2021-08-30,竹叶菜,4.09,7.0,6.526,13.62
19042,2021-08-31,竹叶菜,4.49,6.0,11.965,13.62
19089,2021-09-01,竹叶菜,4.03,6.0,6.377,13.62
19136,2021-09-02,竹叶菜,3.85,6.0,6.326,13.62
19185,2021-09-03,竹叶菜,3.54,7.0,6.164,13.62
19234,2021-09-04,竹叶菜,3.39,7.0,6.828,13.62
19283,2021-09-05,竹叶菜,3.44,8.0,8.693,13.62
19331,2021-09-06,竹叶菜,4.74,10.0,6.748,13.62
19381,2021-09-07,竹叶菜,4.74,8.0,1.407,13.62
19430,2021-09-08,竹叶菜,4.93,8.0,1.432,13.62
19479,2021-09-09,竹叶菜,5.93,9.0,2.455,13.62
19527,2021-09-10,竹叶菜,6.02,9.0,0.726,13.62
19575,2021-09-11,竹叶菜,5.64,10.0,9.141,13.62
19625,2021-09-12,竹叶菜,5.57,8.0,14.12,13.62
19665,2021-09-13,竹叶菜,3.24,6.0,5.218,13.62
19707,2021-09-14,竹叶菜,3.03,5.0,7.139,13.62
19752,2021-09-15,竹叶菜,3.03,5.0,5.1,13.62
19796,2021-09-16,竹叶菜,2.74,4.0,5.1530000000000005,13.62
19843,2021-09-17,竹叶菜,2.43,4.0,5.306,13.62
19888,2021-09-18,竹叶菜,2.41,4.0,12.478,13.619999999999996
19936,2021-09-19,竹叶菜,3.06,6.0,10.86,13.619999999999996
19985,2021-09-20,竹叶菜,3.42,6.0,6.009,13.62
20034,2021-09-21,竹叶菜,2.52,5.0,6.936,13.62
20084,2021-09-22,竹叶菜,2.54,5.0,1.875,13.62
20131,2021-09-23,竹叶菜,2.5,5.0,5.524,13.62
20176,2021-09-24,竹叶菜,2.44,4.0,3.562,13.62
20218,2021-09-25,竹叶菜,2.33,4.0,10.454,13.62
20258,2021-09-26,竹叶菜,2.37,4.0,8.815,13.62
20298,2021-09-27,竹叶菜,2.33,4.0,9.749,13.62
20336,2021-09-28,竹叶菜,2.24,4.0,4.522,13.62
20378,2021-09-29,竹叶菜,2.22,4.0,6.136,13.62
20414,2021-09-30,竹叶菜,2.22,4.0,4.799,13.62
20452,2021-10-01,竹叶菜,2.23,4.0,14.194,13.62
20486,2021-10-02,竹叶菜,2.2,4.0,9.218,13.62
20524,2021-10-03,竹叶菜,2.2,4.0,11.514,13.62
20560,2021-10-04,竹叶菜,2.03,4.0,17.073,13.62
20598,2021-10-05,竹叶菜,2.03,4.0,5.936,13.62
20638,2021-10-06,竹叶菜,2.05,4.0,5.911,13.62
20676,2021-10-07,竹叶菜,2.13,4.0,4.723,13.62
20714,2021-10-08,竹叶菜,1.97,4.0,8.185,13.62
20751,2021-10-09,竹叶菜,2.08,4.0,4.848,13.62
20788,2021-10-10,竹叶菜,2.11,4.0,16.47,13.62
20824,2021-10-11,竹叶菜,2.12,4.0,6.871,13.62
20861,2021-10-12,竹叶菜,2.12,4.0,7.474,13.62
20898,2021-10-13,竹叶菜,2.1,4.0,3.611,13.62
20934,2021-10-14,竹叶菜,2.1,10.0,2.149,13.62
20973,2021-10-15,竹叶菜,2.95,14.0,1.67,13.62
21015,2021-10-16,竹叶菜,6.7,14.0,2.1710000000000003,13.62
21056,2021-10-17,竹叶菜,7.82,14.0,2.838,13.62
18,2020-07-01,紫茄子(2),6.56,6.0,17.661,6.07
55,2020-07-02,紫茄子(2),3.72,7.0,14.432,6.069999999999999
91,2020-07-03,紫茄子(2),6.56,7.0,17.553,6.07
127,2020-07-04,紫茄子(2),3.94,7.0,33.045,6.07
159,2020-07-05,紫茄子(2),4.24,7.0,26.493,6.07
195,2020-07-06,紫茄子(2),4.49,8.0,8.96,6.07
232,2020-07-07,紫茄子(2),4.75,8.0,14.6,6.07
269,2020-07-08,紫茄子(2),5.23,8.0,18.012,6.07
305,2020-07-09,紫茄子(2),5.3,8.0,9.949,6.07
342,2020-07-10,紫茄子(2),5.5,8.0,12.919,6.07
379,2020-07-11,紫茄子(2),5.42,8.0,29.464,6.07
417,2020-07-12,紫茄子(2),5.05,8.0,36.555,6.07
453,2020-07-13,紫茄子(2),5.42,8.0,19.049,6.07
490,2020-07-14,紫茄子(2),5.67,8.0,11.68,6.07
526,2020-07-15,紫茄子(2),5.69,8.0,13.435,6.07
563,2020-07-16,紫茄子(2),5.660000000000001,8.0,5.989,6.07
600,2020-07-17,紫茄子(2),5.14,8.0,13.51,6.069999999999999
637,2020-07-18,紫茄子(2),5.14,8.0,15.339,6.07
674,2020-07-19,紫茄子(2),5.14,8.0,32.134,6.07
709,2020-07-20,紫茄子(2),5.14,8.0,12.457,6.07
746,2020-07-21,紫茄子(2),5.14,8.0,11.416,6.07
783,2020-07-22,紫茄子(2),4.73,8.0,16.456,6.07
820,2020-07-23,紫茄子(2),4.7700000000000005,8.0,16.883,6.07
858,2020-07-24,紫茄子(2),5.18,8.0,18.9,6.07
893,2020-07-25,紫茄子(2),5.2,8.0,11.682,6.07
930,2020-07-26,紫茄子(2),5.29,9.0,24.412,6.07
968,2020-07-27,紫茄子(2),5.81,9.0,9.768,6.07
1006,2020-07-28,紫茄子(2),5.72,9.0,13.888,6.07
1043,2020-07-29,紫茄子(2),5.57,9.0,15.178,6.07
1077,2020-07-30,紫茄子(2),5.57,9.0,16.86,6.07
1114,2020-07-31,紫茄子(2),5.569999999999999,9.0,14.177,6.069999999999999
1152,2020-08-01,紫茄子(2),4.81,8.0,15.214,6.07
1194,2020-08-02,紫茄子(2),4.53,7.0,25.3,6.069999999999999
1237,2020-08-03,紫茄子(2),3.83,7.0,16.565,6.07
1280,2020-08-04,紫茄子(2),4.49,8.0,11.428,6.07
1319,2020-08-05,紫茄子(2),4.72,8.0,17.772,6.07
1362,2020-08-06,紫茄子(2),4.98,8.0,20.692,6.07
1405,2020-08-07,紫茄子(2),3.74,4.0,34.299,6.07
1451,2020-08-08,紫茄子(2),2.0,4.0,40.254,6.07
1495,2020-08-09,紫茄子(2),2.0,4.0,25.63,6.07
1536,2020-08-10,紫茄子(2),2.0,4.0,24.399,6.069999999999999
1575,2020-08-11,紫茄子(2),2.0,4.0,19.899,6.07
1614,2020-08-12,紫茄子(2),2.0,8.0,13.66,6.07
1651,2020-08-13,紫茄子(2),2.09,8.0,13.735,6.07
1692,2020-08-14,紫茄子(2),6.54,8.0,23.571,6.07
1735,2020-08-15,紫茄子(2),6.52,8.0,24.802,6.07
1775,2020-08-16,紫茄子(2),6.4,8.0,14.376,6.07
1814,2020-08-17,紫茄子(2),6.29,8.0,20.339,6.07
1853,2020-08-18,紫茄子(2),6.130000000000001,9.0,15.303,6.07
1894,2020-08-19,紫茄子(2),6.16,9.0,13.664,6.07
1934,2020-08-20,紫茄子(2),7.07,9.0,20.103,6.07
1976,2020-08-21,紫茄子(2),7.07,10.0,10.844,6.07
2016,2020-08-22,紫茄子(2),6.99,12.0,14.206,6.069999999999999
2055,2020-08-23,紫茄子(2),6.970000000000001,12.0,20.956,6.07
2098,2020-08-24,紫茄子(2),6.6,10.0,12.245,6.07
2138,2020-08-25,紫茄子(2),6.79,10.0,11.879,6.07
2178,2020-08-26,紫茄子(2),7.07,10.0,14.982,6.07
2221,2020-08-27,紫茄子(2),7.1,13.0,6.84,6.069999999999999
2261,2020-08-28,紫茄子(2),7.75,13.0,10.944,6.07
2304,2020-08-29,紫茄子(2),7.570000000000001,13.0,15.544,6.070000000000001
2345,2020-08-30,紫茄子(2),7.85,13.0,8.16,6.07
2385,2020-08-31,紫茄子(2),10.14,12.0,7.447,6.07
2426,2020-09-01,紫茄子(2),10.22,13.0,10.577,6.07
2465,2020-09-02,紫茄子(2),10.43,13.0,5.462,6.07
2503,2020-09-03,紫茄子(2),10.13,14.0,4.673,6.07
2545,2020-09-04,紫茄子(2),10.56,12.0,6.134,6.07
2586,2020-09-05,紫茄子(2),10.89,12.0,11.052,6.070000000000001
2628,2020-09-06,紫茄子(2),10.65,12.0,12.774,6.07
2673,2020-09-07,紫茄子(2),9.32,12.0,6.051,6.069999999999999
