export/q3_2单品数据筛选.csv
,日期,单品名称,批发价格(元/千克)_否,销售单价(元/千克)_否,销量(千克)_否,损耗率(%)_否
2713,2020-09-08,紫茄子(2),9.22,12.0,7.321,6.070000000000001
2754,2020-09-09,紫茄子(2),9.32,12.0,2.622,6.07
2793,2020-09-10,紫茄子(2),8.93,12.0,7.347,6.070000000000001
2836,2020-09-11,紫茄子(2),8.5,12.0,2.221,6.07
2879,2020-09-12,紫茄子(2),8.41,12.0,8.448,6.07
2920,2020-09-13,紫茄子(2),7.94,12.0,17.145,6.07
2963,2020-09-14,紫茄子(2),6.910000000000001,10.0,9.903,6.07
3004,2020-09-15,紫茄子(2),5.87,12.0,3.7,6.07
3046,2020-09-16,紫茄子(2),6.89,10.0,8.918,6.07
3088,2020-09-17,紫茄子(2),7.04,10.0,10.834,6.070000000000001
3133,2020-09-18,紫茄子(2),5.97,10.0,5.874,6.069999999999999
3175,2020-09-19,紫茄子(2),6.43,10.0,12.93,6.07
3218,2020-09-20,紫茄子(2),5.84,8.0,25.146,6.069999999999999
3258,2020-09-21,紫茄子(2),4.72,8.0,5.629,6.07
3301,2020-09-22,紫茄子(2),4.71,8.0,11.018,6.070000000000001
3344,2020-09-23,紫茄子(2),5.01,8.0,10.726,6.070000000000001
3390,2020-09-24,紫茄子(2),5.01,8.0,10.702,6.07
3440,2020-09-25,紫茄子(2),5.12,8.0,10.177,6.07
3489,2020-09-26,紫茄子(2),5.05,8.0,12.308,6.07
3540,2020-09-27,紫茄子(2),4.73,8.0,10.266,6.07
3585,2020-09-28,紫茄子(2),4.72,7.0,6.979,6.07
3630,2020-09-29,紫茄子(2),4.66,7.0,6.808,6.070000000000001
3677,2020-09-30,紫茄子(2),4.58,7.0,8.971,6.07
3722,2020-10-01,紫茄子(2),4.04,7.0,14.987,6.07
3767,2020-10-02,紫茄子(2),4.11,6.0,18.716,6.07
3811,2020-10-03,紫茄子(2),3.95,6.0,20.591,6.07
3852,2020-10-04,紫茄子(2),4.13,6.0,19.766,6.069999999999999
3896,2020-10-05,紫茄子(2),4.03,6.0,11.69,6.07
3942,2020-10-06,紫茄子(2),4.13,6.0,19.484,6.07
3987,2020-10-07,紫茄子(2),4.16,6.6,8.251,6.07
4031,2020-10-08,紫茄子(2),4.34,7.0,7.091,6.07
4075,2020-10-09,紫茄子(2),4.5,7.0,12.208,6.07
4120,2020-10-10,紫茄子(2),4.5,7.0,7.164,6.07
4164,2020-10-11,紫茄子(2),4.78,7.0,9.471,6.07
4203,2020-10-12,紫茄子(2),4.94,8.0,7.32,6.070000000000001
4245,2020-10-13,紫茄子(2),4.83,7.0,7.694,6.07
4289,2020-10-14,紫茄子(2),4.67,7.0,2.809,6.07
4330,2020-10-15,紫茄子(2),4.71,6.0,5.819,6.07
4373,2020-10-16,紫茄子(2),4.74,6.0,9.346,6.07
4416,2020-10-17,紫茄子(2),4.44,6.0,17.712,6.07
4463,2020-10-18,紫茄子(2),4.32,6.0,15.151,6.07
4508,2020-10-19,紫茄子(2),4.41,6.0,7.107,6.07
4553,2020-10-20,紫茄子(2),4.42,6.0,8.296,6.07
4594,2020-10-21,紫茄子(2),4.5,7.0,6.348,6.07
4636,2020-10-22,紫茄子(2),4.48,7.0,9.2,6.07
4677,2020-10-23,紫茄子(2),4.34,6.0,8.964,6.07
4719,2020-10-24,紫茄子(2),4.35,6.0,8.931000000000001,6.07
4763,2020-10-25,紫茄子(2),4.4,6.0,15.656,6.07
4808,2020-10-26,紫茄子(2),4.37,6.0,6.439,6.069999999999999
4851,2020-10-27,紫茄子(2),4.35,7.0,4.24,6.07
4894,2020-10-28,紫茄子(2),4.37,7.0,3.397,6.07
4939,2020-10-29,紫茄子(2),4.35,7.0,7.767,6.07
4986,2020-10-30,紫茄子(2),4.34,6.0,2.675,6.07
5032,2020-10-31,紫茄子(2),4.37,6.0,8.794,6.07
5079,2020-11-01,紫茄子(2),4.41,6.6,4.714,6.069999999999999
5122,2020-11-02,紫茄子(2),4.47,7.0,2.924,6.07
5165,2020-11-03,紫茄子(2),4.71,7.0,4.7,6.069999999999999
5206,2020-11-04,紫茄子(2),4.64,7.0,5.776,6.069999999999999
5248,2020-11-05,紫茄子(2),4.59,7.0,5.301,6.070000000000001
5288,2020-11-06,紫茄子(2),4.37,6.0,3.946,6.07
5331,2020-11-07,紫茄子(2),4.15,6.0,5.335,6.069999999999999
5375,2020-11-08,紫茄子(2),4.29,6.0,10.352,6.07
5419,2020-11-09,紫茄子(2),4.36,6.0,3.244,6.07
5464,2020-11-10,紫茄子(2),4.2,6.0,4.164,6.07
5508,2020-11-11,紫茄子(2),4.13,6.0,8.445,6.07
5556,2020-11-12,紫茄子(2),3.7000000000000006,6.0,3.579,6.07
5600,2020-11-13,紫茄子(2),3.7000000000000006,6.0,5.017,6.07
5648,2020-11-14,紫茄子(2),3.3399999999999994,5.0,15.26,6.070000000000001
5694,2020-11-15,紫茄子(2),3.18,5.0,10.919,6.07
5738,2020-11-16,紫茄子(2),3.14,5.0,9.296,6.070000000000001
5781,2020-11-17,紫茄子(2),3.56,5.0,6.143,6.07
5825,2020-11-18,紫茄子(2),3.72,6.0,10.134,6.07
5870,2020-11-19,紫茄子(2),4.5,7.0,8.383,6.07
5914,2020-11-20,紫茄子(2),4.5,7.0,5.073,6.07
5959,2020-11-21,紫茄子(2),4.5,7.0,12.751,6.07
6006,2020-11-22,紫茄子(2),4.5,7.0,14.301,6.07
6049,2020-11-23,紫茄子(2),4.51,6.0,10.199,6.07
6091,2020-11-24,紫茄子(2),4.34,6.0,6.673,6.07
6136,2020-11-25,紫茄子(2),3.5,6.0,8.346,6.07
6179,2020-11-26,紫茄子(2),3.75,6.0,8.114,6.07
6224,2020-11-27,紫茄子(2),4.48,6.0,7.191,6.07
6273,2020-11-28,紫茄子(2),4.47,6.0,10.653,6.07
6320,2020-11-29,紫茄子(2),4.42,6.0,10.603,6.07
6366,2020-11-30,紫茄子(2),4.44,6.0,6.321,6.07
6412,2020-12-01,紫茄子(2),4.65,7.0,3.912,6.07
6457,2020-12-02,紫茄子(2),4.65,7.0,4.558,6.07
6504,2020-12-03,紫茄子(2),4.17,7.0,4.756,6.07
6552,2020-12-04,紫茄子(2),5.02,7.0,7.508,6.07
6602,2020-12-05,紫茄子(2),5.21,7.0,11.434,6.07
6653,2020-12-06,紫茄子(2),5.48,7.4,14.136,6.07
6702,2020-12-07,紫茄子(2),5.57,8.0,8.333,6.07
6754,2020-12-08,紫茄子(2),5.5,8.0,7.37,6.07
6804,2020-12-09,紫茄子(2),5.5,8.0,7.194,6.070000000000001
6855,2020-12-10,紫茄子(2),5.58,8.0,9.162,6.07
6908,2020-12-11,紫茄子(2),5.57,8.0,11.417,6.07
6963,2020-12-12,紫茄子(2),5.49,8.0,8.008,6.07
7017,2020-12-13,紫茄子(2),5.33,8.0,17.457,6.07
7069,2020-12-14,紫茄子(2),5.33,8.0,9.851,6.069999999999999
7114,2020-12-15,紫茄子(2),5.35,8.0,5.778,6.07
7166,2020-12-16,紫茄子(2),5.38,8.0,7.759,6.07
7217,2020-12-17,紫茄子(2),5.44,8.0,7.518,6.07
7270,2020-12-18,紫茄子(2),5.46,8.0,15.802,6.07
7320,2020-12-19,紫茄子(2),5.51,8.0,12.82,6.07
7373,2020-12-20,紫茄子(2),5.71,8.0,10.126,6.069999999999999
7420,2020-12-21,紫茄子(2),5.66,8.0,10.102,6.07
7468,2020-12-22,紫茄子(2),5.59,8.0,9.312,6.07
7515,2020-12-23,紫茄子(2),5.78,8.0,6.716,6.070000000000001
7564,2020-12-24,紫茄子(2),5.8,8.0,7.681,6.07
7612,2020-12-25,紫茄子(2),5.769999999999999,8.0,9.222,6.07
7661,2020-12-26,紫茄子(2),5.83,8.0,10.792,6.07
7710,2020-12-27,紫茄子(2),6.25,9.0,9.466,6.07
7755,2020-12-28,紫茄子(2),5.67,8.0,10.94,6.07
7801,2020-12-29,紫茄子(2),6.14,8.0,10.444,6.07
7848,2020-12-30,紫茄子(2),6.35,9.0,12.995,6.07
7897,2020-12-31,紫茄子(2),6.8,9.0,18.877,6.07
7945,2021-01-01,紫茄子(2),6.81,9.0,14.953,6.07
7990,2021-01-02,紫茄子(2),6.86,9.0,15.358,6.07
8035,2021-01-03,紫茄子(2),6.94,9.0,11.994,6.07
8082,2021-01-04,紫茄子(2),6.56,9.0,8.965,6.07
8128,2021-01-05,紫茄子(2),6.58,9.0,13.474,6.07
8176,2021-01-06,紫茄子(2),6.69,10.0,11.885,6.069999999999999
8224,2021-01-07,紫茄子(2),6.86,10.0,11.294,6.070000000000001
8269,2021-01-08,紫茄子(2),7.39,10.0,10.946,6.07
8314,2021-01-09,紫茄子(2),7.31,10.0,17.319,6.07
8361,2021-01-10,紫茄子(2),6.840000000000001,10.0,21.238,6.07
8409,2021-01-11,紫茄子(2),7.04,10.0,14.059,6.07
8451,2021-01-12,紫茄子(2),7.04,10.0,6.304,6.07
8536,2021-01-14,紫茄子(2),6.429999999999999,9.0,15.256,6.070000000000001
8578,2021-01-15,紫茄子(2),6.429999999999999,9.0,12.686,6.070000000000001
8623,2021-01-16,紫茄子(2),6.03,9.0,18.888,6.070000000000001
8671,2021-01-17,紫茄子(2),5.869999999999999,9.0,21.808,6.070000000000001
8717,2021-01-18,紫茄子(2),5.870000000000001,10.0,9.09,6.070000000000001
8766,2021-01-19,紫茄子(2),6.13,10.0,8.119,6.07
8814,2021-01-20,紫茄子(2),6.17,10.0,16.125,6.07
8863,2021-01-21,紫茄子(2),6.17,10.0,16.736,6.07
8910,2021-01-22,紫茄子(2),6.21,9.0,11.45,6.069999999999999
8955,2021-01-23,紫茄子(2),6.58,9.0,17.173000000000002,6.07
9003,2021-01-24,紫茄子(2),6.330000000000001,9.0,21.138,6.07
9050,2021-01-25,紫茄子(2),6.5,9.0,17.027,6.07
9097,2021-01-26,紫茄子(2),6.75,9.0,13.532,6.07
9143,2021-01-27,紫茄子(2),6.9,9.0,9.733,6.07
9189,2021-01-28,紫茄子(2),6.67,10.0,14.171,6.07
9236,2021-01-29,紫茄子(2),6.85,10.0,13.068,6.07
9281,2021-01-30,紫茄子(2),7.03,10.0,14.604,6.07
9332,2021-01-31,紫茄子(2),7.389999999999999,10.0,18.073,6.07
9382,2021-02-01,紫茄子(2),7.940000000000001,12.0,8.039,6.07
9428,2021-02-02,紫茄子(2),8.11,12.0,11.345,6.07
9479,2021-02-03,紫茄子(2),8.03,12.0,9.834,6.07
9526,2021-02-04,紫茄子(2),7.97,11.0,18.214,6.07
9574,2021-02-05,紫茄子(2),7.659999999999999,11.0,10.487,6.07
9625,2021-02-06,紫茄子(2),7.66,11.0,18.57,6.07
9676,2021-02-07,紫茄子(2),7.82,11.0,21.568,6.07
9728,2021-02-08,紫茄子(2),8.01,12.0,30.967,6.07
9779,2021-02-09,紫茄子(2),8.5,12.0,83.613,6.07
9828,2021-02-10,紫茄子(2),8.76,12.0,109.43,6.07
9874,2021-02-13,紫茄子(2),8.84,12.0,28.967,6.07
9913,2021-02-14,紫茄子(2),8.84,12.0,25.06,6.07
9962,2021-02-15,紫茄子(2),8.78,12.0,39.655,6.07
10003,2021-02-16,紫茄子(2),8.24,12.0,31.647,6.07
10045,2021-02-17,紫茄子(2),8.1,12.0,30.358,6.07
10088,2021-02-18,紫茄子(2),7.96,12.0,18.17,6.070000000000001
10132,2021-02-19,紫茄子(2),7.96,10.0,11.405,6.07
10176,2021-02-20,紫茄子(2),7.960000000000001,10.0,15.966,6.07
10224,2021-02-21,紫茄子(2),6.99,9.0,25.173,6.07
10269,2021-02-22,紫茄子(2),6.009999999999999,9.0,11.662,6.07
10312,2021-02-23,紫茄子(2),5.44,9.0,12.581,6.07
10356,2021-02-24,紫茄子(2),5.13,9.0,12.151,6.07
10401,2021-02-25,紫茄子(2),4.81,8.0,25.743,6.07
10449,2021-02-26,紫茄子(2),5.03,8.0,15.152,6.07
10492,2021-02-27,紫茄子(2),5.47,8.0,15.378,6.07
10532,2021-02-28,紫茄子(2),5.11,8.0,16.493,6.07
10581,2021-03-01,紫茄子(2),5.2,8.0,18.348,6.07
10630,2021-03-02,紫茄子(2),5.21,8.0,13.285,6.07
10680,2021-03-03,紫茄子(2),5.32,8.0,10.367,6.07
10724,2021-03-04,紫茄子(2),5.320000000000001,8.0,14.565,6.070000000000001
10767,2021-03-05,紫茄子(2),5.2,8.0,20.454,6.07
10815,2021-03-06,紫茄子(2),4.83,8.0,33.851,6.07
10866,2021-03-07,紫茄子(2),5.02,9.0,22.096,6.07
10915,2021-03-08,紫茄子(2),5.83,9.0,17.239,6.07
10962,2021-03-09,紫茄子(2),6.04,9.0,16.002,6.07
11009,2021-03-10,紫茄子(2),6.2,8.0,14.012,6.07
11056,2021-03-11,紫茄子(2),5.32,9.0,12.295,6.07
11105,2021-03-12,紫茄子(2),5.06,9.0,19.835,6.07
11157,2021-03-13,紫茄子(2),6.329999999999999,9.0,22.085,6.070000000000001
11207,2021-03-14,紫茄子(2),6.35,9.0,14.122,6.070000000000001
11250,2021-03-15,紫茄子(2),6.17,8.0,12.079,6.07
11297,2021-03-16,紫茄子(2),6.169999999999999,8.0,11.655,6.07
11342,2021-03-17,紫茄子(2),6.17,8.0,17.232,6.07
11390,2021-03-18,紫茄子(2),6.27,8.0,10.767,6.069999999999999
11440,2021-03-19,紫茄子(2),6.28,8.0,14.775,6.07
11485,2021-03-20,紫茄子(2),5.84,8.0,14.713,6.07
11535,2021-03-21,紫茄子(2),5.71,8.0,14.586,6.07
11581,2021-03-22,紫茄子(2),5.7,8.0,9.626,6.07
11629,2021-03-23,紫茄子(2),5.7,8.0,16.342,6.07
11674,2021-03-24,紫茄子(2),5.69,8.0,12.718,6.069999999999999
11720,2021-03-25,紫茄子(2),5.69,8.0,9.45,6.07
11768,2021-03-26,紫茄子(2),5.69,8.0,17.447,6.07
11815,2021-03-27,紫茄子(2),5.95,8.0,22.372,6.070000000000001
11861,2021-03-28,紫茄子(2),5.93,8.0,16.33,6.07
11911,2021-03-29,紫茄子(2),5.92,8.0,12.771,6.07
11956,2021-03-30,紫茄子(2),6.03,8.0,17.599,6.07
12000,2021-03-31,紫茄子(2),5.89,8.0,14.665,6.070000000000001
12044,2021-04-01,紫茄子(2),5.89,8.0,11.957,6.069999999999999
12098,2021-04-02,紫茄子(2),5.89,8.0,16.733999999999998,6.07
12147,2021-04-03,紫茄子(2),5.860000000000001,8.0,24.58,6.07
12199,2021-04-04,紫茄子(2),5.69,8.0,15.766,6.07
12246,2021-04-05,紫茄子(2),5.79,8.0,11.856,6.069999999999999
12287,2021-04-06,紫茄子(2),5.21,8.0,2.407,6.07
12335,2021-04-07,紫茄子(2),4.74,6.0,11.805,6.07
12378,2021-04-08,紫茄子(2),5.54,6.0,19.405,6.070000000000001
12426,2021-04-09,紫茄子(2),5.55,10.0,12.007,6.07
12473,2021-04-10,紫茄子(2),6.18,10.0,15.385,6.07
12516,2021-04-11,紫茄子(2),6.22,10.0,20.714,6.069999999999999
12558,2021-04-12,紫茄子(2),6.25,8.0,7.518,6.070000000000001
12603,2021-04-13,紫茄子(2),5.97,8.0,8.547,6.07
12649,2021-04-14,紫茄子(2),5.96,8.0,12.971,6.07
12697,2021-04-15,紫茄子(2),5.43,8.0,4.049,6.07
12745,2021-04-16,紫茄子(2),5.39,8.0,6.894,6.070000000000001
12794,2021-04-17,紫茄子(2),5.39,8.0,11.493,6.07
12843,2021-04-18,紫茄子(2),5.36,8.0,9.226,6.07
12893,2021-04-19,紫茄子(2),5.28,8.0,10.277,6.07
12939,2021-04-20,紫茄子(2),5.11,7.0,5.229,6.07
12986,2021-04-21,紫茄子(2),4.75,6.0,17.128,6.07
13029,2021-04-22,紫茄子(2),4.05,6.0,3.98,6.07
13075,2021-04-23,紫茄子(2),4.1,6.0,15.976,6.07
13124,2021-04-24,紫茄子(2),4.35,6.0,20.487,6.07
13169,2021-04-25,紫茄子(2),4.39,7.0,12.978,6.07
13219,2021-04-26,紫茄子(2),4.67,7.0,6.547,6.07
13262,2021-04-27,紫茄子(2),4.65,7.0,17.323,6.07
13309,2021-04-28,紫茄子(2),4.44,6.0,14.567,6.07
13354,2021-04-29,紫茄子(2),4.44,6.0,7.056,6.070000000000001
13403,2021-04-30,紫茄子(2),4.45,8.0,16.841,6.07
13449,2021-05-01,紫茄子(2),4.58,8.0,12.004,6.07
13495,2021-05-02,紫茄子(2),5.18,6.0,14.016,6.07
13537,2021-05-03,紫茄子(2),4.4,8.0,13.046,6.07
13581,2021-05-04,紫茄子(2),3.84,8.0,9.112,6.07
13626,2021-05-05,紫茄子(2),3.84,8.0,8.771,6.07
13670,2021-05-06,紫茄子(2),5.16,9.0,11.805,6.07
13716,2021-05-07,紫茄子(2),5.84,7.0,10.347,6.07
13762,2021-05-08,紫茄子(2),5.99,8.0,8.887,6.07
13809,2021-05-09,紫茄子(2),5.99,7.0,16.763,6.07
13856,2021-05-10,紫茄子(2),5.910000000000001,7.0,14.227,6.07
13897,2021-05-11,紫茄子(2),4.86,5.0,14.778,6.070000000000001
13943,2021-05-12,紫茄子(2),3.96,5.0,13.654,6.069999999999999
13986,2021-05-13,紫茄子(2),3.65,5.0,10.12,6.07
14032,2021-05-14,紫茄子(2),3.4399999999999995,5.0,23.454,6.069999999999999
14080,2021-05-15,紫茄子(2),3.3,5.0,17.349,6.07
14123,2021-05-16,紫茄子(2),3.34,5.0,15.383,6.07
14166,2021-05-17,紫茄子(2),3.27,5.0,16.001,6.07
14210,2021-05-18,紫茄子(2),3.29,5.0,14.116,6.07
14251,2021-05-19,紫茄子(2),3.29,5.0,10.021,6.07
14298,2021-05-20,紫茄子(2),3.31,5.0,14.238,6.07
14343,2021-05-21,紫茄子(2),3.32,6.0,15.636,6.07
14388,2021-05-22,紫茄子(2),3.58,7.0,13.584,6.07
14431,2021-05-23,紫茄子(2),4.32,7.0,17.878,6.07
14474,2021-05-24,紫茄子(2),4.1,7.0,15.618,6.070000000000001
14521,2021-05-25,紫茄子(2),4.1,6.0,12.141,6.07
14564,2021-05-26,紫茄子(2),4.11,6.0,9.431,6.070000000000001
14609,2021-05-27,紫茄子(2),4.12,6.0,12.273,6.07
14652,2021-05-28,紫茄子(2),4.12,6.0,11.708,6.07
14697,2021-05-29,紫茄子(2),4.1,6.0,13.598,6.07
14742,2021-05-30,紫茄子(2),4.07,6.0,20.317,6.07
14788,2021-05-31,紫茄子(2),3.96,6.0,7.894,6.07
14833,2021-06-01,紫茄子(2),3.8,6.0,7.91,6.070000000000001
14882,2021-06-02,紫茄子(2),3.73,6.0,12.579,6.07
14929,2021-06-03,紫茄子(2),3.770000000000001,6.0,5.535,6.07
14976,2021-06-04,紫茄子(2),3.77,6.0,8.446,6.07
15023,2021-06-05,紫茄子(2),3.85,6.0,22.26,6.070000000000001
15070,2021-06-06,紫茄子(2),3.87,5.0,21.428,6.07
15115,2021-06-07,紫茄子(2),3.53,5.0,10.725,6.070000000000001
15160,2021-06-08,紫茄子(2),3.51,6.0,16.959,6.07
15207,2021-06-09,紫茄子(2),3.51,6.0,9.548,6.07
15259,2021-06-10,紫茄子(2),3.49,6.0,13.947,6.07
15308,2021-06-11,紫茄子(2),3.53,6.0,2.074,6.07
15358,2021-06-12,紫茄子(2),3.76,6.0,32.627,6.07
15407,2021-06-13,紫茄子(2),3.81,6.0,13.895,6.07
15453,2021-06-14,紫茄子(2),3.89,6.0,15.434,6.07
15499,2021-06-15,紫茄子(2),3.98,6.0,12.375,6.07
15543,2021-06-16,紫茄子(2),3.770000000000001,6.0,8.847,6.07
15585,2021-06-17,紫茄子(2),3.71,6.0,19.633,6.07
15626,2021-06-18,紫茄子(2),3.48,6.0,22.343,6.07
15671,2021-06-19,紫茄子(2),3.49,6.0,17.696,6.07
15715,2021-06-20,紫茄子(2),3.51,6.0,45.989,6.07
15756,2021-06-21,紫茄子(2),3.49,6.0,10.301,6.070000000000001
15799,2021-06-22,紫茄子(2),3.39,6.0,21.121,6.07
15843,2021-06-23,紫茄子(2),3.66,6.0,12.075,6.07
15891,2021-06-24,紫茄子(2),3.72,6.0,12.025,6.07
15936,2021-06-25,紫茄子(2),3.7,7.0,7.422,6.070000000000001
15977,2021-06-26,紫茄子(2),3.7,7.0,17.437,6.07
16021,2021-06-27,紫茄子(2),4.38,7.0,25.737,6.07
16068,2021-06-28,紫茄子(2),4.48,7.0,13.068,6.069999999999999
16114,2021-06-29,紫茄子(2),4.33,7.0,9.901,6.07
16160,2021-06-30,紫茄子(2),4.16,7.0,13.325,6.07
16207,2021-07-01,紫茄子(2),4.2,7.0,11.809,6.07
16253,2021-07-02,紫茄子(2),4.23,6.0,9.264,6.07
16303,2021-07-03,紫茄子(2),4.15,6.0,27.547,6.07
16356,2021-07-04,紫茄子(2),3.63,6.0,26.443,6.07
16408,2021-07-05,紫茄子(2),3.35,6.0,16.489,6.070000000000001
16459,2021-07-06,紫茄子(2),3.3500000000000005,6.0,24.751,6.069999999999999
16508,2021-07-07,紫茄子(2),3.34,4.0,14.925,6.07
16555,2021-07-08,紫茄子(2),3.34,6.0,10.786,6.07
16603,2021-07-09,紫茄子(2),3.3300000000000005,6.0,7.859,6.07
16653,2021-07-10,紫茄子(2),2.74,6.0,25.902,6.07
16698,2021-07-11,紫茄子(2),3.48,6.0,13.242,6.069999999999999
16743,2021-07-12,紫茄子(2),3.51,6.0,15.085,6.07
16784,2021-07-13,紫茄子(2),3.54,6.0,19.233,6.07
16829,2021-07-14,紫茄子(2),3.67,6.0,7.158,6.07
16877,2021-07-15,紫茄子(2),3.67,6.0,5.602,6.070000000000001
16922,2021-07-16,紫茄子(2),3.81,6.0,31.006,6.07
16972,2021-07-17,紫茄子(2),3.9,7.0,12.408,6.070000000000001
17025,2021-07-18,紫茄子(2),3.95,7.0,13.471,6.07
17075,2021-07-19,紫茄子(2),4.5,8.0,4.913,6.070000000000001
17122,2021-07-20,紫茄子(2),4.9,8.0,7.87,6.069999999999999
17175,2021-07-21,紫茄子(2),5.38,9.0,11.917,6.069999999999999
17229,2021-07-22,紫茄子(2),5.65,10.0,13.299,6.07
17278,2021-07-23,紫茄子(2),6.29,10.0,11.135,6.070000000000001
17324,2021-07-24,紫茄子(2),6.93,10.0,15.704,6.07
17371,2021-07-25,紫茄子(2),6.989999999999999,10.0,18.164,6.07
17417,2021-07-26,紫茄子(2),6.89,10.0,12.088,6.07
17457,2021-07-27,紫茄子(2),6.58,10.0,7.581,6.07
17504,2021-07-28,紫茄子(2),6.56,10.0,8.694,6.07
17553,2021-07-29,紫茄子(2),6.54,10.0,4.95,6.070000000000001
17600,2021-07-30,紫茄子(2),6.28,10.0,11.91,6.07
17649,2021-07-31,紫茄子(2),6.41,10.0,13.355,6.07
17696,2021-08-01,紫茄子(2),6.519999999999999,10.0,2.4290000000000003,6.07
17740,2021-08-02,紫茄子(2),6.65,10.0,1.868,6.07
17786,2021-08-03,紫茄子(2),7.8,12.0,3.972,6.07
17832,2021-08-04,紫茄子(2),8.05,14.0,0.889,6.07
17876,2021-08-05,紫茄子(2),9.09,14.0,1.476,6.07
17923,2021-08-06,紫茄子(2),9.94,14.0,6.24,6.07
17969,2021-08-07,紫茄子(2),9.96,14.0,8.487,6.07
18014,2021-08-08,紫茄子(2),9.96,14.0,20.635,6.069999999999999
18057,2021-08-09,紫茄子(2),9.96,14.0,6.226,6.069999999999999
18101,2021-08-10,紫茄子(2),10.32,12.0,9.416,6.07
18145,2021-08-11,紫茄子(2),10.4,12.0,13.303,6.07
18190,2021-08-12,紫茄子(2),9.7,12.0,9.549,6.07
18238,2021-08-13,紫茄子(2),8.24,10.0,17.67,6.07
18284,2021-08-14,紫茄子(2),6.72,10.0,10.764,6.070000000000001
18326,2021-08-15,紫茄子(2),6.27,10.0,12.683,6.069999999999999
18367,2021-08-16,紫茄子(2),5.61,8.0,10.253,6.07
18410,2021-08-17,紫茄子(2),5.11,8.0,14.311,6.07
18451,2021-08-18,紫茄子(2),4.95,8.0,11.116,6.07
18494,2021-08-19,紫茄子(2),4.53,8.0,9.951,6.07
18540,2021-08-20,紫茄子(2),5.34,10.0,16.651,6.07
18588,2021-08-21,紫茄子(2),6.94,8.0,4.748,6.07
18632,2021-08-22,紫茄子(2),5.96,8.0,10.365,6.07
18675,2021-08-23,紫茄子(2),4.86,6.0,16.867,6.07
18719,2021-08-24,紫茄子(2),4.47,6.0,12.399,6.069999999999999
18764,2021-08-25,紫茄子(2),4.46,6.0,14.685,6.07
18807,2021-08-26,紫茄子(2),3.7599999999999993,7.0,18.435,6.07
18852,2021-08-27,紫茄子(2),4.11,6.0,21.884,6.07
18897,2021-08-28,紫茄子(2),4.0,6.0,17.454,6.07
18946,2021-08-29,紫茄子(2),4.38,6.0,14.885,6.07
18995,2021-08-30,紫茄子(2),4.63,7.0,28.11,6.069999999999999
19043,2021-08-31,紫茄子(2),4.7,7.0,27.659,6.07
19090,2021-09-01,紫茄子(2),4.95,8.0,16.144000000000002,6.07
19137,2021-09-02,紫茄子(2),4.95,8.0,9.374,6.07
19186,2021-09-03,紫茄子(2),5.2,8.0,7.877,6.07
19235,2021-09-04,紫茄子(2),5.62,8.0,10.931,6.070000000000001
19284,2021-09-05,紫茄子(2),5.6,8.0,15.744,6.07
19332,2021-09-06,紫茄子(2),5.15,8.0,9.923,6.07
19382,2021-09-07,紫茄子(2),5.37,8.0,11.446,6.070000000000001
19431,2021-09-08,紫茄子(2),5.81,8.0,10.841,6.07
19480,2021-09-09,紫茄子(2),5.9,8.0,6.847,6.070000000000001
19528,2021-09-10,紫茄子(2),5.38,8.0,4.749,6.070000000000001
19576,2021-09-11,紫茄子(2),5.35,8.0,16.671,6.07
19626,2021-09-12,紫茄子(2),5.24,8.0,21.835,6.069999999999999
19666,2021-09-13,紫茄子(2),4.84,7.0,11.436,6.069999999999999
19708,2021-09-14,紫茄子(2),4.54,7.0,12.416,6.07
19753,2021-09-15,紫茄子(2),4.41,7.0,8.894,6.07
19797,2021-09-16,紫茄子(2),3.76,7.0,1.423,6.07
19844,2021-09-17,紫茄子(2),3.65,7.0,6.711,6.07
