export/q3_2单品数据筛选.csv
,日期,单品名称,批发价格(元/千克)_否,销售单价(元/千克)_否,销量(千克)_否,损耗率(%)_否
19889,2021-09-18,紫茄子(2),3.8,7.0,2.543,6.07
19937,2021-09-19,紫茄子(2),3.5,7.0,2.745,6.07
19986,2021-09-20,紫茄子(2),3.76,7.0,4.024,6.07
20035,2021-09-21,紫茄子(2),3.75,7.0,1.94,6.07
20085,2021-09-22,紫茄子(2),4.2,7.0,0.589,6.07
20132,2021-09-23,紫茄子(2),3.9,7.0,1.537,6.07
20177,2021-09-24,紫茄子(2),4.25,7.0,1.7970000000000002,6.07
20219,2021-09-25,紫茄子(2),4.39,6.8,1.538,6.07
20259,2021-09-26,紫茄子(2),4.39,7.0,13.333,6.07
20299,2021-09-27,紫茄子(2),4.44,8.0,7.664,6.07
20337,2021-09-28,紫茄子(2),4.47,8.0,9.046,6.07
20379,2021-09-29,紫茄子(2),5.05,8.0,6.519,6.070000000000001
20415,2021-09-30,紫茄子(2),5.11,8.0,9.85,6.07
20453,2021-10-01,紫茄子(2),5.45,8.0,16.144,6.07
20487,2021-10-02,紫茄子(2),5.47,9.0,13.107,6.07
20525,2021-10-03,紫茄子(2),5.42,9.0,10.538,6.069999999999999
20561,2021-10-04,紫茄子(2),5.43,10.0,8.465,6.070000000000001
20599,2021-10-05,紫茄子(2),6.17,6.0,20.625,6.07
20639,2021-10-06,紫茄子(2),7.05,10.0,9.22,6.070000000000001
20677,2021-10-07,紫茄子(2),7.31,10.0,11.034,6.07
20715,2021-10-08,紫茄子(2),6.89,10.0,11.808,6.07
20752,2021-10-09,紫茄子(2),6.720000000000001,10.0,9.511,6.07
20789,2021-10-10,紫茄子(2),6.569999999999999,11.0,11.379,6.069999999999999
20825,2021-10-11,紫茄子(2),6.03,10.0,6.055,6.070000000000001
20862,2021-10-12,紫茄子(2),6.03,10.0,5.049,6.070000000000001
20899,2021-10-13,紫茄子(2),6.98,10.0,4.972,6.07
20935,2021-10-14,紫茄子(2),6.96,10.0,5.834,6.069999999999999
20974,2021-10-15,紫茄子(2),6.91,12.0,8.586,6.070000000000001
21016,2021-10-16,紫茄子(2),6.91,12.0,10.387,6.07
21057,2021-10-17,紫茄子(2),7.57,12.0,10.285,6.07
21098,2021-10-18,紫茄子(2),8.6,12.0,5.6690000000000005,6.070000000000001
21132,2021-10-19,紫茄子(2),8.6,10.0,6.073,6.07
21170,2021-10-20,紫茄子(2),8.61,10.0,5.402,6.070000000000001
21207,2021-10-21,紫茄子(2),7.59,12.0,5.46,6.069999999999999
21242,2021-10-22,紫茄子(2),7.13,12.0,3.446,6.07
21275,2021-10-23,紫茄子(2),7.14,12.0,6.506,6.07
21310,2021-10-24,紫茄子(2),7.12,12.0,3.989,6.07
21346,2021-10-25,紫茄子(2),7.12,12.0,4.181,6.07
21380,2021-10-26,紫茄子(2),7.96,12.0,4.868,6.070000000000001
21414,2021-10-27,紫茄子(2),8.0,12.0,4.189,6.070000000000001
21447,2021-10-28,紫茄子(2),8.0,12.0,1.824,6.07
21479,2021-10-29,紫茄子(2),7.85,10.0,8.421,6.07
21512,2021-10-30,紫茄子(2),7.6,10.0,7.902,6.07
21550,2021-10-31,紫茄子(2),7.6,10.0,2.922,6.07
21583,2021-11-01,紫茄子(2),7.05,10.0,6.547000000000001,6.07
21618,2021-11-02,紫茄子(2),6.6,10.0,8.816,6.07
21654,2021-11-03,紫茄子(2),6.6,10.0,1.195,6.07
21686,2021-11-04,紫茄子(2),6.45,10.0,9.147,6.07
21721,2021-11-05,紫茄子(2),6.459999999999999,10.0,5.07,6.07
21757,2021-11-06,紫茄子(2),6.45,10.0,8.483,6.07
21791,2021-11-07,紫茄子(2),6.45,10.0,9.577,6.07
21826,2021-11-08,紫茄子(2),6.8,12.0,10.193,6.07
21859,2021-11-09,紫茄子(2),6.840000000000001,12.0,3.419,6.07
21890,2021-11-10,紫茄子(2),6.83,12.0,2.634,6.07
21923,2021-11-11,紫茄子(2),7.05,12.0,2.409,6.07
21956,2021-11-12,紫茄子(2),7.27,12.0,6.062,6.069999999999999
21989,2021-11-13,紫茄子(2),7.23,10.0,7.782,6.07
22021,2021-11-14,紫茄子(2),7.17,10.0,7.37,6.070000000000001
22052,2021-11-15,紫茄子(2),6.69,10.0,5.001,6.07
22084,2021-11-16,紫茄子(2),5.96,10.0,0.994,6.07
22114,2021-11-17,紫茄子(2),5.96,10.0,4.939,6.07
22147,2021-11-18,紫茄子(2),5.96,10.0,1.877,6.07
22179,2021-11-19,紫茄子(2),5.96,10.0,4.276,6.07
22210,2021-11-20,紫茄子(2),6.06,10.0,4.809,6.07
22245,2021-11-21,紫茄子(2),6.12,10.0,13.986,6.07
22276,2021-11-22,紫茄子(2),6.39,10.0,6.64,6.07
22306,2021-11-23,紫茄子(2),5.1,10.0,2.14,6.07
22338,2021-11-24,紫茄子(2),5.59,10.0,3.363,6.07
22367,2021-11-25,紫茄子(2),5.59,10.0,1.858,6.07
22398,2021-11-26,紫茄子(2),5.59,10.0,3.685,6.07
22429,2021-11-27,紫茄子(2),5.42,9.0,9.088,6.07
22,2020-07-01,红薯尖,3.6,6.0,9.717,8.42
59,2020-07-02,红薯尖,3.6,6.0,11.821,8.42
95,2020-07-03,红薯尖,3.6,6.0,11.424,8.42
163,2020-07-05,红薯尖,3.6,6.0,55.159,8.42
199,2020-07-06,红薯尖,3.6,6.0,15.903,8.42
236,2020-07-07,红薯尖,3.6000000000000005,6.0,4.698,8.42
273,2020-07-08,红薯尖,3.6000000000000005,6.0,9.769,8.42
309,2020-07-09,红薯尖,3.6,6.0,19.198,8.42
345,2020-07-10,红薯尖,3.6,6.0,16.458,8.42
383,2020-07-11,红薯尖,3.6,6.0,13.347,8.42
421,2020-07-12,红薯尖,3.6,6.0,10.118,8.42
457,2020-07-13,红薯尖,3.6,6.0,12.424,8.42
494,2020-07-14,红薯尖,3.2,6.0,34.597,8.42
530,2020-07-15,红薯尖,3.2,6.0,15.134,8.42
567,2020-07-16,红薯尖,3.2,6.0,15.185,8.42
604,2020-07-17,红薯尖,3.2,6.0,15.016,8.42
641,2020-07-18,红薯尖,2.83,5.0,37.904,8.42
678,2020-07-19,红薯尖,2.8,5.0,10.538,8.42
713,2020-07-20,红薯尖,2.8,4.836538461538462,41.474,8.42
750,2020-07-21,红薯尖,2.8,5.0,19.28,8.42
787,2020-07-22,红薯尖,2.8,5.0,26.177,8.42
824,2020-07-23,红薯尖,2.8,5.0,27.991,8.42
861,2020-07-24,红薯尖,2.8,4.442424242424242,27.049,8.42
897,2020-07-25,红薯尖,2.8,5.0,13.096,8.42
934,2020-07-26,红薯尖,3.2,6.0,17.544,8.42
972,2020-07-27,红薯尖,3.6,6.0,12.675,8.42
1010,2020-07-28,红薯尖,3.6000000000000005,6.0,10.287,8.42
1047,2020-07-29,红薯尖,3.6,6.0,14.249,8.42
1082,2020-07-30,红薯尖,3.6,6.0,25.538,8.42
1118,2020-07-31,红薯尖,3.6,7.0,14.017,8.42
1157,2020-08-01,红薯尖,3.68,6.0,14.399,8.42
1199,2020-08-02,红薯尖,3.72,6.0,15.019,8.42
1242,2020-08-03,红薯尖,3.61,6.0,44.662,8.42
1283,2020-08-04,红薯尖,3.6,6.0,32.173,8.42
1323,2020-08-05,红薯尖,3.6,6.0,28.113,8.42
1367,2020-08-06,红薯尖,3.6,6.0,11.354,8.42
1410,2020-08-07,红薯尖,3.6,6.0,28.568,8.42
1456,2020-08-08,红薯尖,3.6,5.0,31.605,8.42
1500,2020-08-09,红薯尖,3.3,5.0,14.111,8.42
1539,2020-08-10,红薯尖,3.0,5.0,12.609,8.42
1579,2020-08-11,红薯尖,3.0,5.0,12.668,8.42
1618,2020-08-12,红薯尖,3.0,5.0,13.694,8.42
1655,2020-08-13,红薯尖,3.0,4.6,11.77,8.42
1696,2020-08-14,红薯尖,2.6,4.6,38.198,8.42
1739,2020-08-15,红薯尖,2.6,4.6,12.293,8.42
1779,2020-08-16,红薯尖,2.6,4.6,14.193,8.42
1818,2020-08-17,红薯尖,2.4199999999999995,4.391071428571428,48.775,8.42
1857,2020-08-18,红薯尖,2.4,4.0,15.756,8.42
1897,2020-08-19,红薯尖,2.4,4.0,12.616,8.42
1938,2020-08-20,红薯尖,2.4,4.0,13.896,8.42
1980,2020-08-21,红薯尖,2.4,4.0,12.239,8.42
2020,2020-08-22,红薯尖,2.4,4.0,14.353,8.42
2059,2020-08-23,红薯尖,2.4,4.0,12.208,8.42
2102,2020-08-24,红薯尖,2.4,4.0,14.677,8.42
2142,2020-08-25,红薯尖,1.6,4.0,12.466,8.42
2182,2020-08-26,红薯尖,2.4,4.0,49.081,8.42
2225,2020-08-27,红薯尖,1.16,4.0,11.583,8.42
2265,2020-08-28,红薯尖,1.73,4.0,12.69,8.42
2308,2020-08-29,红薯尖,2.4,4.0,12.865,8.42
2349,2020-08-30,红薯尖,2.4,4.0,13.771,8.42
2389,2020-08-31,红薯尖,2.4,4.0,7.361,8.42
2430,2020-09-01,红薯尖,2.2,4.0,12.714,8.42
2469,2020-09-02,红薯尖,2.16,4.0,10.427,8.42
2507,2020-09-03,红薯尖,2.61,4.0,24.651,8.42
2549,2020-09-04,红薯尖,2.4,4.0,13.013,8.42
2589,2020-09-05,红薯尖,2.4,4.0,12.764,8.42
2632,2020-09-06,红薯尖,2.4,4.0,14.451,8.42
2676,2020-09-07,红薯尖,2.4,4.0,10.582,8.42
2717,2020-09-08,红薯尖,2.17,4.0,10.0,8.42
2758,2020-09-09,红薯尖,2.4,4.0,9.122,8.42
2797,2020-09-10,红薯尖,2.4,4.0,4.95,8.42
2839,2020-09-11,红薯尖,1.98,4.0,10.882,8.42
2882,2020-09-12,红薯尖,1.86,4.0,9.451,8.42
2925,2020-09-13,红薯尖,2.4,3.6,13.459,8.42
2967,2020-09-14,红薯尖,2.0,3.6,6.429,8.42
3007,2020-09-15,红薯尖,2.0,3.6,7.064,8.42
3050,2020-09-16,红薯尖,2.0,3.6,11.448,8.42
3092,2020-09-17,红薯尖,2.0,3.6000000000000005,6.311999999999999,8.42
3137,2020-09-18,红薯尖,0.83,3.6,5.754,8.42
3179,2020-09-19,红薯尖,1.9,3.6,14.762,8.42
3222,2020-09-20,红薯尖,2.0,4.0,6.737,8.42
3262,2020-09-21,红薯尖,1.55,4.0,6.434,8.42
3305,2020-09-22,红薯尖,1.55,4.0,5.906,8.42
3348,2020-09-23,红薯尖,2.0,4.0,5.228,8.42
3394,2020-09-24,红薯尖,2.0,4.0,6.533,8.42
3444,2020-09-25,红薯尖,2.0,3.6,3.937,8.42
3493,2020-09-26,红薯尖,2.0,3.6,6.926,8.42
4249,2020-10-13,红薯尖,2.0,3.6,3.856,8.42
10361,2021-02-24,红薯尖,10.17,16.0,1.202,8.42
10406,2021-02-25,红薯尖,10.17,16.0,1.496,8.42
11161,2021-03-13,红薯尖,10.24,16.0,2.246,8.42
11210,2021-03-14,红薯尖,10.86,16.0,1.27,8.42
11253,2021-03-15,红薯尖,10.86,16.0,1.34,8.42
11300,2021-03-16,红薯尖,10.87,16.0,0.332,8.42
11345,2021-03-17,红薯尖,10.85,16.0,0.644,8.42
11393,2021-03-18,红薯尖,10.85,16.0,1.29,8.42
11443,2021-03-19,红薯尖,10.87,16.0,1.915,8.42
11488,2021-03-20,红薯尖,10.88,16.0,0.714,8.42
11539,2021-03-21,红薯尖,10.87,16.0,1.703,8.42
11585,2021-03-22,红薯尖,10.85,18.0,2.175,8.42
11632,2021-03-23,红薯尖,10.64,18.0,1.491,8.42
11677,2021-03-24,红薯尖,10.42,18.0,2.396,8.42
11723,2021-03-25,红薯尖,10.42,18.0,3.982,8.42
11771,2021-03-26,红薯尖,10.08,16.0,7.929,8.42
11818,2021-03-27,红薯尖,10.18,16.0,5.287,8.42
11866,2021-03-28,红薯尖,10.5,16.0,5.157,8.42
11914,2021-03-29,红薯尖,10.48,18.0,6.369,8.42
11960,2021-03-30,红薯尖,10.43,18.0,4.233,8.42
12003,2021-03-31,红薯尖,11.73,19.8,5.552,8.42
12048,2021-04-01,红薯尖,12.9,19.8,4.217,8.42
12102,2021-04-02,红薯尖,12.88,14.0,4.443,8.42
12151,2021-04-03,红薯尖,12.63,14.0,4.973,8.42
12203,2021-04-04,红薯尖,9.0,14.0,4.671,8.42
12249,2021-04-05,红薯尖,9.0,14.0,3.606,8.42
12291,2021-04-06,红薯尖,9.0,14.0,1.231,8.42
12338,2021-04-07,红薯尖,9.0,14.0,3.641,8.42
12382,2021-04-08,红薯尖,9.0,14.0,1.673,8.42
12430,2021-04-09,红薯尖,10.9,16.0,4.652,8.42
12477,2021-04-10,红薯尖,11.86,18.0,4.656000000000001,8.42
12520,2021-04-11,红薯尖,11.97,18.0,4.135,8.42
12562,2021-04-12,红薯尖,11.67,16.0,4.876,8.42
12607,2021-04-13,红薯尖,10.17,16.0,2.829,8.42
12653,2021-04-14,红薯尖,10.83,16.0,3.267,8.42
12701,2021-04-15,红薯尖,10.63,16.0,2.823,8.42
12748,2021-04-16,红薯尖,10.6,16.0,0.726,8.42
12798,2021-04-17,红薯尖,10.6,16.0,3.962,8.42
12847,2021-04-18,红薯尖,10.6,16.0,4.149,8.42
12897,2021-04-19,红薯尖,10.6,16.0,2.279,8.42
12943,2021-04-20,红薯尖,10.6,16.0,3.934,8.42
13032,2021-04-22,红薯尖,10.55,16.0,4.343999999999999,8.42
13078,2021-04-23,红薯尖,10.4,16.0,6.216,8.42
13128,2021-04-24,红薯尖,10.0,16.0,6.404,8.42
13173,2021-04-25,红薯尖,10.0,16.0,7.26,8.42
13222,2021-04-26,红薯尖,10.0,16.0,3.412,8.42
13266,2021-04-27,红薯尖,10.0,16.0,2.053,8.42
13312,2021-04-28,红薯尖,10.0,16.0,1.96,8.42
13358,2021-04-29,红薯尖,10.0,16.0,2.372,8.42
13406,2021-04-30,红薯尖,10.0,12.0,6.186,8.42
13453,2021-05-01,红薯尖,9.08,12.0,5.852,8.42
13498,2021-05-02,红薯尖,8.6,12.0,7.0120000000000005,8.42
13540,2021-05-03,红薯尖,10.0,12.0,4.984,8.42
13584,2021-05-04,红薯尖,8.6,12.0,12.234,8.42
13630,2021-05-05,红薯尖,8.6,12.0,10.767,8.42
13674,2021-05-06,红薯尖,8.6,12.0,11.514,8.42
13720,2021-05-07,红薯尖,8.6,12.0,5.975,8.42
13766,2021-05-08,红薯尖,8.6,12.0,9.909,8.42
13813,2021-05-09,红薯尖,8.45,12.0,8.114,8.42
13859,2021-05-10,红薯尖,7.52,8.0,12.861,8.42
13900,2021-05-11,红薯尖,5.840000000000001,8.0,18.41,8.42
13946,2021-05-12,红薯尖,5.4,8.0,6.026,8.42
13990,2021-05-13,红薯尖,5.4,8.0,7.757,8.42
14036,2021-05-14,红薯尖,5.4,8.0,6.996,8.42
14084,2021-05-15,红薯尖,5.4,8.0,12.195,8.42
14127,2021-05-16,红薯尖,4.85,8.0,14.063,8.42
14169,2021-05-17,红薯尖,5.18,8.0,7.072,8.42
14213,2021-05-18,红薯尖,5.07,8.0,7.031,8.42
14254,2021-05-19,红薯尖,4.81,8.0,11.882,8.42
14301,2021-05-20,红薯尖,4.8,8.0,7.259,8.42
14346,2021-05-21,红薯尖,4.8,8.0,6.556,8.42
14391,2021-05-22,红薯尖,4.66,7.0,7.539,8.42
14436,2021-05-23,红薯尖,4.8,7.0,7.252,8.42
14479,2021-05-24,红薯尖,5.21,7.0,10.892,8.42
14525,2021-05-25,红薯尖,5.29,8.0,8.147,8.42
14567,2021-05-26,红薯尖,6.0,8.0,11.267,8.42
14613,2021-05-27,红薯尖,6.0,8.0,7.721,8.42
14656,2021-05-28,红薯尖,6.0,8.0,9.164,8.42
14701,2021-05-29,红薯尖,6.0,8.0,7.919,8.42
14746,2021-05-30,红薯尖,6.0,8.0,11.657,8.42
14792,2021-05-31,红薯尖,6.0,8.0,13.149,8.42
14837,2021-06-01,红薯尖,6.0,8.0,7.898000000000001,8.42
14886,2021-06-02,红薯尖,6.0,8.0,8.597,8.42
14933,2021-06-03,红薯尖,5.12,6.6,7.904,8.42
14980,2021-06-04,红薯尖,4.6,6.599999999999999,8.177,8.42
15027,2021-06-05,红薯尖,4.6,6.6,18.972,8.42
15074,2021-06-06,红薯尖,4.6,6.0,14.434,8.42
15120,2021-06-07,红薯尖,4.07,5.6,6.72,8.42
15164,2021-06-08,红薯尖,4.0,5.6,6.578,8.42
15212,2021-06-09,红薯尖,3.64,5.6,13.351,8.42
15263,2021-06-10,红薯尖,3.6,5.599999999999999,9.128,8.42
15312,2021-06-11,红薯尖,3.6,5.0,10.243,8.42
15362,2021-06-12,红薯尖,3.47,5.0,14.296,8.42
15411,2021-06-13,红薯尖,3.2,4.0,15.577,8.42
15456,2021-06-14,红薯尖,2.6,4.0,14.145,8.42
15503,2021-06-15,红薯尖,2.6000000000000005,4.0,20.003,8.42
15547,2021-06-16,红薯尖,2.05,4.0,16.203,8.42
15589,2021-06-17,红薯尖,2.01,4.0,14.551,8.42
15630,2021-06-18,红薯尖,2.0,4.0,7.511,8.42
15675,2021-06-19,红薯尖,2.0,4.0,22.159,8.42
15720,2021-06-20,红薯尖,2.0,4.0,28.801,8.42
15760,2021-06-21,红薯尖,2.0,4.0,13.469,8.42
15803,2021-06-22,红薯尖,2.0,4.0,14.422,8.42
15847,2021-06-23,红薯尖,2.0,4.0,14.928,8.42
15895,2021-06-24,红薯尖,2.0,4.0,14.22,8.42
15940,2021-06-25,红薯尖,2.0,4.0,14.475,8.42
15981,2021-06-26,红薯尖,2.0,4.0,0.98,8.42
16025,2021-06-27,红薯尖,2.0,4.0,21.86,8.42
16072,2021-06-28,红薯尖,2.0,4.0,12.989,8.42
16118,2021-06-29,红薯尖,2.0,4.0,13.342,8.42
16164,2021-06-30,红薯尖,2.0,4.0,17.014,8.42
16211,2021-07-01,红薯尖,2.0,4.0,14.022,8.42
16257,2021-07-02,红薯尖,2.0,4.0,12.893,8.42
16308,2021-07-03,红薯尖,2.0,4.0,27.824,8.42
16361,2021-07-04,红薯尖,2.0,4.0,19.274,8.42
16413,2021-07-05,红薯尖,2.0,4.0,10.329,8.42
16463,2021-07-06,红薯尖,2.0,4.0,17.112000000000002,8.42
16513,2021-07-07,红薯尖,2.0,4.0,10.631,8.42
16560,2021-07-08,红薯尖,2.0,4.0,10.251,8.42
16608,2021-07-09,红薯尖,2.0,4.0,3.945,8.42
16657,2021-07-10,红薯尖,2.0,4.0,16.937,8.42
16702,2021-07-11,红薯尖,2.0,4.0,16.712,8.42
16748,2021-07-12,红薯尖,2.0,4.0,6.431,8.42
16788,2021-07-13,红薯尖,2.0,4.0,7.614,8.42
16832,2021-07-14,红薯尖,2.0,4.0,12.415,8.42
16881,2021-07-15,红薯尖,2.0,4.0,11.462,8.42
16927,2021-07-16,红薯尖,2.0,4.0,14.499,8.42
16977,2021-07-17,红薯尖,2.0,4.0,12.618,8.42
17030,2021-07-18,红薯尖,2.0,4.0,13.693,8.42
17079,2021-07-19,红薯尖,2.0,4.0,14.242,8.42
17129,2021-07-20,红薯尖,2.0,4.0,5.151,8.42
17180,2021-07-21,红薯尖,2.0,4.0,4.799,8.42
17234,2021-07-22,红薯尖,2.0,4.0,12.338,8.42
17283,2021-07-23,红薯尖,2.0,4.0,7.085,8.42
17329,2021-07-24,红薯尖,2.0,4.0,13.366,8.42
17376,2021-07-25,红薯尖,2.0,4.0,18.07,8.42
17420,2021-07-26,红薯尖,2.0,3.4,12.202,8.42
17461,2021-07-27,红薯尖,2.0,3.4,20.714,8.42
17508,2021-07-28,红薯尖,2.0,3.4,6.104,8.42
17557,2021-07-29,红薯尖,2.0,3.4,4.195,8.42
17604,2021-07-30,红薯尖,2.0,4.0,7.905,8.42
17653,2021-07-31,红薯尖,2.0,4.0,13.308,8.42
17700,2021-08-01,红薯尖,2.0,4.0,15.51,8.42
17744,2021-08-02,红薯尖,2.0,4.0,12.4,8.42
17790,2021-08-03,红薯尖,2.0,4.0,12.98,8.42
17836,2021-08-04,红薯尖,2.0,4.0,14.397,8.42
17880,2021-08-05,红薯尖,2.0,4.0,11.064,8.42
17927,2021-08-06,红薯尖,2.0,4.0,4.875,8.42
17972,2021-08-07,红薯尖,2.0,4.0,7.123,8.42
18017,2021-08-08,红薯尖,2.0,4.0,7.45,8.42
18060,2021-08-09,红薯尖,2.0,4.0,6.541,8.42
18104,2021-08-10,红薯尖,2.0,4.0,14.322,8.42
18148,2021-08-11,红薯尖,2.0,4.0,7.224,8.42
18193,2021-08-12,红薯尖,2.0,4.0,11.47,8.42
18242,2021-08-13,红薯尖,2.0,4.0,13.559,8.42
18287,2021-08-14,红薯尖,2.0,4.0,14.474,8.42
18329,2021-08-15,红薯尖,2.0,4.0,12.604,8.42
18370,2021-08-16,红薯尖,2.0,4.0,8.841000000000001,8.42
18413,2021-08-17,红薯尖,2.0,4.0,10.885,8.42
18454,2021-08-18,红薯尖,2.0,4.0,12.226,8.42
18497,2021-08-19,红薯尖,2.0,4.0,6.109,8.42
18544,2021-08-20,红薯尖,2.0,4.0,9.927,8.42
18592,2021-08-21,红薯尖,2.0,4.0,17.531,8.42
18636,2021-08-22,红薯尖,2.0,4.0,9.017,8.42
18678,2021-08-23,红薯尖,2.0,4.0,7.804,8.42
18723,2021-08-24,红薯尖,2.0,4.0,6.390000000000001,8.42
18767,2021-08-25,红薯尖,2.72,8.0,3.72,8.42
18811,2021-08-26,红薯尖,3.88,6.0,6.713,8.42
18855,2021-08-27,红薯尖,4.51,6.0,7.184,8.42
18901,2021-08-28,红薯尖,4.64,7.0,5.015,8.42
18950,2021-08-29,红薯尖,4.13,5.0,7.402,8.42
18999,2021-08-30,红薯尖,3.33,5.0,3.044,8.42
19047,2021-08-31,红薯尖,3.3399999999999994,5.0,6.833,8.42
19094,2021-09-01,红薯尖,3.29,5.0,6.453,8.42
19141,2021-09-02,红薯尖,2.8,5.0,4.093,8.42
19190,2021-09-03,红薯尖,2.8,5.0,3.205,8.42
19239,2021-09-04,红薯尖,2.8,5.0,5.846,8.42
19288,2021-09-05,红薯尖,2.8,5.0,5.788,8.42
19336,2021-09-06,红薯尖,2.8,5.0,5.604,8.42
19385,2021-09-07,红薯尖,2.8,5.0,5.766,8.42
19435,2021-09-08,红薯尖,2.8,5.0,6.17,8.42
19484,2021-09-09,红薯尖,2.8,5.0,4.88,8.42
19532,2021-09-10,红薯尖,2.8,5.0,7.42,8.42
19580,2021-09-11,红薯尖,2.8,5.0,6.736,8.42
19669,2021-09-13,红薯尖,2.7999999999999994,6.0,5.973,8.42
19711,2021-09-14,红薯尖,2.8,5.0,6.05,8.42
19756,2021-09-15,红薯尖,2.8,5.0,4.94,8.42
19800,2021-09-16,红薯尖,2.49,4.0,6.24,8.42
19847,2021-09-17,红薯尖,2.4,4.0,6.7170000000000005,8.42
19892,2021-09-18,红薯尖,2.87,5.0,5.402,8.42
19941,2021-09-19,红薯尖,2.77,6.0,6.242,8.42
19990,2021-09-20,红薯尖,2.0,5.0,6.331,8.42
20039,2021-09-21,红薯尖,2.0,4.0,6.894,8.42
20089,2021-09-22,红薯尖,2.0,4.0,6.441,8.42
20136,2021-09-23,红薯尖,2.0,4.0,5.33,8.42
20181,2021-09-24,红薯尖,2.0,3.6,3.4290000000000003,8.42
20223,2021-09-25,红薯尖,2.0,3.6,8.149,8.42
20262,2021-09-26,红薯尖,2.0,4.0,6.263,8.42
20303,2021-09-27,红薯尖,2.0,4.0,3.5620000000000003,8.42
20341,2021-09-28,红薯尖,2.0,4.0,5.836,8.42
20383,2021-09-29,红薯尖,2.0,4.0,3.714,8.42
20418,2021-09-30,红薯尖,2.0,4.0,7.301,8.42
20456,2021-10-01,红薯尖,2.0,4.0,6.566,8.42
20490,2021-10-02,红薯尖,2.0,4.0,6.114,8.42
20529,2021-10-03,红薯尖,1.64,4.0,5.102,8.42
20565,2021-10-04,红薯尖,2.0,4.0,7.024,8.42
20603,2021-10-05,红薯尖,2.0,4.0,5.9590000000000005,8.42
20643,2021-10-06,红薯尖,2.0,4.0,7.654,8.42
20681,2021-10-07,红薯尖,2.0,4.0,6.1370000000000005,8.42
20719,2021-10-08,红薯尖,2.0,4.0,5.456,8.42
20756,2021-10-09,红薯尖,2.0,4.0,5.48,8.42
20793,2021-10-10,红薯尖,2.0,4.0,7.098,8.42
20828,2021-10-11,红薯尖,2.0,4.0,2.4,8.42
20865,2021-10-12,红薯尖,2.0,4.0,3.612,8.42
20902,2021-10-13,红薯尖,2.0,4.0,6.441,8.42
20938,2021-10-14,红薯尖,2.0,4.0,3.411,8.42
20979,2021-10-15,红薯尖,2.0,4.0,5.4830000000000005,8.42
21020,2021-10-16,红薯尖,2.0,4.0,7.047,8.42
21062,2021-10-17,红薯尖,2.0,4.0,6.844,8.42
21102,2021-10-18,红薯尖,2.0,4.0,4.016,8.42
21137,2021-10-19,红薯尖,2.0,4.0,5.177,8.42
21175,2021-10-20,红薯尖,2.0,4.0,5.253,8.42
21211,2021-10-21,红薯尖,2.0,4.0,4.648,8.42
21246,2021-10-22,红薯尖,2.0,4.0,2.931,8.42
21280,2021-10-23,红薯尖,2.0,4.0,3.739,8.42
21314,2021-10-24,红薯尖,2.0,4.0,2.121,8.42
21350,2021-10-25,红薯尖,2.0,4.0,3.132,8.42
21384,2021-10-26,红薯尖,2.0,4.0,4.066,8.42
21418,2021-10-27,红薯尖,2.0,4.0,4.0920000000000005,8.42
21451,2021-10-28,红薯尖,2.0,4.0,2.627,8.42
21482,2021-10-29,红薯尖,2.0,4.0,0.909,8.42
21515,2021-10-30,红薯尖,2.0,4.0,2.401,8.42
21553,2021-10-31,红薯尖,2.0,4.0,2.021,8.42
21585,2021-11-01,红薯尖,2.0,4.0,0.833,8.42
21621,2021-11-02,红薯尖,2.0,4.0,1.642,8.42
21656,2021-11-03,红薯尖,2.0,4.0,0.708,8.42
21689,2021-11-04,红薯尖,2.0,4.0,2.072,8.42
21724,2021-11-05,红薯尖,2.0,4.0,1.818,8.42
21759,2021-11-06,红薯尖,2.0,4.0,4.015,8.42
21828,2021-11-08,红薯尖,2.0,4.0,1.187,8.42
21861,2021-11-09,红薯尖,4.39,4.0,0.354,8.42
21892,2021-11-10,红薯尖,5.54,4.0,0.656,8.42
21925,2021-11-11,红薯尖,5.54,4.0,0.429,8.42
