export/q3_2单品数据筛选.csv
,日期,单品名称,批发价格(元/千克)_否,销售单价(元/千克)_否,销量(千克)_否,损耗率(%)_否
23,2020-07-01,苋菜,3.88,6.0,6.841,18.52
60,2020-07-02,苋菜,3.93,6.0,8.112,18.52
96,2020-07-03,苋菜,3.57,6.0,7.694,18.52
164,2020-07-05,苋菜,3.48,6.0,6.021,18.52
200,2020-07-06,苋菜,3.35,6.0,5.854,18.52
237,2020-07-07,苋菜,3.26,6.0,8.062,18.52
274,2020-07-08,苋菜,3.24,6.0,9.079,18.52
310,2020-07-09,苋菜,3.0800000000000005,5.0,9.78,18.52
346,2020-07-10,苋菜,2.41,5.0,5.964,18.52
384,2020-07-11,苋菜,2.38,5.0,6.788,18.52
422,2020-07-12,苋菜,2.39,5.0,7.087,18.52
605,2020-07-17,苋菜,3.26,5.0,4.9190000000000005,18.52
642,2020-07-18,苋菜,3.22,5.0,5.582,18.52
751,2020-07-21,苋菜,3.37,6.0,7.761,18.52
788,2020-07-22,苋菜,3.5,6.0,3.143,18.52
825,2020-07-23,苋菜,4.26,7.599999999999999,4.5,18.52
898,2020-07-25,苋菜,4.22,7.0,5.676,18.52
935,2020-07-26,苋菜,4.23,7.0,7.278,18.52
973,2020-07-27,苋菜,4.23,7.0,4.67,18.52
1011,2020-07-28,苋菜,4.28,7.0,6.548,18.52
1119,2020-07-31,苋菜,4.38,8.0,3.271,18.52
1158,2020-08-01,苋菜,4.78,8.0,11.704,18.52
1200,2020-08-02,苋菜,5.48,9.0,7.237,18.52
1243,2020-08-03,苋菜,5.61,8.0,6.691,18.52
1284,2020-08-04,苋菜,4.21,8.0,5.99,18.52
1324,2020-08-05,苋菜,4.21,8.0,9.663,18.52
1368,2020-08-06,苋菜,4.26,7.0,7.152,18.52
1411,2020-08-07,苋菜,4.02,7.0,4.226,18.52
1457,2020-08-08,苋菜,3.85,7.0,8.902,18.52
1501,2020-08-09,苋菜,3.92,7.0,5.702,18.52
1540,2020-08-10,苋菜,4.21,7.0,8.082,18.52
1580,2020-08-11,苋菜,4.11,6.0,9.7,18.52
1656,2020-08-13,苋菜,3.81,5.6,8.675,18.52
1697,2020-08-14,苋菜,2.84,5.0,5.121,18.52
1740,2020-08-15,苋菜,2.81,5.0,10.02,18.52
1780,2020-08-16,苋菜,2.65,5.0,6.106,18.52
1819,2020-08-17,苋菜,2.81,5.0,9.419,18.52
1858,2020-08-18,苋菜,2.8999999999999995,5.0,5.442,18.52
1898,2020-08-19,苋菜,2.86,5.0,8.291,18.52
1939,2020-08-20,苋菜,2.65,5.0,8.514,18.52
1981,2020-08-21,苋菜,2.65,5.0,8.336,18.52
2021,2020-08-22,苋菜,2.75,5.0,8.212,18.52
2060,2020-08-23,苋菜,2.8500000000000005,5.0,6.385,18.52
2103,2020-08-24,苋菜,2.24,5.0,4.958,18.52
2143,2020-08-25,苋菜,3.36,5.6,8.962,18.52
2183,2020-08-26,苋菜,3.96,6.0,7.676,18.52
2226,2020-08-27,苋菜,3.13,6.0,7.073,18.52
2266,2020-08-28,苋菜,3.21,6.0,4.834,18.52
2309,2020-08-29,苋菜,2.51,6.0,8.93,18.52
2350,2020-08-30,苋菜,2.86,6.0,7.743,18.52
2390,2020-08-31,苋菜,2.86,6.0,4.515,18.52
2431,2020-09-01,苋菜,2.84,6.0,6.254,18.52
2470,2020-09-02,苋菜,2.86,5.0,5.843,18.52
2508,2020-09-03,苋菜,2.82,4.6,5.328,18.52
2550,2020-09-04,苋菜,1.94,4.6,5.809,18.52
2591,2020-09-05,苋菜,2.42,3.6000000000000005,10.926,18.52
2634,2020-09-06,苋菜,1.82,4.6,7.1,18.52
2678,2020-09-07,苋菜,2.41,4.6,3.058,18.52
2719,2020-09-08,苋菜,2.38,4.6,3.145,18.52
2760,2020-09-09,苋菜,2.39,4.6,6.442,18.52
2799,2020-09-10,苋菜,2.4,4.6,4.4990000000000006,18.52
2840,2020-09-11,苋菜,2.47,4.6,5.089,18.52
2885,2020-09-12,苋菜,2.65,4.6,6.551,18.52
2926,2020-09-13,苋菜,2.64,4.6,6.311,18.52
2968,2020-09-14,苋菜,3.22,5.6,6.918,18.52
3008,2020-09-15,苋菜,3.67,5.599999999999999,4.678,18.52
3051,2020-09-16,苋菜,4.09,5.599999999999999,2.741,18.52
3093,2020-09-17,苋菜,3.6,5.0,4.6,18.52
3138,2020-09-18,苋菜,2.65,5.0,4.078,18.52
3180,2020-09-19,苋菜,2.6499999999999995,5.0,4.798,18.52
3223,2020-09-20,苋菜,2.03,6.0,6.469,18.52
3263,2020-09-21,苋菜,0.8,6.0,5.234999999999999,18.52
3349,2020-09-23,苋菜,2.68,6.0,5.636,18.52
3395,2020-09-24,苋菜,6.13,10.0,3.919,18.52
3445,2020-09-25,苋菜,4.74,8.0,2.519,18.52
3494,2020-09-26,苋菜,3.84,6.0,3.512,18.52
3634,2020-09-29,苋菜,2.88,4.0,6.912,18.52
8721,2021-01-18,苋菜,8.14,14.0,2.01,18.52
8770,2021-01-19,苋菜,8.14,14.0,0.494,18.52
8914,2021-01-22,苋菜,8.14,14.0,4.106,18.52
9054,2021-01-25,苋菜,7.12,12.0,1.586,18.52
9101,2021-01-26,苋菜,7.13,12.0,0.693,18.52
9240,2021-01-29,苋菜,7.12,10.0,2.685,18.52
9286,2021-01-30,苋菜,7.13,10.0,4.911,18.52
9386,2021-02-01,苋菜,7.15,12.0,0.751,18.52
9432,2021-02-02,苋菜,7.15,12.0,2.654,18.52
9530,2021-02-04,苋菜,7.03,12.0,4.866,18.52
9579,2021-02-05,苋菜,7.03,12.0,1.561,18.52
9630,2021-02-06,苋菜,7.03,14.0,0.579,18.52
9681,2021-02-07,苋菜,7.04,14.0,1.137,18.52
9784,2021-02-09,苋菜,8.05,14.0,3.878,18.52
9834,2021-02-10,苋菜,8.11,14.0,3.799,18.52
9879,2021-02-13,苋菜,8.12,14.0,1.509,18.52
10094,2021-02-18,苋菜,7.62,14.0,1.696,18.52
10137,2021-02-19,苋菜,7.330000000000001,12.0,2.254,18.52
10181,2021-02-20,苋菜,7.34,12.0,2.145,18.52
10537,2021-02-28,苋菜,12.830000000000002,16.0,5.902,18.52
10587,2021-03-01,苋菜,12.83,16.0,3.059,18.52
10635,2021-03-02,苋菜,12.69,16.0,1.22,18.52
10730,2021-03-04,苋菜,12.5,16.0,2.63,18.52
10772,2021-03-05,苋菜,12.5,16.0,1.17,18.52
10821,2021-03-06,苋菜,12.07,16.0,7.346999999999999,18.52
10921,2021-03-08,苋菜,11.17,16.0,5.281,18.52
10968,2021-03-09,苋菜,11.82,16.0,0.325,18.52
11111,2021-03-12,苋菜,12.46,14.0,3.391,18.52
11164,2021-03-13,苋菜,12.46,14.0,2.153,18.52
11213,2021-03-14,苋菜,7.7,14.0,6.154,18.52
11256,2021-03-15,苋菜,7.7,12.0,2.204,18.52
11302,2021-03-16,苋菜,7.7,12.0,0.601,18.52
11348,2021-03-17,苋菜,4.72,6.0,7.977,18.52
11396,2021-03-18,苋菜,4.33,6.0,5.987,18.52
11446,2021-03-19,苋菜,4.14,6.0,9.668,18.52
11491,2021-03-20,苋菜,3.84,6.0,11.557,18.52
11542,2021-03-21,苋菜,3.64,7.0,7.952,18.52
11588,2021-03-22,苋菜,4.47,8.0,2.694,18.52
11635,2021-03-23,苋菜,5.72,9.0,3.955,18.52
11680,2021-03-24,苋菜,5.91,9.0,4.733,18.52
11726,2021-03-25,苋菜,6.23,9.0,8.131,18.52
11774,2021-03-26,苋菜,6.31,10.0,9.155,18.52
11821,2021-03-27,苋菜,6.32,10.0,15.321,18.52
11869,2021-03-28,苋菜,6.33,10.0,5.975,18.52
11917,2021-03-29,苋菜,5.32,6.0,10.385,18.52
11963,2021-03-30,苋菜,4.24,5.6,9.375,18.52
12051,2021-04-01,苋菜,4.13,5.0,11.063,18.52
12105,2021-04-02,苋菜,3.85,5.0,12.386,18.52
12154,2021-04-03,苋菜,3.4900000000000007,5.0,11.106,18.52
12205,2021-04-04,苋菜,3.84,5.0,20.182,18.52
12251,2021-04-05,苋菜,4.31,4.0,23.925,18.52
12293,2021-04-06,苋菜,4.57,4.0,6.71,18.52
12341,2021-04-07,苋菜,4.86,7.0,11.649,18.52
12386,2021-04-08,苋菜,4.86,8.0,7.607,18.52
12433,2021-04-09,苋菜,5.39,8.0,5.701,18.52
12479,2021-04-10,苋菜,5.69,9.0,8.901,18.52
12523,2021-04-11,苋菜,5.84,10.0,13.722,18.52
12566,2021-04-12,苋菜,6.03,9.0,8.511,18.52
12610,2021-04-13,苋菜,4.1,6.0,15.114,18.52
12656,2021-04-14,苋菜,3.14,6.0,9.114,18.52
12703,2021-04-15,苋菜,2.83,4.6,9.63,18.52
12751,2021-04-16,苋菜,2.7900000000000005,4.0,10.302,18.52
12801,2021-04-17,苋菜,2.77,4.0,15.125,18.52
12850,2021-04-18,苋菜,2.73,4.0,15.83,18.52
12900,2021-04-19,苋菜,2.56,4.0,12.212,18.52
12946,2021-04-20,苋菜,2.58,3.4,17.811,18.52
12990,2021-04-21,苋菜,2.56,3.4,16.568,18.52
13035,2021-04-22,苋菜,2.54,3.4,22.427,18.52
13081,2021-04-23,苋菜,2.57,3.4,11.747,18.52
13131,2021-04-24,苋菜,2.8,4.0,35.954,18.52
13176,2021-04-25,苋菜,2.88,4.0,22.966,18.52
13225,2021-04-26,苋菜,2.96,4.0,16.483,18.52
13269,2021-04-27,苋菜,3.37,5.0,9.899,18.52
13315,2021-04-28,苋菜,3.44,6.0,2.223,18.52
13361,2021-04-29,苋菜,4.28,7.0,1.533,18.52
13409,2021-04-30,苋菜,4.41,7.0,4.055,18.52
13456,2021-05-01,苋菜,4.8,7.0,12.303,18.52
13501,2021-05-02,苋菜,4.81,7.0,15.746,18.52
13543,2021-05-03,苋菜,5.0,6.0,8.262,18.52
13587,2021-05-04,苋菜,3.84,5.0,10.764,18.52
13633,2021-05-05,苋菜,3.45,5.0,20.846,18.52
13677,2021-05-06,苋菜,3.44,5.0,6.627,18.52
13723,2021-05-07,苋菜,3.39,5.0,13.977,18.520000000000003
13769,2021-05-08,苋菜,3.18,4.0,22.311,18.52
13816,2021-05-09,苋菜,2.16,3.4,31.448,18.52
13862,2021-05-10,苋菜,2.17,2.8,15.654,18.52
13903,2021-05-11,苋菜,1.99,2.8,11.911,18.52
13948,2021-05-12,苋菜,2.06,3.4,15.356,18.52
13993,2021-05-13,苋菜,2.19,4.0,14.548,18.52
14038,2021-05-14,苋菜,2.17,4.0,6.936,18.52
14086,2021-05-15,苋菜,2.2,4.0,9.325,18.52
14130,2021-05-16,苋菜,1.88,3.0,9.7,18.52
14172,2021-05-17,苋菜,1.93,3.0,10.001,18.52
14215,2021-05-18,苋菜,1.99,3.4,11.981,18.52
14257,2021-05-19,苋菜,2.19,3.4,10.71,18.52
14304,2021-05-20,苋菜,2.21,4.0,9.549,18.52
14394,2021-05-22,苋菜,2.21,5.0,9.562,18.52
14439,2021-05-23,苋菜,2.21,5.0,13.11,18.52
14482,2021-05-24,苋菜,2.58,4.0,8.066,18.52
14527,2021-05-25,苋菜,2.42,4.0,11.71,18.52
14570,2021-05-26,苋菜,2.37,3.4,17.898,18.52
14616,2021-05-27,苋菜,2.37,3.4,15.858,18.52
14659,2021-05-28,苋菜,2.39,4.0,12.108,18.52
14704,2021-05-29,苋菜,2.38,4.0,15.854,18.52
14749,2021-05-30,苋菜,2.38,4.0,16.709,18.52
14795,2021-05-31,苋菜,2.37,4.0,8.621,18.52
14840,2021-06-01,苋菜,2.37,4.0,17.539,18.52
14888,2021-06-02,苋菜,2.37,3.4,11.538,18.52
14935,2021-06-03,苋菜,2.24,3.2,13.241,18.52
14983,2021-06-04,苋菜,2.04,3.2,7.485,18.52
15030,2021-06-05,苋菜,2.1,3.2,17.076,18.52
15077,2021-06-06,苋菜,2.17,3.2,26.891,18.52
15123,2021-06-07,苋菜,2.0,3.2,8.712,18.52
15167,2021-06-08,苋菜,2.0,3.2,7.673,18.52
15215,2021-06-09,苋菜,1.99,3.6,7.989,18.52
15266,2021-06-10,苋菜,2.0,3.6,5.42,18.52
15315,2021-06-11,苋菜,2.01,3.6,4.136,18.52
15365,2021-06-12,苋菜,2.03,3.6000000000000005,10.225,18.52
15414,2021-06-13,苋菜,1.98,3.0,10.437,18.52
15459,2021-06-14,苋菜,1.61,3.0,10.47,18.52
15506,2021-06-15,苋菜,1.63,3.0,9.868,18.52
15550,2021-06-16,苋菜,1.62,3.0,6.646,18.52
15591,2021-06-17,苋菜,1.6,3.0,8.893,18.52
15633,2021-06-18,苋菜,1.6,3.0,8.054,18.52
15678,2021-06-19,苋菜,1.6200000000000003,3.0,9.363,18.52
15723,2021-06-20,苋菜,1.62,2.6,7.441,18.52
15763,2021-06-21,苋菜,1.52,3.0,9.665,18.52
15806,2021-06-22,苋菜,1.51,3.0,10.034,18.52
15851,2021-06-23,苋菜,1.63,3.0,9.965,18.52
15899,2021-06-24,苋菜,1.8500000000000003,3.0,7.651,18.52
15942,2021-06-25,苋菜,1.85,3.0,10.74,18.52
15984,2021-06-26,苋菜,1.82,4.0,14.398,18.52
16028,2021-06-27,苋菜,1.8,4.0,7.162,18.52
16075,2021-06-28,苋菜,1.8,4.0,8.217,18.52
16121,2021-06-29,苋菜,1.82,4.0,5.857,18.52
16167,2021-06-30,苋菜,1.84,4.0,9.02,18.52
16214,2021-07-01,苋菜,1.81,4.0,4.247,18.52
16260,2021-07-02,苋菜,1.81,4.6,5.285,18.52
16311,2021-07-03,苋菜,1.79,4.6,9.216,18.52
16364,2021-07-04,苋菜,2.62,4.6,7.423999999999999,18.52
16415,2021-07-05,苋菜,2.16,4.0,7.838,18.52
16466,2021-07-06,苋菜,2.05,4.0,6.206,18.52
16515,2021-07-07,苋菜,2.05,3.4,3.521,18.52
16563,2021-07-08,苋菜,2.04,3.4,3.255,18.52
16610,2021-07-09,苋菜,2.03,3.3999999999999995,5.858,18.52
16659,2021-07-10,苋菜,2.03,5.0,3.897,18.52
16705,2021-07-11,苋菜,2.91,6.0,10.337,18.52
16750,2021-07-12,苋菜,3.98,6.0,8.797,18.52
16836,2021-07-14,苋菜,2.98,6.0,3.661,18.52
16884,2021-07-15,苋菜,2.52,4.0,5.302,18.52
16930,2021-07-16,苋菜,1.84,4.0,7.564999999999999,18.52
16981,2021-07-17,苋菜,1.86,3.2000000000000006,7.045,18.52
17033,2021-07-18,苋菜,1.86,3.2,7.233,18.52
17082,2021-07-19,苋菜,1.88,3.2,4.624,18.52
17131,2021-07-20,苋菜,1.59,3.2,10.753,18.52
17184,2021-07-21,苋菜,1.86,3.2,5.631,18.52
17286,2021-07-23,苋菜,1.9,3.2,8.68,18.52
17333,2021-07-24,苋菜,2.09,3.2,6.792,18.52
17380,2021-07-25,苋菜,2.42,3.8,9.045,18.52
17423,2021-07-26,苋菜,2.52,3.8,5.666,18.52
17463,2021-07-27,苋菜,2.58,4.0,10.783,18.52
17512,2021-07-28,苋菜,2.55,4.0,12.906,18.52
17560,2021-07-29,苋菜,2.49,4.0,8.134,18.52
17607,2021-07-30,苋菜,2.49,4.0,7.803,18.52
17657,2021-07-31,苋菜,2.45,4.0,9.674,18.52
17703,2021-08-01,苋菜,2.52,4.0,10.938,18.52
17747,2021-08-02,苋菜,2.49,4.0,7.173,18.52
17794,2021-08-03,苋菜,2.27,4.0,7.754,18.52
17883,2021-08-05,苋菜,2.26,4.0,7.476,18.52
17930,2021-08-06,苋菜,2.32,4.0,9.068,18.52
17975,2021-08-07,苋菜,2.19,4.0,7.629,18.52
18019,2021-08-08,苋菜,2.09,4.0,10.86,18.52
18063,2021-08-09,苋菜,2.1,4.0,6.946,18.52
18107,2021-08-10,苋菜,2.1,4.6,5.946,18.52
18151,2021-08-11,苋菜,2.12,4.0,6.465,18.52
18196,2021-08-12,苋菜,2.16,4.0,6.694,18.52
18245,2021-08-13,苋菜,3.81,4.0,12.552,18.52
18289,2021-08-14,苋菜,2.19,4.0,7.4,18.52
18373,2021-08-16,苋菜,5.51,7.0,7.4,18.52
18457,2021-08-18,苋菜,5.53,7.0,8.666,18.52
18500,2021-08-19,苋菜,5.37,8.0,8.002,18.52
18546,2021-08-20,苋菜,5.34,8.0,7.575,18.52
18595,2021-08-21,苋菜,5.09,7.0,12.312,18.52
18639,2021-08-22,苋菜,4.34,6.0,20.809,18.52
18680,2021-08-23,苋菜,3.39,6.0,16.85,18.52
18725,2021-08-24,苋菜,3.72,6.0,7.115,18.52
18769,2021-08-25,苋菜,4.63,7.0,6.954,18.52
18813,2021-08-26,苋菜,4.930000000000001,7.0,6.584,18.52
18857,2021-08-27,苋菜,4.75,7.0,7.888,18.52
18903,2021-08-28,苋菜,4.54,7.0,6.954,18.52
18952,2021-08-29,苋菜,4.74,8.0,5.854,18.52
19001,2021-08-30,苋菜,5.8,9.0,1.518,18.52
19049,2021-08-31,苋菜,6.37,10.0,2.902,18.52
19096,2021-09-01,苋菜,6.6,10.0,2.9610000000000003,18.52
19143,2021-09-02,苋菜,6.85,10.0,8.163,18.52
19192,2021-09-03,苋菜,4.34,7.0,6.021,18.52
19241,2021-09-04,苋菜,3.7200000000000006,7.0,4.9430000000000005,18.52
19290,2021-09-05,苋菜,3.8,7.0,7.302,18.52
19338,2021-09-06,苋菜,3.89,7.0,4.571,18.52
19387,2021-09-07,苋菜,3.97,7.0,4.411,18.52
19437,2021-09-08,苋菜,4.03,7.0,5.102,18.52
19486,2021-09-09,苋菜,4.17,7.0,2.873,18.52
19534,2021-09-10,苋菜,4.26,6.0,5.185,18.52
19582,2021-09-11,苋菜,4.34,7.0,6.624,18.52
19630,2021-09-12,苋菜,4.19,7.0,5.849,18.52
19671,2021-09-13,苋菜,3.89,7.0,4.928,18.52
19713,2021-09-14,苋菜,3.27,6.0,4.028,18.52
19758,2021-09-15,苋菜,3.04,6.0,3.777,18.52
19802,2021-09-16,苋菜,3.03,6.0,3.1710000000000003,18.52
19849,2021-09-17,苋菜,3.06,5.0,5.303,18.52
19894,2021-09-18,苋菜,2.89,5.0,9.961,18.52
19943,2021-09-19,苋菜,2.89,5.0,4.154,18.52
19992,2021-09-20,苋菜,2.96,5.0,7.743,18.52
20041,2021-09-21,苋菜,2.89,5.0,7.237999999999999,18.52
20091,2021-09-22,苋菜,2.9,5.0,4.718,18.52
20138,2021-09-23,苋菜,2.91,5.0,2.742,18.52
20183,2021-09-24,苋菜,2.9,5.0,2.439,18.52
20225,2021-09-25,苋菜,2.82,5.0,2.58,18.52
20264,2021-09-26,苋菜,2.7900000000000005,6.0,4.296,18.52
20305,2021-09-27,苋菜,3.01,6.0,1.88,18.52
20343,2021-09-28,苋菜,3.01,6.0,5.438,18.52
20385,2021-09-29,苋菜,2.82,6.0,2.785,18.52
20420,2021-09-30,苋菜,2.71,6.0,4.296,18.52
20458,2021-10-01,苋菜,2.84,5.0,7.803,18.52
20492,2021-10-02,苋菜,3.56,6.0,5.387,18.52
20531,2021-10-03,苋菜,2.84,7.0,4.612,18.52
20567,2021-10-04,苋菜,4.29,7.0,8.65,18.52
20605,2021-10-05,苋菜,4.11,7.0,8.076,18.52
20645,2021-10-06,苋菜,3.78,8.0,4.801,18.52
20683,2021-10-07,苋菜,4.76,8.0,3.87,18.52
20721,2021-10-08,苋菜,4.76,10.0,2.51,18.52
20758,2021-10-09,苋菜,4.79,10.0,1.949,18.52
20795,2021-10-10,苋菜,5.35,10.0,3.515,18.52
20830,2021-10-11,苋菜,5.35,7.0,2.37,18.52
20867,2021-10-12,苋菜,5.37,10.0,2.0780000000000003,18.52
20904,2021-10-13,苋菜,5.12,10.0,2.349,18.52
20940,2021-10-14,苋菜,5.12,10.0,1.406,18.52
20981,2021-10-15,苋菜,5.14,10.0,1.436,18.52
21022,2021-10-16,苋菜,5.14,10.0,4.508,18.52
21064,2021-10-17,苋菜,5.56,10.0,4.308,18.52
21104,2021-10-18,苋菜,5.68,10.0,0.512,18.52
21139,2021-10-19,苋菜,5.67,10.0,2.9,18.52
21177,2021-10-20,苋菜,5.68,12.0,0.845,18.52
21213,2021-10-21,苋菜,6.150000000000001,12.0,1.957,18.52
21248,2021-10-22,苋菜,6.400000000000001,12.0,3.73,18.52
21282,2021-10-23,苋菜,6.410000000000001,12.0,2.5,18.52
21316,2021-10-24,苋菜,8.18,12.0,3.888,18.52
21352,2021-10-25,苋菜,8.18,12.0,1.313,18.52
21386,2021-10-26,苋菜,8.18,12.0,1.488,18.52
21420,2021-10-27,苋菜,8.0,12.0,1.914,18.52
21453,2021-10-28,苋菜,7.970000000000001,12.0,2.443,18.52
21484,2021-10-29,苋菜,7.97,12.0,2.65,18.52
21517,2021-10-30,苋菜,7.05,10.0,3.483,18.52
21555,2021-10-31,苋菜,6.150000000000001,10.0,2.029,18.52
21587,2021-11-01,苋菜,6.150000000000001,10.0,1.346,18.52
21623,2021-11-02,苋菜,6.15,10.0,1.024,18.52
21658,2021-11-03,苋菜,6.099999999999999,8.0,3.129,18.52
24,2020-07-01,菜心,4.6,8.0,8.959,13.7
61,2020-07-02,菜心,4.52,8.0,14.275,13.7
97,2020-07-03,菜心,3.89,8.0,8.173,13.7
131,2020-07-04,菜心,3.53,8.0,13.034,13.7
165,2020-07-05,菜心,4.04,8.0,10.791,13.699999999999998
201,2020-07-06,菜心,4.55,8.0,10.162,13.7
238,2020-07-07,菜心,4.65,8.0,11.478,13.7
275,2020-07-08,菜心,4.78,8.0,8.835,13.7
311,2020-07-09,菜心,4.77,8.0,8.397,13.7
347,2020-07-10,菜心,4.759999999999999,8.0,9.916,13.7
385,2020-07-11,菜心,4.77,8.0,12.184,13.7
423,2020-07-12,菜心,4.86,8.0,17.37,13.7
458,2020-07-13,菜心,4.92,8.0,5.414,13.7
495,2020-07-14,菜心,4.88,8.0,9.55,13.7
531,2020-07-15,菜心,4.91,8.0,9.724,13.7
568,2020-07-16,菜心,4.47,8.0,10.788,13.7
606,2020-07-17,菜心,4.4,8.0,9.849,13.7
643,2020-07-18,菜心,4.37,8.0,18.019,13.7
679,2020-07-19,菜心,4.38,8.0,10.781,13.7
714,2020-07-20,菜心,4.38,8.0,10.628,13.7
752,2020-07-21,菜心,4.33,8.0,11.105,13.7
789,2020-07-22,菜心,4.2,8.0,9.136,13.7
827,2020-07-23,菜心,4.36,8.0,10.388,13.7
862,2020-07-24,菜心,4.34,8.0,9.36,13.7
899,2020-07-25,菜心,4.33,8.0,16.735,13.7
936,2020-07-26,菜心,4.48,8.0,20.79,13.699999999999998
974,2020-07-27,菜心,4.52,8.0,9.275,13.7
1012,2020-07-28,菜心,4.55,8.0,11.104,13.7
1048,2020-07-29,菜心,4.53,8.0,18.564,13.7
1083,2020-07-30,菜心,4.51,8.0,10.902,13.7
1120,2020-07-31,菜心,4.51,8.0,43.609,13.699999999999998
1159,2020-08-01,菜心,4.52,8.0,34.027,13.7
1201,2020-08-02,菜心,4.43,8.0,40.468,13.7
1244,2020-08-03,菜心,4.4,8.0,8.511,13.7
1285,2020-08-04,菜心,4.55,8.0,11.114,13.7
1325,2020-08-05,菜心,4.56,8.0,38.751,13.699999999999998
1369,2020-08-06,菜心,4.53,8.0,27.155,13.7
1412,2020-08-07,菜心,4.59,8.0,12.474,13.7
1458,2020-08-08,菜心,4.54,8.0,21.556,13.7
1502,2020-08-09,菜心,4.53,8.0,16.772,13.7
1541,2020-08-10,菜心,4.53,8.0,22.181,13.7
1581,2020-08-11,菜心,4.93,8.0,10.251,13.7
1619,2020-08-12,菜心,4.82,8.0,10.477,13.7
1657,2020-08-13,菜心,4.78,8.0,18.032,13.7
1699,2020-08-14,菜心,4.8,8.0,11.443,13.699999999999998
1741,2020-08-15,菜心,4.95,8.0,16.804000000000002,13.7
1781,2020-08-16,菜心,4.99,8.0,12.458,13.7
1820,2020-08-17,菜心,4.95,8.0,11.655,13.7
1859,2020-08-18,菜心,4.91,8.0,23.136,13.7
1899,2020-08-19,菜心,4.91,8.0,11.293,13.7
1940,2020-08-20,菜心,4.81,8.0,36.769,13.7
1983,2020-08-21,菜心,5.15,8.0,11.492,13.7
2023,2020-08-22,菜心,5.04,8.0,18.033,13.7
2062,2020-08-23,菜心,4.97,8.0,10.202,13.7
2104,2020-08-24,菜心,4.93,8.0,8.873,13.7
2144,2020-08-25,菜心,4.97,8.0,8.986,13.7
2184,2020-08-26,菜心,4.93,8.0,8.612,13.7
2227,2020-08-27,菜心,4.96,8.0,7.082,13.7
2267,2020-08-28,菜心,4.92,8.0,8.548,13.7
2310,2020-08-29,菜心,5.79,8.0,11.393,13.7
2391,2020-08-31,菜心,5.8,8.0,8.198,13.7
2432,2020-09-01,菜心,5.78,8.0,10.877,13.7
2471,2020-09-02,菜心,5.82,9.0,9.732,13.7
2509,2020-09-03,菜心,5.88,9.0,10.925,13.7
2551,2020-09-04,菜心,5.81,9.0,7.585,13.7
2592,2020-09-05,菜心,5.76,9.0,11.082,13.7
2635,2020-09-06,菜心,5.75,9.0,21.269,13.7
2679,2020-09-07,菜心,5.76,9.0,9.189,13.7
2720,2020-09-08,菜心,5.91,9.0,6.604,13.7
2761,2020-09-09,菜心,5.74,10.0,3.919,13.7
2800,2020-09-10,菜心,5.74,10.0,5.6930000000000005,13.7
2841,2020-09-11,菜心,5.79,10.0,6.118,13.7
2886,2020-09-12,菜心,5.37,10.0,10.352,13.7
2927,2020-09-13,菜心,5.34,10.0,11.837,13.7
2969,2020-09-14,菜心,5.33,10.0,5.403,13.7
3009,2020-09-15,菜心,5.33,10.0,5.473,13.699999999999998
3053,2020-09-16,菜心,5.33,10.0,1.323,13.699999999999998
3095,2020-09-17,菜心,5.29,10.0,6.167,13.7
3140,2020-09-18,菜心,4.95,10.0,7.218,13.7
3181,2020-09-19,菜心,4.95,10.0,17.101,13.7
3224,2020-09-20,菜心,3.53,6.0,52.276,13.7
3264,2020-09-21,菜心,2.95,6.0,35.874,13.7
3307,2020-09-22,菜心,3.11,6.0,15.434,13.7
3351,2020-09-23,菜心,3.46,6.0,12.856,13.7
3397,2020-09-24,菜心,3.6,6.0,9.783,13.7
3447,2020-09-25,菜心,3.97,6.0,7.19,13.7
3496,2020-09-26,菜心,4.0,6.0,11.137,13.7
3545,2020-09-27,菜心,4.33,8.0,26.219,13.7
3590,2020-09-28,菜心,4.4,8.0,2.157,13.7
3636,2020-09-29,菜心,4.4,8.0,10.928,13.7
3682,2020-09-30,菜心,4.4,8.0,11.293,13.7
3727,2020-10-01,菜心,4.4,8.0,10.127,13.7
