export/q3_2单品数据筛选.csv
,日期,单品名称,批发价格(元/千克)_否,销售单价(元/千克)_否,销量(千克)_否,损耗率(%)_否
3772,2020-10-02,菜心,4.4,6.0,10.968,13.7
3816,2020-10-03,菜心,4.4,6.0,15.033,13.7
3858,2020-10-04,菜心,5.0,6.0,4.616,13.7
3902,2020-10-05,菜心,5.0,6.0,5.82,13.7
3948,2020-10-06,菜心,5.0,6.0,7.058,13.7
3992,2020-10-07,菜心,5.0,6.0,7.126,13.7
4036,2020-10-08,菜心,5.0,6.0,10.47,13.7
4080,2020-10-09,菜心,5.0,6.0,5.57,13.699999999999998
4125,2020-10-10,菜心,5.0,6.0,8.211,13.7
4169,2020-10-11,菜心,5.0,7.0,5.301,13.7
4208,2020-10-12,菜心,4.33,7.0,6.634,13.7
4251,2020-10-13,菜心,4.0,7.0,3.438,13.7
4294,2020-10-14,菜心,4.0,7.0,3.482,13.7
4335,2020-10-15,菜心,4.0,7.0,7.951,13.7
4378,2020-10-16,菜心,4.0,7.0,4.355,13.7
4421,2020-10-17,菜心,3.94,5.0,7.187,13.7
4467,2020-10-18,菜心,3.0,5.0,8.39,13.7
4513,2020-10-19,菜心,3.0,5.0,28.391,13.7
4557,2020-10-20,菜心,3.0,5.0,10.88,13.7
4599,2020-10-21,菜心,3.0,5.0,9.761,13.699999999999998
4640,2020-10-22,菜心,3.0,5.0,9.837,13.7
4682,2020-10-23,菜心,2.95,5.0,2.208,13.7
4724,2020-10-24,菜心,3.6,6.0,21.709,13.7
4768,2020-10-25,菜心,3.6,5.6,9.192,13.7
4813,2020-10-26,菜心,3.43,5.6,7.674,13.7
4856,2020-10-27,菜心,3.4,5.6,6.24,13.7
4898,2020-10-28,菜心,3.4,5.6,6.455,13.7
4944,2020-10-29,菜心,3.4,5.6,5.682,13.7
4991,2020-10-30,菜心,3.4,5.6,3.675,13.7
5037,2020-10-31,菜心,3.4,5.6,13.968,13.7
5084,2020-11-01,菜心,3.4,5.6,11.35,13.7
5126,2020-11-02,菜心,3.4,5.6,7.743,13.7
5169,2020-11-03,菜心,3.37,5.6,2.9400000000000004,13.7
5210,2020-11-04,菜心,3.35,5.6,3.227,13.7
5253,2020-11-05,菜心,3.34,5.6,4.3740000000000006,13.7
5293,2020-11-06,菜心,3.35,5.6,8.769,13.7
5336,2020-11-07,菜心,3.33,5.6,5.734,13.7
5380,2020-11-08,菜心,3.31,5.599999999999999,3.838,13.699999999999998
5425,2020-11-09,菜心,3.32,5.6,15.596,13.7
5469,2020-11-10,菜心,3.33,5.6,16.632,13.7
5514,2020-11-11,菜心,3.33,5.599999999999999,0.915,13.699999999999998
5562,2020-11-12,菜心,3.35,5.6,12.712,13.7
5607,2020-11-13,菜心,3.35,5.6,5.988,13.7
5654,2020-11-14,菜心,3.28,5.6,7.007,13.7
5699,2020-11-15,菜心,3.29,5.6,7.063,13.7
5743,2020-11-16,菜心,3.28,5.6,6.739,13.7
5786,2020-11-17,菜心,3.3,5.6,6.741,13.7
5830,2020-11-18,菜心,3.31,5.6,11.69,13.7
5875,2020-11-19,菜心,3.31,5.0,4.799,13.699999999999998
5919,2020-11-20,菜心,3.31,5.0,5.822,13.7
5964,2020-11-21,菜心,3.04,5.0,6.425,13.7
6011,2020-11-22,菜心,2.64,5.0,11.124,13.7
6054,2020-11-23,菜心,2.62,5.0,6.666,13.7
6096,2020-11-24,菜心,2.63,5.0,5.621,13.7
6141,2020-11-25,菜心,2.63,5.0,2.9720000000000004,13.699999999999998
6184,2020-11-26,菜心,2.63,5.6,1.828,13.7
6229,2020-11-27,菜心,2.63,5.6,2.779,13.7
6278,2020-11-28,菜心,2.92,5.6,4.6450000000000005,13.7
6324,2020-11-29,菜心,3.04,5.6,2.42,13.7
6372,2020-11-30,菜心,3.03,5.6,0.43,13.7
6418,2020-12-01,菜心,3.04,5.6,4.267,13.7
6464,2020-12-02,菜心,3.03,7.0,4.17,13.7
6510,2020-12-03,菜心,4.44,7.0,2.752,13.7
6559,2020-12-04,菜心,4.58,7.0,3.094,13.7
6609,2020-12-05,菜心,4.58,7.0,3.082,13.699999999999998
6660,2020-12-06,菜心,4.68,7.0,2.837,13.7
6710,2020-12-07,菜心,5.12,7.0,1.39,13.7
6761,2020-12-08,菜心,5.12,7.0,2.193,13.699999999999998
6862,2020-12-10,菜心,5.13,7.0,1.262,13.7
6915,2020-12-11,菜心,5.48,7.0,1.605,13.7
6969,2020-12-12,菜心,5.48,8.0,2.933,13.7
7024,2020-12-13,菜心,5.400000000000001,8.0,2.531,13.699999999999998
7075,2020-12-14,菜心,5.36,8.0,1.654,13.699999999999998
7121,2020-12-15,菜心,5.36,8.0,1.228,13.7
7172,2020-12-16,菜心,5.36,8.0,1.365,13.7
7223,2020-12-17,菜心,5.4,8.0,3.007,13.7
7277,2020-12-18,菜心,5.52,8.0,3.822,13.7
7327,2020-12-19,菜心,5.5200000000000005,8.0,4.36,13.7
7379,2020-12-20,菜心,5.41,8.0,2.695,13.699999999999998
7428,2020-12-21,菜心,5.43,8.0,2.757,13.699999999999998
7475,2020-12-22,菜心,5.84,8.0,2.042,13.699999999999998
7522,2020-12-23,菜心,5.84,8.0,2.432,13.7
7571,2020-12-24,菜心,6.16,8.0,2.934,13.7
7618,2020-12-25,菜心,6.16,8.0,2.331,13.7
7667,2020-12-26,菜心,5.76,8.0,4.987,13.7
7716,2020-12-27,菜心,5.46,8.0,3.296,13.7
7761,2020-12-28,菜心,5.46,8.0,2.481,13.699999999999998
7806,2020-12-29,菜心,5.46,8.0,5.889,13.7
7855,2020-12-30,菜心,5.45,8.0,3.009,13.7
7904,2020-12-31,菜心,5.67,8.0,4.636,13.7
7951,2021-01-01,菜心,5.870000000000001,8.0,4.8870000000000005,13.7
7996,2021-01-02,菜心,5.8,8.0,3.984,13.7
8041,2021-01-03,菜心,5.76,8.0,4.336,13.7
8087,2021-01-04,菜心,5.46,8.0,2.882,13.7
8134,2021-01-05,菜心,5.47,8.0,2.194,13.699999999999998
8182,2021-01-06,菜心,5.7,8.0,2.017,13.7
8230,2021-01-07,菜心,5.87,8.0,1.016,13.7
8275,2021-01-08,菜心,5.87,8.0,3.07,13.7
8320,2021-01-09,菜心,5.72,8.0,4.123,13.7
8367,2021-01-10,菜心,5.37,8.0,2.583,13.7
8415,2021-01-11,菜心,5.37,8.0,2.733,13.7
8456,2021-01-12,菜心,5.1,8.0,2.356,13.699999999999998
8499,2021-01-13,菜心,4.97,8.0,3.621,13.7
8542,2021-01-14,菜心,5.05,8.0,4.524,13.7
8584,2021-01-15,菜心,5.05,8.0,3.721,13.7
8629,2021-01-16,菜心,5.04,8.0,2.884,13.7
8677,2021-01-17,菜心,5.04,8.0,4.086,13.7
8724,2021-01-18,菜心,5.400000000000001,8.0,4.261,13.699999999999998
8820,2021-01-20,菜心,5.47,9.0,4.612,13.699999999999998
8869,2021-01-21,菜心,5.79,9.0,4.256,13.7
8961,2021-01-23,菜心,4.930000000000001,10.0,5.284,13.7
9009,2021-01-24,菜心,5.83,10.0,6.105,13.7
9057,2021-01-25,菜心,5.83,10.0,4.732,13.7
9104,2021-01-26,菜心,5.29,9.0,3.0860000000000003,13.699999999999998
9149,2021-01-27,菜心,5.26,9.0,5.088,13.7
9243,2021-01-29,菜心,6.43,10.0,5.482,13.7
9289,2021-01-30,菜心,6.5,10.0,7.276,13.7
9338,2021-01-31,菜心,6.22,8.0,6.68,13.7
9389,2021-02-01,菜心,4.8,8.0,4.284,13.7
9435,2021-02-02,菜心,4.47,8.0,3.584,13.7
9485,2021-02-03,菜心,4.49,8.0,4.297,13.7
9533,2021-02-04,菜心,4.47,8.0,5.026,13.699999999999998
9582,2021-02-05,菜心,4.47,8.0,3.145,13.7
9633,2021-02-06,菜心,4.46,8.0,4.299,13.7
9684,2021-02-07,菜心,4.46,8.0,3.32,13.7
9735,2021-02-08,菜心,4.46,8.0,3.471,13.699999999999998
9787,2021-02-09,菜心,4.46,8.0,4.962,13.7
9837,2021-02-10,菜心,4.47,8.0,19.137,13.7
9880,2021-02-13,菜心,4.47,8.0,8.585,13.7
9920,2021-02-14,菜心,4.47,8.0,8.546,13.7
9969,2021-02-15,菜心,4.47,8.0,16.229,13.7
10009,2021-02-16,菜心,4.47,8.0,13.246,13.699999999999998
10051,2021-02-17,菜心,4.48,8.0,0.501,13.7
10096,2021-02-18,菜心,4.47,8.0,2.581,13.7
10140,2021-02-19,菜心,4.47,8.0,2.681,13.7
10184,2021-02-20,菜心,7.94,8.0,3.107,13.7
10231,2021-02-21,菜心,8.18,8.0,3.76,13.7
10277,2021-02-22,菜心,8.18,8.0,1.428,13.7
10321,2021-02-23,菜心,8.18,8.0,5.814,13.7
10365,2021-02-24,菜心,4.9,8.0,6.29,13.699999999999998
10412,2021-02-25,菜心,4.9,8.0,5.375,13.699999999999998
10458,2021-02-26,菜心,4.9,8.0,11.893,13.699999999999998
10540,2021-02-28,菜心,4.92,8.0,4.386,13.7
10589,2021-03-01,菜心,4.92,7.0,5.978,13.7
10637,2021-03-02,菜心,4.24,7.0,6.003,13.7
10686,2021-03-03,菜心,4.12,7.0,3.854,13.7
10731,2021-03-04,菜心,4.11,7.0,3.812,13.7
10774,2021-03-05,菜心,4.11,7.0,6.22,13.7
10823,2021-03-06,菜心,4.26,7.0,5.374,13.699999999999998
10874,2021-03-07,菜心,4.81,8.0,5.025,13.699999999999998
10923,2021-03-08,菜心,5.16,8.0,6.166,13.7
10970,2021-03-09,菜心,5.48,9.0,4.757000000000001,13.7
11016,2021-03-10,菜心,5.71,10.0,3.709,13.7
11062,2021-03-11,菜心,5.83,10.0,3.919,13.7
11113,2021-03-12,菜心,6.17,10.0,3.699,13.7
11166,2021-03-13,菜心,6.15,10.0,3.517,13.7
11215,2021-03-14,菜心,6.13,10.0,2.006,13.7
11258,2021-03-15,菜心,6.12,10.0,0.281,13.7
11304,2021-03-16,菜心,6.13,10.0,4.84,13.7
11350,2021-03-17,菜心,6.120000000000001,10.0,4.83,13.7
11398,2021-03-18,菜心,6.12,8.0,2.607,13.7
11448,2021-03-19,菜心,6.12,8.0,5.34,13.7
11493,2021-03-20,菜心,6.13,8.0,11.38,13.7
11544,2021-03-21,菜心,6.11,8.0,3.497,13.7
11590,2021-03-22,菜心,5.31,8.0,4.5120000000000005,13.7
11637,2021-03-23,菜心,5.31,8.0,0.414,13.7
11682,2021-03-24,菜心,5.49,8.0,4.148,13.7
11728,2021-03-25,菜心,5.49,8.0,2.807,13.7
11775,2021-03-26,菜心,5.35,8.0,6.983,13.7
11822,2021-03-27,菜心,5.849999999999999,8.0,10.515,13.699999999999998
11871,2021-03-28,菜心,6.23,10.0,4.612,13.7
11918,2021-03-29,菜心,6.53,10.0,3.347,13.7
11964,2021-03-30,菜心,6.53,10.0,2.827,13.699999999999998
12007,2021-03-31,菜心,6.53,10.0,5.553,13.699999999999998
12053,2021-04-01,菜心,6.5,10.0,9.922,13.7
12106,2021-04-02,菜心,5.92,9.0,6.815,13.7
12156,2021-04-03,菜心,5.58,8.0,10.928,13.7
12207,2021-04-04,菜心,5.0,8.0,8.661,13.7
12252,2021-04-05,菜心,5.0,8.0,6.078,13.7
12294,2021-04-06,菜心,5.0,8.0,0.501,13.7
12342,2021-04-07,菜心,4.02,6.0,11.292,13.699999999999998
12388,2021-04-08,菜心,4.0,7.0,1.074,13.699999999999998
12435,2021-04-09,菜心,4.0,7.0,8.11,13.7
12480,2021-04-10,菜心,4.0,7.0,3.1670000000000003,13.7
12524,2021-04-11,菜心,4.0,7.0,3.955,13.7
12567,2021-04-12,菜心,4.0,7.0,4.128,13.7
12657,2021-04-14,菜心,4.1,7.0,4.069,13.7
12704,2021-04-15,菜心,4.08,7.0,3.138,13.7
12752,2021-04-16,菜心,4.1,7.0,3.655,13.7
12802,2021-04-17,菜心,4.1,7.0,5.101,13.699999999999998
12851,2021-04-18,菜心,4.12,7.0,7.237,13.7
12901,2021-04-19,菜心,4.13,7.0,4.756,13.7
12947,2021-04-20,菜心,4.14,7.0,7.491,13.7
12991,2021-04-21,菜心,4.13,7.0,3.2960000000000003,13.7
13036,2021-04-22,菜心,4.11,7.0,2.164,13.7
13082,2021-04-23,菜心,3.93,7.0,5.947,13.7
13132,2021-04-24,菜心,3.72,7.0,10.793,13.699999999999998
13177,2021-04-25,菜心,3.5,6.0,9.399,13.7
13226,2021-04-26,菜心,3.4,6.0,4.213,13.699999999999998
13270,2021-04-27,菜心,3.4,6.0,9.113,13.7
13316,2021-04-28,菜心,3.4,6.0,3.144,13.7
13362,2021-04-29,菜心,3.4,6.0,5.218,13.7
13410,2021-04-30,菜心,3.3999999999999995,6.0,6.071,13.7
13457,2021-05-01,菜心,3.4,6.0,1.3050000000000002,13.699999999999998
13502,2021-05-02,菜心,3.4,6.0,5.618,13.699999999999998
13544,2021-05-03,菜心,3.4,6.0,2.776,13.699999999999998
13588,2021-05-04,菜心,3.3999999999999995,6.0,4.164,13.7
13634,2021-05-05,菜心,3.4,6.0,1.756,13.7
13678,2021-05-06,菜心,3.4,6.0,7.326,13.7
13724,2021-05-07,菜心,3.4,6.0,2.208,13.7
13770,2021-05-08,菜心,3.4,6.0,3.897,13.7
13817,2021-05-09,菜心,3.08,5.0,10.519,13.699999999999998
13863,2021-05-10,菜心,3.0,5.0,2.611,13.7
13904,2021-05-11,菜心,3.0,4.0,7.288,13.7
13949,2021-05-12,菜心,2.4,4.0,6.283,13.7
13994,2021-05-13,菜心,2.4,4.0,5.1,13.7
14039,2021-05-14,菜心,3.0,5.0,7.047000000000001,13.7
14087,2021-05-15,菜心,3.0,5.0,5.68,13.7
14131,2021-05-16,菜心,3.0,5.0,4.577,13.7
14173,2021-05-17,菜心,3.0,5.0,3.052,13.7
14216,2021-05-18,菜心,3.0,5.0,4.196,13.7
14258,2021-05-19,菜心,3.0,5.0,3.052,13.7
14305,2021-05-20,菜心,3.0,5.0,2.148,13.7
14349,2021-05-21,菜心,3.0,5.0,3.635,13.7
14395,2021-05-22,菜心,2.73,5.0,3.313,13.7
14440,2021-05-23,菜心,2.92,5.0,9.055,13.7
14483,2021-05-24,菜心,2.4,4.0,7.061,13.7
14528,2021-05-25,菜心,2.4,4.0,13.845,13.7
14571,2021-05-26,菜心,2.79,5.0,11.126,13.7
14617,2021-05-27,菜心,2.8,5.0,14.136,13.7
14660,2021-05-28,菜心,2.8,5.0,8.734,13.7
14705,2021-05-29,菜心,3.02,5.0,6.847,13.7
14750,2021-05-30,菜心,3.4,5.0,15.058,13.7
14796,2021-05-31,菜心,3.4,6.0,4.129,13.7
14841,2021-06-01,菜心,3.4,6.0,10.085,13.7
14889,2021-06-02,菜心,3.37,6.0,7.979,13.7
14936,2021-06-03,菜心,3.4,6.0,8.413,13.7
14984,2021-06-04,菜心,3.32,6.0,8.261,13.7
15031,2021-06-05,菜心,2.6000000000000005,4.6,7.513,13.7
15078,2021-06-06,菜心,2.6,4.6,13.32,13.7
15124,2021-06-07,菜心,2.6,4.6,4.696,13.7
15168,2021-06-08,菜心,2.6000000000000005,4.6,6.705,13.7
15216,2021-06-09,菜心,2.6,4.6,7.729,13.7
15267,2021-06-10,菜心,2.6,4.6,6.335,13.7
15316,2021-06-11,菜心,2.6000000000000005,4.6,10.44,13.7
15366,2021-06-12,菜心,2.6,4.6,8.999,13.7
15415,2021-06-13,菜心,2.6,4.6,6.5280000000000005,13.7
15460,2021-06-14,菜心,2.6,4.6,14.108,13.7
15507,2021-06-15,菜心,2.6000000000000005,4.6,5.788,13.7
15551,2021-06-16,菜心,2.38,4.0,6.559,13.7
15592,2021-06-17,菜心,2.04,4.0,9.851,13.7
15634,2021-06-18,菜心,2.0,4.0,6.5600000000000005,13.7
15679,2021-06-19,菜心,2.0,4.0,9.021,13.7
15724,2021-06-20,菜心,2.0,4.0,9.095,13.7
15764,2021-06-21,菜心,1.99,4.0,9.349,13.7
15807,2021-06-22,菜心,2.0,4.0,4.299,13.7
15852,2021-06-23,菜心,2.0,4.0,3.266,13.7
15900,2021-06-24,菜心,2.93,5.0,8.611,13.7
15943,2021-06-25,菜心,2.95,5.0,10.885,13.7
15985,2021-06-26,菜心,3.31,6.0,12.508,13.7
16029,2021-06-27,菜心,3.24,5.0,12.328,13.7
16076,2021-06-28,菜心,3.35,5.0,8.995000000000001,13.7
16122,2021-06-29,菜心,3.32,5.0,7.269,13.7
16168,2021-06-30,菜心,3.34,6.0,8.964,13.7
16215,2021-07-01,菜心,3.91,6.0,11.254,13.7
16261,2021-07-02,菜心,4.0,6.0,5.519,13.7
16313,2021-07-03,菜心,4.01,6.0,5.672,13.7
16366,2021-07-04,菜心,3.83,6.0,8.746,13.7
16417,2021-07-05,菜心,3.85,6.0,8.38,13.7
16467,2021-07-06,菜心,3.83,6.0,8.059000000000001,13.7
16516,2021-07-07,菜心,3.83,6.0,8.312,13.7
16565,2021-07-08,菜心,3.82,6.0,9.365,13.7
16611,2021-07-09,菜心,3.83,6.0,5.384,13.7
16660,2021-07-10,菜心,3.84,6.0,5.386,13.7
16706,2021-07-11,菜心,3.81,6.0,4.815,13.699999999999998
16751,2021-07-12,菜心,3.810000000000001,6.0,4.28,13.7
16791,2021-07-13,菜心,3.8,6.0,8.663,13.7
16838,2021-07-14,菜心,3.8,6.0,7.458,13.7
16885,2021-07-15,菜心,3.8,6.0,7.86,13.7
16932,2021-07-16,菜心,3.78,6.0,6.207,13.7
16983,2021-07-17,菜心,3.87,6.0,11.373,13.7
17036,2021-07-18,菜心,3.97,6.0,10.77,13.699999999999998
17084,2021-07-19,菜心,3.98,6.0,9.064,13.7
17133,2021-07-20,菜心,4.05,7.0,8.47,13.7
17187,2021-07-21,菜心,4.26,7.0,2.736,13.7
17239,2021-07-22,菜心,4.19,7.0,4.228,13.7
17288,2021-07-23,菜心,4.15,7.0,5.23,13.7
17334,2021-07-24,菜心,4.13,7.0,5.645,13.7
17381,2021-07-25,菜心,4.13,7.0,9.671,13.7
17424,2021-07-26,菜心,4.23,7.0,8.649000000000001,13.7
17464,2021-07-27,菜心,4.38,7.0,6.134,13.7
17513,2021-07-28,菜心,4.39,7.0,9.025,13.7
17561,2021-07-29,菜心,4.4,6.0,7.838,13.7
17608,2021-07-30,菜心,4.43,7.0,8.49,13.7
17704,2021-08-01,菜心,4.53,8.0,9.725,13.7
17748,2021-08-02,菜心,3.17,8.0,11.171,13.7
17795,2021-08-03,菜心,2.0,8.0,4.498,13.7
17839,2021-08-04,菜心,4.58,8.0,10.24,13.7
17884,2021-08-05,菜心,4.52,8.0,6.923,13.7
17931,2021-08-06,菜心,4.51,8.0,9.46,13.7
17976,2021-08-07,菜心,4.51,8.0,7.512,13.7
18020,2021-08-08,菜心,4.58,8.0,8.894,13.7
18064,2021-08-09,菜心,4.92,8.0,9.584,13.7
18108,2021-08-10,菜心,4.94,8.0,8.82,13.7
18152,2021-08-11,菜心,4.930000000000001,8.0,11.524,13.7
18197,2021-08-12,菜心,4.94,8.0,7.641,13.7
18246,2021-08-13,菜心,4.94,8.0,11.146,13.7
18290,2021-08-14,菜心,4.94,8.0,12.124,13.7
18332,2021-08-15,菜心,4.93,8.0,9.425,13.7
18374,2021-08-16,菜心,4.93,8.0,6.872,13.7
18415,2021-08-17,菜心,4.91,8.0,7.386,13.7
18458,2021-08-18,菜心,4.91,8.0,5.727,13.7
18501,2021-08-19,菜心,4.91,8.0,1.306,13.699999999999998
18547,2021-08-20,菜心,4.91,8.0,4.8,13.7
18596,2021-08-21,菜心,4.92,8.0,13.782,13.7
18640,2021-08-22,菜心,5.33,8.0,6.332,13.7
18681,2021-08-23,菜心,5.31,8.0,7.942,13.7
18726,2021-08-24,菜心,5.58,8.0,3.229,13.7
18770,2021-08-25,菜心,5.580000000000001,8.0,3.053,13.699999999999998
18814,2021-08-26,菜心,5.71,8.0,8.492,13.7
18858,2021-08-27,菜心,5.75,10.0,12.601,13.7
18904,2021-08-28,菜心,5.76,10.0,7.337,13.7
18953,2021-08-29,菜心,5.75,10.0,7.852,13.7
19002,2021-08-30,菜心,5.74,10.0,1.627,13.7
19050,2021-08-31,菜心,5.74,10.0,4.068,13.7
19097,2021-09-01,菜心,5.74,10.0,5.803,13.7
19144,2021-09-02,菜心,5.739999999999999,10.0,0.984,13.699999999999998
19193,2021-09-03,菜心,5.73,10.0,2.188,13.699999999999998
19242,2021-09-04,菜心,5.74,10.0,4.347,13.7
19291,2021-09-05,菜心,5.75,10.0,11.312,13.7
19339,2021-09-06,菜心,5.75,10.0,8.362,13.7
19388,2021-09-07,菜心,5.760000000000001,10.0,4.125,13.699999999999998
19438,2021-09-08,菜心,5.74,10.0,3.553,13.7
19487,2021-09-09,菜心,5.73,10.0,3.896,13.7
19535,2021-09-10,菜心,5.6,10.0,3.203,13.7
19583,2021-09-11,菜心,5.680000000000001,10.0,5.955,13.7
19631,2021-09-12,菜心,5.75,10.0,9.521,13.7
19672,2021-09-13,菜心,5.79,10.0,1.154,13.699999999999998
19714,2021-09-14,菜心,5.79,10.0,2.349,13.699999999999998
19759,2021-09-15,菜心,5.79,10.0,0.753,13.7
19803,2021-09-16,菜心,5.79,10.0,3.786,13.7
19850,2021-09-17,菜心,5.78,10.0,7.649,13.7
19896,2021-09-18,菜心,5.77,10.0,5.053,13.7
19945,2021-09-19,菜心,5.79,10.0,1.938,13.7
19994,2021-09-20,菜心,5.77,10.0,4.649,13.7
20043,2021-09-21,菜心,5.74,10.0,9.266,13.7
20093,2021-09-22,菜心,5.72,10.0,3.645,13.7
20140,2021-09-23,菜心,5.72,10.0,1.435,13.7
20185,2021-09-24,菜心,5.83,10.0,3.183,13.7
20227,2021-09-25,菜心,5.79,10.0,9.066,13.7
20266,2021-09-26,菜心,5.77,10.0,3.865,13.7
20307,2021-09-27,菜心,5.77,10.0,2.391,13.699999999999998
20345,2021-09-28,菜心,5.78,10.0,2.74,13.7
20387,2021-09-29,菜心,5.8,10.0,4.727,13.699999999999998
20422,2021-09-30,菜心,6.120000000000001,10.0,3.814,13.7
20460,2021-10-01,菜心,6.24,10.0,9.335,13.7
20494,2021-10-02,菜心,6.22,10.0,7.277,13.7
20533,2021-10-03,菜心,6.24,10.0,5.992,13.7
20569,2021-10-04,菜心,6.24,10.0,3.443,13.7
20607,2021-10-05,菜心,6.24,10.0,3.032,13.7
20647,2021-10-06,菜心,6.24,10.0,3.693,13.7
20685,2021-10-07,菜心,6.27,10.0,1.787,13.7
20723,2021-10-08,菜心,6.27,10.0,3.293,13.7
20760,2021-10-09,菜心,6.28,10.0,3.114,13.7
20797,2021-10-10,菜心,6.27,10.0,10.208,13.7
20832,2021-10-11,菜心,6.26,10.0,2.76,13.7
20869,2021-10-12,菜心,6.26,10.0,2.7,13.7
20906,2021-10-13,菜心,6.24,10.0,1.515,13.7
20942,2021-10-14,菜心,6.21,10.0,1.114,13.7
20983,2021-10-15,菜心,6.23,10.0,11.857,13.7
21024,2021-10-16,菜心,6.24,10.0,5.461,13.7
21066,2021-10-17,菜心,6.0600000000000005,10.0,6.144,13.7
21106,2021-10-18,菜心,6.0,10.0,0.733,13.7
21141,2021-10-19,菜心,6.89,10.0,2.328,13.699999999999998
21179,2021-10-20,菜心,6.919999999999999,12.0,1.874,13.699999999999998
21215,2021-10-21,菜心,6.909999999999999,12.0,2.024,13.7
21250,2021-10-22,菜心,6.94,12.0,2.208,13.7
21284,2021-10-23,菜心,6.94,12.0,0.719,13.7
21318,2021-10-24,菜心,7.86,12.0,1.555,13.699999999999998
21354,2021-10-25,菜心,7.85,12.0,1.355,13.7
21388,2021-10-26,菜心,7.85,12.0,1.831,13.7
21422,2021-10-27,菜心,7.85,12.0,1.916,13.7
21455,2021-10-28,菜心,7.860000000000001,12.0,2.752,13.7
21486,2021-10-29,菜心,7.86,12.0,1.923,13.7
21519,2021-10-30,菜心,7.86,12.0,1.839,13.7
21557,2021-10-31,菜心,7.86,12.0,2.341,13.699999999999998
21589,2021-11-01,菜心,7.58,12.0,1.431,13.7
21625,2021-11-02,菜心,7.54,9.0,2.868,13.7
21660,2021-11-03,菜心,7.51,9.0,3.628,13.7
21692,2021-11-04,菜心,4.52,9.0,2.21,13.7
21727,2021-11-05,菜心,4.52,8.0,3.846,13.7
21762,2021-11-06,菜心,4.52,8.0,2.928,13.7
21795,2021-11-07,菜心,4.12,8.0,6.42,13.7
21831,2021-11-08,菜心,4.28,8.0,1.683,13.7
21864,2021-11-09,菜心,4.29,8.0,1.206,13.7
21895,2021-11-10,菜心,3.4300000000000006,8.0,2.337,13.7
21928,2021-11-11,菜心,3.15,6.0,4.347,13.7
21960,2021-11-12,菜心,3.17,6.0,3.238,13.7
21993,2021-11-13,菜心,3.17,6.0,4.816,13.7
22025,2021-11-14,菜心,3.15,6.0,3.207,13.7
22056,2021-11-15,菜心,3.15,6.0,2.9210000000000003,13.7
22088,2021-11-16,菜心,3.39,6.0,4.379,13.7
22119,2021-11-17,菜心,4.36,7.0,3.922,13.7
22151,2021-11-18,菜心,4.36,7.0,2.285,13.699999999999998
22184,2021-11-19,菜心,4.36,7.0,1.265,13.7
22217,2021-11-20,菜心,4.36,7.0,2.371,13.7
22250,2021-11-21,菜心,4.36,7.0,2.988,13.7
22281,2021-11-22,菜心,4.35,7.0,1.48,13.699999999999998
22312,2021-11-23,菜心,4.38,7.0,1.121,13.7
22372,2021-11-25,菜心,4.04,7.0,1.495,13.7
22404,2021-11-26,菜心,4.04,7.0,1.812,13.7
22434,2021-11-27,菜心,3.6800000000000006,5.0,4.355,13.7
