export/q3_2单品数据筛选.csv
,日期,单品名称,批发价格(元/千克)_否,销售单价(元/千克)_否,销量(千克)_否,损耗率(%)_否
25,2020-07-01,菠菜,8.47,14.0,5.472,18.51
1202,2020-08-02,菠菜,10.66,18.0,6.237,18.51
1245,2020-08-03,菠菜,10.54,18.0,5.856,18.51
1326,2020-08-05,菠菜,10.28,18.0,1.263,18.51
1413,2020-08-07,菠菜,10.28,18.0,4.438,18.51
1459,2020-08-08,菠菜,10.45,18.0,1.469,18.51
1503,2020-08-09,菠菜,10.48,18.0,4.833,18.51
3448,2020-09-25,菠菜,8.51,14.0,8.540000000000001,18.51
3497,2020-09-26,菠菜,8.21,14.0,8.927999999999999,18.51
3546,2020-09-27,菠菜,8.93,16.0,7.329,18.51
3591,2020-09-28,菠菜,8.88,16.0,11.079,18.51
3637,2020-09-29,菠菜,8.83,16.0,4.982,18.51
3683,2020-09-30,菠菜,8.58,14.0,8.12,18.51
3728,2020-10-01,菠菜,7.710000000000001,14.0,17.921,18.51
3773,2020-10-02,菠菜,6.87,12.0,28.799,18.51
3817,2020-10-03,菠菜,6.27,12.0,28.093,18.51
3859,2020-10-04,菠菜,6.31,12.0,27.109,18.51
3903,2020-10-05,菠菜,6.22,12.0,8.273,18.51
3949,2020-10-06,菠菜,6.64,12.0,28.11,18.51
3993,2020-10-07,菠菜,7.06,12.0,9.161,18.51
4037,2020-10-08,菠菜,7.17,12.0,9.215,18.51
4081,2020-10-09,菠菜,7.18,12.0,9.076,18.51
4126,2020-10-10,菠菜,6.98,12.0,8.29,18.51
4170,2020-10-11,菠菜,6.2,12.0,26.352,18.51
4209,2020-10-12,菠菜,5.86,10.0,22.194,18.51
4252,2020-10-13,菠菜,5.83,10.0,10.804,18.51
4295,2020-10-14,菠菜,6.03,10.0,28.047,18.51
4336,2020-10-15,菠菜,5.6,10.0,9.566,18.51
4379,2020-10-16,菠菜,5.72,10.0,10.561,18.51
4422,2020-10-17,菠菜,5.78,10.0,35.069,18.51
4468,2020-10-18,菠菜,5.78,10.0,14.506,18.51
4514,2020-10-19,菠菜,5.78,10.0,9.03,18.51
4558,2020-10-20,菠菜,5.68,10.0,7.509,18.51
4600,2020-10-21,菠菜,5.28,10.0,10.871,18.51
4641,2020-10-22,菠菜,5.6,8.0,9.727,18.51
4683,2020-10-23,菠菜,5.6,8.0,9.315,18.51
4725,2020-10-24,菠菜,5.75,8.0,31.296,18.51
4769,2020-10-25,菠菜,5.43,8.0,37.713,18.51
4814,2020-10-26,菠菜,5.13,8.0,6.368,18.51
4857,2020-10-27,菠菜,5.13,6.0,8.782,18.51
4899,2020-10-28,菠菜,4.76,7.0,17.557,18.51
4945,2020-10-29,菠菜,5.09,8.0,13.478,18.51
4992,2020-10-30,菠菜,5.09,8.0,3.823,18.51
5038,2020-10-31,菠菜,5.05,8.0,10.141,18.51
5085,2020-11-01,菠菜,4.97,8.0,8.901,18.51
5127,2020-11-02,菠菜,5.02,8.0,8.298,18.51
5170,2020-11-03,菠菜,4.96,7.853658536585366,14.295,18.51
5211,2020-11-04,菠菜,4.93,8.0,3.433,18.51
5254,2020-11-05,菠菜,4.98,8.0,6.679,18.51
5294,2020-11-06,菠菜,5.02,8.0,13.613,18.51
5337,2020-11-07,菠菜,5.02,8.0,8.924,18.51
5381,2020-11-08,菠菜,5.0,8.0,6.178,18.51
5426,2020-11-09,菠菜,4.73,8.0,2.795,18.51
5470,2020-11-10,菠菜,4.73,8.0,7.205,18.51
5515,2020-11-11,菠菜,4.69,6.0,5.017,18.51
5563,2020-11-12,菠菜,4.08,6.0,5.552,18.51
5608,2020-11-13,菠菜,4.07,6.0,10.369,18.51
5655,2020-11-14,菠菜,3.98,6.0,8.178,18.51
5700,2020-11-15,菠菜,3.9,6.0,8.58,18.51
5744,2020-11-16,菠菜,3.73,6.0,6.789,18.51
5787,2020-11-17,菠菜,3.71,6.0,28.297,18.51
5831,2020-11-18,菠菜,3.8,6.0,8.932,18.51
5876,2020-11-19,菠菜,3.81,6.0,9.6,18.51
5920,2020-11-20,菠菜,3.79,6.0,21.187,18.51
5965,2020-11-21,菠菜,3.8,6.0,47.819,18.51
6012,2020-11-22,菠菜,3.79,6.0,8.345,18.51
6097,2020-11-24,菠菜,4.09,6.6,23.167,18.51
6142,2020-11-25,菠菜,4.09,6.6,18.133,18.51
6185,2020-11-26,菠菜,4.09,6.6,11.933,18.51
6230,2020-11-27,菠菜,4.09,6.599999999999999,5.488,18.51
6279,2020-11-28,菠菜,4.0,6.6,9.137,18.51
6325,2020-11-29,菠菜,3.89,6.6,3.784,18.51
6373,2020-11-30,菠菜,3.89,5.0,17.516000000000002,18.51
6419,2020-12-01,菠菜,3.85,6.0,4.114,18.51
6465,2020-12-02,菠菜,3.67,5.0,11.991,18.51
6511,2020-12-03,菠菜,3.63,6.0,2.96,18.51
6560,2020-12-04,菠菜,3.4,5.0,20.449,18.51
6610,2020-12-05,菠菜,3.35,4.0,28.713,18.51
6661,2020-12-06,菠菜,3.33,5.0,5.042,18.51
6711,2020-12-07,菠菜,3.35,5.0,4.7,18.51
6762,2020-12-08,菠菜,3.44,5.0,4.018,18.51
6811,2020-12-09,菠菜,3.53,6.0,12.843,18.51
6863,2020-12-10,菠菜,3.92,5.0,15.828,18.51
6916,2020-12-11,菠菜,4.04,6.0,5.987,18.51
6970,2020-12-12,菠菜,4.12,6.0,19.383,18.51
7025,2020-12-13,菠菜,4.27,6.0,20.789,18.51
7076,2020-12-14,菠菜,4.18,6.0,6.8580000000000005,18.51
7122,2020-12-15,菠菜,4.37,6.0,6.021,18.51
7173,2020-12-16,菠菜,4.44,6.0,12.123,18.51
7224,2020-12-17,菠菜,4.45,6.0,8.229,18.51
7278,2020-12-18,菠菜,4.47,6.0,7.209,18.51
7328,2020-12-19,菠菜,4.49,6.0,7.659,18.51
7380,2020-12-20,菠菜,4.47,6.0,19.217,18.51
7429,2020-12-21,菠菜,4.58,6.0,2.356,18.51
7476,2020-12-22,菠菜,4.54,6.0,5.688,18.51
7523,2020-12-23,菠菜,4.7,6.0,11.441,18.51
7572,2020-12-24,菠菜,4.73,7.0,4.042,18.51
7619,2020-12-25,菠菜,4.73,7.0,7.009,18.51
7668,2020-12-26,菠菜,4.74,7.0,10.4,18.51
7717,2020-12-27,菠菜,4.69,7.0,8.111,18.51
7762,2020-12-28,菠菜,4.69,7.0,5.23,18.51
7807,2020-12-29,菠菜,4.77,7.0,4.127,18.51
7856,2020-12-30,菠菜,4.93,8.0,5.327,18.51
7905,2020-12-31,菠菜,5.1,8.0,7.483,18.51
7952,2021-01-01,菠菜,5.4,8.0,8.962,18.51
7997,2021-01-02,菠菜,5.58,8.0,7.369,18.51
8042,2021-01-03,菠菜,5.51,8.0,4.875,18.51
8088,2021-01-04,菠菜,5.41,8.0,8.647,18.51
8135,2021-01-05,菠菜,5.41,8.0,8.109,18.51
8183,2021-01-06,菠菜,5.41,8.0,7.984,18.51
8231,2021-01-07,菠菜,5.4,8.0,5.889,18.51
8276,2021-01-08,菠菜,5.38,8.0,8.586,18.51
8321,2021-01-09,菠菜,5.42,8.0,7.271,18.51
8368,2021-01-10,菠菜,5.47,8.0,8.221,18.51
8416,2021-01-11,菠菜,5.46,8.0,6.167,18.51
8457,2021-01-12,菠菜,5.88,9.0,5.233,18.51
8500,2021-01-13,菠菜,5.91,9.0,9.911,18.51
8543,2021-01-14,菠菜,6.1,9.0,4.121,18.51
8585,2021-01-15,菠菜,6.11,10.0,6.514,18.51
8630,2021-01-16,菠菜,6.25,10.0,11.349,18.51
8678,2021-01-17,菠菜,6.29,10.0,6.684,18.51
8725,2021-01-18,菠菜,6.32,10.0,8.738,18.51
8773,2021-01-19,菠菜,6.200000000000001,10.0,5.231,18.51
8821,2021-01-20,菠菜,6.14,10.0,6.034,18.51
8870,2021-01-21,菠菜,5.11,10.0,7.335,18.51
8917,2021-01-22,菠菜,6.16,10.0,4.221,18.51
8962,2021-01-23,菠菜,6.16,10.0,7.876,18.51
9010,2021-01-24,菠菜,6.080000000000001,10.0,9.17,18.51
9058,2021-01-25,菠菜,6.099999999999999,10.0,7.727,18.51
9105,2021-01-26,菠菜,6.07,10.0,6.214,18.51
9150,2021-01-27,菠菜,6.1,10.0,8.139,18.51
9195,2021-01-28,菠菜,6.09,10.0,6.385,18.51
9244,2021-01-29,菠菜,6.03,10.0,4.631,18.51
9290,2021-01-30,菠菜,5.94,10.0,7.334,18.51
9339,2021-01-31,菠菜,5.78,10.0,13.1,18.51
9390,2021-02-01,菠菜,5.76,10.0,5.374,18.51
9436,2021-02-02,菠菜,5.65,10.0,4.12,18.51
9486,2021-02-03,菠菜,5.55,8.0,7.468,18.51
9534,2021-02-04,菠菜,5.08,8.0,6.207,18.51
9583,2021-02-05,菠菜,4.72,6.0,8.73,18.51
9634,2021-02-06,菠菜,4.69,6.0,10.419,18.51
9685,2021-02-07,菠菜,4.69,6.0,7.058,18.51
9736,2021-02-08,菠菜,4.73,8.0,7.796,18.51
9788,2021-02-09,菠菜,5.19,8.0,11.115,18.51
9838,2021-02-10,菠菜,5.19,8.0,16.796,18.51
9881,2021-02-13,菠菜,5.19,8.0,10.215,18.51
9921,2021-02-14,菠菜,5.32,8.0,9.238,18.51
9970,2021-02-15,菠菜,5.44,10.0,15.512,18.51
10010,2021-02-16,菠菜,5.31,10.0,6.627,18.51
10052,2021-02-17,菠菜,5.19,8.0,9.16,18.51
10097,2021-02-18,菠菜,5.19,8.0,3.359,18.51
10141,2021-02-19,菠菜,5.19,8.0,4.297,18.51
10185,2021-02-20,菠菜,5.39,7.0,7.035,18.51
10232,2021-02-21,菠菜,5.829999999999999,8.0,4.799,18.51
10278,2021-02-22,菠菜,5.83,8.0,3.859,18.51
10366,2021-02-24,菠菜,4.4,8.0,6.052,18.51
10413,2021-02-25,菠菜,4.41,8.0,7.645,18.51
10459,2021-02-26,菠菜,4.4,8.0,9.013,18.51
10541,2021-02-28,菠菜,4.7,8.0,7.811,18.51
10590,2021-03-01,菠菜,4.64,7.0,9.229,18.51
10638,2021-03-02,菠菜,4.65,7.0,7.752,18.51
10687,2021-03-03,菠菜,4.63,7.0,4.959,18.51
10732,2021-03-04,菠菜,4.660000000000001,7.0,5.043,18.51
10775,2021-03-05,菠菜,4.62,7.0,5.688,18.51
10824,2021-03-06,菠菜,4.61,7.0,7.953,18.51
10875,2021-03-07,菠菜,4.26,7.0,10.415,18.51
10924,2021-03-08,菠菜,3.97,7.0,8.882,18.51
10971,2021-03-09,菠菜,4.04,7.0,4.299,18.51
11017,2021-03-10,菠菜,4.12,7.0,1.448,18.51
11063,2021-03-11,菠菜,4.13,7.0,2.925,18.51
11167,2021-03-13,菠菜,4.15,7.0,4.242,18.51
11259,2021-03-15,菠菜,4.03,7.0,5.674,18.51
11305,2021-03-16,菠菜,4.03,7.0,1.72,18.51
11351,2021-03-17,菠菜,3.8,6.0,2.241,18.51
11399,2021-03-18,菠菜,3.72,6.0,5.469,18.51
11449,2021-03-19,菠菜,3.73,6.0,3.195,18.51
11494,2021-03-20,菠菜,3.7,6.0,14.232,18.51
11545,2021-03-21,菠菜,3.89,6.0,1.188,18.51
11591,2021-03-22,菠菜,3.9300000000000006,6.0,7.223,18.51
11683,2021-03-24,菠菜,3.91,6.0,2.592,18.51
11729,2021-03-25,菠菜,3.91,6.0,4.264,18.51
11776,2021-03-26,菠菜,3.9100000000000006,6.0,7.509,18.51
11823,2021-03-27,菠菜,3.9,6.0,11.054,18.51
11919,2021-03-29,菠菜,4.06,7.0,8.068,18.51
11965,2021-03-30,菠菜,4.2,7.0,6.118,18.51
12054,2021-04-01,菠菜,4.37,7.0,6.893,18.51
12107,2021-04-02,菠菜,4.1,7.0,9.186,18.51
12157,2021-04-03,菠菜,4.13,7.0,9.361,18.51
12253,2021-04-05,菠菜,4.4,7.0,5.532,18.51
12295,2021-04-06,菠菜,4.41,7.0,1.289,18.51
12389,2021-04-08,菠菜,4.22,7.0,8.642,18.51
12436,2021-04-09,菠菜,4.2,6.0,7.393000000000001,18.51
12481,2021-04-10,菠菜,4.26,6.0,9.415,18.51
12525,2021-04-11,菠菜,4.29,6.0,9.033,18.51
12568,2021-04-12,菠菜,4.31,6.0,5.136,18.51
12611,2021-04-13,菠菜,4.3,6.0,4.968,18.51
12658,2021-04-14,菠菜,4.27,6.0,9.599,18.51
12705,2021-04-15,菠菜,5.04,8.0,6.956,18.51
12753,2021-04-16,菠菜,4.7,8.0,3.473,18.51
12803,2021-04-17,菠菜,4.71,8.0,7.51,18.51
12852,2021-04-18,菠菜,4.68,8.0,3.599,18.51
12902,2021-04-19,菠菜,4.62,8.0,5.889,18.51
12948,2021-04-20,菠菜,4.44,8.0,3.2840000000000003,18.51
12992,2021-04-21,菠菜,4.43,8.0,6.444,18.51
13037,2021-04-22,菠菜,4.42,8.0,5.027,18.51
13083,2021-04-23,菠菜,4.41,8.0,7.507,18.51
13133,2021-04-24,菠菜,4.44,8.0,15.505,18.51
13178,2021-04-25,菠菜,4.42,8.0,6.858,18.51
13227,2021-04-26,菠菜,3.44,6.0,3.579,18.51
13271,2021-04-27,菠菜,3.3,6.0,4.682,18.51
13317,2021-04-28,菠菜,3.3,6.0,4.6000000000000005,18.51
13363,2021-04-29,菠菜,3.29,6.0,3.595,18.51
13411,2021-04-30,菠菜,3.4900000000000007,6.0,1.439,18.51
13458,2021-05-01,菠菜,3.75,6.0,6.238,18.51
13503,2021-05-02,菠菜,3.84,6.0,6.506,18.51
13545,2021-05-03,菠菜,3.69,6.0,8.931000000000001,18.51
13589,2021-05-04,菠菜,3.87,6.0,7.894,18.51
13635,2021-05-05,菠菜,4.63,7.0,8.787,18.51
13679,2021-05-06,菠菜,4.7,7.0,7.894,18.51
13725,2021-05-07,菠菜,4.89,7.0,3.625,18.51
13771,2021-05-08,菠菜,5.13,8.0,6.994,18.51
13818,2021-05-09,菠菜,5.13,8.0,6.091,18.51
13905,2021-05-11,菠菜,5.12,7.0,3.384,18.51
13950,2021-05-12,菠菜,5.11,7.0,2.6790000000000003,18.51
13995,2021-05-13,菠菜,4.55,7.0,1.3610000000000002,18.51
14040,2021-05-14,菠菜,4.25,7.0,5.344,18.51
14088,2021-05-15,菠菜,4.45,7.0,6.435,18.51
14174,2021-05-17,菠菜,4.61,7.0,8.771,18.51
14217,2021-05-18,菠菜,4.6,7.0,4.285,18.51
14259,2021-05-19,菠菜,4.6,8.0,3.585,18.51
14306,2021-05-20,菠菜,4.61,8.0,3.535,18.51
14396,2021-05-22,菠菜,5.14,8.0,6.467,18.51
14484,2021-05-24,菠菜,5.39,8.0,7.144,18.51
14572,2021-05-26,菠菜,5.69,9.0,8.186,18.51
14618,2021-05-27,菠菜,6.05,10.0,3.741,18.51
14706,2021-05-29,菠菜,6.15,10.0,5.152,18.51
14751,2021-05-30,菠菜,6.33,10.0,6.284,18.51
14797,2021-05-31,菠菜,6.63,10.0,6.3180000000000005,18.51
14842,2021-06-01,菠菜,6.36,10.0,6.215,18.51
14890,2021-06-02,菠菜,6.45,10.0,5.224,18.51
14937,2021-06-03,菠菜,6.44,12.0,6.301,18.51
14985,2021-06-04,菠菜,6.39,10.0,6.768,18.51
15032,2021-06-05,菠菜,6.16,9.0,7.394,18.51
15125,2021-06-07,菠菜,5.8,10.0,6.656,18.51
15169,2021-06-08,菠菜,5.48,8.0,4.136,18.51
15217,2021-06-09,菠菜,5.25,8.0,6.015,18.51
15268,2021-06-10,菠菜,5.1,8.0,2.795,18.51
15317,2021-06-11,菠菜,5.1,8.0,4.952,18.51
15367,2021-06-12,菠菜,5.13,8.0,6.783,18.51
15416,2021-06-13,菠菜,5.12,8.0,9.011,18.51
15508,2021-06-15,菠菜,5.36,8.0,2.982,18.51
15552,2021-06-16,菠菜,5.36,8.0,6.255,18.51
15593,2021-06-17,菠菜,5.36,8.0,6.227,18.51
15635,2021-06-18,菠菜,5.33,9.0,5.714,18.51
15680,2021-06-19,菠菜,5.8,9.0,6.6610000000000005,18.51
15725,2021-06-20,菠菜,6.12,9.0,6.917,18.51
15765,2021-06-21,菠菜,6.28,9.0,6.972,18.51
15808,2021-06-22,菠菜,6.43,10.0,3.198,18.51
15853,2021-06-23,菠菜,6.5,10.0,4.523,18.51
15901,2021-06-24,菠菜,7.080000000000001,10.0,5.526,18.51
15944,2021-06-25,菠菜,7.029999999999999,10.0,3.46,18.51
15986,2021-06-26,菠菜,7.279999999999999,11.0,6.275,18.51
16030,2021-06-27,菠菜,7.55,11.0,7.588,18.51
16077,2021-06-28,菠菜,7.66,11.0,8.589,18.51
16123,2021-06-29,菠菜,7.66,11.0,2.149,18.51
16169,2021-06-30,菠菜,7.66,12.0,4.158,18.51
16216,2021-07-01,菠菜,7.630000000000001,12.0,6.463,18.51
16262,2021-07-02,菠菜,7.52,12.0,8.513,18.51
16314,2021-07-03,菠菜,6.67,10.0,12.541,18.51
16367,2021-07-04,菠菜,6.39,10.0,6.868,18.51
16418,2021-07-05,菠菜,6.4,10.0,7.995,18.51
16468,2021-07-06,菠菜,6.47,10.0,10.656,18.51
16517,2021-07-07,菠菜,6.470000000000001,10.0,3.93,18.51
16566,2021-07-08,菠菜,6.06,10.0,4.773,18.51
16612,2021-07-09,菠菜,6.179999999999999,10.0,8.319,18.51
16661,2021-07-10,菠菜,5.76,10.0,8.902,18.51
16707,2021-07-11,菠菜,6.15,10.0,13.373,18.51
16752,2021-07-12,菠菜,6.31,10.0,7.088,18.51
16792,2021-07-13,菠菜,5.760000000000001,10.0,9.104,18.51
16839,2021-07-14,菠菜,5.42,10.0,9.143,18.51
16886,2021-07-15,菠菜,6.2700000000000005,10.0,5.484,18.51
16933,2021-07-16,菠菜,5.8,10.0,7.319,18.51
16984,2021-07-17,菠菜,6.42,12.0,10.37,18.51
17037,2021-07-18,菠菜,7.470000000000001,10.0,8.02,18.51
17085,2021-07-19,菠菜,6.1,10.0,6.856,18.51
17134,2021-07-20,菠菜,6.09,10.0,6.757,18.51
17188,2021-07-21,菠菜,6.08,10.0,7.282,18.51
17240,2021-07-22,菠菜,6.080000000000001,12.0,4.776,18.51
17289,2021-07-23,菠菜,6.06,12.0,3.298,18.51
17335,2021-07-24,菠菜,8.35,12.0,8.636,18.51
17382,2021-07-25,菠菜,8.54,12.0,8.33,18.51
17465,2021-07-27,菠菜,10.25,14.0,6.612,18.51
17514,2021-07-28,菠菜,11.31,14.0,6.856,18.51
17562,2021-07-29,菠菜,13.09,18.0,2.834,18.51
17609,2021-07-30,菠菜,11.57,16.0,9.7,18.51
17658,2021-07-31,菠菜,10.08,16.0,8.511,18.51
17705,2021-08-01,菠菜,10.04,16.0,7.782,18.51
17749,2021-08-02,菠菜,9.929999999999998,16.0,2.086,18.51
17796,2021-08-03,菠菜,10.49,16.0,8.993,18.51
17840,2021-08-04,菠菜,10.5,16.0,4.017,18.51
17885,2021-08-05,菠菜,10.37,16.0,8.519,18.51
17932,2021-08-06,菠菜,10.01,16.0,2.167,18.51
17977,2021-08-07,菠菜,10.39,16.0,7.523000000000001,18.51
18021,2021-08-08,菠菜,10.14,16.0,6.287,18.51
18065,2021-08-09,菠菜,9.88,16.0,4.381,18.51
18109,2021-08-10,菠菜,9.88,18.0,5.116,18.51
18198,2021-08-12,菠菜,11.4,18.0,6.45,18.51
18247,2021-08-13,菠菜,10.45,16.0,7.669,18.51
18291,2021-08-14,菠菜,10.38,16.0,8.015,18.51
18333,2021-08-15,菠菜,9.17,16.0,8.665,18.51
18375,2021-08-16,菠菜,9.07,16.0,5.8870000000000005,18.51
18416,2021-08-17,菠菜,9.8,16.0,7.282999999999999,18.51
18459,2021-08-18,菠菜,9.99,16.0,7.944,18.51
18502,2021-08-19,菠菜,9.98,16.0,6.975,18.51
18548,2021-08-20,菠菜,9.97,16.0,6.083,18.51
18597,2021-08-21,菠菜,9.86,16.0,9.012,18.51
18641,2021-08-22,菠菜,8.96,16.0,7.7,18.51
18682,2021-08-23,菠菜,6.570000000000001,14.0,5.085999999999999,18.51
18727,2021-08-24,菠菜,7.75,14.0,4.73,18.51
18771,2021-08-25,菠菜,7.71,14.0,5.35,18.51
18815,2021-08-26,菠菜,7.690000000000001,14.0,7.154,18.51
18859,2021-08-27,菠菜,7.44,14.0,11.992,18.51
18905,2021-08-28,菠菜,7.33,14.0,7.567,18.51
18954,2021-08-29,菠菜,7.42,14.0,7.123,18.51
19003,2021-08-30,菠菜,7.47,14.0,5.749,18.51
19051,2021-08-31,菠菜,8.28,14.0,4.105,18.51
19098,2021-09-01,菠菜,8.49,14.0,3.833,18.51
19145,2021-09-02,菠菜,8.78,14.0,5.5600000000000005,18.51
19194,2021-09-03,菠菜,9.18,14.0,4.937,18.51
19243,2021-09-04,菠菜,9.82,14.0,9.234,18.51
19292,2021-09-05,菠菜,11.4,14.0,6.284,18.51
19340,2021-09-06,菠菜,9.2,14.0,8.591,18.51
19389,2021-09-07,菠菜,9.21,14.0,4.722,18.51
19439,2021-09-08,菠菜,9.19,14.0,3.64,18.51
19488,2021-09-09,菠菜,9.01,14.0,2.171,18.51
19536,2021-09-10,菠菜,8.71,14.0,6.333,18.51
19584,2021-09-11,菠菜,8.1,14.0,8.59,18.51
19632,2021-09-12,菠菜,8.68,12.0,8.831,18.51
19673,2021-09-13,菠菜,7.68,12.0,5.986,18.51
19715,2021-09-14,菠菜,8.21,14.0,6.756,18.51
19760,2021-09-15,菠菜,8.04,14.0,5.631,18.51
19804,2021-09-16,菠菜,8.02,14.0,5.202999999999999,18.51
19851,2021-09-17,菠菜,8.01,14.0,5.386,18.51
19897,2021-09-18,菠菜,8.03,14.0,0.5589999999999999,18.51
19946,2021-09-19,菠菜,8.26,16.0,8.209,18.51
19995,2021-09-20,菠菜,9.17,14.0,9.809,18.51
20044,2021-09-21,菠菜,9.27,14.0,6.784,18.51
20094,2021-09-22,菠菜,8.87,14.0,6.734,18.51
20141,2021-09-23,菠菜,8.95,12.0,5.167,18.51
20186,2021-09-24,菠菜,7.35,12.0,4.967,18.51
20228,2021-09-25,菠菜,7.96,14.0,11.077,18.51
20267,2021-09-26,菠菜,8.31,12.0,5.485,18.51
20308,2021-09-27,菠菜,8.06,12.0,6.105,18.51
20346,2021-09-28,菠菜,7.93,12.0,6.856,18.51
20388,2021-09-29,菠菜,8.05,14.0,4.235,18.51
20423,2021-09-30,菠菜,9.4,16.0,6.31,18.51
20461,2021-10-01,菠菜,11.6,16.0,9.707,18.51
20495,2021-10-02,菠菜,10.88,14.0,10.09,18.51
20534,2021-10-03,菠菜,9.8,18.0,7.569,18.51
20570,2021-10-04,菠菜,15.11,19.8,5.959,18.51
20608,2021-10-05,菠菜,12.06,19.800000000000004,9.722,18.51
20648,2021-10-06,菠菜,11.99,18.0,8.691,18.51
20686,2021-10-07,菠菜,13.23,19.8,5.12,18.51
20724,2021-10-08,菠菜,15.3,19.8,3.663,18.51
20761,2021-10-09,菠菜,14.74,25.8,3.185,18.51
20798,2021-10-10,菠菜,14.74,19.8,8.734,18.51
20833,2021-10-11,菠菜,17.85,18.0,3.074,18.51
20870,2021-10-12,菠菜,17.62,19.8,2.112,18.51
20907,2021-10-13,菠菜,13.91,19.8,2.2030000000000003,18.51
20943,2021-10-14,菠菜,14.160000000000002,19.8,3.754,18.51
20984,2021-10-15,菠菜,13.98,19.8,16.303,18.51
21025,2021-10-16,菠菜,14.25,19.8,11.697,18.51
21067,2021-10-17,菠菜,16.81,19.8,4.122,18.51
21107,2021-10-18,菠菜,19.390000000000004,27.6,4.293,18.51
21142,2021-10-19,菠菜,19.43,27.6,2.069,18.51
21180,2021-10-20,菠菜,19.42,27.6,5.281,18.51
21216,2021-10-21,菠菜,19.34,27.6,2.716,18.51
21251,2021-10-22,菠菜,19.18,27.600000000000005,1.157,18.51
21285,2021-10-23,菠菜,18.21,27.6,2.964,18.51
21319,2021-10-24,菠菜,18.3,27.600000000000005,2.127,18.51
21355,2021-10-25,菠菜,18.3,27.6,1.41,18.51
21389,2021-10-26,菠菜,18.55,27.6,3.913,18.51
21423,2021-10-27,菠菜,19.59,27.6,1.598,18.51
21456,2021-10-28,菠菜,19.59,25.8,1.438,18.51
21487,2021-10-29,菠菜,19.27,25.8,4.289,18.51
21520,2021-10-30,菠菜,18.48,19.8,3.884,18.51
21558,2021-10-31,菠菜,15.83,16.0,5.256,18.51
21590,2021-11-01,菠菜,12.23,12.0,6.303,18.51
21626,2021-11-02,菠菜,6.89,12.0,0.6859999999999999,18.51
21661,2021-11-03,菠菜,6.889999999999999,12.0,2.969,18.51
21693,2021-11-04,菠菜,8.09,12.0,4.793,18.51
21728,2021-11-05,菠菜,8.08,12.0,4.242,18.51
21763,2021-11-06,菠菜,8.05,14.0,11.799,18.51
21796,2021-11-07,菠菜,9.21,16.0,15.529,18.51
21832,2021-11-08,菠菜,9.07,16.0,4.723,18.51
21865,2021-11-09,菠菜,8.89,16.0,3.05,18.51
21896,2021-11-10,菠菜,8.29,16.0,4.275,18.51
21929,2021-11-11,菠菜,8.13,16.0,3.077,18.51
21961,2021-11-12,菠菜,8.18,16.0,3.378,18.51
21994,2021-11-13,菠菜,9.33,16.0,8.192,18.51
22026,2021-11-14,菠菜,10.23,16.0,13.448,18.51
22057,2021-11-15,菠菜,10.25,16.0,3.371,18.51
22089,2021-11-16,菠菜,10.21,16.0,4.9190000000000005,18.51
22120,2021-11-17,菠菜,10.22,16.0,2.362,18.51
22152,2021-11-18,菠菜,9.44,16.0,2.356,18.51
22185,2021-11-19,菠菜,9.37,14.0,2.866,18.51
22218,2021-11-20,菠菜,9.28,14.0,1.347,18.51
22251,2021-11-21,菠菜,9.28,14.0,5.531,18.51
22282,2021-11-22,菠菜,5.19,14.0,1.899,18.51
22313,2021-11-23,菠菜,8.26,14.0,1.876,18.51
22343,2021-11-24,菠菜,8.32,10.0,1.215,18.51
22373,2021-11-25,菠菜,8.26,10.0,2.3,18.51
22405,2021-11-26,菠菜,8.26,10.0,3.474,18.51
22435,2021-11-27,菠菜,6.8,10.0,7.863,18.51
26,2020-07-01,西兰花,9.23,14.0,34.554,9.26
63,2020-07-02,西兰花,8.9,14.0,30.109,9.26
99,2020-07-03,西兰花,8.97,14.0,26.46,9.26
133,2020-07-04,西兰花,9.27,14.0,42.815,9.26
