export/q3_2单品数据筛选.csv
,日期,单品名称,批发价格(元/千克)_否,销售单价(元/千克)_否,销量(千克)_否,损耗率(%)_否
167,2020-07-05,西兰花,9.47,14.0,42.365,9.26
203,2020-07-06,西兰花,9.48,14.0,23.99,9.26
240,2020-07-07,西兰花,9.16,14.0,23.05,9.26
277,2020-07-08,西兰花,9.09,14.0,24.641,9.26
313,2020-07-09,西兰花,9.03,14.0,25.205,9.26
350,2020-07-10,西兰花,8.82,14.0,26.1,9.26
387,2020-07-11,西兰花,8.91,14.0,33.401,9.26
425,2020-07-12,西兰花,8.49,14.0,37.049,9.26
460,2020-07-13,西兰花,8.29,14.0,15.209,9.26
497,2020-07-14,西兰花,7.79,14.0,25.29,9.26
533,2020-07-15,西兰花,7.760000000000001,14.0,17.069,9.26
570,2020-07-16,西兰花,7.74,14.0,22.106,9.26
608,2020-07-17,西兰花,7.72,14.0,21.793,9.26
645,2020-07-18,西兰花,7.75,14.0,28.677,9.26
681,2020-07-19,西兰花,7.86,14.0,39.511,9.26
716,2020-07-20,西兰花,7.86,14.0,15.753,9.26
754,2020-07-21,西兰花,7.77,14.0,19.009,9.26
791,2020-07-22,西兰花,7.75,14.0,23.685,9.26
829,2020-07-23,西兰花,8.26,14.0,17.571,9.26
864,2020-07-24,西兰花,8.63,14.0,16.816,9.26
901,2020-07-25,西兰花,9.18,14.0,25.673,9.26
938,2020-07-26,西兰花,9.42,14.0,30.532,9.26
976,2020-07-27,西兰花,9.44,14.0,18.626,9.26
1014,2020-07-28,西兰花,9.44,14.0,15.352,9.26
1050,2020-07-29,西兰花,9.43,14.0,22.603,9.26
1085,2020-07-30,西兰花,9.42,14.0,13.93,9.26
1122,2020-07-31,西兰花,9.42,14.0,15.867,9.260000000000002
1161,2020-08-01,西兰花,9.43,14.0,27.153,9.26
1204,2020-08-02,西兰花,9.42,14.0,27.125,9.26
1247,2020-08-03,西兰花,8.94,14.0,22.77,9.26
1287,2020-08-04,西兰花,8.76,14.0,21.353,9.26
1328,2020-08-05,西兰花,8.63,14.0,16.227,9.26
1371,2020-08-06,西兰花,8.56,14.0,11.31,9.260000000000002
1415,2020-08-07,西兰花,8.59,14.0,19.416,9.26
1461,2020-08-08,西兰花,8.68,14.0,25.77,9.26
1505,2020-08-09,西兰花,10.18,14.0,36.037,9.26
1544,2020-08-10,西兰花,10.8,14.544117647058824,28.181,9.26
1584,2020-08-11,西兰花,10.01,14.0,27.357,9.26
1622,2020-08-12,西兰花,9.2,14.0,26.143,9.26
1659,2020-08-13,西兰花,8.94,13.0,23.005,9.260000000000002
1701,2020-08-14,西兰花,8.52,13.0,25.977,9.26
1743,2020-08-15,西兰花,8.52,13.0,9.16,9.26
1783,2020-08-16,西兰花,8.69,12.787951807228916,32.071,9.26
1822,2020-08-17,西兰花,8.32,13.0,24.231,9.26
1861,2020-08-18,西兰花,8.32,12.0,26.065,9.26
1901,2020-08-19,西兰花,7.9,10.0,39.409,9.26
1942,2020-08-20,西兰花,7.7,10.0,36.802,9.26
1985,2020-08-21,西兰花,7.48,12.0,26.791,9.26
2025,2020-08-22,西兰花,7.28,12.0,29.167,9.26
2064,2020-08-23,西兰花,7.85,13.0,40.565,9.26
2106,2020-08-24,西兰花,8.27,13.0,20.983,9.26
2146,2020-08-25,西兰花,8.08,13.0,24.418,9.260000000000002
2186,2020-08-26,西兰花,8.49,13.0,39.319,9.26
2229,2020-08-27,西兰花,8.41,12.0,45.878,9.26
2269,2020-08-28,西兰花,8.49,12.0,16.904,9.26
2312,2020-08-29,西兰花,8.53,12.0,32.329,9.26
2352,2020-08-30,西兰花,8.13,12.0,42.367,9.26
2394,2020-08-31,西兰花,7.04,12.0,27.289,9.26
2434,2020-09-01,西兰花,7.54,12.0,29.952,9.26
2473,2020-09-02,西兰花,7.430000000000001,12.0,21.057,9.26
2511,2020-09-03,西兰花,6.950000000000001,12.0,18.804,9.26
2553,2020-09-04,西兰花,6.860000000000001,12.0,21.798,9.26
2594,2020-09-05,西兰花,7.08,12.0,29.959,9.26
2637,2020-09-06,西兰花,7.49,12.0,30.149,9.26
2681,2020-09-07,西兰花,7.400000000000001,12.0,15.392,9.26
2722,2020-09-08,西兰花,7.6,12.0,19.63,9.26
2763,2020-09-09,西兰花,7.65,12.0,18.17,9.26
2802,2020-09-10,西兰花,7.96,12.0,43.689,9.26
2843,2020-09-11,西兰花,7.4,12.0,9.841,9.26
2888,2020-09-12,西兰花,7.78,11.0,30.741,9.26
2930,2020-09-13,西兰花,7.29,11.0,28.722,9.26
2971,2020-09-14,西兰花,7.07,11.0,49.456,9.26
3011,2020-09-15,西兰花,7.07,11.0,18.473,9.26
3055,2020-09-16,西兰花,7.18,11.0,39.68,9.26
3097,2020-09-17,西兰花,7.239999999999999,11.0,18.781,9.26
3142,2020-09-18,西兰花,7.05,11.0,15.21,9.26
3183,2020-09-19,西兰花,6.89,11.0,47.056,9.26
3226,2020-09-20,西兰花,6.549999999999999,12.0,21.189,9.26
3266,2020-09-21,西兰花,7.53,12.0,18.474,9.26
3309,2020-09-22,西兰花,7.85,12.0,26.505,9.26
3354,2020-09-23,西兰花,8.38,12.0,18.153,9.26
3400,2020-09-24,西兰花,9.09,14.0,22.639,9.260000000000002
3451,2020-09-25,西兰花,9.02,14.0,32.512,9.26
3500,2020-09-26,西兰花,8.83,14.0,52.138,9.26
3549,2020-09-27,西兰花,8.76,14.0,15.171,9.26
3594,2020-09-28,西兰花,8.76,14.0,12.792,9.26
3640,2020-09-29,西兰花,8.57,14.0,15.13,9.26
3686,2020-09-30,西兰花,8.4,14.0,37.562,9.26
3730,2020-10-01,西兰花,8.47,14.0,60.889,9.26
3776,2020-10-02,西兰花,8.88,14.0,42.489,9.26
3820,2020-10-03,西兰花,9.23,14.0,29.203,9.26
3862,2020-10-04,西兰花,8.09,14.0,20.193,9.26
3906,2020-10-05,西兰花,8.31,14.0,30.183,9.26
3952,2020-10-06,西兰花,8.28,14.0,19.649,9.26
3996,2020-10-07,西兰花,7.939999999999999,14.0,23.202,9.26
4040,2020-10-08,西兰花,8.0,14.0,19.808,9.26
4084,2020-10-09,西兰花,8.0,14.0,37.091,9.26
4129,2020-10-10,西兰花,8.33,14.0,16.919,9.26
4172,2020-10-11,西兰花,8.47,14.0,36.23,9.26
4212,2020-10-12,西兰花,8.21,14.0,13.295,9.260000000000002
4255,2020-10-13,西兰花,7.709999999999999,14.0,17.384999999999998,9.26
4298,2020-10-14,西兰花,7.32,12.0,24.161,9.26
4339,2020-10-15,西兰花,6.94,9.2,36.058,9.26
4383,2020-10-16,西兰花,6.569999999999999,10.0,36.486,9.26
4427,2020-10-17,西兰花,6.06,10.0,83.038,9.26
4473,2020-10-18,西兰花,6.21,10.0,67.181,9.26
4518,2020-10-19,西兰花,6.21,10.0,36.458,9.26
4562,2020-10-20,西兰花,6.21,10.0,14.263,9.26
4603,2020-10-21,西兰花,6.210000000000001,10.0,24.362,9.26
4645,2020-10-22,西兰花,6.27,10.0,13.3,9.26
4687,2020-10-23,西兰花,6.29,11.0,13.635,9.26
4729,2020-10-24,西兰花,6.29,11.0,15.137,9.26
4774,2020-10-25,西兰花,7.029999999999999,11.0,20.423,9.26
4819,2020-10-26,西兰花,7.17,11.0,14.19,9.260000000000002
4862,2020-10-27,西兰花,7.14,10.0,21.929,9.26
4904,2020-10-28,西兰花,7.1,10.0,15.998,9.26
4950,2020-10-29,西兰花,7.1,9.2,13.9,9.26
4997,2020-10-30,西兰花,6.54,9.2,18.452,9.26
5043,2020-10-31,西兰花,6.29,9.2,60.735,9.26
5090,2020-11-01,西兰花,6.489999999999999,9.6,53.91,9.26
5131,2020-11-02,西兰花,6.49,9.6,20.803,9.26
5174,2020-11-03,西兰花,5.5,9.2,40.187,9.26
5214,2020-11-04,西兰花,5.24,7.6,52.705,9.26
5256,2020-11-05,西兰花,4.95,7.6,43.779,9.26
5298,2020-11-06,西兰花,5.0,7.6,21.562,9.26
5341,2020-11-07,西兰花,5.01,7.6,60.544,9.26
5385,2020-11-08,西兰花,5.03,7.0,67.648,9.26
5430,2020-11-09,西兰花,4.95,7.0,39.625,9.26
5474,2020-11-10,西兰花,4.95,8.0,10.578,9.26
5519,2020-11-11,西兰花,4.75,6.0,55.636,9.259999999999998
5567,2020-11-12,西兰花,4.02,6.0,12.075,9.26
5612,2020-11-13,西兰花,4.43,6.0,45.656,9.26
5659,2020-11-14,西兰花,4.39,5.6,75.861,9.26
5704,2020-11-15,西兰花,4.13,5.6,70.059,9.26
5748,2020-11-16,西兰花,3.93,5.6,41.351,9.26
5790,2020-11-17,西兰花,4.0,5.6,40.078,9.26
5835,2020-11-18,西兰花,3.88,5.0,38.98,9.26
5880,2020-11-19,西兰花,3.39,5.0,60.347,9.26
5924,2020-11-20,西兰花,3.49,5.6,37.8,9.26
5969,2020-11-21,西兰花,3.03,5.0,72.819,9.26
6016,2020-11-22,西兰花,2.76,5.0,82.152,9.26
6058,2020-11-23,西兰花,2.68,5.0,46.209,9.26
6101,2020-11-24,西兰花,2.68,5.6,36.545,9.26
6146,2020-11-25,西兰花,3.51,6.0,15.184,9.26
6189,2020-11-26,西兰花,3.79,6.0,20.303,9.26
6234,2020-11-27,西兰花,3.87,6.0,14.464,9.26
6283,2020-11-28,西兰花,4.33,6.0,55.646,9.26
6329,2020-11-29,西兰花,4.52,6.0,56.877,9.259999999999998
6377,2020-11-30,西兰花,4.56,6.0,20.152,9.26
6422,2020-12-01,西兰花,4.51,7.0,12.352,9.26
6469,2020-12-02,西兰花,4.31,7.0,12.224,9.26
6515,2020-12-03,西兰花,4.98,7.0,15.288,9.26
6564,2020-12-04,西兰花,5.19,7.0,15.891,9.26
6614,2020-12-05,西兰花,5.170000000000001,6.0,55.108,9.26
6665,2020-12-06,西兰花,5.44,8.0,39.488,9.26
6715,2020-12-07,西兰花,5.64,8.0,11.439,9.26
6766,2020-12-08,西兰花,5.64,8.0,16.642,9.26
6815,2020-12-09,西兰花,5.65,8.0,10.841,9.26
6868,2020-12-10,西兰花,5.72,8.0,7.51,9.26
6921,2020-12-11,西兰花,5.67,8.0,18.301,9.26
6976,2020-12-12,西兰花,5.48,7.666666666666667,44.861,9.26
7030,2020-12-13,西兰花,5.49,8.0,44.4,9.26
7080,2020-12-14,西兰花,5.37,8.0,14.111,9.26
7127,2020-12-15,西兰花,5.11,8.0,11.404,9.26
7178,2020-12-16,西兰花,5.19,8.0,16.882,9.26
7229,2020-12-17,西兰花,5.299999999999999,8.0,11.228,9.26
7282,2020-12-18,西兰花,5.32,8.0,13.861,9.26
7334,2020-12-19,西兰花,5.32,8.0,35.406,9.26
7385,2020-12-20,西兰花,5.2,8.0,54.913,9.26
7433,2020-12-21,西兰花,5.53,8.0,16.956,9.26
7480,2020-12-22,西兰花,5.81,8.0,17.612,9.26
7528,2020-12-23,西兰花,5.8,8.0,31.771,9.26
7576,2020-12-24,西兰花,5.92,8.0,13.75,9.26
7623,2020-12-25,西兰花,6.44,8.0,17.345,9.26
7673,2020-12-26,西兰花,6.69,10.0,33.59,9.26
7722,2020-12-27,西兰花,6.72,10.0,24.308,9.26
7766,2020-12-28,西兰花,6.72,10.0,13.36,9.26
7812,2020-12-29,西兰花,6.740000000000001,10.0,17.855,9.26
7861,2020-12-30,西兰花,6.74,10.0,16.43,9.26
7909,2020-12-31,西兰花,6.74,10.0,11.987,9.260000000000002
7956,2021-01-01,西兰花,6.87,10.0,27.724,9.26
8001,2021-01-02,西兰花,6.88,10.0,10.226,9.26
8047,2021-01-03,西兰花,6.85,10.0,31.641,9.26
8093,2021-01-04,西兰花,7.119999999999999,10.0,13.05,9.260000000000002
8140,2021-01-05,西兰花,7.119999999999999,10.0,18.346,9.26
8188,2021-01-06,西兰花,6.92,10.0,17.935,9.26
8235,2021-01-07,西兰花,7.03,10.0,20.105,9.26
8281,2021-01-08,西兰花,7.660000000000001,11.0,9.911,9.26
8326,2021-01-09,西兰花,7.99,12.0,27.024,9.26
8373,2021-01-10,西兰花,8.14,12.0,36.409,9.26
8420,2021-01-11,西兰花,8.26,13.0,10.772,9.260000000000002
8461,2021-01-12,西兰花,8.47,13.0,9.723,9.26
8503,2021-01-13,西兰花,8.7,12.0,16.003,9.26
8547,2021-01-14,西兰花,8.68,12.0,20.191,9.26
8589,2021-01-15,西兰花,7.79,12.0,14.26,9.26
8634,2021-01-16,西兰花,7.68,12.0,25.33,9.260000000000002
8682,2021-01-17,西兰花,7.62,12.0,19.61,9.26
8730,2021-01-18,西兰花,7.71,12.0,6.437,9.26
8778,2021-01-19,西兰花,7.7,12.0,15.838,9.26
8826,2021-01-20,西兰花,7.99,12.0,16.121,9.26
8874,2021-01-21,西兰花,7.91,12.0,13.007,9.26
8922,2021-01-22,西兰花,7.919999999999999,12.0,17.629,9.26
8967,2021-01-23,西兰花,7.97,12.0,33.826,9.26
9015,2021-01-24,西兰花,7.84,12.0,27.291,9.26
9062,2021-01-25,西兰花,7.84,11.6,15.407,9.26
9109,2021-01-26,西兰花,7.85,11.6,14.251,9.26
9153,2021-01-27,西兰花,7.45,11.6,16.635,9.26
9200,2021-01-28,西兰花,7.1,10.0,23.103,9.26
9248,2021-01-29,西兰花,6.95,10.0,33.88,9.26
9296,2021-01-30,西兰花,6.68,10.0,48.741,9.26
9345,2021-01-31,西兰花,6.75,10.0,17.22,9.26
9394,2021-02-01,西兰花,6.81,10.0,13.63,9.26
9441,2021-02-02,西兰花,6.81,10.0,21.184,9.26
9490,2021-02-03,西兰花,5.94,8.0,63.618,9.26
9539,2021-02-04,西兰花,5.35,8.0,48.979,9.26
9588,2021-02-05,西兰花,5.25,8.0,41.029,9.26
9640,2021-02-06,西兰花,5.2,8.0,47.722,9.26
9691,2021-02-07,西兰花,5.2,9.0,33.692,9.26
9742,2021-02-08,西兰花,5.200000000000001,10.0,57.126,9.26
9793,2021-02-09,西兰花,5.45,10.0,56.296,9.26
9845,2021-02-10,西兰花,5.97,10.0,85.909,9.26
9927,2021-02-14,西兰花,6.01,9.0,10.626,9.26
9974,2021-02-15,西兰花,6.01,9.0,19.976,9.26
10015,2021-02-16,西兰花,6.15,9.0,31.462,9.26
10058,2021-02-17,西兰花,6.31,9.0,21.962,9.26
10102,2021-02-18,西兰花,6.209999999999999,7.0,30.75,9.259999999999998
10146,2021-02-19,西兰花,5.53,7.0,24.622,9.26
10190,2021-02-20,西兰花,4.56,7.0,29.141,9.26
10237,2021-02-21,西兰花,4.95,8.0,23.559,9.260000000000002
10283,2021-02-22,西兰花,4.95,8.0,17.647,9.26
10326,2021-02-23,西兰花,4.95,8.0,13.952,9.26
10371,2021-02-24,西兰花,4.43,6.0,21.386,9.26
10418,2021-02-25,西兰花,4.22,6.0,26.306,9.26
10462,2021-02-26,西兰花,5.39,8.0,35.142,9.26
10502,2021-02-27,西兰花,5.51,9.0,42.927,9.26
10546,2021-02-28,西兰花,5.54,8.6,31.388,9.26
10596,2021-03-01,西兰花,5.55,10.0,14.699,9.26
10644,2021-03-02,西兰花,5.76,9.0,28.836,9.26
10693,2021-03-03,西兰花,5.56,9.6,12.581,9.26
10738,2021-03-04,西兰花,5.6,9.6,9.439,9.26
10781,2021-03-05,西兰花,5.77,9.6,19.505,9.26
10830,2021-03-06,西兰花,5.91,9.6,29.662,9.26
10881,2021-03-07,西兰花,5.6,9.6,34.448,9.26
10930,2021-03-08,西兰花,5.6,9.6,13.754,9.26
10977,2021-03-09,西兰花,5.6,9.0,12.398,9.26
11022,2021-03-10,西兰花,5.23,9.0,10.802,9.26
11068,2021-03-11,西兰花,4.58,9.0,11.851,9.26
11119,2021-03-12,西兰花,5.51,9.0,17.348,9.26
11172,2021-03-13,西兰花,5.88,10.0,18.476,9.26
11220,2021-03-14,西兰花,6.4,10.0,23.658,9.259999999999998
11264,2021-03-15,西兰花,6.31,10.0,16.439,9.26
11310,2021-03-16,西兰花,6.3,10.0,10.865,9.26
11355,2021-03-17,西兰花,6.4,10.0,20.628,9.26
11403,2021-03-18,西兰花,6.4,10.0,12.03,9.26
11451,2021-03-19,西兰花,6.4,10.0,14.57,9.26
11497,2021-03-20,西兰花,6.400000000000001,10.0,20.814,9.26
11548,2021-03-21,西兰花,6.4,10.0,16.303,9.26
11594,2021-03-22,西兰花,6.4,10.0,13.896,9.26
11641,2021-03-23,西兰花,6.4,10.0,14.774,9.26
11687,2021-03-24,西兰花,6.4,10.0,10.667,9.26
11734,2021-03-25,西兰花,6.4,10.0,10.587,9.260000000000002
11780,2021-03-26,西兰花,7.220000000000001,11.0,20.66,9.26
11828,2021-03-27,西兰花,7.599999999999999,10.625,26.456,9.26
11876,2021-03-28,西兰花,7.6,11.0,27.124,9.260000000000002
11922,2021-03-29,西兰花,7.6,10.07843137254902,25.371,9.26
11968,2021-03-30,西兰花,7.6,11.0,17.846,9.26
12011,2021-03-31,西兰花,7.6,11.0,14.42,9.26
12058,2021-04-01,西兰花,7.59,10.0,18.791,9.26
12112,2021-04-02,西兰花,7.19,10.0,19.319,9.26
12163,2021-04-03,西兰花,7.12,10.0,38.639,9.26
12211,2021-04-04,西兰花,7.06,10.0,34.189,9.26
12258,2021-04-05,西兰花,7.12,10.0,50.109,9.26
12300,2021-04-06,西兰花,7.12,10.0,6.156,9.26
12346,2021-04-07,西兰花,7.12,10.0,15.592,9.26
12395,2021-04-08,西兰花,7.12,10.0,14.066,9.26
12440,2021-04-09,西兰花,7.080000000000001,8.0,35.317,9.26
12485,2021-04-10,西兰花,6.52,8.0,28.438,9.26
12528,2021-04-11,西兰花,6.5,8.0,21.373,9.26
12572,2021-04-12,西兰花,6.5,10.0,16.374,9.26
12614,2021-04-13,西兰花,6.15,9.0,16.204,9.26
12663,2021-04-14,西兰花,6.12,9.0,17.995,9.26
12709,2021-04-15,西兰花,6.31,9.0,13.81,9.26
12759,2021-04-16,西兰花,6.08,9.0,13.521,9.26
12808,2021-04-17,西兰花,6.08,9.0,35.618,9.26
12858,2021-04-18,西兰花,6.08,9.0,23.343,9.260000000000002
12906,2021-04-19,西兰花,5.989999999999999,9.0,10.014,9.26
12952,2021-04-20,西兰花,5.98,8.0,16.655,9.26
12996,2021-04-21,西兰花,5.77,8.0,19.398,9.26
13042,2021-04-22,西兰花,5.44,8.0,12.096,9.26
13089,2021-04-23,西兰花,5.18,6.0,27.577,9.259999999999998
13138,2021-04-24,西兰花,3.21,3.8,72.387,9.26
13184,2021-04-25,西兰花,2.64,3.8,65.618,9.26
13232,2021-04-26,西兰花,2.8,4.0,28.466,9.26
13276,2021-04-27,西兰花,3.05,4.0,19.977,9.26
13323,2021-04-28,西兰花,3.46,5.6,14.877,9.26
13368,2021-04-29,西兰花,3.93,5.6,16.221,9.26
13417,2021-04-30,西兰花,4.48,5.0,21.342,9.26
13463,2021-05-01,西兰花,3.57,6.0,35.273,9.26
13507,2021-05-02,西兰花,3.62,6.0,25.303,9.26
13549,2021-05-03,西兰花,3.46,6.0,26.405,9.26
13593,2021-05-04,西兰花,3.67,6.0,19.199,9.26
13639,2021-05-05,西兰花,3.91,6.0,18.227,9.26
13683,2021-05-06,西兰花,4.16,6.0,20.42,9.26
13729,2021-05-07,西兰花,4.18,6.0,14.717,9.26
13774,2021-05-08,西兰花,4.08,6.0,14.666,9.26
13821,2021-05-09,西兰花,3.89,6.0,22.037,9.26
13866,2021-05-10,西兰花,3.77,6.0,15.603,9.26
13907,2021-05-11,西兰花,3.73,6.0,15.537,9.26
13953,2021-05-12,西兰花,3.75,6.0,12.443,9.26
13998,2021-05-13,西兰花,3.830000000000001,7.0,18.011,9.26
14043,2021-05-14,西兰花,4.83,7.0,20.553,9.26
14091,2021-05-15,西兰花,5.0600000000000005,7.0,23.772,9.26
14134,2021-05-16,西兰花,5.72,8.0,31.318,9.26
14177,2021-05-17,西兰花,5.15,8.0,12.345,9.26
14220,2021-05-18,西兰花,4.75,8.0,21.519,9.26
14262,2021-05-19,西兰花,4.69,7.0,23.154,9.26
14310,2021-05-20,西兰花,4.7,8.0,8.171,9.26
14353,2021-05-21,西兰花,5.18,8.0,22.825,9.26
14399,2021-05-22,西兰花,5.47,8.0,27.996,9.26
14442,2021-05-23,西兰花,5.42,8.0,45.695,9.26
14487,2021-05-24,西兰花,4.98,8.0,16.294,9.26
14530,2021-05-25,西兰花,5.0,8.0,17.861,9.26
14574,2021-05-26,西兰花,5.24,8.0,21.801,9.26
14621,2021-05-27,西兰花,5.119999999999999,8.0,27.75,9.260000000000002
14663,2021-05-28,西兰花,5.11,8.0,28.335,9.259999999999998
14709,2021-05-29,西兰花,5.37,6.819277108433735,39.801,9.26
14753,2021-05-30,西兰花,5.75,6.785714285714286,7.842,9.26
14799,2021-05-31,西兰花,5.48,7.0,26.674,9.26
14845,2021-06-01,西兰花,5.55,8.0,26.07,9.26
14893,2021-06-02,西兰花,5.429999999999999,8.0,18.009,9.26
14940,2021-06-03,西兰花,5.39,8.0,22.216,9.26
14987,2021-06-04,西兰花,5.61,9.0,20.347,9.26
15034,2021-06-05,西兰花,5.81,9.0,43.422,9.26
15080,2021-06-06,西兰花,5.73,8.0,24.717,9.26
15127,2021-06-07,西兰花,5.62,9.0,16.038,9.26
15171,2021-06-08,西兰花,5.74,9.0,11.66,9.26
15220,2021-06-09,西兰花,5.85,9.0,15.913,9.26
15270,2021-06-10,西兰花,5.62,9.0,3.33,9.26
15320,2021-06-11,西兰花,5.7,10.0,9.66,9.26
15369,2021-06-12,西兰花,5.92,8.0,36.725,9.26
15418,2021-06-13,西兰花,6.51,8.0,51.022,9.26
15463,2021-06-14,西兰花,6.42,8.0,54.423,9.26
15511,2021-06-15,西兰花,6.3,10.0,26.961,9.26
15554,2021-06-16,西兰花,6.3,10.0,8.256,9.26
15595,2021-06-17,西兰花,6.37,10.0,10.223,9.26
15637,2021-06-18,西兰花,6.67,10.0,17.662,9.26
15682,2021-06-19,西兰花,6.45,10.0,26.944,9.26
15728,2021-06-20,西兰花,6.56,10.0,23.225,9.26
15767,2021-06-21,西兰花,6.38,10.0,29.768,9.26
15810,2021-06-22,西兰花,6.52,10.0,13.192,9.260000000000002
15856,2021-06-23,西兰花,6.52,10.0,25.053,9.26
15904,2021-06-24,西兰花,6.61,10.0,17.365,9.26
15946,2021-06-25,西兰花,6.64,10.0,18.97,9.26
15988,2021-06-26,西兰花,6.47,10.0,52.509,9.260000000000002
16033,2021-06-27,西兰花,6.35,10.0,35.765,9.26
16080,2021-06-28,西兰花,6.400000000000001,10.0,21.07,9.26
16126,2021-06-29,西兰花,6.4,10.0,22.756,9.26
16172,2021-06-30,西兰花,6.4,10.0,16.439,9.26
16219,2021-07-01,西兰花,6.39,10.0,20.769,9.26
16264,2021-07-02,西兰花,5.73,10.0,18.956,9.26
16317,2021-07-03,西兰花,5.6,10.0,34.266,9.26
16370,2021-07-04,西兰花,5.7,10.0,30.895,9.26
16421,2021-07-05,西兰花,5.61,10.0,33.858,9.26
16471,2021-07-06,西兰花,5.6,10.0,31.157,9.26
16520,2021-07-07,西兰花,5.68,10.0,26.155,9.260000000000002
16568,2021-07-08,西兰花,5.8,10.0,27.963,9.26
16614,2021-07-09,西兰花,5.65,10.0,16.805,9.26
16664,2021-07-10,西兰花,5.61,10.0,10.945,9.26
16709,2021-07-11,西兰花,5.45,10.0,2.648,9.26
16756,2021-07-12,西兰花,5.510000000000001,10.0,2.536,9.26
16796,2021-07-13,西兰花,5.53,10.0,4.982,9.26
16842,2021-07-14,西兰花,5.38,10.0,1.574,9.26
16888,2021-07-15,西兰花,5.37,10.0,1.814,9.26
16936,2021-07-16,西兰花,5.35,8.0,24.502,9.26
16987,2021-07-17,西兰花,5.39,8.0,37.447,9.26
17040,2021-07-18,西兰花,5.33,8.0,33.172,9.26
17086,2021-07-19,西兰花,5.31,8.0,25.794,9.26
17136,2021-07-20,西兰花,5.34,8.0,38.166,9.26
17190,2021-07-21,西兰花,5.97,8.0,41.321,9.26
17242,2021-07-22,西兰花,6.08,8.0,26.591,9.259999999999998
17291,2021-07-23,西兰花,6.01,9.0,19.468,9.26
17338,2021-07-24,西兰花,6.33,10.0,29.462,9.26
17384,2021-07-25,西兰花,6.67,10.0,45.1,9.26
17426,2021-07-26,西兰花,6.68,10.0,10.898,9.26
17467,2021-07-27,西兰花,6.78,10.0,37.602,9.26
17516,2021-07-28,西兰花,6.78,10.0,42.486,9.26
17564,2021-07-29,西兰花,6.869999999999999,10.0,20.37,9.26
17611,2021-07-30,西兰花,6.71,10.0,31.51,9.26
17660,2021-07-31,西兰花,6.72,10.0,37.355,9.26
17707,2021-08-01,西兰花,6.62,10.0,10.801,9.26
17751,2021-08-02,西兰花,6.709999999999999,10.0,2.36,9.26
17798,2021-08-03,西兰花,6.92,10.0,3.353,9.26
17841,2021-08-04,西兰花,5.83,10.0,0.642,9.26
17887,2021-08-05,西兰花,6.57,10.0,5.742,9.26
17934,2021-08-06,西兰花,7.1,10.0,26.727,9.26
17979,2021-08-07,西兰花,7.0200000000000005,10.0,40.416,9.26
18023,2021-08-08,西兰花,7.02,10.0,50.406,9.259999999999998
18067,2021-08-09,西兰花,6.81,10.0,56.607,9.26
18110,2021-08-10,西兰花,6.7,10.0,9.983,9.26
18154,2021-08-11,西兰花,6.78,10.0,1.054,9.26
18200,2021-08-12,西兰花,7.06,10.0,3.012,9.26
18249,2021-08-13,西兰花,7.260000000000001,10.0,3.504,9.26
18293,2021-08-14,西兰花,7.3,10.0,16.528,9.26
18335,2021-08-15,西兰花,7.349999999999999,10.0,8.103,9.26
18378,2021-08-16,西兰花,7.4,10.0,6.045,9.26
18418,2021-08-17,西兰花,7.409999999999999,10.0,9.498,9.26
18461,2021-08-18,西兰花,7.489999999999999,10.0,7.078,9.26
