export/q3_2单品数据筛选.csv
,日期,单品名称,批发价格(元/千克)_否,销售单价(元/千克)_否,销量(千克)_否,损耗率(%)_否
18504,2021-08-19,西兰花,7.49,10.0,8.906,9.26
18550,2021-08-20,西兰花,7.53,10.0,4.709,9.26
18599,2021-08-21,西兰花,7.46,10.0,6.334,9.26
18643,2021-08-22,西兰花,7.73,10.0,1.546,9.26
18684,2021-08-23,西兰花,7.11,10.0,4.509,9.26
18729,2021-08-24,西兰花,6.97,10.0,9.207,9.26
18773,2021-08-25,西兰花,7.12,10.0,1.486,9.26
18817,2021-08-26,西兰花,7.35,10.0,4.789,9.26
18861,2021-08-27,西兰花,7.39,10.0,2.842,9.26
18907,2021-08-28,西兰花,7.39,10.0,16.154,9.26
18956,2021-08-29,西兰花,7.42,10.0,13.585,9.26
19005,2021-08-30,西兰花,8.06,10.0,7.59,9.26
19053,2021-08-31,西兰花,8.29,10.0,1.125,9.26
19100,2021-09-01,西兰花,8.16,10.0,8.003,9.26
19147,2021-09-02,西兰花,8.17,12.0,27.869,9.26
19196,2021-09-03,西兰花,8.45,12.0,24.967,9.26
19245,2021-09-04,西兰花,8.72,12.0,32.878,9.26
19294,2021-09-05,西兰花,8.91,12.0,50.366,9.26
19342,2021-09-06,西兰花,7.86,12.0,3.286,9.26
19391,2021-09-07,西兰花,7.81,12.0,2.449,9.26
19441,2021-09-08,西兰花,7.77,12.0,2.742,9.26
19490,2021-09-09,西兰花,7.79,12.0,0.301,9.26
19538,2021-09-10,西兰花,7.91,12.0,4.148,9.26
19586,2021-09-11,西兰花,8.06,8.0,17.337,9.26
19634,2021-09-12,西兰花,7.01,8.0,32.063,9.26
19675,2021-09-13,西兰花,6.72,12.0,11.356,9.26
19718,2021-09-14,西兰花,7.8,12.0,10.777,9.26
19763,2021-09-15,西兰花,7.799999999999999,12.0,12.702,9.26
19807,2021-09-16,西兰花,7.829999999999999,12.0,9.283,9.26
19854,2021-09-17,西兰花,7.14,12.0,13.163,9.26
19900,2021-09-18,西兰花,6.69,12.0,21.562,9.26
19949,2021-09-19,西兰花,6.21,10.0,51.647,9.26
19999,2021-09-20,西兰花,6.4,10.0,69.076,9.26
20048,2021-09-21,西兰花,6.88,10.0,56.3,9.26
20097,2021-09-22,西兰花,6.34,10.0,38.956,9.26
20144,2021-09-23,西兰花,6.32,10.0,27.236,9.26
20189,2021-09-24,西兰花,6.09,8.0,8.431000000000001,9.26
20231,2021-09-25,西兰花,5.870000000000001,7.986363636363635,46.058,9.26
20270,2021-09-26,西兰花,5.96,8.0,2.299,9.26
20311,2021-09-27,西兰花,5.79,8.0,4.863,9.26
20349,2021-09-28,西兰花,6.49,10.0,11.987,9.26
20391,2021-09-29,西兰花,6.57,10.0,23.336,9.26
20426,2021-09-30,西兰花,6.57,10.0,34.511,9.26
20464,2021-10-01,西兰花,6.860000000000001,10.0,39.461,9.26
20498,2021-10-02,西兰花,7.389999999999999,10.0,29.829,9.26
20537,2021-10-03,西兰花,7.030000000000001,10.0,28.793,9.26
20573,2021-10-04,西兰花,7.0,10.0,39.913,9.26
20610,2021-10-05,西兰花,7.0,10.0,51.134,9.26
20651,2021-10-06,西兰花,7.21,10.0,41.573,9.26
20689,2021-10-07,西兰花,7.88,12.0,23.278,9.26
20727,2021-10-08,西兰花,8.4,14.0,19.823,9.26
20764,2021-10-09,西兰花,8.76,14.0,22.222,9.26
20802,2021-10-10,西兰花,8.88,14.0,39.425,9.26
20837,2021-10-11,西兰花,0.0,0.0,0.0,0.0
20874,2021-10-12,西兰花,9.18,14.0,13.305,9.26
20911,2021-10-13,西兰花,9.45,14.0,10.991,9.26
20947,2021-10-14,西兰花,9.45,14.0,10.038,9.26
20988,2021-10-15,西兰花,9.46,14.0,11.076,9.260000000000002
21029,2021-10-16,西兰花,9.47,14.0,27.418,9.260000000000002
21071,2021-10-17,西兰花,9.58,14.0,21.384,9.26
21110,2021-10-18,西兰花,10.01,14.0,19.808,9.26
21147,2021-10-19,西兰花,10.22,14.0,16.958,9.26
21184,2021-10-20,西兰花,11.4,14.0,25.154,9.26
21220,2021-10-21,西兰花,11.4,18.0,11.947,9.26
21253,2021-10-22,西兰花,12.01,18.0,16.412,9.26
21289,2021-10-23,西兰花,12.58,19.8,18.086,9.26
21323,2021-10-24,西兰花,13.34,19.8,9.108,9.26
21358,2021-10-25,西兰花,14.380000000000004,19.8,8.749,9.26
21393,2021-10-26,西兰花,14.38,19.8,12.041,9.26
21425,2021-10-27,西兰花,14.22,19.8,15.305,9.26
21458,2021-10-28,西兰花,14.0,19.8,6.449,9.26
21490,2021-10-29,西兰花,14.02,18.0,13.574,9.26
21523,2021-10-30,西兰花,13.82,14.0,17.279,9.26
21561,2021-10-31,西兰花,9.73,14.0,28.424,9.26
21594,2021-11-01,西兰花,8.63,12.0,26.24,9.260000000000002
21630,2021-11-02,西兰花,8.64,12.0,25.844,9.259999999999998
21664,2021-11-03,西兰花,8.64,12.0,27.868,9.26
21697,2021-11-04,西兰花,8.63,12.0,23.879,9.26
21732,2021-11-05,西兰花,8.65,12.0,36.777,9.26
21767,2021-11-06,西兰花,6.88,11.428571428571429,0.819,9.26
21800,2021-11-07,西兰花,7.75,12.0,5.343,9.26
21835,2021-11-08,西兰花,8.43,12.0,5.928,9.26
21868,2021-11-09,西兰花,8.52,11.75,3.486,9.26
21898,2021-11-10,西兰花,8.98,12.0,2.033,9.26
21932,2021-11-11,西兰花,9.07,14.0,13.156,9.26
21964,2021-11-12,西兰花,8.89,14.0,18.935,9.26
21996,2021-11-13,西兰花,8.87,14.0,20.049,9.26
22029,2021-11-14,西兰花,8.89,14.0,30.582,9.26
22060,2021-11-15,西兰花,8.890000000000002,14.0,12.677,9.26
22091,2021-11-16,西兰花,8.890000000000002,14.0,12.525,9.26
22123,2021-11-17,西兰花,9.02,14.0,15.791,9.26
22155,2021-11-18,西兰花,9.12,14.0,6.018,9.26
22187,2021-11-19,西兰花,9.21,14.0,8.768,9.26
22221,2021-11-20,西兰花,9.24,16.0,14.406,9.26
22255,2021-11-21,西兰花,9.24,16.0,19.739,9.26
22285,2021-11-22,西兰花,9.24,14.0,9.756,9.26
22316,2021-11-23,西兰花,10.48,14.0,9.495,9.26
22345,2021-11-24,西兰花,10.54,14.0,12.559,9.26
22375,2021-11-25,西兰花,10.69,14.0,10.217,9.26
22407,2021-11-26,西兰花,8.28,12.0,17.511,9.26
22437,2021-11-27,西兰花,8.52,12.0,23.115,9.26
32,2020-07-01,青茄子(1),1.63,4.0,17.713,5.01
69,2020-07-02,青茄子(1),1.46,4.0,17.767,5.01
105,2020-07-03,青茄子(1),1.4799999999999998,4.0,18.343,5.01
139,2020-07-04,青茄子(1),1.98,4.0,24.022,5.01
174,2020-07-05,青茄子(1),2.04,4.0,24.423,5.01
210,2020-07-06,青茄子(1),2.05,4.0,16.434,5.01
247,2020-07-07,青茄子(1),2.05,4.0,17.512,5.009999999999999
283,2020-07-08,青茄子(1),2.04,4.0,21.082,5.01
319,2020-07-09,青茄子(1),2.04,4.0,8.217,5.01
356,2020-07-10,青茄子(1),2.1,4.0,14.573,5.01
392,2020-07-11,青茄子(1),2.19,4.0,30.859,5.01
431,2020-07-12,青茄子(1),2.22,4.0,21.634,5.01
466,2020-07-13,青茄子(1),2.2,4.0,15.604,5.01
503,2020-07-14,青茄子(1),2.16,4.0,14.097,5.01
539,2020-07-15,青茄子(1),2.49,4.6,14.629,5.01
576,2020-07-16,青茄子(1),2.46,4.6,9.152,5.01
614,2020-07-17,青茄子(1),2.45,4.6,7.533,5.01
651,2020-07-18,青茄子(1),2.55,4.6,20.066,5.01
687,2020-07-19,青茄子(1),2.71,6.0,14.031,5.01
722,2020-07-20,青茄子(1),2.7099999999999995,6.0,6.104,5.01
760,2020-07-21,青茄子(1),3.0,5.6,8.190999999999999,5.01
797,2020-07-22,青茄子(1),3.04,5.6,16.543,5.01
835,2020-07-23,青茄子(1),3.4599999999999995,5.6,12.186,5.01
870,2020-07-24,青茄子(1),3.39,5.6,3.656,5.01
907,2020-07-25,青茄子(1),3.55,5.6,10.702,5.01
944,2020-07-26,青茄子(1),3.84,6.0,20.924,5.01
982,2020-07-27,青茄子(1),4.16,6.0,8.194,5.01
1020,2020-07-28,青茄子(1),4.2,6.0,7.559,5.01
1056,2020-07-29,青茄子(1),4.19,6.0,7.509,5.01
1091,2020-07-30,青茄子(1),4.12,6.0,11.155,5.01
1128,2020-07-31,青茄子(1),4.03,6.0,10.903,5.01
1167,2020-08-01,青茄子(1),4.03,6.0,14.852,5.01
1210,2020-08-02,青茄子(1),3.71,6.0,14.451,5.01
1253,2020-08-03,青茄子(1),3.61,6.0,21.005,5.01
1293,2020-08-04,青茄子(1),3.22,6.0,8.046,5.01
1333,2020-08-05,青茄子(1),3.07,6.0,13.563,5.01
1422,2020-08-07,青茄子(1),3.17,6.0,5.518,5.01
1467,2020-08-08,青茄子(1),3.38,6.0,12.96,5.01
1512,2020-08-09,青茄子(1),3.45,6.0,9.197,5.01
1550,2020-08-10,青茄子(1),2.62,6.0,8.546,5.01
1590,2020-08-11,青茄子(1),2.45,7.0,5.76,5.01
1628,2020-08-12,青茄子(1),4.42,5.0,10.585,5.01
1665,2020-08-13,青茄子(1),2.87,5.0,9.378,5.01
1708,2020-08-14,青茄子(1),2.66,5.0,6.1450000000000005,5.01
1750,2020-08-15,青茄子(1),3.63,6.0,8.932,5.01
1789,2020-08-16,青茄子(1),3.54,6.0,11.122,5.01
1828,2020-08-17,青茄子(1),3.5,6.0,6.391,5.01
1867,2020-08-18,青茄子(1),3.55,6.0,9.314,5.01
1907,2020-08-19,青茄子(1),3.92,6.0,7.141,5.01
1949,2020-08-20,青茄子(1),4.3,7.0,9.887,5.01
1991,2020-08-21,青茄子(1),4.67,7.0,11.592,5.01
2031,2020-08-22,青茄子(1),5.09,7.0,4.873,5.01
2070,2020-08-23,青茄子(1),5.73,7.0,7.824,5.01
2112,2020-08-24,青茄子(1),4.65,7.0,6.333,5.01
2152,2020-08-25,青茄子(1),4.62,7.0,5.015000000000001,5.01
2192,2020-08-26,青茄子(1),5.0,7.0,6.807,5.01
2236,2020-08-27,青茄子(1),5.11,8.0,10.778,5.01
2277,2020-08-28,青茄子(1),5.25,8.0,9.813,5.01
2319,2020-08-29,青茄子(1),5.28,8.0,13.471,5.01
2359,2020-08-30,青茄子(1),5.24,8.0,8.122,5.01
2400,2020-08-31,青茄子(1),5.06,8.0,4.223,5.01
2440,2020-09-01,青茄子(1),5.41,8.0,12.557,5.01
2480,2020-09-02,青茄子(1),5.76,8.0,5.892,5.01
2518,2020-09-03,青茄子(1),5.68,8.0,6.63,5.01
2559,2020-09-04,青茄子(1),5.5,8.0,9.061,5.01
2602,2020-09-05,青茄子(1),5.27,8.0,14.311,5.01
2645,2020-09-06,青茄子(1),4.93,8.0,11.067,5.01
2688,2020-09-07,青茄子(1),5.18,8.0,6.166,5.01
2730,2020-09-08,青茄子(1),5.22,8.0,7.155,5.01
2769,2020-09-09,青茄子(1),5.22,7.0,4.828,5.01
2810,2020-09-10,青茄子(1),4.78,7.0,6.822,5.01
2851,2020-09-11,青茄子(1),4.64,7.0,14.515,5.01
2896,2020-09-12,青茄子(1),4.42,7.0,8.096,5.01
2938,2020-09-13,青茄子(1),3.88,7.0,7.536,5.01
2977,2020-09-14,青茄子(1),3.12,7.0,2.736,5.01
3018,2020-09-15,青茄子(1),3.9,7.0,5.1450000000000005,5.01
3061,2020-09-16,青茄子(1),3.88,7.0,4.328,5.01
3104,2020-09-17,青茄子(1),4.43,7.0,3.997,5.01
3149,2020-09-18,青茄子(1),4.44,7.0,4.899,5.01
3190,2020-09-19,青茄子(1),4.37,7.0,12.595,5.01
3232,2020-09-20,青茄子(1),3.5,8.0,7.633,5.01
3273,2020-09-21,青茄子(1),4.35,8.0,8.85,5.01
3315,2020-09-22,青茄子(1),4.01,8.0,5.199,5.01
3361,2020-09-23,青茄子(1),4.43,8.0,3.033,5.01
3406,2020-09-24,青茄子(1),4.36,7.0,1.992,5.01
3458,2020-09-25,青茄子(1),4.38,7.0,2.636,5.01
3507,2020-09-26,青茄子(1),4.54,7.0,9.34,5.01
3557,2020-09-27,青茄子(1),4.77,7.0,6.390000000000001,5.01
3602,2020-09-28,青茄子(1),4.77,7.0,3.067,5.01
3648,2020-09-29,青茄子(1),4.78,6.0,9.917,5.01
3693,2020-09-30,青茄子(1),4.48,6.0,6.872,5.01
3737,2020-10-01,青茄子(1),4.26,6.0,6.488,5.01
3783,2020-10-02,青茄子(1),4.67,5.6,8.764,5.01
3826,2020-10-03,青茄子(1),4.96,5.6,7.419,5.01
3869,2020-10-04,青茄子(1),5.0,5.6,8.403,5.01
3913,2020-10-05,青茄子(1),5.05,8.0,9.237,5.01
3959,2020-10-06,青茄子(1),4.97,8.0,2.445,5.01
4003,2020-10-07,青茄子(1),4.95,8.0,4.838,5.01
4047,2020-10-08,青茄子(1),4.950000000000001,8.0,8.785,5.01
4091,2020-10-09,青茄子(1),4.95,8.0,4.586,5.01
4136,2020-10-10,青茄子(1),5.02,8.0,2.958,5.01
4178,2020-10-11,青茄子(1),5.0200000000000005,8.0,8.321,5.01
4219,2020-10-12,青茄子(1),5.09,8.0,1.905,5.01
4262,2020-10-13,青茄子(1),5.38,8.0,3.07,5.01
4305,2020-10-14,青茄子(1),5.33,8.0,4.099,5.01
4346,2020-10-15,青茄子(1),5.27,8.0,3.86,5.01
4390,2020-10-16,青茄子(1),5.26,8.0,1.19,5.01
4434,2020-10-17,青茄子(1),5.21,8.0,4.849,5.01
4480,2020-10-18,青茄子(1),5.160000000000001,8.0,4.198,5.01
4525,2020-10-19,青茄子(1),5.37,8.0,0.827,5.01
4569,2020-10-20,青茄子(1),5.37,8.0,2.281,5.01
4610,2020-10-21,青茄子(1),5.37,8.0,0.878,5.01
4652,2020-10-22,青茄子(1),5.36,8.0,0.652,5.01
4694,2020-10-23,青茄子(1),5.37,8.0,1.141,5.01
4736,2020-10-24,青茄子(1),4.87,8.0,2.606,5.01
4781,2020-10-25,青茄子(1),4.6,8.0,4.663,5.01
4869,2020-10-27,青茄子(1),4.59,5.0,3.093,5.01
4911,2020-10-28,青茄子(1),4.73,4.0,2.638,5.01
4957,2020-10-29,青茄子(1),4.7700000000000005,6.0,2.926,5.01
5004,2020-10-30,青茄子(1),4.62,7.0,3.367,5.01
5050,2020-10-31,青茄子(1),4.61,7.0,3.724,5.01
5097,2020-11-01,青茄子(1),4.5,7.0,4.17,5.01
5138,2020-11-02,青茄子(1),4.49,6.0,4.799,5.01
5181,2020-11-03,青茄子(1),3.85,6.0,1.99,5.01
5221,2020-11-04,青茄子(1),3.790000000000001,6.0,2.977,5.01
5263,2020-11-05,青茄子(1),3.79,6.0,2.709,5.01
5305,2020-11-06,青茄子(1),3.79,6.0,0.652,5.01
5348,2020-11-07,青茄子(1),3.8,6.0,2.96,5.01
5392,2020-11-08,青茄子(1),3.83,6.0,1.924,5.01
5437,2020-11-09,青茄子(1),3.82,6.0,2.576,5.01
5481,2020-11-10,青茄子(1),4.11,6.0,1.688,5.01
5527,2020-11-11,青茄子(1),4.33,6.0,1.606,5.01
5575,2020-11-12,青茄子(1),4.39,6.0,4.749,5.01
5619,2020-11-13,青茄子(1),4.77,6.0,2.543,5.01
5666,2020-11-14,青茄子(1),4.63,6.0,1.405,5.01
5711,2020-11-15,青茄子(1),4.72,6.0,3.228,5.01
5755,2020-11-16,青茄子(1),4.68,6.0,2.725,5.01
5797,2020-11-17,青茄子(1),4.68,6.0,2.308,5.01
5842,2020-11-18,青茄子(1),4.68,6.0,3.295,5.01
5888,2020-11-19,青茄子(1),4.65,6.0,2.6580000000000004,5.01
5932,2020-11-20,青茄子(1),4.65,6.0,1.639,5.01
5978,2020-11-21,青茄子(1),4.71,6.0,7.425,5.01
6023,2020-11-22,青茄子(1),4.74,6.0,5.534,5.01
6109,2020-11-24,青茄子(1),4.69,6.0,5.202,5.01
6155,2020-11-25,青茄子(1),4.69,8.0,0.815,5.01
6198,2020-11-26,青茄子(1),4.69,8.0,1.654,5.01
6243,2020-11-27,青茄子(1),4.81,8.0,2.218,5.01
6292,2020-11-28,青茄子(1),6.44,8.0,2.846,5.01
6338,2020-11-29,青茄子(1),6.96,9.0,4.188,5.01
6386,2020-11-30,青茄子(1),6.96,9.0,0.958,5.01
6431,2020-12-01,青茄子(1),6.959999999999999,9.0,2.149,5.01
6478,2020-12-02,青茄子(1),6.95,9.0,1.303,5.01
6524,2020-12-03,青茄子(1),7.2,9.0,2.117,5.01
6572,2020-12-04,青茄子(1),7.21,9.0,0.702,5.01
6623,2020-12-05,青茄子(1),7.28,9.0,1.949,5.01
6724,2020-12-07,青茄子(1),7.29,10.0,0.792,5.01
6776,2020-12-08,青茄子(1),7.610000000000001,10.0,2.015,5.01
6825,2020-12-09,青茄子(1),7.91,10.0,1.092,5.01
6878,2020-12-10,青茄子(1),7.91,10.0,0.561,5.01
6932,2020-12-11,青茄子(1),7.88,10.0,1.564,5.01
6987,2020-12-12,青茄子(1),7.86,10.0,1.353,5.01
7041,2020-12-13,青茄子(1),8.41,12.0,1.761,5.01
7136,2020-12-15,青茄子(1),7.43,8.0,1.592,5.01
7187,2020-12-16,青茄子(1),5.599999999999999,8.0,1.554,5.01
7238,2020-12-17,青茄子(1),5.61,8.0,1.805,5.01
7290,2020-12-18,青茄子(1),5.78,8.0,2.781,5.01
7342,2020-12-19,青茄子(1),5.93,8.0,0.451,5.01
7393,2020-12-20,青茄子(1),5.77,8.0,2.757,5.01
7440,2020-12-21,青茄子(1),5.58,7.0,2.394,5.01
7488,2020-12-22,青茄子(1),5.58,7.0,0.344,5.01
7537,2020-12-23,青茄子(1),5.599999999999999,7.0,1.289,5.01
7585,2020-12-24,青茄子(1),5.14,7.0,1.018,5.01
7632,2020-12-25,青茄子(1),5.08,4.0,1.106,5.01
7681,2020-12-26,青茄子(1),4.29,6.0,3.98,5.01
7729,2020-12-27,青茄子(1),4.66,6.0,2.408,5.01
7773,2020-12-28,青茄子(1),4.79,7.0,0.516,5.01
7820,2020-12-29,青茄子(1),4.79,7.0,0.917,5.01
7869,2020-12-30,青茄子(1),4.78,8.0,2.808,5.01
7917,2020-12-31,青茄子(1),4.82,8.0,1.354,5.01
7963,2021-01-01,青茄子(1),5.1,8.0,3.084,5.01
8008,2021-01-02,青茄子(1),5.14,8.0,2.944,5.01
8055,2021-01-03,青茄子(1),5.22,8.0,1.391,5.01
8101,2021-01-04,青茄子(1),5.21,8.0,0.902,5.01
8148,2021-01-05,青茄子(1),5.13,8.0,0.965,5.01
8196,2021-01-06,青茄子(1),5.3,8.0,1.804,5.01
8242,2021-01-07,青茄子(1),5.13,8.0,1.266,5.01
8289,2021-01-08,青茄子(1),5.22,9.0,1.103,5.01
8334,2021-01-09,青茄子(1),3.56,9.0,0.646,5.01
8381,2021-01-10,青茄子(1),5.45,9.0,2.517,5.01
8427,2021-01-11,青茄子(1),5.45,9.0,1.782,5.01
8554,2021-01-14,青茄子(1),6.590000000000001,10.0,3.387,5.01
8597,2021-01-15,青茄子(1),6.79,11.0,1.958,5.01
8642,2021-01-16,青茄子(1),7.21,11.0,1.221,5.01
8690,2021-01-17,青茄子(1),7.21,11.0,2.805,5.01
8738,2021-01-18,青茄子(1),7.21,11.0,1.1760000000000002,5.01
8786,2021-01-19,青茄子(1),7.21,11.0,1.185,5.01
8834,2021-01-20,青茄子(1),7.209999999999999,11.0,3.196,5.01
8883,2021-01-21,青茄子(1),7.39,11.0,6.675,5.01
8930,2021-01-22,青茄子(1),7.68,11.0,0.883,5.01
8976,2021-01-23,青茄子(1),7.68,11.0,3.16,5.01
9024,2021-01-24,青茄子(1),7.860000000000001,11.0,2.669,5.01
9070,2021-01-25,青茄子(1),7.760000000000001,12.0,3.014,5.01
9118,2021-01-26,青茄子(1),7.790000000000001,12.0,2.546,5.01
9163,2021-01-27,青茄子(1),7.86,12.0,2.204,5.01
9209,2021-01-28,青茄子(1),7.89,12.0,3.621,5.01
9256,2021-01-29,青茄子(1),7.93,12.0,2.004,5.01
9307,2021-01-30,青茄子(1),7.95,12.0,0.526,5.01
9355,2021-01-31,青茄子(1),7.92,12.0,2.138,5.01
9403,2021-02-01,青茄子(1),7.94,12.0,2.405,5.01
9452,2021-02-02,青茄子(1),8.06,12.0,2.462,5.01
9500,2021-02-03,青茄子(1),8.01,12.0,0.993,5.01
9550,2021-02-04,青茄子(1),7.78,12.0,2.254,5.01
9598,2021-02-05,青茄子(1),7.82,12.0,2.829,5.01
9649,2021-02-06,青茄子(1),7.99,12.0,4.007,5.01
9700,2021-02-07,青茄子(1),7.94,12.0,2.781,5.01
9751,2021-02-08,青茄子(1),7.62,12.0,7.345,5.01
9854,2021-02-10,青茄子(1),7.65,12.0,8.658,5.01
10200,2021-02-20,青茄子(1),5.56,9.0,2.205,5.01
10246,2021-02-21,青茄子(1),4.85,9.0,3.397,5.01
10290,2021-02-22,青茄子(1),4.84,9.0,2.139,5.01
10333,2021-02-23,青茄子(1),4.81,8.0,3.509,5.01
10378,2021-02-24,青茄子(1),4.46,8.0,2.368,5.01
10425,2021-02-25,青茄子(1),4.47,8.0,3.595,5.01
10469,2021-02-26,青茄子(1),4.47,8.0,2.594,5.01
10510,2021-02-27,青茄子(1),4.44,8.0,4.224,5.01
10554,2021-02-28,青茄子(1),4.54,8.0,2.03,5.01
10604,2021-03-01,青茄子(1),4.71,8.0,3.132,5.01
10653,2021-03-02,青茄子(1),4.77,8.0,2.744,5.01
10699,2021-03-03,青茄子(1),4.54,8.0,4.511,5.01
10745,2021-03-04,青茄子(1),4.97,8.0,1.917,5.01
10789,2021-03-05,青茄子(1),4.98,8.0,2.532,5.01
10838,2021-03-06,青茄子(1),4.91,8.0,4.325,5.01
10889,2021-03-07,青茄子(1),4.94,8.0,3.784,5.01
10938,2021-03-08,青茄子(1),5.29,8.0,0.928,5.01
10985,2021-03-09,青茄子(1),5.33,8.0,4.836,5.01
11030,2021-03-10,青茄子(1),5.3,8.0,0.338,5.01
11077,2021-03-11,青茄子(1),5.31,8.0,2.181,5.01
11128,2021-03-12,青茄子(1),5.4,8.0,2.017,5.01
11180,2021-03-13,青茄子(1),5.67,8.0,3.497,5.01
11228,2021-03-14,青茄子(1),5.75,8.0,1.554,5.01
11272,2021-03-15,青茄子(1),5.599999999999999,8.0,1.579,5.01
11318,2021-03-16,青茄子(1),6.08,8.0,1.404,5.01
11363,2021-03-17,青茄子(1),6.24,8.0,2.081,5.01
11411,2021-03-18,青茄子(1),6.24,10.0,0.732,5.01
11459,2021-03-19,青茄子(1),6.41,10.0,1.093,5.01
11505,2021-03-20,青茄子(1),6.47,10.0,3.96,5.01
11556,2021-03-21,青茄子(1),6.46,10.0,2.545,5.01
11601,2021-03-22,青茄子(1),6.65,10.0,1.935,5.01
11648,2021-03-23,青茄子(1),6.46,10.0,2.135,5.01
11694,2021-03-24,青茄子(1),6.580000000000001,10.0,2.395,5.01
11741,2021-03-25,青茄子(1),6.59,10.0,4.069,5.01
11787,2021-03-26,青茄子(1),6.590000000000001,10.0,1.905,5.01
11835,2021-03-27,青茄子(1),6.66,10.0,1.624,5.01
11883,2021-03-28,青茄子(1),6.55,10.0,1.152,5.01
11929,2021-03-29,青茄子(1),6.59,10.0,2.927,5.01
11975,2021-03-30,青茄子(1),6.57,10.0,3.357,5.01
12018,2021-03-31,青茄子(1),6.32,10.0,1.523,5.01
12066,2021-04-01,青茄子(1),6.2,10.0,3.788,5.01
12120,2021-04-02,青茄子(1),5.94,10.0,0.571,5.01
12170,2021-04-03,青茄子(1),5.59,10.0,3.286,5.01
12218,2021-04-04,青茄子(1),5.0,8.0,1.867,5.01
12265,2021-04-05,青茄子(1),4.94,8.0,2.356,5.01
12307,2021-04-06,青茄子(1),4.93,8.0,0.439,5.01
12353,2021-04-07,青茄子(1),4.94,8.0,1.253,5.01
12401,2021-04-08,青茄子(1),4.94,8.0,0.914,5.01
12447,2021-04-09,青茄子(1),4.94,8.0,3.985,5.01
12492,2021-04-10,青茄子(1),4.92,8.0,3.295,5.01
12535,2021-04-11,青茄子(1),3.92,8.0,1.041,5.01
12622,2021-04-13,青茄子(1),5.53,8.0,1.88,5.01
12670,2021-04-14,青茄子(1),5.2,8.0,1.153,5.01
12716,2021-04-15,青茄子(1),5.18,8.0,1.09,5.01
12766,2021-04-16,青茄子(1),5.25,9.0,2.139,5.01
12815,2021-04-17,青茄子(1),5.4,9.0,4.934,5.01
12865,2021-04-18,青茄子(1),5.4,9.0,1.648,5.01
12913,2021-04-19,青茄子(1),5.4,9.0,0.568,5.01
12959,2021-04-20,青茄子(1),5.400000000000001,9.0,3.184,5.01
13003,2021-04-21,青茄子(1),5.400000000000001,9.0,2.828,5.01
13049,2021-04-22,青茄子(1),5.400000000000001,9.0,2.561,5.01
13096,2021-04-23,青茄子(1),5.400000000000001,9.0,3.4530000000000003,5.01
13145,2021-04-24,青茄子(1),5.29,7.0,4.556,5.01
13191,2021-04-25,青茄子(1),4.73,8.0,2.757,5.01
13238,2021-04-26,青茄子(1),4.19,8.0,0.99,5.01
13283,2021-04-27,青茄子(1),4.56,8.0,0.414,5.01
13329,2021-04-28,青茄子(1),5.19,8.0,3.085,5.01
13375,2021-04-29,青茄子(1),5.54,8.0,1.843,5.01
13423,2021-04-30,青茄子(1),5.66,9.0,1.369,5.01
13469,2021-05-01,青茄子(1),4.92,8.0,2.155,5.01
13513,2021-05-02,青茄子(1),4.45,8.0,1.854,5.01
13557,2021-05-03,青茄子(1),4.81,6.0,2.09,5.01
13600,2021-05-04,青茄子(1),3.41,6.0,1.556,5.01
13646,2021-05-05,青茄子(1),3.72,6.0,2.609,5.01
13690,2021-05-06,青茄子(1),3.87,6.0,4.816,5.01
13736,2021-05-07,青茄子(1),4.26,6.0,5.7700000000000005,5.01
13781,2021-05-08,青茄子(1),4.18,7.0,2.737,5.01
13828,2021-05-09,青茄子(1),3.94,7.0,6.219,5.01
13872,2021-05-10,青茄子(1),3.5899999999999994,6.0,5.804,5.01
13914,2021-05-11,青茄子(1),3.15,6.0,4.046,5.01
13960,2021-05-12,青茄子(1),2.54,5.0,0.964,5.01
14005,2021-05-13,青茄子(1),2.54,4.6,4.651,5.01
