export/q3_2单品数据筛选.csv
,日期,单品名称,批发价格(元/千克)_否,销售单价(元/千克)_否,销量(千克)_否,损耗率(%)_否
14050,2021-05-14,青茄子(1),2.46,4.6,5.982,5.01
14098,2021-05-15,青茄子(1),2.13,4.0,6.558,5.01
14141,2021-05-16,青茄子(1),1.98,4.6,1.179,5.01
14184,2021-05-17,青茄子(1),2.08,4.6,3.866,5.01
14227,2021-05-18,青茄子(1),2.51,4.6,6.835,5.01
14270,2021-05-19,青茄子(1),2.65,4.6,5.305,5.01
14318,2021-05-20,青茄子(1),2.88,5.0,4.338,5.01
14361,2021-05-21,青茄子(1),2.99,5.0,5.423,5.01
14406,2021-05-22,青茄子(1),3.0,5.0,5.985,5.01
14450,2021-05-23,青茄子(1),3.02,5.0,11.626,5.01
14495,2021-05-24,青茄子(1),2.66,5.0,0.502,5.01
14537,2021-05-25,青茄子(1),2.45,5.0,0.823,5.01
14582,2021-05-26,青茄子(1),2.5,5.0,3.856,5.01
14627,2021-05-27,青茄子(1),2.51,4.0,1.884,5.01
14671,2021-05-28,青茄子(1),2.51,4.0,2.99,5.01
14717,2021-05-29,青茄子(1),2.34,4.0,0.93,5.01
14760,2021-05-30,青茄子(1),2.29,4.0,2.436,5.01
14806,2021-05-31,青茄子(1),2.04,4.0,11.844,5.01
14852,2021-06-01,青茄子(1),1.93,4.0,16.32,5.01
14900,2021-06-02,青茄子(1),1.77,3.0,8.793,5.01
14947,2021-06-03,青茄子(1),1.7700000000000002,3.0,2.618,5.01
14994,2021-06-04,青茄子(1),1.91,3.0,4.161,5.01
15041,2021-06-05,青茄子(1),1.82,2.6,4.651,5.01
15087,2021-06-06,青茄子(1),1.63,2.6,2.132,5.01
15133,2021-06-07,青茄子(1),1.55,2.6,16.201,5.01
15177,2021-06-08,青茄子(1),1.56,3.0,4.331,5.01
15227,2021-06-09,青茄子(1),1.5,2.6000000000000005,7.404,5.01
15276,2021-06-10,青茄子(1),1.35,2.6,9.226,5.01
15327,2021-06-11,青茄子(1),1.19,2.0,12.832,5.01
15377,2021-06-12,青茄子(1),1.11,2.0,7.528,5.01
15426,2021-06-13,青茄子(1),0.99,2.0,13.388,5.01
15471,2021-06-14,青茄子(1),1.12,2.0,7.728,5.01
15518,2021-06-15,青茄子(1),1.14,2.0,5.002,5.01
15561,2021-06-16,青茄子(1),1.11,2.0,7.527,5.01
15602,2021-06-17,青茄子(1),1.0,2.0,5.861000000000001,5.01
15644,2021-06-18,青茄子(1),1.0,2.0,4.0920000000000005,5.01
15689,2021-06-19,青茄子(1),0.97,2.0,9.347,5.01
15735,2021-06-20,青茄子(1),1.1,2.0,12.932,5.01
15774,2021-06-21,青茄子(1),1.08,2.0,7.73,5.01
15817,2021-06-22,青茄子(1),1.21,2.0,8.842,5.01
15863,2021-06-23,青茄子(1),1.28,2.0,10.811,5.01
15911,2021-06-24,青茄子(1),1.36,2.6,7.518,5.01
15953,2021-06-25,青茄子(1),1.45,2.6,5.039,5.01
15995,2021-06-26,青茄子(1),1.42,2.6,13.178,5.01
16041,2021-06-27,青茄子(1),1.25,2.6,3.063,5.01
16088,2021-06-28,青茄子(1),1.2,2.6,5.077,5.01
16134,2021-06-29,青茄子(1),1.19,2.0,7.327999999999999,5.01
16179,2021-06-30,青茄子(1),1.02,2.0,10.003,5.01
16227,2021-07-01,青茄子(1),1.0,2.0,10.356,5.01
16273,2021-07-02,青茄子(1),1.01,2.0,7.376,5.01
16325,2021-07-03,青茄子(1),1.0,2.0,14.298,5.01
16378,2021-07-04,青茄子(1),1.02,2.0,10.307,5.01
16430,2021-07-05,青茄子(1),0.99,2.0,9.952,5.01
16480,2021-07-06,青茄子(1),1.01,2.0,9.852,5.01
16528,2021-07-07,青茄子(1),0.97,2.0,6.317,5.01
16577,2021-07-08,青茄子(1),1.04,2.0,8.538,5.01
16623,2021-07-09,青茄子(1),1.06,2.0,3.839,5.01
16673,2021-07-10,青茄子(1),1.01,2.0,4.395,5.01
16718,2021-07-11,青茄子(1),0.99,3.2,3.302,5.01
16762,2021-07-12,青茄子(1),0.99,3.2,5.472,5.01
16803,2021-07-13,青茄子(1),1.28,3.2,3.239,5.01
16851,2021-07-14,青茄子(1),0.6,4.0,1.181,5.01
16945,2021-07-16,青茄子(1),2.56,4.0,9.472,5.01
16995,2021-07-17,青茄子(1),2.21,4.0,3.97,5.01
17048,2021-07-18,青茄子(1),2.39,4.0,4.246,5.01
17094,2021-07-19,青茄子(1),2.12,4.0,3.316,5.01
17144,2021-07-20,青茄子(1),2.23,4.0,2.865,5.01
17200,2021-07-21,青茄子(1),2.27,4.0,1.508,5.01
17251,2021-07-22,青茄子(1),2.5,4.0,4.172,5.01
17347,2021-07-24,青茄子(1),5.0,7.0,3.138,5.01
17391,2021-07-25,青茄子(1),4.74,7.0,4.814,5.01
17430,2021-07-26,青茄子(1),4.79,7.0,3.909,5.01
17475,2021-07-27,青茄子(1),4.8,8.0,4.473,5.01
17525,2021-07-28,青茄子(1),4.8,8.0,3.165,5.01
17572,2021-07-29,青茄子(1),4.8,8.0,3.405,5.01
17620,2021-07-30,青茄子(1),4.8,8.0,5.14,5.01
17669,2021-07-31,青茄子(1),4.8,8.0,0.792,5.01
17759,2021-08-02,青茄子(1),4.8,8.0,2.449,5.01
17806,2021-08-03,青茄子(1),4.75,8.0,5.114,5.01
17850,2021-08-04,青茄子(1),4.83,8.0,5.226,5.01
17895,2021-08-05,青茄子(1),4.84,8.0,3.882,5.01
17943,2021-08-06,青茄子(1),4.87,8.0,2.085,5.01
17987,2021-08-07,青茄子(1),4.98,8.0,4.36,5.01
18075,2021-08-09,青茄子(1),5.0,8.0,4.774,5.01
18119,2021-08-10,青茄子(1),5.01,8.0,4.084,5.01
18162,2021-08-11,青茄子(1),5.01,8.0,3.468,5.01
18209,2021-08-12,青茄子(1),5.12,9.0,5.972,5.01
18257,2021-08-13,青茄子(1),5.86,9.0,12.386,5.01
18301,2021-08-14,青茄子(1),5.86,9.0,5.29,5.01
18343,2021-08-15,青茄子(1),5.86,9.0,0.647,5.01
18426,2021-08-17,青茄子(1),5.86,9.0,0.77,5.01
18469,2021-08-18,青茄子(1),6.13,9.0,1.339,5.01
18512,2021-08-19,青茄子(1),5.900000000000001,8.0,6.659,5.01
18559,2021-08-20,青茄子(1),5.78,10.0,3.373,5.01
18607,2021-08-21,青茄子(1),5.95,10.0,3.144,5.01
18650,2021-08-22,青茄子(1),5.96,10.0,1.546,5.01
18691,2021-08-23,青茄子(1),6.1,8.0,4.222,5.01
18736,2021-08-24,青茄子(1),5.89,8.0,1.671,5.01
18780,2021-08-25,青茄子(1),4.33,8.0,4.072,5.01
18825,2021-08-26,青茄子(1),4.96,8.0,5.113,5.01
18869,2021-08-27,青茄子(1),5.08,8.0,3.242,5.01
18917,2021-08-28,青茄子(1),5.05,8.0,3.166,5.01
18966,2021-08-29,青茄子(1),4.84,8.0,5.641,5.01
19014,2021-08-30,青茄子(1),4.78,8.0,2.4,5.01
19062,2021-08-31,青茄子(1),4.91,8.0,3.028,5.01
19108,2021-09-01,青茄子(1),5.09,9.0,0.982,5.01
19155,2021-09-02,青茄子(1),5.5,9.0,0.458,5.01
19205,2021-09-03,青茄子(1),5.69,10.0,4.197,5.01
19254,2021-09-04,青茄子(1),6.14,10.0,5.141,5.01
19303,2021-09-05,青茄子(1),6.19,8.0,3.529,5.01
19353,2021-09-06,青茄子(1),5.24,10.0,4.187,5.01
19400,2021-09-07,青茄子(1),6.53,10.0,3.093,5.01
19450,2021-09-08,青茄子(1),6.68,10.0,1.246,5.01
19498,2021-09-09,青茄子(1),6.63,10.0,2.35,5.01
19546,2021-09-10,青茄子(1),6.68,10.0,2.5500000000000003,5.01
19595,2021-09-11,青茄子(1),6.68,10.0,3.363,5.01
19641,2021-09-12,青茄子(1),6.41,10.0,1.838,5.01
19681,2021-09-13,青茄子(1),6.57,10.0,2.44,5.01
19725,2021-09-14,青茄子(1),6.88,10.0,2.42,5.01
19770,2021-09-15,青茄子(1),6.89,10.0,0.482,5.01
19814,2021-09-16,青茄子(1),6.35,10.0,2.863,5.01
19861,2021-09-17,青茄子(1),5.74,8.0,2.174,5.01
19907,2021-09-18,青茄子(1),5.53,8.0,4.008,5.01
19956,2021-09-19,青茄子(1),5.19,8.0,2.361,5.01
20007,2021-09-20,青茄子(1),4.86,8.0,5.955,5.01
20055,2021-09-21,青茄子(1),4.83,8.0,2.475,5.01
20103,2021-09-22,青茄子(1),4.83,8.0,2.965,5.01
20150,2021-09-23,青茄子(1),4.83,8.0,1.381,5.01
20196,2021-09-24,青茄子(1),4.77,8.0,0.54,5.01
20238,2021-09-25,青茄子(1),4.39,8.0,4.071,5.01
20277,2021-09-26,青茄子(1),4.39,8.0,3.229,5.01
20317,2021-09-27,青茄子(1),4.39,8.0,0.503,5.01
20357,2021-09-28,青茄子(1),4.73,8.0,1.998,5.01
20397,2021-09-29,青茄子(1),4.88,8.0,2.726,5.01
20432,2021-09-30,青茄子(1),4.7,8.0,2.802,5.01
20469,2021-10-01,青茄子(1),4.67,8.0,10.906,5.01
20504,2021-10-02,青茄子(1),4.58,8.0,6.723,5.01
20542,2021-10-03,青茄子(1),3.9700000000000006,8.0,5.264,5.01
20580,2021-10-04,青茄子(1),4.88,8.0,2.675,5.01
20617,2021-10-05,青茄子(1),5.22,8.0,4.272,5.01
20658,2021-10-06,青茄子(1),5.22,8.0,4.861,5.01
20696,2021-10-07,青茄子(1),5.22,8.0,2.5500000000000003,5.01
20733,2021-10-08,青茄子(1),5.19,8.0,1.947,5.01
20770,2021-10-09,青茄子(1),5.18,8.0,1.52,5.01
20809,2021-10-10,青茄子(1),5.18,8.0,1.168,5.01
20844,2021-10-11,青茄子(1),5.37,8.0,2.877,5.01
20881,2021-10-12,青茄子(1),5.55,10.0,2.47,5.01
20918,2021-10-13,青茄子(1),6.56,10.0,1.186,5.01
20996,2021-10-15,青茄子(1),6.77,12.0,1.029,5.01
21036,2021-10-16,青茄子(1),6.94,12.0,2.902,5.01
21078,2021-10-17,青茄子(1),7.01,12.0,1.0619999999999998,5.01
21117,2021-10-18,青茄子(1),7.85,12.0,0.485,5.01
21154,2021-10-19,青茄子(1),8.01,12.0,0.493,5.01
21191,2021-10-20,青茄子(1),8.01,12.0,0.912,5.01
21227,2021-10-21,青茄子(1),8.01,12.0,0.569,5.01
21330,2021-10-24,青茄子(1),8.01,12.0,4.715,5.01
21399,2021-10-26,青茄子(1),8.06,12.0,0.778,5.01
21530,2021-10-30,青茄子(1),8.06,12.0,1.045,5.01
21568,2021-10-31,青茄子(1),8.06,12.0,1.5470000000000002,5.01
21601,2021-11-01,青茄子(1),8.06,12.0,1.697,5.01
21637,2021-11-02,青茄子(1),8.04,12.0,1.096,5.01
21671,2021-11-03,青茄子(1),8.03,12.0,1.037,5.01
21705,2021-11-04,青茄子(1),7.88,12.0,1.095,5.01
21741,2021-11-05,青茄子(1),7.84,12.0,1.246,5.01
21807,2021-11-07,青茄子(1),7.42,12.0,1.765,5.01
21842,2021-11-08,青茄子(1),7.55,12.0,0.326,5.01
21905,2021-11-10,青茄子(1),7.54,12.0,0.41,5.01
21940,2021-11-11,青茄子(1),7.53,12.0,0.376,5.01
21971,2021-11-12,青茄子(1),7.54,12.0,0.334,5.01
22003,2021-11-13,青茄子(1),7.72,14.0,0.466,5.01
22037,2021-11-14,青茄子(1),8.49,14.0,0.63,5.01
22068,2021-11-15,青茄子(1),8.98,14.0,0.43,5.01
22131,2021-11-17,青茄子(1),8.99,14.0,0.365,5.01
22163,2021-11-18,青茄子(1),8.42,14.0,0.38,5.01
22194,2021-11-19,青茄子(1),7.97,14.0,0.487,5.01
22229,2021-11-20,青茄子(1),8.16,14.0,0.802,5.01
22262,2021-11-21,青茄子(1),8.89,14.0,1.153,5.01
22292,2021-11-22,青茄子(1),8.68,14.0,0.38,5.01
22353,2021-11-24,青茄子(1),8.74,14.0,1.239,5.01
22414,2021-11-26,青茄子(1),8.67,12.0,1.178,5.01
22445,2021-11-27,青茄子(1),8.4,12.0,1.095,5.01
