export/q3_2单品数据筛选.csv
,日期,单品名称,批发价格(元/千克)_否,销售单价(元/千克)_否,销量(千克)_否,损耗率(%)_否
33,2020-07-01,高瓜(1),5.65,10.0,4.119,29.25
70,2020-07-02,高瓜(1),5.76,10.0,4.342,29.25
106,2020-07-03,高瓜(1),5.61,10.0,4.41,29.25
140,2020-07-04,高瓜(1),5.41,10.0,3.107,29.25
175,2020-07-05,高瓜(1),5.419999999999999,10.0,4.019,29.25
211,2020-07-06,高瓜(1),5.45,10.0,2.708,29.25
248,2020-07-07,高瓜(1),5.46,10.0,3.117,29.25
284,2020-07-08,高瓜(1),5.47,10.0,2.366,29.25
320,2020-07-09,高瓜(1),5.47,10.0,2.106,29.25
357,2020-07-10,高瓜(1),5.44,10.0,2.575,29.25
393,2020-07-11,高瓜(1),5.41,10.0,1.464,29.25
432,2020-07-12,高瓜(1),5.41,10.0,1.904,29.25
467,2020-07-13,高瓜(1),5.4,10.0,2.386,29.25
504,2020-07-14,高瓜(1),5.24,10.0,1.323,29.25
540,2020-07-15,高瓜(1),5.24,10.0,1.575,29.25
577,2020-07-16,高瓜(1),5.26,10.0,2.436,29.25
615,2020-07-17,高瓜(1),5.42,10.0,2.918,29.25
652,2020-07-18,高瓜(1),5.45,10.0,1.152,29.25
688,2020-07-19,高瓜(1),5.43,10.0,1.865,29.25
723,2020-07-20,高瓜(1),5.44,10.0,2.426,29.25
761,2020-07-21,高瓜(1),5.51,10.0,1.955,29.25
798,2020-07-22,高瓜(1),5.5200000000000005,12.0,2.521,29.25
836,2020-07-23,高瓜(1),6.49,12.0,2.314,29.25
871,2020-07-24,高瓜(1),6.88,12.0,2.228,29.25
908,2020-07-25,高瓜(1),6.92,12.0,1.252,29.25
945,2020-07-26,高瓜(1),7.08,12.0,2.746,29.25
983,2020-07-27,高瓜(1),6.65,14.0,1.819,29.25
1021,2020-07-28,高瓜(1),6.39,12.0,2.029,29.25
1057,2020-07-29,高瓜(1),6.39,14.0,2.067,29.25
1092,2020-07-30,高瓜(1),7.11,14.0,0.637,29.25
1129,2020-07-31,高瓜(1),7.220000000000001,14.0,1.216,29.25
1168,2020-08-01,高瓜(1),7.230000000000001,14.0,1.696,29.25
1211,2020-08-02,高瓜(1),7.230000000000001,14.0,1.28,29.25
1254,2020-08-03,高瓜(1),7.229999999999999,14.0,1.917,29.25
1294,2020-08-04,高瓜(1),6.86,14.0,1.524,29.25
1334,2020-08-05,高瓜(1),6.849999999999999,12.0,1.552,29.25
1377,2020-08-06,高瓜(1),6.46,12.0,0.418,29.25
1423,2020-08-07,高瓜(1),6.33,12.0,2.103,29.25
1468,2020-08-08,高瓜(1),6.409999999999999,12.0,1.586,29.25
1513,2020-08-09,高瓜(1),6.480000000000001,12.0,2.312,29.25
1551,2020-08-10,高瓜(1),6.52,12.0,1.62,29.25
1591,2020-08-11,高瓜(1),5.73,12.0,1.043,29.25
1629,2020-08-12,高瓜(1),5.73,12.0,0.718,29.25
1666,2020-08-13,高瓜(1),5.71,12.0,1.135,29.25
1709,2020-08-14,高瓜(1),5.349999999999999,12.0,0.702,29.25
1751,2020-08-15,高瓜(1),5.23,12.0,1.403,29.25
1790,2020-08-16,高瓜(1),5.08,14.0,1.51,29.25
1829,2020-08-17,高瓜(1),9.36,14.0,1.516,29.25
1868,2020-08-18,高瓜(1),10.48,12.0,0.901,29.25
1908,2020-08-19,高瓜(1),7.37,12.0,0.852,29.25
1950,2020-08-20,高瓜(1),6.28,12.0,1.269,29.25
1992,2020-08-21,高瓜(1),5.0,12.0,1.227,29.25
2071,2020-08-23,高瓜(1),5.44,12.0,1.127,29.25
2113,2020-08-24,高瓜(1),5.49,12.0,1.202,29.25
2153,2020-08-25,高瓜(1),5.580000000000001,12.0,1.904,29.25
2193,2020-08-26,高瓜(1),5.64,12.0,1.093,29.25
2237,2020-08-27,高瓜(1),5.64,12.0,1.845,29.25
2278,2020-08-28,高瓜(1),5.669999999999999,12.0,4.225,29.25
2360,2020-08-30,高瓜(1),5.68,12.0,1.511,29.25
2401,2020-08-31,高瓜(1),5.68,12.0,1.176,29.25
2441,2020-09-01,高瓜(1),5.67,12.0,1.11,29.25
2481,2020-09-02,高瓜(1),5.68,12.0,1.427,29.25
2519,2020-09-03,高瓜(1),5.66,12.0,1.294,29.25
2560,2020-09-04,高瓜(1),5.03,12.0,3.464,29.25
2603,2020-09-05,高瓜(1),5.04,12.0,1.745,29.25
2646,2020-09-06,高瓜(1),5.04,12.0,0.834,29.25
2689,2020-09-07,高瓜(1),5.11,12.0,1.419,29.25
2770,2020-09-09,高瓜(1),5.37,14.0,0.858,29.25
2811,2020-09-10,高瓜(1),5.37,14.0,0.78,29.25
2852,2020-09-11,高瓜(1),5.14,14.0,0.644,29.25
2939,2020-09-13,高瓜(1),5.21,14.0,1.052,29.25
2978,2020-09-14,高瓜(1),5.37,14.0,1.144,29.25
3019,2020-09-15,高瓜(1),6.07,14.0,4.871,29.25
3062,2020-09-16,高瓜(1),6.9,14.0,1.502,29.25
3150,2020-09-18,高瓜(1),7.07,14.0,1.259,29.25
3191,2020-09-19,高瓜(1),7.15,14.0,1.095,29.25
3233,2020-09-20,高瓜(1),7.34,14.0,1.201,29.25
3316,2020-09-22,高瓜(1),8.8,14.0,1.367,29.25
3362,2020-09-23,高瓜(1),15.0,14.0,1.346,29.25
3407,2020-09-24,高瓜(1),8.07,14.0,0.78,29.25
3459,2020-09-25,高瓜(1),8.07,14.0,2.389,29.25
3508,2020-09-26,高瓜(1),8.07,14.0,2.905,29.25
3558,2020-09-27,高瓜(1),8.02,14.0,1.173,29.25
3603,2020-09-28,高瓜(1),8.03,14.0,0.895,29.25
3649,2020-09-29,高瓜(1),7.89,14.0,0.8009999999999999,29.25
3694,2020-09-30,高瓜(1),7.53,14.0,1.21,29.25
3738,2020-10-01,高瓜(1),6.82,12.0,1.795,29.25
3784,2020-10-02,高瓜(1),6.52,12.0,3.546,29.25
3827,2020-10-03,高瓜(1),6.52,14.0,0.8520000000000001,29.25
3870,2020-10-04,高瓜(1),5.93,12.0,0.8440000000000001,29.25
3914,2020-10-05,高瓜(1),5.920000000000001,12.0,3.08,29.25
3960,2020-10-06,高瓜(1),5.91,12.0,0.5429999999999999,29.25
4004,2020-10-07,高瓜(1),5.91,12.0,0.751,29.25
4048,2020-10-08,高瓜(1),5.87,12.0,1.386,29.25
4092,2020-10-09,高瓜(1),5.64,12.0,0.651,29.25
4137,2020-10-10,高瓜(1),5.46,12.0,0.267,29.25
4179,2020-10-11,高瓜(1),5.45,12.0,0.651,29.25
4220,2020-10-12,高瓜(1),5.49,12.0,1.837,29.25
4263,2020-10-13,高瓜(1),4.88,12.0,0.8180000000000001,29.25
4695,2020-10-23,高瓜(1),5.09,12.0,0.234,29.25
7137,2020-12-15,高瓜(1),6.15,12.0,3.022,29.25
7682,2020-12-26,高瓜(1),7.019999999999999,12.0,1.645,29.25
9855,2021-02-10,高瓜(1),9.47,16.0,0.87,29.25
9981,2021-02-15,高瓜(1),9.52,16.0,4.0,29.25
10426,2021-02-25,高瓜(1),18.67,25.8,1.678,29.25
11080,2021-03-11,高瓜(1),5.01,23.8,0.597,29.25
11366,2021-03-17,高瓜(1),10.23,18.0,0.963,29.25
11507,2021-03-20,高瓜(1),11.68,19.8,2.4,29.25
11557,2021-03-21,高瓜(1),11.48,14.0,2.282,29.25
11603,2021-03-22,高瓜(1),8.18,14.0,1.761,29.25
11650,2021-03-23,高瓜(1),8.34,14.0,1.28,29.25
11695,2021-03-24,高瓜(1),9.17,14.0,1.331,29.25
11742,2021-03-25,高瓜(1),9.11,14.0,1.424,29.25
11788,2021-03-26,高瓜(1),8.13,14.0,1.531,29.25
11836,2021-03-27,高瓜(1),7.99,14.0,0.6220000000000001,29.25
11884,2021-03-28,高瓜(1),7.66,14.0,1.13,29.25
11930,2021-03-29,高瓜(1),7.66,14.0,0.501,29.25
11976,2021-03-30,高瓜(1),7.38,14.0,0.286,29.25
12019,2021-03-31,高瓜(1),6.95,14.0,1.009,29.25
12068,2021-04-01,高瓜(1),7.1,14.0,1.837,29.25
12122,2021-04-02,高瓜(1),7.12,14.0,2.453,29.25
12172,2021-04-03,高瓜(1),7.5,14.0,4.658,29.25
12220,2021-04-04,高瓜(1),7.150000000000001,14.0,1.489,29.25
12267,2021-04-05,高瓜(1),7.25,14.0,1.396,29.25
12308,2021-04-06,高瓜(1),7.62,14.0,0.165,29.25
12355,2021-04-07,高瓜(1),7.510000000000001,12.0,1.319,29.25
12403,2021-04-08,高瓜(1),7.17,14.0,2.227,29.25
12449,2021-04-09,高瓜(1),6.45,14.0,0.866,29.25
12494,2021-04-10,高瓜(1),6.58,14.0,1.338,29.25
12536,2021-04-11,高瓜(1),6.580000000000001,14.0,2.203,29.25
12579,2021-04-12,高瓜(1),6.58,14.0,1.122,29.25
12623,2021-04-13,高瓜(1),7.67,12.0,1.034,29.25
12671,2021-04-14,高瓜(1),7.18,12.0,0.944,29.25
12718,2021-04-15,高瓜(1),6.94,12.0,0.994,29.25
12767,2021-04-16,高瓜(1),5.5,12.0,1.487,29.25
12817,2021-04-17,高瓜(1),5.74,12.0,2.412,29.25
12867,2021-04-18,高瓜(1),5.849999999999999,12.0,1.144,29.25
12915,2021-04-19,高瓜(1),5.94,12.0,1.003,29.25
12961,2021-04-20,高瓜(1),5.94,12.0,0.835,29.25
13004,2021-04-21,高瓜(1),6.08,12.0,1.002,29.25
13050,2021-04-22,高瓜(1),6.18,12.0,1.329,29.25
13098,2021-04-23,高瓜(1),6.2,10.0,1.243,29.25
13147,2021-04-24,高瓜(1),5.9,10.0,1.634,29.25
13193,2021-04-25,高瓜(1),5.900000000000001,10.0,0.531,29.25
13240,2021-04-26,高瓜(1),5.63,12.0,2.12,29.25
13284,2021-04-27,高瓜(1),6.66,12.0,0.317,29.25
13331,2021-04-28,高瓜(1),6.85,12.0,1.377,29.25
13377,2021-04-29,高瓜(1),6.8,12.0,2.254,29.25
13425,2021-04-30,高瓜(1),5.89,12.0,2.028,29.25
13471,2021-05-01,高瓜(1),5.89,12.0,1.211,29.25
13515,2021-05-02,高瓜(1),5.88,12.0,1.937,29.25
13558,2021-05-03,高瓜(1),5.87,12.0,1.077,29.25
13601,2021-05-04,高瓜(1),7.23,12.0,1.143,29.25
13647,2021-05-05,高瓜(1),6.85,12.0,2.765,29.25
13691,2021-05-06,高瓜(1),6.68,12.0,1.203,29.25
13737,2021-05-07,高瓜(1),6.71,12.0,2.037,29.25
13782,2021-05-08,高瓜(1),7.01,12.0,2.597,29.25
13829,2021-05-09,高瓜(1),6.94,12.0,2.68,29.25
13873,2021-05-10,高瓜(1),6.980000000000001,12.0,1.553,29.25
13915,2021-05-11,高瓜(1),7.03,10.0,1.764,29.25
13961,2021-05-12,高瓜(1),6.88,10.0,1.754,29.25
14006,2021-05-13,高瓜(1),5.680000000000001,10.0,5.264,29.25
14052,2021-05-14,高瓜(1),4.98,10.0,2.135,29.25
14099,2021-05-15,高瓜(1),4.92,10.0,2.246,29.25
14142,2021-05-16,高瓜(1),4.91,10.0,1.3230000000000002,29.25
14185,2021-05-17,高瓜(1),4.81,10.0,1.233,29.25
14228,2021-05-18,高瓜(1),4.71,10.0,2.817,29.25
14271,2021-05-19,高瓜(1),4.55,10.0,5.817,29.25
14319,2021-05-20,高瓜(1),4.37,10.0,6.468,29.25
14363,2021-05-21,高瓜(1),4.37,10.0,1.162,29.25
14407,2021-05-22,高瓜(1),4.44,10.0,1.414,29.25
14451,2021-05-23,高瓜(1),4.48,10.0,5.033,29.25
14496,2021-05-24,高瓜(1),4.67,10.0,1.223,29.25
14538,2021-05-25,高瓜(1),4.62,10.0,1.433,29.25
14583,2021-05-26,高瓜(1),4.41,10.0,1.834,29.25
14628,2021-05-27,高瓜(1),4.48,10.0,1.895,29.25
14672,2021-05-28,高瓜(1),4.6,10.0,2.677,29.25
14718,2021-05-29,高瓜(1),4.51,10.0,3.148,29.25
14761,2021-05-30,高瓜(1),4.61,10.0,1.894,29.25
14807,2021-05-31,高瓜(1),4.68,10.0,3.43,29.25
14853,2021-06-01,高瓜(1),4.67,10.0,4.009,29.25
14901,2021-06-02,高瓜(1),4.37,10.0,6.436,29.25
14949,2021-06-03,高瓜(1),4.19,10.0,6.378,29.25
14995,2021-06-04,高瓜(1),4.53,10.0,5.413,29.25
15042,2021-06-05,高瓜(1),4.53,10.0,8.933,29.25
15088,2021-06-06,高瓜(1),4.53,10.0,1.473,29.25
15134,2021-06-07,高瓜(1),4.53,10.0,5.372,29.25
15179,2021-06-08,高瓜(1),4.48,10.0,5.285,29.25
15229,2021-06-09,高瓜(1),4.46,8.0,3.746,29.25
15277,2021-06-10,高瓜(1),4.39,8.0,6.303,29.25
15329,2021-06-11,高瓜(1),4.3,8.0,3.261,29.25
15379,2021-06-12,高瓜(1),4.38,8.0,5.689,29.25
15427,2021-06-13,高瓜(1),4.39,8.0,4.613,29.25
15472,2021-06-14,高瓜(1),4.41,8.0,4.849,29.25
15519,2021-06-15,高瓜(1),4.36,8.0,4.386,29.25
15562,2021-06-16,高瓜(1),4.33,8.0,3.909,29.25
15604,2021-06-17,高瓜(1),4.5,8.0,6.114,29.25
15645,2021-06-18,高瓜(1),4.5,8.0,3.2840000000000003,29.25
15690,2021-06-19,高瓜(1),4.42,8.0,4.612,29.25
15736,2021-06-20,高瓜(1),4.38,8.0,4.022,29.25
15775,2021-06-21,高瓜(1),4.33,8.0,5.176,29.25
15818,2021-06-22,高瓜(1),4.19,8.0,8.698,29.25
15864,2021-06-23,高瓜(1),4.25,8.0,7.898,29.25
15912,2021-06-24,高瓜(1),3.92,8.0,2.607,29.25
15954,2021-06-25,高瓜(1),4.18,8.0,7.471,29.25
15996,2021-06-26,高瓜(1),4.27,8.0,10.501,29.25
16042,2021-06-27,高瓜(1),4.1,8.0,7.144,29.25
16089,2021-06-28,高瓜(1),4.1,8.0,5.176,29.25
16135,2021-06-29,高瓜(1),4.14,8.0,6.694,29.25
16180,2021-06-30,高瓜(1),4.16,8.0,3.497,29.25
16228,2021-07-01,高瓜(1),4.15,8.0,4.162,29.25
16274,2021-07-02,高瓜(1),4.14,8.0,6.043,29.25
16326,2021-07-03,高瓜(1),4.1,8.0,8.935,29.25
16379,2021-07-04,高瓜(1),3.9,8.0,5.026,29.25
16431,2021-07-05,高瓜(1),3.91,8.0,4.3740000000000006,29.25
16481,2021-07-06,高瓜(1),3.95,8.0,5.427,29.25
16529,2021-07-07,高瓜(1),3.9500000000000006,8.0,2.957,29.25
16578,2021-07-08,高瓜(1),3.9,8.0,2.481,29.25
16624,2021-07-09,高瓜(1),3.89,8.0,1.291,29.25
16674,2021-07-10,高瓜(1),3.93,8.0,4.612,29.25
16719,2021-07-11,高瓜(1),3.97,8.0,3.61,29.25
16763,2021-07-12,高瓜(1),3.87,8.0,1.491,29.25
16804,2021-07-13,高瓜(1),3.87,8.0,1.091,29.25
16852,2021-07-14,高瓜(1),4.02,8.0,2.6710000000000003,29.25
16897,2021-07-15,高瓜(1),3.91,8.0,2.28,29.25
16946,2021-07-16,高瓜(1),3.75,8.0,1.954,29.25
16996,2021-07-17,高瓜(1),3.84,8.0,3.107,29.25
17049,2021-07-18,高瓜(1),3.94,8.0,1.466,29.25
17095,2021-07-19,高瓜(1),3.92,8.0,2.732,29.25
17145,2021-07-20,高瓜(1),3.89,8.0,1.968,29.25
17201,2021-07-21,高瓜(1),4.12,8.0,0.965,29.25
17252,2021-07-22,高瓜(1),4.16,8.0,2.131,29.25
17300,2021-07-23,高瓜(1),3.97,8.0,1.843,29.25
17348,2021-07-24,高瓜(1),3.88,8.0,3.522,29.25
17392,2021-07-25,高瓜(1),4.08,8.0,2.463,29.25
17431,2021-07-26,高瓜(1),4.16,8.0,1.6700000000000002,29.25
17476,2021-07-27,高瓜(1),3.9,8.0,3.493,29.25
17526,2021-07-28,高瓜(1),3.94,8.0,1.897,29.25
17573,2021-07-29,高瓜(1),3.94,8.0,2.639,29.25
17621,2021-07-30,高瓜(1),3.84,8.0,3.317,29.25
17670,2021-07-31,高瓜(1),3.84,8.0,5.742,29.25
17715,2021-08-01,高瓜(1),3.93,8.0,1.332,29.25
17760,2021-08-02,高瓜(1),3.97,8.0,1.997,29.25
17807,2021-08-03,高瓜(1),5.67,8.0,2.575,29.25
17851,2021-08-04,高瓜(1),5.86,10.0,1.497,29.25
17896,2021-08-05,高瓜(1),5.88,10.0,1.315,29.25
17944,2021-08-06,高瓜(1),5.900000000000001,10.0,2.189,29.25
17988,2021-08-07,高瓜(1),5.95,10.0,2.54,29.25
18031,2021-08-08,高瓜(1),5.96,10.0,1.486,29.25
18076,2021-08-09,高瓜(1),5.96,10.0,2.3200000000000003,29.25
18120,2021-08-10,高瓜(1),5.94,12.0,3.269,29.25
18163,2021-08-11,高瓜(1),5.61,10.0,1.999,29.25
18210,2021-08-12,高瓜(1),5.65,10.0,2.0580000000000003,29.25
18344,2021-08-15,高瓜(1),6.480000000000001,10.0,3.453,29.25
18386,2021-08-16,高瓜(1),6.56,12.0,2.5,29.25
18427,2021-08-17,高瓜(1),6.65,12.0,3.577,29.25
18470,2021-08-18,高瓜(1),7.07,12.0,3.772,29.25
18513,2021-08-19,高瓜(1),7.089999999999999,12.0,2.543,29.25
18560,2021-08-20,高瓜(1),7.1,12.0,3.252,29.25
18608,2021-08-21,高瓜(1),7.069999999999999,12.0,4.408,29.25
18651,2021-08-22,高瓜(1),7.18,12.0,5.0440000000000005,29.25
18692,2021-08-23,高瓜(1),7.05,12.0,1.296,29.25
18737,2021-08-24,高瓜(1),7.0,12.0,3.562,29.25
18781,2021-08-25,高瓜(1),7.02,12.0,2.207,29.25
18826,2021-08-26,高瓜(1),7.0200000000000005,12.0,2.534,29.25
18870,2021-08-27,高瓜(1),6.67,12.0,2.125,29.25
18918,2021-08-28,高瓜(1),6.94,12.0,4.098,29.25
18967,2021-08-29,高瓜(1),7.13,12.0,2.784,29.25
19015,2021-08-30,高瓜(1),7.2,12.0,1.229,29.25
19063,2021-08-31,高瓜(1),7.2,12.0,1.471,29.25
19109,2021-09-01,高瓜(1),6.91,12.0,2.14,29.25
19156,2021-09-02,高瓜(1),6.87,12.0,1.012,29.25
19206,2021-09-03,高瓜(1),6.46,12.0,2.342,29.25
19255,2021-09-04,高瓜(1),6.45,12.0,1.0790000000000002,29.25
19304,2021-09-05,高瓜(1),6.45,12.0,1.43,29.25
19354,2021-09-06,高瓜(1),6.33,12.0,0.619,29.25
19401,2021-09-07,高瓜(1),6.31,12.0,0.485,29.25
19451,2021-09-08,高瓜(1),6.4,12.0,0.7190000000000001,29.25
19499,2021-09-09,高瓜(1),6.43,12.0,0.41,29.25
19547,2021-09-10,高瓜(1),6.43,12.0,1.237,29.25
19596,2021-09-11,高瓜(1),6.52,12.0,1.07,29.25
19642,2021-09-12,高瓜(1),6.48,12.0,1.765,29.25
19682,2021-09-13,高瓜(1),7.02,12.0,0.435,29.25
19726,2021-09-14,高瓜(1),7.44,12.0,1.054,29.25
19771,2021-09-15,高瓜(1),7.49,12.0,0.8109999999999999,29.25
19815,2021-09-16,高瓜(1),7.64,12.0,0.5940000000000001,29.25
19862,2021-09-17,高瓜(1),7.51,12.0,0.284,29.25
19908,2021-09-18,高瓜(1),7.48,12.0,0.535,29.25
19957,2021-09-19,高瓜(1),7.590000000000001,12.0,2.282,29.25
20008,2021-09-20,高瓜(1),7.43,12.0,1.589,29.25
20056,2021-09-21,高瓜(1),7.22,12.0,0.896,29.25
20104,2021-09-22,高瓜(1),7.18,12.0,0.276,29.25
20151,2021-09-23,高瓜(1),7.22,12.0,1.044,29.25
20197,2021-09-24,高瓜(1),6.91,12.0,1.17,29.25
20239,2021-09-25,高瓜(1),6.96,14.0,0.889,29.25
20278,2021-09-26,高瓜(1),6.95,14.0,1.512,29.25
20318,2021-09-27,高瓜(1),6.93,14.0,0.394,29.25
20358,2021-09-28,高瓜(1),6.47,14.0,0.473,29.25
20398,2021-09-29,高瓜(1),6.56,14.0,1.734,29.25
20433,2021-09-30,高瓜(1),6.65,14.0,1.311,29.25
20470,2021-10-01,高瓜(1),6.64,14.0,0.974,29.25
20505,2021-10-02,高瓜(1),6.32,14.0,4.034,29.25
20543,2021-10-03,高瓜(1),6.71,14.0,1.118,29.25
20581,2021-10-04,高瓜(1),6.67,14.0,1.305,29.25
20618,2021-10-05,高瓜(1),6.67,14.0,4.916,29.25
20659,2021-10-06,高瓜(1),6.650000000000001,14.0,0.925,29.25
20697,2021-10-07,高瓜(1),6.66,14.0,0.652,29.25
20734,2021-10-08,高瓜(1),6.55,14.0,0.351,29.25
20771,2021-10-09,高瓜(1),6.48,14.0,0.444,29.25
20810,2021-10-10,高瓜(1),6.57,14.0,1.44,29.25
20845,2021-10-11,高瓜(1),6.589999999999999,14.0,2.055,29.25
20882,2021-10-12,高瓜(1),6.58,14.0,0.667,29.25
20954,2021-10-14,高瓜(1),6.45,14.0,0.702,29.25
20997,2021-10-15,高瓜(1),6.49,14.0,0.401,29.25
21037,2021-10-16,高瓜(1),6.53,14.0,2.716,29.25
21079,2021-10-17,高瓜(1),6.61,14.0,1.419,29.25
21118,2021-10-18,高瓜(1),6.580000000000001,14.0,1.111,29.25
21155,2021-10-19,高瓜(1),6.5,14.0,0.451,29.25
21192,2021-10-20,高瓜(1),7.02,14.0,1.411,29.25
21260,2021-10-22,高瓜(1),7.53,14.0,1.346,29.25
21296,2021-10-23,高瓜(1),7.52,16.0,0.52,29.25
21331,2021-10-24,高瓜(1),8.65,16.0,0.658,29.25
21365,2021-10-25,高瓜(1),8.69,16.0,0.42,29.25
21400,2021-10-26,高瓜(1),8.75,16.0,0.157,29.25
21775,2021-11-06,高瓜(1),10.34,19.8,0.354,29.25
21808,2021-11-07,高瓜(1),10.35,19.8,0.177,29.25
21843,2021-11-08,高瓜(1),10.34,19.8,1.031,29.25
21875,2021-11-09,高瓜(1),10.34,19.8,0.328,29.25
21906,2021-11-10,高瓜(1),10.35,19.8,0.349,29.25
21941,2021-11-11,高瓜(1),10.34,19.8,0.5,29.25
21972,2021-11-12,高瓜(1),10.47,19.8,0.349,29.25
22004,2021-11-13,高瓜(1),10.43,19.8,1.232,29.25
22038,2021-11-14,高瓜(1),9.82,19.8,0.248,29.25
62,2020-07-02,螺丝椒,7.1,10.0,5.844,10.18
98,2020-07-03,螺丝椒,6.58,10.0,9.099,10.18
132,2020-07-04,螺丝椒,6.0,14.0,10.238,10.18
166,2020-07-05,螺丝椒,7.95,14.0,15.173,10.18
202,2020-07-06,螺丝椒,8.16,14.0,10.36,10.18
239,2020-07-07,螺丝椒,8.08,14.0,11.96,10.18
276,2020-07-08,螺丝椒,7.55,14.0,17.396,10.18
312,2020-07-09,螺丝椒,7.25,14.0,9.917,10.179999999999998
348,2020-07-10,螺丝椒,7.320000000000001,12.0,20.721,10.18
386,2020-07-11,螺丝椒,7.51,12.0,32.347,10.18
424,2020-07-12,螺丝椒,6.27,12.0,5.429,10.18
459,2020-07-13,螺丝椒,6.27,10.0,11.066,10.18
496,2020-07-14,螺丝椒,6.4,10.0,20.757,10.18
532,2020-07-15,螺丝椒,6.38,10.0,19.574,10.18
569,2020-07-16,螺丝椒,6.239999999999999,10.0,16.03,10.18
607,2020-07-17,螺丝椒,6.24,10.0,10.476,10.18
644,2020-07-18,螺丝椒,6.120000000000001,10.0,21.417,10.18
680,2020-07-19,螺丝椒,6.15,9.0,31.005,10.18
715,2020-07-20,螺丝椒,6.21,9.0,19.634,10.18
753,2020-07-21,螺丝椒,5.28,9.0,11.763,10.18
790,2020-07-22,螺丝椒,5.07,8.0,31.824,10.18
828,2020-07-23,螺丝椒,5.11,8.0,9.537,10.18
863,2020-07-24,螺丝椒,5.06,8.0,6.679,10.18
900,2020-07-25,螺丝椒,5.06,8.0,10.628,10.18
937,2020-07-26,螺丝椒,5.11,8.0,12.883,10.18
975,2020-07-27,螺丝椒,5.1,8.0,13.287,10.18
1013,2020-07-28,螺丝椒,4.83,8.0,8.836,10.18
1049,2020-07-29,螺丝椒,4.72,8.0,11.505,10.18
1084,2020-07-30,螺丝椒,5.09,8.0,21.909,10.18
1121,2020-07-31,螺丝椒,5.12,8.0,15.704,10.18
1160,2020-08-01,螺丝椒,4.99,8.0,10.814,10.18
1203,2020-08-02,螺丝椒,4.22,8.0,11.218,10.18
1246,2020-08-03,螺丝椒,5.21,8.0,8.645999999999999,10.18
1286,2020-08-04,螺丝椒,5.18,8.0,6.23,10.18
1327,2020-08-05,螺丝椒,5.21,8.0,18.929,10.179999999999998
1370,2020-08-06,螺丝椒,5.2,8.0,11.781,10.18
1414,2020-08-07,螺丝椒,5.26,8.0,9.788,10.18
1460,2020-08-08,螺丝椒,5.52,8.0,13.76,10.18
1504,2020-08-09,螺丝椒,5.52,8.0,18.588,10.18
1543,2020-08-10,螺丝椒,5.53,8.0,11.481,10.18
1583,2020-08-11,螺丝椒,5.48,8.0,11.882,10.18
1621,2020-08-12,螺丝椒,5.52,8.0,16.493,10.18
1658,2020-08-13,螺丝椒,5.51,8.0,14.251,10.18
1700,2020-08-14,螺丝椒,5.54,8.0,16.879,10.18
1742,2020-08-15,螺丝椒,5.54,8.0,11.655,10.18
1782,2020-08-16,螺丝椒,5.52,8.0,17.973,10.18
1821,2020-08-17,螺丝椒,5.5,8.0,13.371,10.18
1860,2020-08-18,螺丝椒,5.49,8.0,17.148,10.18
1900,2020-08-19,螺丝椒,5.5,8.0,13.295,10.18
1941,2020-08-20,螺丝椒,5.53,9.0,6.872,10.18
1984,2020-08-21,螺丝椒,5.58,8.0,14.639,10.18
2024,2020-08-22,螺丝椒,6.08,8.0,15.62,10.18
2063,2020-08-23,螺丝椒,6.06,8.0,15.187,10.18
2105,2020-08-24,螺丝椒,6.03,8.0,13.031,10.18
2145,2020-08-25,螺丝椒,6.2,8.0,10.201,10.18
2185,2020-08-26,螺丝椒,6.02,8.0,9.929,10.18
2228,2020-08-27,螺丝椒,6.08,8.0,11.819,10.18
2268,2020-08-28,螺丝椒,6.11,8.0,6.655,10.18
2311,2020-08-29,螺丝椒,5.99,8.0,12.898,10.18
