export/q3_2单品数据筛选.csv
,日期,单品名称,批发价格(元/千克)_否,销售单价(元/千克)_否,销量(千克)_否,损耗率(%)_否
2351,2020-08-30,螺丝椒,6.21,8.0,9.999,10.18
2393,2020-08-31,螺丝椒,6.39,9.0,11.325,10.18
2433,2020-09-01,螺丝椒,6.8,9.0,4.467,10.179999999999998
2472,2020-09-02,螺丝椒,6.78,9.0,5.167,10.18
2510,2020-09-03,螺丝椒,6.78,9.0,5.4270000000000005,10.18
2552,2020-09-04,螺丝椒,7.54,9.0,6.595,10.18
2593,2020-09-05,螺丝椒,8.78,10.0,3.728,10.18
2636,2020-09-06,螺丝椒,7.4,10.0,18.454,10.18
2680,2020-09-07,螺丝椒,7.28,10.0,5.781000000000001,10.179999999999998
2721,2020-09-08,螺丝椒,7.58,10.0,4.41,10.18
2762,2020-09-09,螺丝椒,7.379999999999999,10.0,3.4770000000000003,10.18
2801,2020-09-10,螺丝椒,7.399999999999999,10.0,4.828,10.18
2842,2020-09-11,螺丝椒,7.9,10.0,5.55,10.18
2887,2020-09-12,螺丝椒,7.45,11.0,9.764,10.18
2929,2020-09-13,螺丝椒,7.360000000000001,11.0,15.404,10.18
2970,2020-09-14,螺丝椒,7.91,11.0,8.126,10.18
3010,2020-09-15,螺丝椒,8.23,11.0,6.34,10.18
3054,2020-09-16,螺丝椒,7.2,10.0,7.699,10.18
3096,2020-09-17,螺丝椒,6.79,11.0,6.914,10.18
3141,2020-09-18,螺丝椒,7.73,11.0,7.632,10.18
3182,2020-09-19,螺丝椒,8.3,11.0,8.015,10.18
3225,2020-09-20,螺丝椒,8.55,12.0,19.71,10.18
3265,2020-09-21,螺丝椒,9.19,12.0,10.97,10.18
3308,2020-09-22,螺丝椒,8.34,12.0,12.34,10.18
3353,2020-09-23,螺丝椒,8.43,12.0,7.932,10.18
3399,2020-09-24,螺丝椒,8.37,12.0,7.84,10.18
3450,2020-09-25,螺丝椒,8.17,12.0,7.697,10.18
3499,2020-09-26,螺丝椒,7.95,12.0,4.734,10.18
3548,2020-09-27,螺丝椒,8.07,12.0,4.675,10.179999999999998
3593,2020-09-28,螺丝椒,8.16,10.0,4.589,10.18
3639,2020-09-29,螺丝椒,7.56,12.0,3.865,10.18
3685,2020-09-30,螺丝椒,7.14,12.0,5.492,10.18
3729,2020-10-01,螺丝椒,6.69,10.0,9.509,10.18
3775,2020-10-02,螺丝椒,7.74,10.0,11.323,10.18
3819,2020-10-03,螺丝椒,7.36,12.0,9.525,10.18
3861,2020-10-04,螺丝椒,7.72,12.0,6.6770000000000005,10.18
3905,2020-10-05,螺丝椒,7.73,12.0,10.645,10.18
3951,2020-10-06,螺丝椒,7.89,12.0,7.705,10.18
3995,2020-10-07,螺丝椒,7.96,12.0,3.858,10.18
4039,2020-10-08,螺丝椒,8.23,12.0,7.523,10.18
4083,2020-10-09,螺丝椒,8.41,12.0,8.966,10.18
4128,2020-10-10,螺丝椒,8.61,12.0,5.134,10.18
4171,2020-10-11,螺丝椒,8.56,12.0,6.077,10.18
4211,2020-10-12,螺丝椒,8.43,12.0,5.443,10.18
4254,2020-10-13,螺丝椒,8.06,12.0,3.807,10.18
4297,2020-10-14,螺丝椒,7.970000000000001,12.0,5.134,10.18
4338,2020-10-15,螺丝椒,7.75,14.0,2.769,10.18
4382,2020-10-16,螺丝椒,7.65,14.0,3.225,10.18
4426,2020-10-17,螺丝椒,7.71,14.0,7.088,10.18
4472,2020-10-18,螺丝椒,7.840000000000001,14.0,6.453,10.18
4517,2020-10-19,螺丝椒,7.88,14.0,2.911,10.18
4561,2020-10-20,螺丝椒,8.03,14.0,3.892,10.18
4602,2020-10-21,螺丝椒,8.14,14.0,5.523,10.18
4644,2020-10-22,螺丝椒,8.25,14.0,3.363,10.18
4686,2020-10-23,螺丝椒,8.27,14.0,2.898,10.18
4728,2020-10-24,螺丝椒,8.88,14.0,3.547,10.18
4773,2020-10-25,螺丝椒,9.08,14.0,6.138,10.18
4818,2020-10-26,螺丝椒,9.36,14.0,0.673,10.18
4861,2020-10-27,螺丝椒,9.4,14.0,3.696,10.179999999999998
4903,2020-10-28,螺丝椒,9.63,16.0,2.4210000000000003,10.18
4949,2020-10-29,螺丝椒,9.99,16.0,2.909,10.18
4996,2020-10-30,螺丝椒,9.99,16.0,2.179,10.179999999999998
5042,2020-10-31,螺丝椒,10.08,16.0,7.411,10.18
5089,2020-11-01,螺丝椒,10.22,16.0,3.761,10.18
5130,2020-11-02,螺丝椒,9.78,16.0,5.139,10.18
5173,2020-11-03,螺丝椒,10.27,16.0,2.572,10.18
5213,2020-11-04,螺丝椒,10.1,16.0,2.936,10.18
5255,2020-11-05,螺丝椒,9.99,16.0,2.635,10.179999999999998
5297,2020-11-06,螺丝椒,9.97,16.0,1.6789999999999998,10.179999999999998
5340,2020-11-07,螺丝椒,10.12,16.0,6.077,10.18
5384,2020-11-08,螺丝椒,10.17,16.0,5.082,10.18
5429,2020-11-09,螺丝椒,10.23,16.0,2.678,10.18
5473,2020-11-10,螺丝椒,10.179999999999998,18.0,1.897,10.179999999999998
5518,2020-11-11,螺丝椒,10.14,16.0,3.093,10.18
5566,2020-11-12,螺丝椒,10.11,16.0,2.735,10.18
5611,2020-11-13,螺丝椒,10.22,16.0,2.047,10.179999999999998
5658,2020-11-14,螺丝椒,10.32,16.0,4.882,10.18
5703,2020-11-15,螺丝椒,10.38,16.0,4.112,10.18
5747,2020-11-16,螺丝椒,10.27,16.0,2.798,10.18
5789,2020-11-17,螺丝椒,10.3,16.0,2.442,10.18
5834,2020-11-18,螺丝椒,10.34,16.0,2.66,10.18
5879,2020-11-19,螺丝椒,10.33,16.0,5.819,10.18
5923,2020-11-20,螺丝椒,10.56,16.0,2.436,10.179999999999998
5968,2020-11-21,螺丝椒,10.45,16.0,4.649,10.18
6015,2020-11-22,螺丝椒,10.38,16.0,4.569,10.18
6057,2020-11-23,螺丝椒,10.16,16.0,3.556,10.18
6100,2020-11-24,螺丝椒,10.21,16.0,3.306,10.18
6145,2020-11-25,螺丝椒,10.22,14.0,3.304,10.18
6188,2020-11-26,螺丝椒,10.2,16.0,3.248,10.18
6233,2020-11-27,螺丝椒,10.29,16.0,4.919,10.18
6282,2020-11-28,螺丝椒,10.32,16.0,4.831,10.18
6328,2020-11-29,螺丝椒,10.32,16.0,2.584,10.18
6376,2020-11-30,螺丝椒,10.17,16.0,3.455,10.18
6421,2020-12-01,螺丝椒,10.22,16.0,2.842,10.18
6468,2020-12-02,螺丝椒,10.47,16.0,1.853,10.179999999999998
6514,2020-12-03,螺丝椒,10.12,16.0,4.899,10.18
6563,2020-12-04,螺丝椒,10.16,16.0,2.824,10.18
6613,2020-12-05,螺丝椒,10.79,16.0,5.162,10.18
6664,2020-12-06,螺丝椒,10.75,16.0,6.922,10.18
6714,2020-12-07,螺丝椒,10.51,16.0,2.831,10.18
6764,2020-12-08,螺丝椒,10.14,16.0,1.176,10.18
6813,2020-12-09,螺丝椒,10.24,16.0,2.534,10.18
6865,2020-12-10,螺丝椒,10.5,16.0,3.938,10.18
6919,2020-12-11,螺丝椒,10.61,16.0,2.648,10.18
6974,2020-12-12,螺丝椒,10.72,16.0,4.317,10.18
7028,2020-12-13,螺丝椒,10.88,16.0,9.161,10.18
7125,2020-12-15,螺丝椒,10.82,16.0,1.208,10.18
7176,2020-12-16,螺丝椒,10.96,16.0,2.623,10.18
7227,2020-12-17,螺丝椒,11.21,16.0,2.26,10.179999999999998
7281,2020-12-18,螺丝椒,11.94,16.0,3.336,10.179999999999998
7331,2020-12-19,螺丝椒,12.11,16.0,2.279,10.18
7383,2020-12-20,螺丝椒,12.109999999999998,16.0,6.6850000000000005,10.18
7432,2020-12-21,螺丝椒,12.11,16.0,3.029,10.18
7479,2020-12-22,螺丝椒,12.24,18.0,4.0760000000000005,10.18
7526,2020-12-23,螺丝椒,12.23,18.0,3.955,10.18
7575,2020-12-24,螺丝椒,12.78,18.0,1.391,10.18
7622,2020-12-25,螺丝椒,14.009999999999998,19.8,2.707,10.18
7671,2020-12-26,螺丝椒,14.59,19.800000000000004,3.36,10.18
7720,2020-12-27,螺丝椒,15.32,19.8,6.895,10.18
7765,2020-12-28,螺丝椒,15.64,19.8,1.657,10.18
7810,2020-12-29,螺丝椒,15.539999999999996,19.8,2.842,10.18
7859,2020-12-30,螺丝椒,15.93,25.8,2.539,10.18
7908,2020-12-31,螺丝椒,16.06,25.8,3.338,10.18
7955,2021-01-01,螺丝椒,16.77,25.8,5.573,10.18
8000,2021-01-02,螺丝椒,16.59,23.8,5.952,10.18
8045,2021-01-03,螺丝椒,16.17,23.8,6.686,10.18
8091,2021-01-04,螺丝椒,15.52,19.8,4.681,10.179999999999998
8138,2021-01-05,螺丝椒,15.449999999999998,23.8,2.677,10.18
8186,2021-01-06,螺丝椒,15.55,23.8,2.14,10.18
8233,2021-01-07,螺丝椒,15.55,23.8,1.614,10.18
8279,2021-01-08,螺丝椒,15.43,19.8,3.809,10.18
8324,2021-01-09,螺丝椒,14.72,19.8,6.773,10.18
8371,2021-01-10,螺丝椒,13.61,21.8,5.99,10.18
8418,2021-01-11,螺丝椒,14.869999999999996,21.8,3.904,10.18
8459,2021-01-12,螺丝椒,14.98,23.8,2.295,10.18
8502,2021-01-13,螺丝椒,14.99,23.8,2.072,10.18
8545,2021-01-14,螺丝椒,18.98,23.8,2.589,10.18
8587,2021-01-15,螺丝椒,18.98,23.8,1.572,10.179999999999998
8632,2021-01-16,螺丝椒,18.98,23.8,2.746,10.18
8680,2021-01-17,螺丝椒,17.27,23.8,11.142,10.18
8728,2021-01-18,螺丝椒,15.02,23.8,2.544,10.18
8775,2021-01-19,螺丝椒,15.24,23.8,3.432,10.18
8823,2021-01-20,螺丝椒,16.18,23.8,0.5760000000000001,10.18
8872,2021-01-21,螺丝椒,16.2,23.8,5.65,10.18
8920,2021-01-22,螺丝椒,17.65,23.8,5.961,10.18
8965,2021-01-23,螺丝椒,18.32,23.8,3.028,10.18
9012,2021-01-24,螺丝椒,18.19,21.8,3.706,10.18
9060,2021-01-25,螺丝椒,16.82,21.8,7.419,10.18
9107,2021-01-26,螺丝椒,16.33,21.8,5.143,10.18
9152,2021-01-27,螺丝椒,16.17,21.8,6.894,10.18
9197,2021-01-28,螺丝椒,16.66,21.8,3.871,10.18
9247,2021-01-29,螺丝椒,17.02,21.8,4.977,10.18
9293,2021-01-30,螺丝椒,16.78,21.8,4.343,10.18
9343,2021-01-31,螺丝椒,16.74,21.800000000000004,3.38,10.18
9392,2021-02-01,螺丝椒,16.74,23.800000000000004,4.277,10.18
9439,2021-02-02,螺丝椒,17.08,23.8,4.257,10.18
9489,2021-02-03,螺丝椒,17.2,23.8,2.794,10.18
9537,2021-02-04,螺丝椒,16.83,23.8,7.929,10.18
9586,2021-02-05,螺丝椒,16.88,23.8,10.358,10.18
9638,2021-02-06,螺丝椒,16.94,23.800000000000004,7.548,10.18
9689,2021-02-07,螺丝椒,17.09,25.8,8.544,10.18
9740,2021-02-08,螺丝椒,16.51,23.8,27.899,10.18
9791,2021-02-09,螺丝椒,15.57,23.8,12.37,10.18
9843,2021-02-10,螺丝椒,12.74,23.8,30.512,10.18
9883,2021-02-13,螺丝椒,12.31,23.8,8.663,10.18
9925,2021-02-14,螺丝椒,12.31,23.8,4.173,10.18
9972,2021-02-15,螺丝椒,12.3,16.0,17.25,10.18
10013,2021-02-16,螺丝椒,10.76,16.0,16.608,10.18
10056,2021-02-17,螺丝椒,10.36,12.0,4.958,10.18
10100,2021-02-18,螺丝椒,10.36,10.0,5.271,10.179999999999998
10144,2021-02-19,螺丝椒,7.429999999999999,10.0,13.118,10.18
10188,2021-02-20,螺丝椒,6.04,9.0,6.551,10.18
10235,2021-02-21,螺丝椒,6.05,9.0,5.347,10.18
10281,2021-02-22,螺丝椒,6.05,9.0,6.382,10.18
10324,2021-02-23,螺丝椒,5.410000000000001,7.0,4.527,10.179999999999998
10369,2021-02-24,螺丝椒,5.54,6.0,10.87,10.18
10416,2021-02-25,螺丝椒,2.99,5.0,22.129,10.18
10460,2021-02-26,螺丝椒,3.45,6.0,44.189,10.18
10500,2021-02-27,螺丝椒,4.03,6.0,25.639,10.18
10544,2021-02-28,螺丝椒,3.28,6.0,57.701,10.18
10594,2021-03-01,螺丝椒,3.53,6.0,47.495,10.18
10642,2021-03-02,螺丝椒,3.620000000000001,6.0,36.663,10.18
10691,2021-03-03,螺丝椒,3.86,6.0,43.467,10.18
10736,2021-03-04,螺丝椒,3.86,6.0,10.25,10.18
10779,2021-03-05,螺丝椒,3.85,6.0,23.397,10.18
10828,2021-03-06,螺丝椒,3.74,5.0,41.931,10.18
10879,2021-03-07,螺丝椒,3.69,6.0,15.099,10.18
10928,2021-03-08,螺丝椒,3.84,6.0,22.542,10.18
10975,2021-03-09,螺丝椒,4.02,7.0,17.411,10.18
11020,2021-03-10,螺丝椒,4.02,7.0,18.385,10.18
11066,2021-03-11,螺丝椒,4.02,7.0,14.532,10.18
11117,2021-03-12,螺丝椒,4.01,8.0,12.555,10.18
11170,2021-03-13,螺丝椒,4.0,8.0,11.972,10.18
11218,2021-03-14,螺丝椒,4.27,8.0,14.288,10.18
11262,2021-03-15,螺丝椒,4.33,8.0,11.053,10.18
11308,2021-03-16,螺丝椒,4.29,8.0,8.722999999999999,10.18
11353,2021-03-17,螺丝椒,4.32,8.0,13.589,10.18
11401,2021-03-18,螺丝椒,4.14,8.0,12.309,10.18
11450,2021-03-19,螺丝椒,4.01,7.0,10.277,10.18
11495,2021-03-20,螺丝椒,3.51,7.0,14.584,10.18
11546,2021-03-21,螺丝椒,3.35,7.0,10.503,10.18
11593,2021-03-22,螺丝椒,3.58,7.0,8.727,10.18
11639,2021-03-23,螺丝椒,4.15,7.0,11.333,10.18
11685,2021-03-24,螺丝椒,4.39,8.0,5.338,10.18
11732,2021-03-25,螺丝椒,5.05,7.0,9.27,10.179999999999998
11778,2021-03-26,螺丝椒,4.26,7.0,6.164,10.18
11826,2021-03-27,螺丝椒,4.27,7.0,8.324,10.18
11874,2021-03-28,螺丝椒,4.42,6.0,9.767,10.18
11921,2021-03-29,螺丝椒,4.37,7.0,4.758,10.179999999999998
11967,2021-03-30,螺丝椒,3.4799999999999995,7.0,6.935,10.18
12010,2021-03-31,螺丝椒,3.83,8.0,5.312,10.18
12056,2021-04-01,螺丝椒,4.59,8.0,6.467,10.18
12110,2021-04-02,螺丝椒,4.8,8.0,6.404,10.18
12161,2021-04-03,螺丝椒,5.05,8.0,11.895,10.18
12209,2021-04-04,螺丝椒,5.0,8.0,7.608,10.18
12256,2021-04-05,螺丝椒,5.18,8.0,9.963,10.18
12298,2021-04-06,螺丝椒,5.26,8.0,3.196,10.179999999999998
12344,2021-04-07,螺丝椒,5.21,8.0,7.18,10.18
12393,2021-04-08,螺丝椒,5.21,5.6,12.151,10.18
12439,2021-04-09,螺丝椒,4.73,6.0,12.227,10.179999999999998
12483,2021-04-10,螺丝椒,3.36,5.6,13.351,10.18
12527,2021-04-11,螺丝椒,3.32,5.6,12.744,10.18
12571,2021-04-12,螺丝椒,3.28,5.6,10.447,10.18
12613,2021-04-13,螺丝椒,3.07,4.0,11.736,10.18
12661,2021-04-14,螺丝椒,3.6,5.0,6.767,10.18
12708,2021-04-15,螺丝椒,3.73,6.0,6.605,10.18
12757,2021-04-16,螺丝椒,5.09,6.0,14.516,10.18
12806,2021-04-17,螺丝椒,4.48,6.0,9.416,10.18
12856,2021-04-18,螺丝椒,4.51,8.0,19.012,10.18
12905,2021-04-19,螺丝椒,5.08,7.0,8.256,10.18
12951,2021-04-20,螺丝椒,5.05,8.0,10.362,10.18
12995,2021-04-21,螺丝椒,5.11,8.0,7.995999999999999,10.18
13040,2021-04-22,螺丝椒,5.23,8.0,13.046,10.18
13087,2021-04-23,螺丝椒,5.29,8.0,11.216,10.18
13137,2021-04-24,螺丝椒,5.56,8.0,29.035,10.18
13182,2021-04-25,螺丝椒,5.6,8.0,16.116,10.18
13230,2021-04-26,螺丝椒,5.6,8.0,8.31,10.18
13275,2021-04-27,螺丝椒,5.86,8.0,6.993,10.18
13321,2021-04-28,螺丝椒,6.3,8.0,7.421,10.18
13367,2021-04-29,螺丝椒,6.59,8.0,8.332,10.18
13415,2021-04-30,螺丝椒,6.45,9.0,11.417,10.179999999999998
13461,2021-05-01,螺丝椒,6.4,10.0,9.26,10.18
13506,2021-05-02,螺丝椒,6.64,11.0,7.396,10.18
13548,2021-05-03,螺丝椒,6.65,12.0,9.375,10.18
13592,2021-05-04,螺丝椒,8.44,14.0,10.632,10.18
13638,2021-05-05,螺丝椒,7.8,10.0,12.076,10.18
13682,2021-05-06,螺丝椒,6.76,8.0,6.955,10.18
13728,2021-05-07,螺丝椒,5.35,8.0,7.37,10.18
13773,2021-05-08,螺丝椒,5.35,8.0,11.304,10.18
13820,2021-05-09,螺丝椒,5.35,8.0,10.452,10.18
13865,2021-05-10,螺丝椒,5.17,8.0,8.296,10.18
13906,2021-05-11,螺丝椒,5.05,8.0,8.259,10.18
13952,2021-05-12,螺丝椒,4.8,8.0,10.013,10.18
13997,2021-05-13,螺丝椒,5.13,8.0,15.176,10.18
14042,2021-05-14,螺丝椒,5.14,8.0,12.07,10.18
14090,2021-05-15,螺丝椒,4.87,8.0,31.904,10.18
14133,2021-05-16,螺丝椒,4.53,8.0,34.385,10.18
14176,2021-05-17,螺丝椒,4.47,6.0,5.971,10.18
14219,2021-05-18,螺丝椒,3.92,6.0,19.215,10.18
14261,2021-05-19,螺丝椒,3.09,6.0,11.693,10.18
14309,2021-05-20,螺丝椒,3.49,7.0,9.088,10.18
14352,2021-05-21,螺丝椒,4.01,7.0,18.619,10.18
14398,2021-05-22,螺丝椒,4.17,6.0,16.188,10.18
14441,2021-05-23,螺丝椒,4.36,7.0,16.799,10.18
14486,2021-05-24,螺丝椒,4.54,7.0,10.76,10.18
14529,2021-05-25,螺丝椒,4.38,6.0,12.66,10.18
14573,2021-05-26,螺丝椒,3.9,6.0,15.486,10.18
14620,2021-05-27,螺丝椒,3.2,5.0,20.184,10.179999999999998
14662,2021-05-28,螺丝椒,2.88,5.0,7.05,10.18
14708,2021-05-29,螺丝椒,2.81,5.592592592592593,18.839,10.18
14752,2021-05-30,螺丝椒,2.74,5.064516129032258,19.858,10.18
14798,2021-05-31,螺丝椒,2.76,4.0,14.699,10.18
14844,2021-06-01,螺丝椒,2.78,4.0,10.427,10.18
14892,2021-06-02,螺丝椒,2.44,4.0,6.734,10.18
14939,2021-06-03,螺丝椒,2.43,5.6,6.399,10.18
14986,2021-06-04,螺丝椒,2.79,5.6,16.778,10.18
15033,2021-06-05,螺丝椒,3.56,5.6,21.457,10.179999999999998
15079,2021-06-06,螺丝椒,3.54,6.0,23.915,10.18
15126,2021-06-07,螺丝椒,3.51,6.0,16.876,10.18
15170,2021-06-08,螺丝椒,3.47,6.0,17.061,10.18
15219,2021-06-09,螺丝椒,3.54,6.0,15.756,10.18
15269,2021-06-10,螺丝椒,3.61,6.0,18.898,10.18
15319,2021-06-11,螺丝椒,3.74,6.0,18.714,10.18
15368,2021-06-12,螺丝椒,3.76,6.0,27.827,10.18
15417,2021-06-13,螺丝椒,3.63,6.0,24.768,10.18
15462,2021-06-14,螺丝椒,3.5899999999999994,6.0,17.273,10.18
15510,2021-06-15,螺丝椒,3.44,6.0,19.533,10.18
15553,2021-06-16,螺丝椒,3.44,6.0,9.095,10.18
15594,2021-06-17,螺丝椒,3.44,7.0,11.182,10.18
15636,2021-06-18,螺丝椒,4.08,6.0,15.486,10.18
15681,2021-06-19,螺丝椒,4.56,6.0,19.583,10.18
15727,2021-06-20,螺丝椒,3.58,5.0,21.429,10.18
15766,2021-06-21,螺丝椒,2.66,5.0,17.693,10.18
15809,2021-06-22,螺丝椒,2.65,5.0,12.348,10.18
15855,2021-06-23,螺丝椒,2.65,5.0,6.387,10.18
15903,2021-06-24,螺丝椒,2.66,5.0,10.383,10.18
15945,2021-06-25,螺丝椒,2.65,5.0,8.374,10.18
15987,2021-06-26,螺丝椒,2.8,5.0,16.35,10.18
16032,2021-06-27,螺丝椒,3.04,5.0,14.117,10.18
16079,2021-06-28,螺丝椒,3.05,8.0,6.026,10.18
16125,2021-06-29,螺丝椒,3.06,8.0,6.44,10.18
16171,2021-06-30,螺丝椒,3.04,8.0,9.036,10.179999999999998
16218,2021-07-01,螺丝椒,3.5,8.0,9.826,10.18
16263,2021-07-02,螺丝椒,5.42,7.0,16.195,10.18
16316,2021-07-03,螺丝椒,5.02,8.0,20.293,10.18
16369,2021-07-04,螺丝椒,5.42,8.0,16.969,10.18
16420,2021-07-05,螺丝椒,4.91,8.0,16.219,10.18
16470,2021-07-06,螺丝椒,4.79,8.0,11.416,10.18
16519,2021-07-07,螺丝椒,4.72,8.0,15.543,10.18
16567,2021-07-08,螺丝椒,4.929999999999999,8.0,10.289,10.18
16613,2021-07-09,螺丝椒,5.23,8.0,8.347,10.18
16663,2021-07-10,螺丝椒,5.27,8.0,6.468,10.18
16708,2021-07-11,螺丝椒,5.02,8.0,11.305,10.18
16755,2021-07-12,螺丝椒,4.97,8.0,5.029,10.18
16795,2021-07-13,螺丝椒,5.08,10.0,6.0,10.18
16841,2021-07-14,螺丝椒,4.39,4.0,25.256,10.18
16887,2021-07-15,螺丝椒,3.06,4.0,9.445,10.18
16935,2021-07-16,螺丝椒,3.06,7.0,0.5740000000000001,10.18
16986,2021-07-17,螺丝椒,3.23,7.0,1.6760000000000002,10.18
17039,2021-07-18,螺丝椒,3.81,7.0,7.24,10.18
17135,2021-07-20,螺丝椒,4.05,7.0,3.64,10.18
17189,2021-07-21,螺丝椒,4.06,7.0,5.375,10.18
17241,2021-07-22,螺丝椒,4.07,7.0,2.593,10.18
17290,2021-07-23,螺丝椒,4.07,6.0,9.998,10.18
17337,2021-07-24,螺丝椒,4.05,6.0,11.923,10.18
17383,2021-07-25,螺丝椒,4.1,6.0,13.258,10.18
17425,2021-07-26,螺丝椒,4.12,6.0,10.436,10.18
17466,2021-07-27,螺丝椒,4.09,6.0,7.032,10.18
17515,2021-07-28,螺丝椒,4.09,6.0,6.664,10.18
17563,2021-07-29,螺丝椒,4.09,6.0,6.862,10.179999999999998
17610,2021-07-30,螺丝椒,4.1,6.0,5.504,10.18
17659,2021-07-31,螺丝椒,4.1,6.0,3.607,10.18
17706,2021-08-01,螺丝椒,3.6,6.0,10.688,10.18
17750,2021-08-02,螺丝椒,3.65,6.0,10.756,10.179999999999998
17797,2021-08-03,螺丝椒,3.61,6.0,5.085,10.18
17886,2021-08-05,螺丝椒,3.61,6.0,8.711,10.179999999999998
17933,2021-08-06,螺丝椒,3.59,6.0,9.434,10.18
17978,2021-08-07,螺丝椒,3.5,6.0,4.262,10.18
18022,2021-08-08,螺丝椒,3.5,6.0,5.622,10.18
18066,2021-08-09,螺丝椒,3.5,6.0,6.795999999999999,10.18
18153,2021-08-11,螺丝椒,3.49,7.0,7.0280000000000005,10.18
18199,2021-08-12,螺丝椒,3.81,7.0,5.717,10.18
18248,2021-08-13,螺丝椒,4.1,7.0,10.13,10.18
18292,2021-08-14,螺丝椒,3.66,7.0,2.903,10.18
18334,2021-08-15,螺丝椒,3.68,7.0,5.865,10.18
18377,2021-08-16,螺丝椒,4.12,7.0,7.471,10.18
18417,2021-08-17,螺丝椒,4.48,7.0,9.744,10.18
18460,2021-08-18,螺丝椒,4.11,6.0,3.877,10.18
18503,2021-08-19,螺丝椒,4.06,6.0,4.867,10.18
18549,2021-08-20,螺丝椒,3.63,6.0,0.117,10.18
18598,2021-08-21,螺丝椒,3.63,7.0,8.751,10.18
18642,2021-08-22,螺丝椒,3.9,7.0,12.603,10.18
18683,2021-08-23,螺丝椒,3.99,8.0,1.407,10.18
18728,2021-08-24,螺丝椒,4.19,7.0,6.668,10.18
18772,2021-08-25,螺丝椒,4.25,7.0,4.412,10.18
18816,2021-08-26,螺丝椒,3.87,6.0,4.464,10.18
18860,2021-08-27,螺丝椒,3.74,6.0,1.93,10.18
18906,2021-08-28,螺丝椒,4.15,6.0,10.657,10.18
18955,2021-08-29,螺丝椒,4.68,7.0,7.618,10.179999999999998
19004,2021-08-30,螺丝椒,4.89,7.0,5.0,10.18
19052,2021-08-31,螺丝椒,4.96,6.6,7.452,10.18
19099,2021-09-01,螺丝椒,4.83,6.6,6.723,10.18
19146,2021-09-02,螺丝椒,5.15,8.0,6.973,10.18
19195,2021-09-03,螺丝椒,6.75,10.0,2.359,10.18
19244,2021-09-04,螺丝椒,7.489999999999999,12.0,5.486,10.18
19293,2021-09-05,螺丝椒,8.13,12.0,7.72,10.18
19341,2021-09-06,螺丝椒,8.84,8.0,4.133,10.179999999999998
19390,2021-09-07,螺丝椒,8.58,8.0,3.757,10.179999999999998
19440,2021-09-08,螺丝椒,5.02,10.0,3.0120000000000005,10.18
19489,2021-09-09,螺丝椒,5.52,12.0,2.985,10.18
19537,2021-09-10,螺丝椒,5.88,10.0,5.455,10.18
19585,2021-09-11,螺丝椒,6.56,10.0,1.687,10.18
19633,2021-09-12,螺丝椒,6.670000000000001,10.0,5.682,10.18
19674,2021-09-13,螺丝椒,7.88,10.0,4.818,10.18
19717,2021-09-14,螺丝椒,5.13,8.0,3.455,10.18
19762,2021-09-15,螺丝椒,4.98,8.0,6.974,10.18
19806,2021-09-16,螺丝椒,5.56,10.0,6.2860000000000005,10.18
19853,2021-09-17,螺丝椒,6.02,10.0,4.8100000000000005,10.18
19899,2021-09-18,螺丝椒,6.06,10.0,6.328,10.18
19948,2021-09-19,螺丝椒,6.27,10.0,6.397,10.18
19998,2021-09-20,螺丝椒,5.98,9.0,8.374,10.18
20047,2021-09-21,螺丝椒,6.61,10.0,14.058,10.18
20096,2021-09-22,螺丝椒,6.1,10.0,7.22,10.18
20143,2021-09-23,螺丝椒,6.22,10.0,4.868,10.18
20188,2021-09-24,螺丝椒,5.94,8.0,6.244,10.18
20230,2021-09-25,螺丝椒,5.26,8.0,5.691,10.18
20269,2021-09-26,螺丝椒,5.1,7.6,4.789,10.179999999999998
20310,2021-09-27,螺丝椒,5.03,7.599999999999999,1.641,10.18
20348,2021-09-28,螺丝椒,5.04,7.0,2.73,10.18
20390,2021-09-29,螺丝椒,4.85,7.0,5.589,10.18
20425,2021-09-30,螺丝椒,4.44,8.0,3.216,10.18
20463,2021-10-01,螺丝椒,4.52,8.0,7.665,10.18
20497,2021-10-02,螺丝椒,4.6,8.0,6.206,10.18
20536,2021-10-03,螺丝椒,4.59,8.0,3.079,10.18
20572,2021-10-04,螺丝椒,5.41,10.0,5.624,10.18
20609,2021-10-05,螺丝椒,6.81,10.0,6.394,10.18
20650,2021-10-06,螺丝椒,6.29,8.0,7.676,10.18
20688,2021-10-07,螺丝椒,6.28,10.0,3.535,10.18
