export/q3_2单品数据筛选.csv
,日期,单品名称,批发价格(元/千克)_否,销售单价(元/千克)_否,销量(千克)_否,损耗率(%)_否
20726,2021-10-08,螺丝椒,5.74,10.0,4.658,10.179999999999998
20763,2021-10-09,螺丝椒,5.74,10.0,4.298,10.18
20800,2021-10-10,螺丝椒,5.7,10.0,7.14,10.18
20835,2021-10-11,螺丝椒,5.65,10.0,6.477,10.18
20872,2021-10-12,螺丝椒,5.63,10.0,5.033,10.18
20909,2021-10-13,螺丝椒,6.410000000000001,12.0,1.932,10.179999999999998
20945,2021-10-14,螺丝椒,6.62,10.0,6.676,10.18
20986,2021-10-15,螺丝椒,6.929999999999999,12.0,5.996,10.18
21027,2021-10-16,螺丝椒,6.89,12.0,7.929,10.179999999999998
21069,2021-10-17,螺丝椒,7.08,12.0,4.139,10.18
21109,2021-10-18,螺丝椒,7.120000000000001,12.0,3.837,10.18
21145,2021-10-19,螺丝椒,7.04,12.0,4.049,10.18
21182,2021-10-20,螺丝椒,7.08,12.0,4.968,10.18
21218,2021-10-21,螺丝椒,7.339999999999999,12.0,4.282,10.179999999999998
21252,2021-10-22,螺丝椒,7.089999999999999,12.0,5.86,10.18
21287,2021-10-23,螺丝椒,6.79,10.0,5.426,10.18
21321,2021-10-24,螺丝椒,6.54,10.0,6.586,10.18
21357,2021-10-25,螺丝椒,5.98,10.0,2.661,10.18
21391,2021-10-26,螺丝椒,6.49,11.0,4.875,10.18
21424,2021-10-27,螺丝椒,6.5,11.0,2.931,10.179999999999998
21457,2021-10-28,螺丝椒,6.36,11.0,3.241,10.179999999999998
21489,2021-10-29,螺丝椒,6.22,14.0,2.644,10.179999999999998
21522,2021-10-30,螺丝椒,8.14,14.0,3.308,10.18
21559,2021-10-31,螺丝椒,8.96,14.0,3.956,10.179999999999998
21592,2021-11-01,螺丝椒,8.69,12.0,1.43,10.18
21628,2021-11-02,螺丝椒,8.23,14.0,0.752,10.18
21662,2021-11-03,螺丝椒,8.23,14.0,1.569,10.18
21695,2021-11-04,螺丝椒,9.04,14.0,1.64,10.18
21730,2021-11-05,螺丝椒,8.69,14.0,5.302,10.18
21765,2021-11-06,螺丝椒,9.03,14.0,2.843,10.18
21798,2021-11-07,螺丝椒,9.16,14.0,3.174,10.18
21834,2021-11-08,螺丝椒,9.46,14.0,2.543,10.18
21867,2021-11-09,螺丝椒,9.45,14.0,2.752,10.18
21897,2021-11-10,螺丝椒,10.26,16.0,2.626,10.18
21931,2021-11-11,螺丝椒,10.31,16.0,1.447,10.18
21963,2021-11-12,螺丝椒,10.61,16.0,3.571,10.18
21995,2021-11-13,螺丝椒,10.82,16.0,3.802,10.18
22028,2021-11-14,螺丝椒,10.61,16.0,3.684,10.179999999999998
22059,2021-11-15,螺丝椒,10.09,16.0,1.141,10.18
22090,2021-11-16,螺丝椒,9.72,16.0,3.71,10.18
22122,2021-11-17,螺丝椒,9.38,16.0,3.472,10.18
22154,2021-11-18,螺丝椒,9.25,16.0,2.1870000000000003,10.179999999999998
22186,2021-11-19,螺丝椒,9.57,16.0,2.462,10.18
22220,2021-11-20,螺丝椒,9.64,16.0,2.613,10.18
22253,2021-11-21,螺丝椒,9.03,14.0,7.245,10.18
22284,2021-11-22,螺丝椒,8.5,14.0,0.7809999999999999,10.18
22315,2021-11-23,螺丝椒,8.1,14.0,1.16,10.18
22344,2021-11-24,螺丝椒,8.06,14.0,2.872,10.18
22374,2021-11-25,螺丝椒,8.06,14.0,3.86,10.18
22406,2021-11-26,螺丝椒,8.07,14.0,1.496,10.18
22436,2021-11-27,螺丝椒,8.27,14.0,2.342,10.179999999999998
254,2020-07-08,净藕(1),9.0,16.0,8.239,5.54
327,2020-07-10,净藕(1),9.0,16.0,6.206,5.54
365,2020-07-11,净藕(1),9.0,16.0,5.942,5.54
400,2020-07-12,净藕(1),9.0,16.0,8.26,5.54
439,2020-07-13,净藕(1),9.0,16.0,7.955999999999999,5.54
474,2020-07-14,净藕(1),8.0,16.0,7.359,5.54
511,2020-07-15,净藕(1),8.0,16.0,8.040000000000001,5.54
547,2020-07-16,净藕(1),8.0,16.0,7.747,5.54
584,2020-07-17,净藕(1),8.0,16.0,7.809,5.54
621,2020-07-18,净藕(1),8.0,16.0,6.09,5.54
658,2020-07-19,净藕(1),8.0,16.0,6.339,5.54
694,2020-07-20,净藕(1),8.0,16.0,6.577,5.54
729,2020-07-21,净藕(1),8.0,16.0,7.397,5.54
767,2020-07-22,净藕(1),8.0,16.0,6.144,5.54
804,2020-07-23,净藕(1),8.0,16.0,7.659,5.54
842,2020-07-24,净藕(1),8.0,16.0,7.529,5.54
877,2020-07-25,净藕(1),8.0,16.0,6.264,5.54
913,2020-07-26,净藕(1),8.0,16.0,5.938,5.54
951,2020-07-27,净藕(1),7.630000000000001,12.0,13.081,5.54
989,2020-07-28,净藕(1),7.4,12.0,11.479,5.54
1027,2020-07-29,净藕(1),7.4,12.0,15.987,5.54
1062,2020-07-30,净藕(1),7.399999999999999,12.0,7.679,5.54
1098,2020-07-31,净藕(1),7.54,11.0,17.846,5.54
1136,2020-08-01,净藕(1),7.6,11.0,17.404,5.54
1175,2020-08-02,净藕(1),7.51,11.0,48.13,5.54
1218,2020-08-03,净藕(1),7.31,11.0,12.736,5.54
1262,2020-08-04,净藕(1),7.2,11.0,23.401,5.54
1301,2020-08-05,净藕(1),7.2,11.0,18.915,5.54
1342,2020-08-06,净藕(1),7.2,11.0,18.206,5.54
1385,2020-08-07,净藕(1),7.2,11.0,21.13,5.54
1430,2020-08-08,净藕(1),7.200000000000001,11.0,22.267,5.54
1475,2020-08-09,净藕(1),7.13,10.0,22.408,5.54
1520,2020-08-10,净藕(1),6.6000000000000005,10.0,23.61,5.54
1558,2020-08-11,净藕(1),6.6,10.0,16.016,5.54
1597,2020-08-12,净藕(1),6.6,10.0,22.016,5.54
1636,2020-08-13,净藕(1),6.6,10.0,16.416,5.54
1673,2020-08-14,净藕(1),6.2,10.0,20.886,5.54
1717,2020-08-15,净藕(1),6.0,8.8,22.39,5.54
1759,2020-08-16,净藕(1),5.89,8.8,22.007,5.54
1798,2020-08-17,净藕(1),5.8,8.8,13.327,5.54
1837,2020-08-18,净藕(1),5.8,8.8,20.255,5.54
1876,2020-08-19,净藕(1),5.8,8.8,15.9,5.54
1916,2020-08-20,净藕(1),5.8,8.8,20.891,5.54
1958,2020-08-21,净藕(1),5.8,8.8,22.791,5.54
1999,2020-08-22,净藕(1),5.88,8.8,21.992,5.54
2038,2020-08-23,净藕(1),5.94,8.8,25.755,5.54
2078,2020-08-24,净藕(1),5.77,8.8,18.214,5.54
2121,2020-08-25,净藕(1),5.77,8.8,16.698,5.54
2161,2020-08-26,净藕(1),5.75,8.8,16.631,5.54
2201,2020-08-27,净藕(1),5.8,10.0,14.24,5.54
2245,2020-08-28,净藕(1),5.8,10.0,14.733,5.54
2286,2020-08-29,净藕(1),5.41,8.0,65.118,5.54
2327,2020-08-30,净藕(1),5.14,8.0,26.934,5.54
2367,2020-08-31,净藕(1),5.57,8.0,50.933,5.54
2408,2020-09-01,净藕(1),5.8,8.0,45.554,5.54
2447,2020-09-02,净藕(1),5.8,8.0,16.304,5.54
2488,2020-09-03,净藕(1),5.69,8.0,14.702,5.54
2527,2020-09-04,净藕(1),5.72,8.0,13.171,5.54
2568,2020-09-05,净藕(1),5.23,7.6,40.809,5.54
2610,2020-09-06,净藕(1),5.2,7.599999999999999,41.745,5.54
2654,2020-09-07,净藕(1),5.2,7.6,36.27,5.54
2698,2020-09-08,净藕(1),5.2,8.0,19.127,5.54
2736,2020-09-09,净藕(1),5.6,8.0,11.303,5.54
2777,2020-09-10,净藕(1),5.6,8.0,13.712,5.54
2819,2020-09-11,净藕(1),5.49,8.0,12.72,5.54
2860,2020-09-12,净藕(1),5.6,8.0,16.957,5.54
2904,2020-09-13,净藕(1),5.6,8.0,16.165,5.54
2948,2020-09-14,净藕(1),5.6,8.0,16.217,5.54
2986,2020-09-15,净藕(1),5.6,8.0,14.348,5.54
3027,2020-09-16,净藕(1),5.599999999999999,7.0,13.999,5.54
3069,2020-09-17,净藕(1),5.5,7.0,17.437,5.54
3112,2020-09-18,净藕(1),5.53,7.0,10.13,5.54
3157,2020-09-19,净藕(1),5.57,8.0,38.336,5.54
3198,2020-09-20,净藕(1),5.72,8.0,38.35,5.54
3240,2020-09-21,净藕(1),5.77,8.0,16.289,5.54
3280,2020-09-22,净藕(1),5.78,8.0,36.441,5.54
3325,2020-09-23,净藕(1),5.8,8.0,17.283,5.54
3370,2020-09-24,净藕(1),5.6,8.0,45.872,5.54
3417,2020-09-25,净藕(1),5.72,8.0,20.343,5.54
3468,2020-09-26,净藕(1),5.8,8.0,62.839,5.54
3518,2020-09-27,净藕(1),5.8,8.0,27.116,5.54
3566,2020-09-28,净藕(1),5.8,8.0,10.966,5.54
3610,2020-09-29,净藕(1),5.8,8.0,23.334,5.54
3656,2020-09-30,净藕(1),5.8,8.0,35.629,5.539999999999999
3702,2020-10-01,净藕(1),5.8,8.0,53.561,5.54
3746,2020-10-02,净藕(1),5.8,8.0,18.385,5.54
3791,2020-10-03,净藕(1),5.8,8.0,17.645,5.54
3835,2020-10-04,净藕(1),5.799999999999999,8.0,18.41,5.54
3878,2020-10-05,净藕(1),5.8,8.0,76.672,5.54
3922,2020-10-06,净藕(1),5.8,8.0,25.241,5.54
3968,2020-10-07,净藕(1),5.8,8.0,51.32,5.54
4012,2020-10-08,净藕(1),5.8,8.0,30.566,5.539999999999999
4056,2020-10-09,净藕(1),5.8,8.0,44.565,5.54
4100,2020-10-10,净藕(1),5.8,8.0,21.803,5.54
4145,2020-10-11,净藕(1),5.69,8.0,56.572,5.54
4187,2020-10-12,净藕(1),5.8,8.0,28.132,5.54
4227,2020-10-13,净藕(1),5.8,8.0,46.005,5.54
4271,2020-10-14,净藕(1),5.66,8.0,46.207,5.54
4312,2020-10-15,净藕(1),5.8,8.0,35.355,5.54
4355,2020-10-16,净藕(1),5.8,8.0,52.785,5.54
4397,2020-10-17,净藕(1),5.8,8.0,84.728,5.54
4443,2020-10-18,净藕(1),5.8,8.0,75.006,5.54
4489,2020-10-19,净藕(1),5.69,8.0,39.38,5.54
4533,2020-10-20,净藕(1),5.71,8.0,46.423,5.54
4576,2020-10-21,净藕(1),5.799999999999999,8.0,17.773,5.54
4618,2020-10-22,净藕(1),5.8,8.0,28.709,5.54
4659,2020-10-23,净藕(1),5.8,8.0,29.714,5.54
4702,2020-10-24,净藕(1),5.6,8.0,60.756,5.54
4745,2020-10-25,净藕(1),5.780000000000001,8.0,63.082,5.54
4789,2020-10-26,净藕(1),5.8,8.0,20.666,5.54
4832,2020-10-27,净藕(1),5.8,8.0,20.755,5.54
4875,2020-10-28,净藕(1),5.8,8.0,14.625,5.54
4920,2020-10-29,净藕(1),5.8,8.0,15.828,5.54
4966,2020-10-30,净藕(1),5.8,8.0,17.029,5.54
5013,2020-10-31,净藕(1),5.8,8.0,73.563,5.54
5059,2020-11-01,净藕(1),5.8,8.0,54.875,5.54
5104,2020-11-02,净藕(1),5.8,8.0,15.053,5.54
5146,2020-11-03,净藕(1),5.65,8.0,14.238,5.54
5188,2020-11-04,净藕(1),5.8,8.0,18.183,5.54
5230,2020-11-05,净藕(1),5.8,8.0,8.347,5.54
5271,2020-11-06,净藕(1),5.61,8.0,11.57,5.54
5313,2020-11-07,净藕(1),5.79,8.0,60.508,5.54
5356,2020-11-08,净藕(1),5.8,8.0,55.582,5.54
5400,2020-11-09,净藕(1),5.8,8.0,13.408,5.54
5446,2020-11-10,净藕(1),5.8,8.0,9.913,5.54
5489,2020-11-11,净藕(1),5.61,8.0,13.121,5.54
5536,2020-11-12,净藕(1),5.8,8.0,11.992,5.54
5584,2020-11-13,净藕(1),5.8,8.0,12.334,5.54
5628,2020-11-14,净藕(1),5.2,7.0,51.705,5.54
5674,2020-11-15,净藕(1),5.2,7.0,39.231,5.54
5719,2020-11-16,净藕(1),5.2,8.0,13.998,5.54
5762,2020-11-17,净藕(1),5.8,8.0,20.615,5.54
5806,2020-11-18,净藕(1),5.8,8.0,16.646,5.54
5850,2020-11-19,净藕(1),5.66,8.0,12.182,5.54
5895,2020-11-20,净藕(1),5.6,8.0,18.912,5.54
5939,2020-11-21,净藕(1),5.64,8.0,87.099,5.54
5986,2020-11-22,净藕(1),5.6,8.0,67.538,5.539999999999999
6030,2020-11-23,净藕(1),5.6,8.0,34.987,5.54
6074,2020-11-24,净藕(1),6.0,8.0,40.528,5.54
6116,2020-11-25,净藕(1),6.0,8.0,31.807,5.54
6161,2020-11-26,净藕(1),6.07,8.0,24.099,5.54
6204,2020-11-27,净藕(1),6.2,8.0,20.1,5.54
6252,2020-11-28,净藕(1),6.179999999999999,8.0,30.289,5.54
6300,2020-11-29,净藕(1),6.0,8.0,31.494,5.54
6346,2020-11-30,净藕(1),6.0,8.0,16.105,5.54
6394,2020-12-01,净藕(1),6.0,8.0,25.029,5.54
6439,2020-12-02,净藕(1),6.15,8.0,19.612,5.54
6486,2020-12-03,净藕(1),6.2,8.0,17.983999999999998,5.54
6532,2020-12-04,净藕(1),6.2,8.0,23.924,5.54
6581,2020-12-05,净藕(1),6.08,8.0,31.055,5.54
6632,2020-12-06,净藕(1),6.090000000000001,8.0,60.077,5.54
6681,2020-12-07,净藕(1),6.09,8.0,36.655,5.540000000000001
6732,2020-12-08,净藕(1),6.09,8.0,31.645,5.54
6783,2020-12-09,净藕(1),6.09,8.0,17.005,5.54
6834,2020-12-10,净藕(1),6.11,8.0,29.238,5.54
6887,2020-12-11,净藕(1),6.21,6.0,43.653,5.54
6940,2020-12-12,净藕(1),6.2,8.0,55.125,5.54
6996,2020-12-13,净藕(1),6.39,8.0,51.712,5.54
7049,2020-12-14,净藕(1),6.4,8.0,8.809,5.54
7095,2020-12-15,净藕(1),6.4,8.0,32.768,5.54
7147,2020-12-16,净藕(1),6.4,8.0,23.949,5.54
7196,2020-12-17,净藕(1),6.400000000000001,8.0,28.876,5.54
7247,2020-12-18,净藕(1),6.49,8.0,30.516,5.54
7300,2020-12-19,净藕(1),6.68,9.0,48.441,5.54
7351,2020-12-20,净藕(1),6.8,9.0,44.498,5.54
7403,2020-12-21,净藕(1),6.68,9.0,35.014,5.54
7449,2020-12-22,净藕(1),6.4,9.0,29.332,5.54
7497,2020-12-23,净藕(1),6.41,9.0,25.783,5.54
7546,2020-12-24,净藕(1),6.4,9.0,37.808,5.54
7593,2020-12-25,净藕(1),6.4,9.0,27.148,5.54
7642,2020-12-26,净藕(1),6.4,9.0,46.044,5.54
7691,2020-12-27,净藕(1),6.4,9.0,48.028,5.54
7737,2020-12-28,净藕(1),6.4,9.0,32.239000000000004,5.54
7782,2020-12-29,净藕(1),6.400000000000001,8.0,32.643,5.54
7828,2020-12-30,净藕(1),6.4,8.0,37.033,5.54
7878,2020-12-31,净藕(1),6.4,7.0,51.067,5.54
7926,2021-01-01,净藕(1),6.48,7.0,66.895,5.54
7972,2021-01-02,净藕(1),6.6,7.0,53.229,5.54
8017,2021-01-03,净藕(1),6.6,7.0,43.402,5.54
8064,2021-01-04,净藕(1),7.0,9.0,28.703,5.54
8109,2021-01-05,净藕(1),7.0,9.0,33.833,5.54
8157,2021-01-06,净藕(1),7.0,9.0,26.38,5.54
8205,2021-01-07,净藕(1),7.0,9.0,37.841,5.54
8251,2021-01-08,净藕(1),7.0,9.0,20.534,5.54
8298,2021-01-09,净藕(1),7.0,9.0,39.814,5.540000000000001
8343,2021-01-10,净藕(1),7.0,9.74074074074074,39.867,5.54
8390,2021-01-11,净藕(1),7.0,8.0,28.683,5.54
8435,2021-01-12,净藕(1),7.0,9.863636363636363,30.226,5.54
8476,2021-01-13,净藕(1),7.0,10.0,26.666,5.54
8518,2021-01-14,净藕(1),6.93,9.0,23.585,5.54
8561,2021-01-15,净藕(1),6.94,9.0,30.471,5.54
8605,2021-01-16,净藕(1),6.940000000000001,9.0,41.605,5.54
8651,2021-01-17,净藕(1),6.98,10.0,31.654,5.54
8699,2021-01-18,净藕(1),7.0,10.0,23.469,5.54
8747,2021-01-19,净藕(1),7.0,10.0,23.031,5.54
8795,2021-01-20,净藕(1),6.94,10.0,27.318,5.54
8843,2021-01-21,净藕(1),7.0,10.0,28.117,5.54
8891,2021-01-22,净藕(1),7.0,10.0,24.242,5.54
8937,2021-01-23,净藕(1),7.0,10.0,35.446,5.54
8984,2021-01-24,净藕(1),7.0,10.0,40.665,5.54
9032,2021-01-25,净藕(1),7.0,10.0,42.278,5.54
9078,2021-01-26,净藕(1),7.0,10.0,34.542,5.54
9126,2021-01-27,净藕(1),7.0,10.0,34.14,5.54
9171,2021-01-28,净藕(1),7.0,10.0,42.278,5.540000000000001
9217,2021-01-29,净藕(1),7.0,10.0,28.599,5.54
9265,2021-01-30,净藕(1),7.0,10.0,29.941,5.54
9315,2021-01-31,净藕(1),7.0,10.0,28.81,5.54
9363,2021-02-01,净藕(1),7.0,9.0,26.781,5.54
9411,2021-02-02,净藕(1),7.0,9.0,32.206,5.54
9460,2021-02-03,净藕(1),7.0,9.0,24.454,5.54
9508,2021-02-04,净藕(1),7.0,9.0,33.076,5.54
9558,2021-02-05,净藕(1),7.0,9.0,35.416000000000004,5.54
9607,2021-02-06,净藕(1),7.05,9.0,39.892,5.539999999999999
9658,2021-02-07,净藕(1),7.29,9.0,36.685,5.54
9709,2021-02-08,净藕(1),7.56,10.0,72.632,5.54
9760,2021-02-09,净藕(1),7.800000000000001,14.0,77.825,5.54
9809,2021-02-10,净藕(1),9.57,16.0,147.342,5.54
9897,2021-02-14,净藕(1),10.4,16.0,22.551,5.54
9943,2021-02-15,净藕(1),10.2,14.0,52.821,5.54
9988,2021-02-16,净藕(1),8.53,14.0,67.819,5.54
10029,2021-02-17,净藕(1),8.37,12.0,53.632,5.54
10071,2021-02-18,净藕(1),8.0,12.0,62.327,5.54
10116,2021-02-19,净藕(1),8.0,12.0,43.17,5.54
10159,2021-02-20,净藕(1),8.0,12.0,42.79,5.54
10207,2021-02-21,净藕(1),8.0,12.0,26.828,5.54
10252,2021-02-22,净藕(1),8.0,10.0,29.742,5.54
10295,2021-02-23,净藕(1),8.0,10.0,18.409,5.54
10340,2021-02-24,净藕(1),7.0,10.0,37.166,5.54
10385,2021-02-25,净藕(1),7.0,10.0,37.611,5.54
10433,2021-02-26,净藕(1),7.0,10.0,33.812,5.54
10476,2021-02-27,净藕(1),7.0,10.0,31.688,5.539999999999999
10517,2021-02-28,净藕(1),7.0,10.0,29.552,5.54
10563,2021-03-01,净藕(1),7.0,10.0,24.048,5.54
10612,2021-03-02,净藕(1),7.0,10.0,21.406,5.54
10661,2021-03-03,净藕(1),7.0,10.0,7.757,5.54
10707,2021-03-04,净藕(1),7.0,10.0,18.177,5.54
10753,2021-03-05,净藕(1),6.7,10.0,18.138,5.54
10798,2021-03-06,净藕(1),6.590000000000001,10.0,26.735,5.54
10848,2021-03-07,净藕(1),6.61,10.0,26.889,5.54
10898,2021-03-08,净藕(1),6.6,10.0,23.921,5.54
10946,2021-03-09,净藕(1),6.6,8.0,32.608,5.539999999999999
10994,2021-03-10,净藕(1),6.6,8.0,24.891,5.54
11038,2021-03-11,净藕(1),6.6,8.0,26.204,5.54
11088,2021-03-12,净藕(1),6.6,8.0,19.764,5.54
11138,2021-03-13,净藕(1),6.6,10.0,31.086,5.54
11190,2021-03-14,净藕(1),6.6,10.0,21.295,5.54
11236,2021-03-15,净藕(1),6.599999999999999,10.0,17.597,5.54
11281,2021-03-16,净藕(1),6.6,10.0,15.772,5.54
11326,2021-03-17,净藕(1),6.6,10.0,14.53,5.54
11374,2021-03-18,净藕(1),6.6,10.0,15.852,5.54
11420,2021-03-19,净藕(1),6.6,10.0,23.292,5.54
11467,2021-03-20,净藕(1),6.6,10.0,25.584,5.54
11516,2021-03-21,净藕(1),6.599999999999999,10.0,29.423,5.54
11565,2021-03-22,净藕(1),6.6,10.0,6.351999999999999,5.54
11611,2021-03-23,净藕(1),6.6,10.0,10.069,5.54
11658,2021-03-24,净藕(1),6.6,10.0,10.682,5.54
11702,2021-03-25,净藕(1),6.6,10.0,11.403,5.54
11749,2021-03-26,净藕(1),6.6,10.0,26.647,5.54
11797,2021-03-27,净藕(1),6.6,10.0,23.569,5.54
11843,2021-03-28,净藕(1),6.6,10.0,24.58,5.54
11892,2021-03-29,净藕(1),6.69,10.0,8.999,5.54
11939,2021-03-30,净藕(1),7.2,10.0,8.619,5.54
11983,2021-03-31,净藕(1),7.2,10.0,6.494,5.54
12027,2021-04-01,净藕(1),7.2,10.0,7.125,5.54
12076,2021-04-02,净藕(1),7.2,10.0,14.721,5.54
12130,2021-04-03,净藕(1),7.2,8.0,24.128,5.54
12180,2021-04-04,净藕(1),7.2,8.0,20.461,5.54
12228,2021-04-05,净藕(1),7.2,8.0,21.845,5.54
12274,2021-04-06,净藕(1),7.2,10.0,3.457,5.54
12316,2021-04-07,净藕(1),7.2,10.0,16.416,5.54
12363,2021-04-08,净藕(1),7.200000000000001,10.0,7.355,5.54
12411,2021-04-09,净藕(1),7.2,10.0,14.761,5.54
12457,2021-04-10,净藕(1),7.24,11.0,17.415,5.54
12501,2021-04-11,净藕(1),7.32,11.0,15.993,5.54
12544,2021-04-12,净藕(1),7.32,10.0,3.056,5.54
12587,2021-04-13,净藕(1),7.32,10.0,4.519,5.54
12631,2021-04-14,净藕(1),7.309999999999999,10.0,11.253,5.54
12679,2021-04-15,净藕(1),7.22,10.0,11.104,5.54
12727,2021-04-16,净藕(1),7.2,10.0,10.531,5.54
12775,2021-04-17,净藕(1),7.2,10.0,14.89,5.54
12825,2021-04-18,净藕(1),7.2,10.0,11.093,5.54
12875,2021-04-19,净藕(1),7.2,10.0,6.655,5.54
12923,2021-04-20,净藕(1),7.2,10.0,10.332,5.54
12969,2021-04-21,净藕(1),7.2,10.0,12.076,5.54
13012,2021-04-22,净藕(1),7.200000000000001,10.0,10.311,5.54
13059,2021-04-23,净藕(1),7.2,10.0,9.17,5.54
13106,2021-04-24,净藕(1),7.2,10.0,15.544,5.54
13155,2021-04-25,净藕(1),7.2,10.0,10.923,5.54
13200,2021-04-26,净藕(1),7.2,10.0,9.751,5.54
13247,2021-04-27,净藕(1),7.2,10.0,8.81,5.54
13291,2021-04-28,净藕(1),7.2,10.0,5.982,5.54
13338,2021-04-29,净藕(1),7.2,10.0,6.564,5.54
13384,2021-04-30,净藕(1),7.2,10.0,12.828,5.54
13432,2021-05-01,净藕(1),7.2,10.0,16.864,5.54
13478,2021-05-02,净藕(1),7.2,10.0,15.502,5.54
13522,2021-05-03,净藕(1),7.2,10.0,17.666,5.54
13565,2021-05-04,净藕(1),7.2,10.0,7.656,5.54
13608,2021-05-05,净藕(1),7.2,10.0,12.587,5.54
13654,2021-05-06,净藕(1),7.2,10.0,4.789,5.54
13698,2021-05-07,净藕(1),7.2,10.0,4.399,5.54
13744,2021-05-08,净藕(1),7.2,10.0,8.86,5.54
13789,2021-05-09,净藕(1),7.2,10.0,11.465,5.54
13838,2021-05-10,净藕(1),7.2,10.0,3.507,5.54
13880,2021-05-11,净藕(1),7.2,10.0,4.199,5.54
13923,2021-05-12,净藕(1),7.2,10.0,3.327,5.54
13969,2021-05-13,净藕(1),7.2,10.0,6.6850000000000005,5.54
14015,2021-05-14,净藕(1),7.2,10.0,8.277,5.54
14060,2021-05-15,净藕(1),7.2,10.0,10.153,5.54
14106,2021-05-16,净藕(1),7.2,10.0,5.063,5.54
14150,2021-05-17,净藕(1),7.2,10.0,3.778,5.54
14192,2021-05-18,净藕(1),7.36,10.0,6.492,5.54
14235,2021-05-19,净藕(1),7.4,10.0,6.382,5.54
14278,2021-05-20,净藕(1),7.400000000000001,10.0,2.507,5.54
14326,2021-05-21,净藕(1),7.4,10.0,3.016,5.54
14371,2021-05-22,净藕(1),7.4,10.0,7.766,5.54
14414,2021-05-23,净藕(1),7.4,10.0,7.196,5.54
14457,2021-05-24,净藕(1),7.4,10.0,3.0570000000000004,5.54
14504,2021-05-25,净藕(1),7.400000000000001,10.0,3.979,5.54
14545,2021-05-26,净藕(1),7.4,10.0,2.174,5.54
14590,2021-05-27,净藕(1),7.400000000000001,10.0,6.424,5.54
14635,2021-05-28,净藕(1),7.4,10.0,3.528,5.54
14679,2021-05-29,净藕(1),7.4,10.0,6.422,5.54
14727,2021-05-30,净藕(1),7.4,10.0,2.825,5.54
14768,2021-05-31,净藕(1),7.400000000000001,10.0,1.974,5.54
14813,2021-06-01,净藕(1),7.4,10.0,3.208,5.54
14861,2021-06-02,净藕(1),7.4,10.0,2.245,5.54
14909,2021-06-03,净藕(1),7.4,10.0,4.641,5.54
14956,2021-06-04,净藕(1),8.4,12.0,8.048,5.54
15004,2021-06-05,净藕(1),8.73,12.0,10.562,5.54
15051,2021-06-06,净藕(1),8.8,14.0,5.709,5.54
15096,2021-06-07,净藕(1),8.94,14.0,3.385,5.54
15141,2021-06-08,净藕(1),9.2,14.0,2.109,5.54
15187,2021-06-09,净藕(1),9.2,14.0,3.662,5.54
15238,2021-06-10,净藕(1),9.46,14.0,2.3390000000000004,5.54
15287,2021-06-11,净藕(1),9.79,16.0,2.197,5.54
15337,2021-06-12,净藕(1),9.55,16.0,14.351,5.54
15389,2021-06-13,净藕(1),9.6,19.8,4.364,5.54
15434,2021-06-14,净藕(1),14.849999999999998,19.800000000000004,7.313,5.54
15479,2021-06-15,净藕(1),14.98,19.8,3.537,5.54
15527,2021-06-16,净藕(1),15.0,19.8,0.8280000000000001,5.54
15570,2021-06-17,净藕(1),15.0,19.8,2.439,5.54
15611,2021-06-18,净藕(1),15.0,19.8,3.1870000000000003,5.54
15652,2021-06-19,净藕(1),15.0,19.8,3.4130000000000003,5.54
15698,2021-06-20,净藕(1),15.0,19.8,3.551,5.54
15743,2021-06-21,净藕(1),14.720000000000002,19.8,3.651,5.54
15782,2021-06-22,净藕(1),14.25,19.8,3.742,5.54
