export/q3_2单品数据筛选.csv
,日期,单品名称,批发价格(元/千克)_否,销售单价(元/千克)_否,销量(千克)_否,损耗率(%)_否
15826,2021-06-23,净藕(1),14.23,19.8,2.126,5.54
15874,2021-06-24,净藕(1),14.0,19.8,2.484,5.54
15921,2021-06-25,净藕(1),14.0,19.8,2.283,5.54
15961,2021-06-26,净藕(1),11.34,16.0,8.106,5.54
16004,2021-06-27,净藕(1),11.05,16.0,9.301,5.54
16050,2021-06-28,净藕(1),11.0,16.0,3.637,5.54
16098,2021-06-29,净藕(1),11.0,16.0,2.291,5.54
16142,2021-06-30,净藕(1),11.0,16.0,2.098,5.54
16189,2021-07-01,净藕(1),11.0,16.0,3.292,5.54
16236,2021-07-02,净藕(1),11.0,16.0,3.286,5.54
16283,2021-07-03,净藕(1),11.0,16.0,7.869,5.54
16335,2021-07-04,净藕(1),11.0,16.0,6.839,5.54
16388,2021-07-05,净藕(1),11.0,16.0,3.704,5.54
16440,2021-07-06,净藕(1),11.0,16.0,1.747,5.54
16490,2021-07-07,净藕(1),11.0,16.0,4.587,5.54
16536,2021-07-08,净藕(1),11.0,16.0,3.993,5.54
16585,2021-07-09,净藕(1),11.0,16.0,3.216,5.54
16632,2021-07-10,净藕(1),11.0,16.0,8.899,5.54
16680,2021-07-11,净藕(1),11.0,16.0,7.69,5.54
16726,2021-07-12,净藕(1),11.0,16.0,3.381,5.54
16769,2021-07-13,净藕(1),11.0,16.0,2.93,5.54
16811,2021-07-14,净藕(1),11.0,16.0,3.542,5.54
16859,2021-07-15,净藕(1),11.0,16.0,3.191,5.54
16903,2021-07-16,净藕(1),0.0,0.0,0.0,0.0
16952,2021-07-17,净藕(1),10.03,16.0,1.039,5.54
17003,2021-07-18,净藕(1),10.0,16.0,4.376,5.54
17055,2021-07-19,净藕(1),9.29,16.0,1.452,5.54
17101,2021-07-20,净藕(1),9.23,16.0,3.963,5.54
17152,2021-07-21,净藕(1),9.2,16.0,4.812,5.54
17208,2021-07-22,净藕(1),8.49,16.0,4.975,5.54
17258,2021-07-23,净藕(1),8.63,12.0,11.554,5.54
17306,2021-07-24,净藕(1),8.4,12.0,26.355,5.54
17355,2021-07-25,净藕(1),8.4,12.0,21.671,5.54
17398,2021-07-26,净藕(1),8.4,11.8,13.166,5.54
17437,2021-07-27,净藕(1),8.4,11.8,26.208,5.54
17482,2021-07-28,净藕(1),8.4,11.800000000000002,26.498,5.54
17532,2021-07-29,净藕(1),8.4,11.8,14.468,5.54
17579,2021-07-30,净藕(1),8.43,11.8,16.534,5.54
17628,2021-07-31,净藕(1),8.22,12.0,15.472,5.54
17677,2021-08-01,净藕(1),7.61,12.0,4.941,5.54
17721,2021-08-02,净藕(1),7.6,12.0,3.186,5.54
17766,2021-08-03,净藕(1),7.6,12.0,2.374,5.54
17814,2021-08-04,净藕(1),7.6,12.0,3.235,5.54
17857,2021-08-05,净藕(1),7.6,12.0,1.931,5.54
17902,2021-08-06,净藕(1),7.6,12.0,18.553,5.54
17950,2021-08-07,净藕(1),7.19,12.0,24.206,5.54
17994,2021-08-08,净藕(1),6.66,10.0,20.734,5.54
18037,2021-08-09,净藕(1),6.4,10.0,17.391000000000002,5.54
18082,2021-08-10,净藕(1),6.400000000000001,10.0,20.024,5.54
18126,2021-08-11,净藕(1),6.4,10.0,18.739,5.54
18170,2021-08-12,净藕(1),6.04,10.0,0.552,5.54
18217,2021-08-13,净藕(1),6.02,10.0,2.308,5.54
18263,2021-08-14,净藕(1),6.0,10.0,3.655,5.54
18307,2021-08-15,净藕(1),6.0,10.0,5.322,5.54
18350,2021-08-16,净藕(1),6.0,10.0,7.499,5.54
18393,2021-08-17,净藕(1),6.0,10.0,8.415,5.54
18433,2021-08-18,净藕(1),6.0,10.0,7.894,5.54
18476,2021-08-19,净藕(1),6.0,10.0,1.837,5.54
18520,2021-08-20,净藕(1),6.0,10.0,1.948,5.54
18568,2021-08-21,净藕(1),5.62,10.0,3.463,5.54
18615,2021-08-22,净藕(1),5.82,10.0,46.269,5.54
18657,2021-08-23,净藕(1),5.599999999999999,10.0,37.492,5.54
18698,2021-08-24,净藕(1),5.6,10.0,28.054,5.54
18744,2021-08-25,净藕(1),5.6,8.0,33.156,5.54
18787,2021-08-26,净藕(1),5.6,8.0,60.592,5.54
18832,2021-08-27,净藕(1),5.16,8.0,54.271,5.54
18877,2021-08-28,净藕(1),5.0,8.0,45.476,5.54
18924,2021-08-29,净藕(1),5.0,8.0,52.591,5.54
18974,2021-08-30,净藕(1),5.0,8.0,39.724,5.54
19022,2021-08-31,净藕(1),5.0,8.0,29.864,5.54
19070,2021-09-01,净藕(1),5.0,6.155844155844156,45.309,5.54
19116,2021-09-02,净藕(1),5.0,6.253521126760563,44.626,5.54
19164,2021-09-03,净藕(1),5.0,6.382022471910112,52.492,5.54
19214,2021-09-04,净藕(1),5.0,6.266666666666667,65.33,5.54
19263,2021-09-05,净藕(1),5.0,6.232558139534884,57.516,5.54
19311,2021-09-06,净藕(1),5.0,8.0,32.852,5.540000000000001
19361,2021-09-07,净藕(1),5.0,8.0,33.657,5.54
19409,2021-09-08,净藕(1),5.0,8.0,37.852,5.54
19457,2021-09-09,净藕(1),5.0,8.0,30.618,5.54
19506,2021-09-10,净藕(1),4.84,6.0,34.614,5.54
19554,2021-09-11,净藕(1),4.6,6.0,53.462,5.54
19604,2021-09-12,净藕(1),4.6,6.0,48.443,5.54
19648,2021-09-13,净藕(1),4.6,6.0,29.502,5.54
19688,2021-09-14,净藕(1),4.6,6.0,33.377,5.54
19733,2021-09-15,净藕(1),4.6,6.6,25.03,5.54
19779,2021-09-16,净藕(1),4.6,6.6,28.371,5.54
19823,2021-09-17,净藕(1),4.6,6.6,25.992,5.54
19870,2021-09-18,净藕(1),4.6,6.6,28.292,5.54
19916,2021-09-19,净藕(1),4.6,6.6,57.488,5.54
19965,2021-09-20,净藕(1),4.6,6.6,64.293,5.54
20015,2021-09-21,净藕(1),4.6,6.599999999999999,78.36,5.54
20063,2021-09-22,净藕(1),4.6,6.982608695652174,24.542,5.54
20111,2021-09-23,净藕(1),4.6,7.0,12.172,5.54
20158,2021-09-24,净藕(1),4.56,7.0,13.048,5.54
20204,2021-09-25,净藕(1),4.2,6.0,42.555,5.54
20246,2021-09-26,净藕(1),4.2,6.0,46.718,5.54
20286,2021-09-27,净藕(1),4.28,6.0,42.001,5.54
20326,2021-09-28,净藕(1),4.49,6.0,33.224000000000004,5.54
20366,2021-09-29,净藕(1),4.6,6.6,35.829,5.54
20405,2021-09-30,净藕(1),4.6,6.6,37.14,5.54
20442,2021-10-01,净藕(1),4.6,6.6,66.835,5.54
20477,2021-10-02,净藕(1),4.6,6.6,57.212,5.54
20513,2021-10-03,净藕(1),4.6,6.6,49.978,5.54
20550,2021-10-04,净藕(1),4.6,6.6,37.196,5.54
20587,2021-10-05,净藕(1),4.6,8.0,48.897,5.54
20624,2021-10-06,净藕(1),4.6,6.6,49.424,5.54
20665,2021-10-07,净藕(1),4.6,6.6000000000000005,50.918,5.54
20703,2021-10-08,净藕(1),4.6,6.6,36.344,5.54
20739,2021-10-09,净藕(1),4.6,6.6,38.754,5.54
20776,2021-10-10,净藕(1),4.6,6.6,57.264,5.54
20815,2021-10-11,净藕(1),4.6,6.599999999999999,3.613,5.54
20851,2021-10-12,净藕(1),4.6,6.6,1.738,5.54
20887,2021-10-13,净藕(1),4.6,6.6,3.141,5.54
20925,2021-10-14,净藕(1),4.6,6.6,4.056,5.54
20961,2021-10-15,净藕(1),4.6,6.599999999999999,14.591,5.54
21004,2021-10-16,净藕(1),4.6,6.6,3.08,5.54
21045,2021-10-17,净藕(1),4.6,6.6,8.536,5.54
21086,2021-10-18,净藕(1),4.6,6.6,7.303,5.54
21124,2021-10-19,净藕(1),4.6,6.599999999999999,3.765,5.54
21161,2021-10-20,净藕(1),4.6,6.6,12.898,5.54
21198,2021-10-21,净藕(1),4.6,6.6,3.186,5.54
21233,2021-10-22,净藕(1),4.6,6.599999999999999,2.851,5.54
21266,2021-10-23,净藕(1),4.6,6.6,9.437,5.54
21302,2021-10-24,净藕(1),4.6,6.6,4.04,5.54
21337,2021-10-25,净藕(1),4.6,6.6,4.923,5.54
21371,2021-10-26,净藕(1),4.6,6.6,2.1950000000000003,5.54
21406,2021-10-27,净藕(1),4.6,6.599999999999999,2.4690000000000003,5.54
21438,2021-10-28,净藕(1),4.6,6.6,4.604,5.54
21471,2021-10-29,净藕(1),4.6,6.599999999999999,4.406,5.54
21503,2021-10-30,净藕(1),4.6,6.6,3.781,5.54
21537,2021-10-31,净藕(1),4.6,6.6,7.423999999999999,5.54
21574,2021-11-01,净藕(1),4.6,6.6,6.082,5.54
21607,2021-11-02,净藕(1),4.6,6.6,2.561,5.54
21643,2021-11-03,净藕(1),4.6,6.599999999999999,4.634,5.54
21677,2021-11-04,净藕(1),4.6,6.599999999999999,5.215,5.54
21711,2021-11-05,净藕(1),4.6,6.6,5.732,5.54
21747,2021-11-06,净藕(1),4.6,6.599999999999999,5.565,5.54
21781,2021-11-07,净藕(1),4.6,6.6,4.925,5.54
21814,2021-11-08,净藕(1),4.77,7.0,3.735,5.54
21849,2021-11-09,净藕(1),4.8,7.0,5.719,5.54
21881,2021-11-10,净藕(1),4.8,7.0,4.009,5.54
21912,2021-11-11,净藕(1),4.8,7.0,34.403,5.539999999999999
21947,2021-11-12,净藕(1),4.8,7.0,50.347,5.54
21978,2021-11-13,净藕(1),4.8,7.0,52.476,5.54
22010,2021-11-14,净藕(1),4.8,7.0,50.753,5.54
22044,2021-11-15,净藕(1),4.8,7.0,28.879,5.54
22074,2021-11-16,净藕(1),4.8,7.0,19.63,5.54
22104,2021-11-17,净藕(1),4.8,7.0,33.26,5.54
22137,2021-11-18,净藕(1),4.8,7.0,21.426,5.54
22169,2021-11-19,净藕(1),4.8,7.0,28.706,5.54
22199,2021-11-20,净藕(1),4.8,7.0,49.598,5.54
22235,2021-11-21,净藕(1),4.8,7.0,4.67,5.54
22268,2021-11-22,净藕(1),4.8,7.0,2.112,5.54
22297,2021-11-23,净藕(1),4.8,7.0,2.988,5.54
22329,2021-11-24,净藕(1),4.8,7.0,4.382,5.54
22359,2021-11-25,净藕(1),4.8,7.0,5.402,5.54
22388,2021-11-26,净藕(1),4.8,7.0,3.32,5.54
22420,2021-11-27,净藕(1),4.8,7.0,5.13,5.54
22451,2021-11-28,净藕(1),4.8,7.0,6.0920000000000005,5.54
1542,2020-08-10,菱角,8.18,14.0,4.837,9.61
1582,2020-08-11,菱角,8.18,14.0,0.958,9.61
1620,2020-08-12,菱角,8.18,14.0,3.583,9.61
16753,2021-07-12,菱角,10.23,19.8,2.374,9.61
16793,2021-07-13,菱角,10.23,19.8,1.061,9.61
16840,2021-07-14,菱角,10.23,19.8,0.349,9.61
16934,2021-07-16,菱角,10.23,4.0,3.75,9.61
16985,2021-07-17,菱角,10.23,16.0,1.84,9.61
17038,2021-07-18,菱角,8.7,16.0,1.59,9.61
2081,2020-08-24,奶白菜,4.68,7.0,9.772,15.68
2205,2020-08-27,奶白菜,4.69,7.0,9.783,15.68
2530,2020-09-04,奶白菜,2.6,5.0,6.489,15.68
2571,2020-09-05,奶白菜,2.6,5.0,8.352,15.68
2613,2020-09-06,奶白菜,2.6,5.0,8.712,15.679999999999998
2657,2020-09-07,奶白菜,2.6,5.0,8.955,15.68
2701,2020-09-08,奶白菜,2.6,5.0,5.562,15.68
2739,2020-09-09,奶白菜,2.6,5.0,7.791,15.679999999999998
2780,2020-09-10,奶白菜,2.6,5.0,8.356,15.68
2822,2020-09-11,奶白菜,2.21,4.0,8.093,15.679999999999998
2863,2020-09-12,奶白菜,1.11,4.0,7.185,15.68
2907,2020-09-13,奶白菜,2.09,4.0,17.789,15.68
2951,2020-09-14,奶白菜,2.2,4.0,8.467,15.68
2989,2020-09-15,奶白菜,2.2,4.0,9.649,15.679999999999998
3030,2020-09-16,奶白菜,2.2,4.0,8.169,15.68
3072,2020-09-17,奶白菜,2.2,4.0,9.175,15.679999999999998
3116,2020-09-18,奶白菜,2.2,4.0,8.268,15.68
3160,2020-09-19,奶白菜,2.2,4.0,8.417,15.68
3201,2020-09-20,奶白菜,2.09,4.0,9.65,15.68
3243,2020-09-21,奶白菜,1.54,4.0,8.444,15.68
3284,2020-09-22,奶白菜,1.25,4.0,7.565,15.68
3329,2020-09-23,奶白菜,1.81,4.0,8.166,15.68
3374,2020-09-24,奶白菜,2.2,4.0,7.011,15.68
3421,2020-09-25,奶白菜,2.2,4.0,7.011,15.68
3472,2020-09-26,奶白菜,2.2,4.0,7.99,15.68
3522,2020-09-27,奶白菜,2.2,4.0,8.367,15.68
3569,2020-09-28,奶白菜,2.2,4.0,8.162,15.679999999999998
3613,2020-09-29,奶白菜,2.2,3.6,5.896,15.68
3659,2020-09-30,奶白菜,2.2,4.0,7.614,15.68
3705,2020-10-01,奶白菜,2.29,4.0,18.817,15.68
3749,2020-10-02,奶白菜,2.37,4.6,5.262,15.68
3795,2020-10-03,奶白菜,2.53,4.6,8.713,15.68
3838,2020-10-04,奶白菜,2.6,4.0,7.739,15.68
3881,2020-10-05,奶白菜,2.6000000000000005,4.0,6.936,15.68
3926,2020-10-06,奶白菜,2.8,5.0,4.015,15.68
3972,2020-10-07,奶白菜,3.0,5.0,7.369,15.68
4016,2020-10-08,奶白菜,3.0,5.0,6.868,15.68
4060,2020-10-09,奶白菜,3.0,5.0,6.305000000000001,15.68
4104,2020-10-10,奶白菜,3.0,5.0,5.844,15.679999999999998
4149,2020-10-11,奶白菜,3.0,5.0,7.25,15.68
4231,2020-10-13,奶白菜,2.6,5.0,7.551,15.679999999999998
4275,2020-10-14,奶白菜,3.0,5.0,8.815,15.68
4316,2020-10-15,奶白菜,2.74,5.0,9.483,15.68
4359,2020-10-16,奶白菜,2.98,6.0,7.426,15.679999999999998
4401,2020-10-17,奶白菜,3.0,6.0,10.135,15.68
4447,2020-10-18,奶白菜,3.0,6.0,8.094,15.68
4493,2020-10-19,奶白菜,3.18,6.0,6.471,15.68
4538,2020-10-20,奶白菜,3.2,6.0,6.338,15.679999999999998
4580,2020-10-21,奶白菜,3.2,6.0,4.531,15.68
4622,2020-10-22,奶白菜,3.2,6.0,4.6850000000000005,15.68
4663,2020-10-23,奶白菜,3.2,6.0,8.078,15.68
4706,2020-10-24,奶白菜,3.2,6.0,8.278,15.68
4749,2020-10-25,奶白菜,3.2,6.0,6.94,15.68
4793,2020-10-26,奶白菜,3.2,6.0,6.589,15.68
4836,2020-10-27,奶白菜,3.2,6.0,7.71,15.68
4879,2020-10-28,奶白菜,3.2,6.0,5.084,15.68
4924,2020-10-29,奶白菜,3.2,6.0,7.124,15.68
4970,2020-10-30,奶白菜,3.2000000000000006,6.0,2.425,15.68
5017,2020-10-31,奶白菜,3.2,6.0,10.386,15.68
5063,2020-11-01,奶白菜,3.11,6.0,9.145,15.68
5108,2020-11-02,奶白菜,2.85,5.0,15.039,15.679999999999998
5150,2020-11-03,奶白菜,2.6,5.0,8.334,15.68
5192,2020-11-04,奶白菜,2.6,5.0,4.256,15.68
5233,2020-11-05,奶白菜,2.6,5.0,12.952,15.68
5275,2020-11-06,奶白菜,2.14,4.0,2.412,15.68
5317,2020-11-07,奶白菜,2.0,3.6,4.359,15.68
5360,2020-11-08,奶白菜,2.0,3.6,8.381,15.68
5404,2020-11-09,奶白菜,2.0,3.6,8.102,15.679999999999998
5494,2020-11-11,奶白菜,2.0,3.6,19.162,15.68
5541,2020-11-12,奶白菜,2.0,3.6,13.354,15.68
5587,2020-11-13,奶白菜,1.99,3.6,0.391,15.68
5633,2020-11-14,奶白菜,2.0,3.6,6.205,15.68
5679,2020-11-15,奶白菜,2.0,3.6,7.99,15.68
5767,2020-11-17,奶白菜,2.0,3.6,8.072,15.68
5811,2020-11-18,奶白菜,1.7,3.0,8.392,15.68
5855,2020-11-19,奶白菜,1.4,2.6,4.109,15.68
5899,2020-11-20,奶白菜,1.56,2.6,5.544,15.68
5944,2020-11-21,奶白菜,1.6,2.6,6.354,15.68
5991,2020-11-22,奶白菜,1.6,2.6,6.591,15.68
6034,2020-11-23,奶白菜,1.6,2.6,9.033,15.68
6078,2020-11-24,奶白菜,2.0,3.6,4.640000000000001,15.68
6120,2020-11-25,奶白菜,1.75,3.0,4.968,15.68
6165,2020-11-26,奶白菜,1.67,2.8,4.032,15.68
6208,2020-11-27,奶白菜,1.6,2.8,3.635,15.68
6257,2020-11-28,奶白菜,1.6,2.8,10.401,15.68
6350,2020-11-30,奶白菜,1.6,2.4,4.494,15.68
6398,2020-12-01,奶白菜,1.42,2.4,4.914,15.68
6443,2020-12-02,奶白菜,1.48,2.6000000000000005,6.047,15.68
6490,2020-12-03,奶白菜,1.8,2.6,3.141,15.68
6536,2020-12-04,奶白菜,1.8,2.6,4.496,15.68
6586,2020-12-05,奶白菜,1.8,2.6,6.783,15.68
6637,2020-12-06,奶白菜,1.8,2.6,4.845,15.68
6685,2020-12-07,奶白菜,1.8,2.6,3.372,15.679999999999998
6736,2020-12-08,奶白菜,1.8,2.6,3.14,15.68
6787,2020-12-09,奶白菜,1.8000000000000005,2.6000000000000005,5.815,15.68
6838,2020-12-10,奶白菜,1.8,2.6,6.667,15.68
6891,2020-12-11,奶白菜,1.7999999999999998,2.6,4.42,15.68
6944,2020-12-12,奶白菜,1.8,2.6,4.224,15.68
7000,2020-12-13,奶白菜,1.8,2.6,7.714,15.68
7053,2020-12-14,奶白菜,1.8,2.6,0.969,15.68
7149,2020-12-16,奶白菜,1.8,2.6,1.744,15.68
7199,2020-12-17,奶白菜,1.8,2.6,3.257,15.679999999999998
7251,2020-12-18,奶白菜,1.8,2.6,2.093,15.68
7304,2020-12-19,奶白菜,1.8,2.6,1.395,15.68
7355,2020-12-20,奶白菜,1.8,2.6,7.211,15.68
8478,2021-01-13,奶白菜,4.8,7.0,11.291,15.68
8520,2021-01-14,奶白菜,4.89,8.0,3.059,15.68
8563,2021-01-15,奶白菜,4.89,8.0,3.447,15.679999999999998
8607,2021-01-16,奶白菜,4.88,8.0,2.733,15.679999999999998
8654,2021-01-17,奶白菜,4.880000000000001,8.0,11.544,15.68
8749,2021-01-19,奶白菜,4.9,8.0,5.239,15.68
8797,2021-01-20,奶白菜,4.91,8.0,10.288,15.68
8845,2021-01-21,奶白菜,4.9,8.0,4.95,15.68
8894,2021-01-22,奶白菜,5.06,8.0,6.855,15.679999999999998
8986,2021-01-24,奶白菜,5.37,8.0,8.584,15.68
9034,2021-01-25,奶白菜,5.4,8.0,6.705,15.679999999999998
9081,2021-01-26,奶白菜,4.86,8.0,5.112,15.68
9128,2021-01-27,奶白菜,4.91,8.0,6.865,15.68
9174,2021-01-28,奶白菜,4.69,8.0,4.612,15.68
9220,2021-01-29,奶白菜,4.73,8.0,1.441,15.68
9367,2021-02-01,奶白菜,4.81,8.0,5.265,15.68
9414,2021-02-02,奶白菜,4.89,8.0,5.101,15.68
9464,2021-02-03,奶白菜,4.88,8.0,5.952,15.68
9512,2021-02-04,奶白菜,4.87,8.0,10.33,15.68
9561,2021-02-05,奶白菜,4.87,8.0,9.477,15.679999999999998
9610,2021-02-06,奶白菜,4.87,8.0,9.891,15.68
9662,2021-02-07,奶白菜,4.87,8.0,3.0460000000000003,15.679999999999998
9712,2021-02-08,奶白菜,4.87,8.0,2.758,15.679999999999998
9763,2021-02-09,奶白菜,4.87,8.0,4.463,15.68
9812,2021-02-10,奶白菜,4.76,8.0,14.408,15.68
9863,2021-02-13,奶白菜,4.59,8.0,8.688,15.68
9899,2021-02-14,奶白菜,4.59,8.0,8.346,15.68
9945,2021-02-15,奶白菜,4.59,8.0,2.82,15.68
9990,2021-02-16,奶白菜,4.59,3.4,9.706,15.68
10032,2021-02-17,奶白菜,4.589999999999999,4.0,3.291,15.679999999999998
10074,2021-02-18,奶白菜,4.6,3.0,4.666,15.68
10118,2021-02-19,奶白菜,5.38,3.0,6.043,15.68
10162,2021-02-20,奶白菜,5.38,3.0,2.619,15.68
10210,2021-02-21,奶白菜,5.38,3.0,6.243,15.68
10255,2021-02-22,奶白菜,5.73,3.0,8.226,15.68
10345,2021-02-24,奶白菜,1.6,3.0,0.806,15.68
10438,2021-02-26,奶白菜,1.6,3.0,8.527,15.68
10481,2021-02-27,奶白菜,1.6,3.0,5.204,15.68
10521,2021-02-28,奶白菜,1.6,3.0,5.137,15.68
10568,2021-03-01,奶白菜,1.6,3.0,3.659,15.679999999999998
10616,2021-03-02,奶白菜,1.6,3.0,1.577,15.68
10666,2021-03-03,奶白菜,1.6000000000000003,3.0,3.39,15.68
10712,2021-03-04,奶白菜,1.6,3.0,1.914,15.68
10801,2021-03-06,奶白菜,1.6,3.0,1.007,15.68
10902,2021-03-08,奶白菜,1.6000000000000003,3.0,6.646,15.68
10949,2021-03-09,奶白菜,1.85,3.0,6.377,15.68
11142,2021-03-13,奶白菜,2.0,6.0,7.676,15.68
11194,2021-03-14,奶白菜,3.5400000000000005,6.0,9.867,15.68
11285,2021-03-16,奶白菜,3.05,6.0,8.194,15.68
11378,2021-03-18,奶白菜,3.23,6.0,2.125,15.68
11425,2021-03-19,奶白菜,3.23,6.0,5.569,15.679999999999998
11472,2021-03-20,奶白菜,3.06,6.0,9.934,15.68
11521,2021-03-21,奶白菜,3.05,6.0,9.599,15.68
11569,2021-03-22,奶白菜,2.83,6.0,4.432,15.68
11616,2021-03-23,奶白菜,2.8,6.0,5.586,15.679999999999998
11662,2021-03-24,奶白菜,2.8,6.0,3.695,15.68
11706,2021-03-25,奶白菜,2.7999999999999994,6.0,0.8520000000000001,15.68
11754,2021-03-26,奶白菜,2.8,6.0,5.468,15.679999999999998
11801,2021-03-27,奶白菜,3.01,6.0,11.958,15.68
11896,2021-03-29,奶白菜,3.01,6.0,4.565,15.68
11943,2021-03-30,奶白菜,3.0,6.0,6.003,15.68
12032,2021-04-01,奶白菜,3.01,6.0,5.285,15.68
12082,2021-04-02,奶白菜,3.08,6.0,8.077,15.68
12135,2021-04-03,奶白菜,3.0,6.0,6.472,15.679999999999998
12186,2021-04-04,奶白菜,3.0,6.0,8.645,15.68
12232,2021-04-05,奶白菜,3.0,6.0,5.97,15.68
12278,2021-04-06,奶白菜,3.34,6.0,1.488,15.68
12366,2021-04-08,奶白菜,3.53,6.0,9.381,15.68
12415,2021-04-09,奶白菜,3.46,6.0,4.731,15.68
12505,2021-04-11,奶白菜,3.23,6.0,6.488,15.68
12548,2021-04-12,奶白菜,3.2,6.0,4.315,15.68
12592,2021-04-13,奶白菜,3.2,6.0,1.906,15.68
12636,2021-04-14,奶白菜,3.2,6.0,7.527,15.68
12685,2021-04-15,奶白菜,2.82,4.6,2.861,15.68
12733,2021-04-16,奶白菜,2.6,4.6,3.494,15.68
12781,2021-04-17,奶白菜,2.6,4.6,5.46,15.68
12830,2021-04-18,奶白菜,2.36,4.0,7.739,15.68
12881,2021-04-19,奶白菜,1.8000000000000005,4.0,4.9,15.68
12929,2021-04-20,奶白菜,1.8,3.0,10.407,15.679999999999998
12974,2021-04-21,奶白菜,1.57,2.0,17.381,15.68
13016,2021-04-22,奶白菜,1.4,2.0,12.077,15.68
13064,2021-04-23,奶白菜,1.3999999999999997,2.0,22.636,15.68
13112,2021-04-24,奶白菜,1.4,2.0,12.281,15.68
13160,2021-04-25,奶白菜,1.4,2.0,7.325,15.68
13206,2021-04-26,奶白菜,1.4,2.0,8.639,15.68
13253,2021-04-27,奶白菜,1.4,2.0,4.093,15.68
13297,2021-04-28,奶白菜,1.4,2.0,8.438,15.68
13344,2021-04-29,奶白菜,1.4,2.0,9.601,15.68
13390,2021-04-30,奶白菜,1.4,2.0,20.461,15.679999999999998
13437,2021-05-01,奶白菜,1.4,2.0,7.729,15.68
13484,2021-05-02,奶白菜,1.4,2.0,8.893,15.68
13527,2021-05-03,奶白菜,1.32,1.6000000000000003,22.537,15.68
13571,2021-05-04,奶白菜,1.0,1.6,7.467,15.679999999999998
13614,2021-05-05,奶白菜,1.0,1.6,8.483,15.68
13660,2021-05-06,奶白菜,1.0,1.6,7.47,15.68
13703,2021-05-07,奶白菜,1.0,1.6,10.001,15.68
13749,2021-05-08,奶白菜,1.0,1.6,4.496,15.68
13794,2021-05-09,奶白菜,1.0,2.0,7.528,15.68
13842,2021-05-10,奶白菜,1.0,2.0,8.033,15.68
13885,2021-05-11,奶白菜,1.0,2.0,13.39,15.679999999999998
13928,2021-05-12,奶白菜,1.0,2.0,6.871,15.68
13973,2021-05-13,奶白菜,1.0,2.0,6.720000000000001,15.68
14020,2021-05-14,奶白菜,1.0,2.0,6.468,15.679999999999998
14065,2021-05-15,奶白菜,1.1,2.0,6.773,15.68
14111,2021-05-16,奶白菜,1.2,2.0,8.739,15.68
14155,2021-05-17,奶白菜,1.2,2.0,6.773000000000001,15.68
14197,2021-05-18,奶白菜,1.2,2.0,10.105,15.68
14239,2021-05-19,奶白菜,1.2,2.0,4.397,15.68
14283,2021-05-20,奶白菜,1.2,2.0,3.941,15.68
14330,2021-05-21,奶白菜,1.2,2.0,6.063,15.679999999999998
14376,2021-05-22,奶白菜,1.2,2.0,9.247,15.68
14419,2021-05-23,奶白菜,1.2,2.0,8.438,15.68
14462,2021-05-24,奶白菜,1.2,2.0,5.053,15.679999999999998
14509,2021-05-25,奶白菜,1.37,2.0,8.588000000000001,15.68
14550,2021-05-26,奶白菜,1.4,2.0,7.074,15.68
14595,2021-05-27,奶白菜,1.4,2.0,8.893,15.68
14640,2021-05-28,奶白菜,1.4,2.0,7.427,15.68
14684,2021-05-29,奶白菜,1.4,2.0,7.932,15.68
14732,2021-05-30,奶白菜,1.41,2.0,7.833,15.68
14773,2021-05-31,奶白菜,1.6,2.0,8.536999999999999,15.679999999999998
14818,2021-06-01,奶白菜,2.09,3.6,7.208,15.68
14914,2021-06-03,奶白菜,2.06,3.6,6.1450000000000005,15.68
14961,2021-06-04,奶白菜,1.8,3.6,6.957,15.68
15009,2021-06-05,奶白菜,1.7999999999999998,3.6,7.403,15.68
15056,2021-06-06,奶白菜,1.8,3.4,8.847,15.68
15100,2021-06-07,奶白菜,1.8,3.4,6.656,15.68
15146,2021-06-08,奶白菜,1.8,3.4,6.658,15.68
15193,2021-06-09,奶白菜,1.8,3.4,7.042,15.68
