export/q3_2单品数据筛选.csv
,日期,单品名称,批发价格(元/千克)_否,销售单价(元/千克)_否,销量(千克)_否,损耗率(%)_否
15244,2021-06-10,奶白菜,1.7999999999999998,3.4,4.764,15.68
15293,2021-06-11,奶白菜,1.8,3.4,4.732,15.68
15343,2021-06-12,奶白菜,1.8,3.4,5.089,15.68
15393,2021-06-13,奶白菜,1.8,3.4,5.888,15.679999999999998
15438,2021-06-14,奶白菜,1.8,3.4,6.686,15.68
15484,2021-06-15,奶白菜,1.8000000000000005,3.3999999999999995,6.806,15.68
15573,2021-06-17,奶白菜,1.8,3.4,3.049,15.68
15614,2021-06-18,奶白菜,1.8,3.4,5.77,15.68
15657,2021-06-19,奶白菜,1.8,3.4,4.792,15.68
15703,2021-06-20,奶白菜,1.8000000000000005,3.3999999999999995,5.799,15.68
15747,2021-06-21,奶白菜,1.8000000000000005,3.3999999999999995,5.532,15.68
15787,2021-06-22,奶白菜,1.8,3.4,2.84,15.68
15831,2021-06-23,奶白菜,1.8,3.4,4.408,15.68
15878,2021-06-24,奶白菜,1.8000000000000005,3.3999999999999995,4.763,15.68
15926,2021-06-25,奶白菜,1.8,3.4,5.089,15.679999999999998
15966,2021-06-26,奶白菜,1.95,3.4,7.16,15.68
16009,2021-06-27,奶白菜,2.0,3.4,5.769,15.68
16055,2021-06-28,奶白菜,2.0,3.4,6.093,15.679999999999998
16103,2021-06-29,奶白菜,2.0,3.4,5.593,15.679999999999998
16147,2021-06-30,奶白菜,2.0,3.4,5.562,15.68
16194,2021-07-01,奶白菜,2.0,3.3999999999999995,6.688,15.68
16240,2021-07-02,奶白菜,2.0,3.4,4.764,15.68
16288,2021-07-03,奶白菜,2.0,3.4,11.985,15.68
16340,2021-07-04,奶白菜,2.0,3.4,6.688,15.68
16393,2021-07-05,奶白菜,2.0,3.4,6.4190000000000005,15.68
16445,2021-07-06,奶白菜,2.0,3.4,5.414000000000001,15.68
16496,2021-07-07,奶白菜,2.0,3.4,2.93,15.679999999999998
16541,2021-07-08,奶白菜,2.0,3.4,1.193,15.68
16590,2021-07-09,奶白菜,2.1,4.0,1.005,15.68
16638,2021-07-10,奶白菜,2.3,4.0,3.519,15.68
16684,2021-07-11,奶白菜,2.02,4.0,3.493,15.68
16773,2021-07-13,奶白菜,2.0,4.0,6.23,15.68
16815,2021-07-14,奶白菜,2.3,4.0,8.091000000000001,15.68
16863,2021-07-15,奶白菜,2.5,5.0,4.939,15.679999999999998
16906,2021-07-16,奶白菜,2.89,6.0,9.9,15.68
16956,2021-07-17,奶白菜,3.26,6.0,7.94,15.68
17009,2021-07-18,奶白菜,3.32,6.0,5.954,15.68
17061,2021-07-19,奶白菜,3.32,6.0,8.094,15.68
17106,2021-07-20,奶白菜,3.3399999999999994,6.0,4.515,15.68
17157,2021-07-21,奶白菜,3.35,4.0,6.66,15.68
17213,2021-07-22,奶白菜,2.25,5.0,4.298,15.68
17263,2021-07-23,奶白菜,2.64,5.0,8.011,15.679999999999998
17311,2021-07-24,奶白菜,3.5,6.0,9.532,15.68
17360,2021-07-25,奶白菜,3.85,6.0,7.72,15.68
17402,2021-07-26,奶白菜,4.04,6.0,9.38,15.68
17441,2021-07-27,奶白菜,4.44,7.0,4.281000000000001,15.68
17487,2021-07-28,奶白菜,4.46,7.0,3.995,15.68
17537,2021-07-29,奶白菜,4.36,7.0,9.168,15.68
17583,2021-07-30,奶白菜,4.8,8.0,12.286,15.68
17633,2021-07-31,奶白菜,4.95,7.0,3.765,15.68
17682,2021-08-01,奶白菜,4.91,7.0,8.634,15.68
17725,2021-08-02,奶白菜,4.36,7.0,11.939,15.68
17771,2021-08-03,奶白菜,3.3300000000000005,6.0,11.427,15.679999999999998
17819,2021-08-04,奶白菜,3.87,6.0,17.289,15.679999999999998
17862,2021-08-05,奶白菜,4.42,6.0,3.156,15.679999999999998
17907,2021-08-06,奶白菜,4.58,6.0,8.446,15.68
17955,2021-08-07,奶白菜,4.35,7.0,12.387,15.68
17998,2021-08-08,奶白菜,4.57,8.0,4.714,15.68
18042,2021-08-09,奶白菜,4.57,8.0,9.347,15.68
18087,2021-08-10,奶白菜,4.96,8.0,9.298,15.68
18131,2021-08-11,奶白菜,5.0,6.0,9.097,15.68
18175,2021-08-12,奶白菜,4.67,6.0,6.326,15.68
18222,2021-08-13,奶白菜,3.62,6.0,29.753,15.68
18268,2021-08-14,奶白菜,3.57,6.0,18.259,15.68
18312,2021-08-15,奶白菜,4.01,6.0,18.344,15.679999999999998
18355,2021-08-16,奶白菜,4.03,6.0,16.43,15.679999999999998
18398,2021-08-17,奶白菜,4.19,6.0,10.273,15.68
18438,2021-08-18,奶白菜,4.07,6.0,9.431,15.68
18481,2021-08-19,奶白菜,4.04,6.0,8.943,15.68
18525,2021-08-20,奶白菜,4.03,6.0,8.624,15.679999999999998
18573,2021-08-21,奶白菜,4.41,7.0,13.048,15.68
18619,2021-08-22,奶白菜,4.5,7.0,11.582,15.679999999999998
18661,2021-08-23,奶白菜,4.34,7.0,2.917,15.68
18703,2021-08-24,奶白菜,4.36,7.0,8.018,15.68
18748,2021-08-25,奶白菜,4.43,7.0,5.747,15.68
18791,2021-08-26,奶白菜,4.37,7.0,6.222,15.68
18836,2021-08-27,奶白菜,4.45,7.0,16.311,15.68
18881,2021-08-28,奶白菜,4.62,7.0,20.162,15.679999999999998
18929,2021-08-29,奶白菜,5.08,7.0,13.765,15.68
18978,2021-08-30,奶白菜,5.37,7.0,17.528,15.68
19027,2021-08-31,奶白菜,5.92,9.0,13.918,15.68
19075,2021-09-01,奶白菜,5.72,9.0,8.159,15.68
19121,2021-09-02,奶白菜,5.44,9.0,12.09,15.679999999999998
19169,2021-09-03,奶白菜,5.04,9.0,12.926,15.68
19219,2021-09-04,奶白菜,5.03,9.0,22.38,15.68
19268,2021-09-05,奶白菜,5.05,9.0,19.006,15.68
19316,2021-09-06,奶白菜,5.05,9.0,14.409,15.679999999999998
19366,2021-09-07,奶白菜,5.45,9.0,6.753,15.68
19414,2021-09-08,奶白菜,5.53,9.0,9.825,15.68
19462,2021-09-09,奶白菜,5.54,9.0,4.733,15.68
19511,2021-09-10,奶白菜,5.14,9.0,20.205,15.68
19559,2021-09-11,奶白菜,5.32,8.0,16.206,15.68
19609,2021-09-12,奶白菜,5.15,8.0,18.161,15.68
19653,2021-09-13,奶白菜,3.76,6.0,14.768,15.68
19693,2021-09-14,奶白菜,3.76,6.0,18.428,15.68
19738,2021-09-15,奶白菜,3.77,6.0,15.003,15.679999999999998
19782,2021-09-16,奶白菜,3.77,6.0,8.024,15.68
19827,2021-09-17,奶白菜,3.76,6.0,9.149,15.68
19873,2021-09-18,奶白菜,3.76,6.0,3.844,15.68
19921,2021-09-19,奶白菜,3.76,6.0,10.507,15.68
19969,2021-09-20,奶白菜,3.73,6.0,8.561,15.679999999999998
20018,2021-09-21,奶白菜,3.71,6.0,36.049,15.68
20066,2021-09-22,奶白菜,3.73,6.0,12.167,15.68
20114,2021-09-23,奶白菜,3.74,6.0,9.365,15.679999999999998
20160,2021-09-24,奶白菜,2.4,5.0,10.464,15.68
20206,2021-09-25,奶白菜,2.4,6.0,10.874,15.68
20248,2021-09-26,奶白菜,2.4,6.0,9.885,15.68
20288,2021-09-27,奶白菜,2.4,6.0,5.622,15.679999999999998
20328,2021-09-28,奶白菜,2.4,6.0,8.209,15.68
20368,2021-09-29,奶白菜,2.4,6.0,9.55,15.68
20407,2021-09-30,奶白菜,2.4,6.0,7.92,15.68
20444,2021-10-01,奶白菜,2.4,6.0,9.048,15.679999999999998
20479,2021-10-02,奶白菜,2.4,5.0,9.599,15.68
20515,2021-10-03,奶白菜,2.66,5.0,9.476,15.68
20552,2021-10-04,奶白菜,2.4,5.0,11.573,15.68
20590,2021-10-05,奶白菜,2.96,5.0,10.888,15.68
20627,2021-10-06,奶白菜,2.82,5.0,21.639,15.68
20668,2021-10-07,奶白菜,3.25,6.0,15.408,15.68
20706,2021-10-08,奶白菜,3.44,6.0,15.523,15.68
20742,2021-10-09,奶白菜,3.33,7.0,8.997,15.68
20779,2021-10-10,奶白菜,3.86,7.0,19.255,15.68
20817,2021-10-11,奶白菜,3.850000000000001,6.0,7.837,15.679999999999998
20853,2021-10-12,奶白菜,3.04,6.0,12.789,15.679999999999998
20889,2021-10-13,奶白菜,2.97,6.0,12.168,15.68
20926,2021-10-14,奶白菜,2.96,6.0,2.735,15.679999999999998
20963,2021-10-15,奶白菜,2.96,6.0,8.272,15.679999999999998
21006,2021-10-16,奶白菜,3.1699999999999995,6.0,10.389,15.679999999999998
21048,2021-10-17,奶白菜,2.97,6.0,13.359,15.679999999999998
21089,2021-10-18,奶白菜,2.97,6.0,5.842,15.68
21125,2021-10-19,奶白菜,3.2,7.0,3.85,15.68
21163,2021-10-20,奶白菜,5.28,8.0,4.621,15.68
21200,2021-10-21,奶白菜,5.5,8.0,5.905,15.68
21235,2021-10-22,奶白菜,5.55,8.0,5.037,15.679999999999998
21267,2021-10-23,奶白菜,5.38,8.0,7.802,15.679999999999998
21304,2021-10-24,奶白菜,5.41,8.0,14.849,15.68
21339,2021-10-25,奶白菜,5.2,8.0,2.374,15.68
21373,2021-10-26,奶白菜,4.83,8.0,3.2670000000000003,15.68
21408,2021-10-27,奶白菜,4.73,8.0,3.481,15.68
21440,2021-10-28,奶白菜,4.65,8.0,3.253,15.68
21473,2021-10-29,奶白菜,4.16,7.0,3.837,15.68
21504,2021-10-30,奶白菜,4.03,7.0,4.525,15.68
21540,2021-10-31,奶白菜,4.48,8.0,5.905,15.68
21575,2021-11-01,奶白菜,4.14,8.0,5.805,15.68
21610,2021-11-02,奶白菜,3.2,8.0,2.287,15.679999999999998
21646,2021-11-03,奶白菜,2.82,4.0,7.805,15.68
21678,2021-11-04,奶白菜,2.0,4.0,2.55,15.68
21714,2021-11-05,奶白菜,2.0,4.0,7.298,15.679999999999998
21749,2021-11-06,奶白菜,2.0,4.0,4.32,15.68
21783,2021-11-07,奶白菜,2.0,4.0,7.072,15.68
21817,2021-11-08,奶白菜,2.0,4.0,5.759,15.68
21851,2021-11-09,奶白菜,2.0,4.0,1.035,15.68
21882,2021-11-10,奶白菜,2.0,4.0,3.334,15.68
21914,2021-11-11,奶白菜,2.0,4.0,4.193,15.68
21949,2021-11-12,奶白菜,2.26,4.0,3.487,15.68
21980,2021-11-13,奶白菜,2.4,4.0,5.405,15.68
22012,2021-11-14,奶白菜,2.4,4.0,6.82,15.68
22045,2021-11-15,奶白菜,2.4,4.0,6.263,15.68
22077,2021-11-16,奶白菜,2.4,4.0,1.591,15.68
22106,2021-11-17,奶白菜,2.42,4.0,3.762,15.68
22139,2021-11-18,奶白菜,2.8,4.6,2.018,15.68
22171,2021-11-19,奶白菜,2.8,4.6,3.398,15.68
22202,2021-11-20,奶白菜,2.8,4.6,5.768,15.679999999999998
22237,2021-11-21,奶白菜,2.8,4.6,9.125,15.679999999999998
22270,2021-11-22,奶白菜,2.8,4.6,0.461,15.68
22300,2021-11-23,奶白菜,2.73,4.6,2.632,15.68
22331,2021-11-24,奶白菜,2.8,4.6,3.355,15.68
22360,2021-11-25,奶白菜,2.81,4.6,1.03,15.68
22390,2021-11-26,奶白菜,2.57,4.0,3.637,15.68
22422,2021-11-27,奶白菜,2.4,4.0,1.844,15.68
22453,2021-11-28,奶白菜,2.4,4.0,5.481,15.68
