export/q3_2单品数据筛选.csv
,日期,单品名称,批发价格(元/千克)_否,销售单价(元/千克)_否,销量(千克)_否,损耗率(%)_否
2202,2020-08-27,圆茄子(2),5.54,8.0,0.426,6.71
2246,2020-08-28,圆茄子(2),5.54,10.0,3.84,6.71
2287,2020-08-29,圆茄子(2),5.54,9.0,1.66,6.71
2328,2020-08-30,圆茄子(2),5.88,9.0,5.359,6.709999999999999
2368,2020-08-31,圆茄子(2),5.44,8.0,4.273,6.71
2409,2020-09-01,圆茄子(2),5.26,8.0,3.195,6.709999999999999
2448,2020-09-02,圆茄子(2),5.27,8.0,2.519,6.71
2489,2020-09-03,圆茄子(2),5.26,8.0,2.869,6.71
2528,2020-09-04,圆茄子(2),5.25,8.0,5.038,6.71
2569,2020-09-05,圆茄子(2),5.25,8.0,6.428,6.71
2611,2020-09-06,圆茄子(2),4.93,8.0,7.33,6.71
2655,2020-09-07,圆茄子(2),4.74,8.0,4.611,6.71
2699,2020-09-08,圆茄子(2),4.59,8.0,5.339,6.709999999999999
2737,2020-09-09,圆茄子(2),4.59,6.0,3.01,6.71
2778,2020-09-10,圆茄子(2),4.5,6.0,2.49,6.709999999999999
2820,2020-09-11,圆茄子(2),4.08,6.0,3.68,6.71
2861,2020-09-12,圆茄子(2),3.75,6.0,4.398,6.71
2905,2020-09-13,圆茄子(2),3.63,5.5,4.056,6.71
2949,2020-09-14,圆茄子(2),3.17,5.0,3.495,6.709999999999999
2987,2020-09-15,圆茄子(2),2.9,5.0,4.398,6.71
3028,2020-09-16,圆茄子(2),2.7999999999999994,5.0,1.948,6.71
3070,2020-09-17,圆茄子(2),2.86,5.0,8.093,6.709999999999999
3114,2020-09-18,圆茄子(2),2.7900000000000005,5.0,3.032,6.71
3158,2020-09-19,圆茄子(2),2.53,5.0,4.881,6.71
3199,2020-09-20,圆茄子(2),2.55,5.0,8.695,6.71
3241,2020-09-21,圆茄子(2),3.42,6.0,6.389,6.71
3282,2020-09-22,圆茄子(2),3.13,5.0,9.602,6.71
3327,2020-09-23,圆茄子(2),3.06,5.0,8.756,6.71
3372,2020-09-24,圆茄子(2),3.05,5.0,6.206,6.71
3419,2020-09-25,圆茄子(2),2.87,5.0,13.716,6.709999999999999
3470,2020-09-26,圆茄子(2),2.76,5.0,11.869,6.709999999999999
3520,2020-09-27,圆茄子(2),2.91,5.0,3.876,6.71
3567,2020-09-28,圆茄子(2),2.85,5.0,8.355,6.71
3611,2020-09-29,圆茄子(2),2.78,5.0,7.994,6.71
3657,2020-09-30,圆茄子(2),2.76,5.0,10.022,6.71
3703,2020-10-01,圆茄子(2),2.76,4.0,11.007,6.71
3747,2020-10-02,圆茄子(2),2.51,4.0,11.282,6.71
3792,2020-10-03,圆茄子(2),2.62,4.0,18.819,6.71
3836,2020-10-04,圆茄子(2),2.71,4.0,15.68,6.71
3879,2020-10-05,圆茄子(2),2.6,4.0,10.201,6.71
3923,2020-10-06,圆茄子(2),2.56,4.0,5.477,6.709999999999999
3969,2020-10-07,圆茄子(2),2.53,4.0,4.321,6.71
4013,2020-10-08,圆茄子(2),2.58,4.0,13.141,6.71
4057,2020-10-09,圆茄子(2),2.67,5.0,3.635,6.709999999999999
4101,2020-10-10,圆茄子(2),2.76,5.0,9.762,6.71
4146,2020-10-11,圆茄子(2),2.88,5.0,7.31,6.71
4188,2020-10-12,圆茄子(2),3.74,6.0,5.167,6.71
4228,2020-10-13,圆茄子(2),3.88,6.0,3.78,6.709999999999999
4272,2020-10-14,圆茄子(2),3.73,6.0,2.124,6.71
4313,2020-10-15,圆茄子(2),3.73,6.0,4.332,6.71
4356,2020-10-16,圆茄子(2),3.66,6.0,3.93,6.71
4398,2020-10-17,圆茄子(2),3.69,5.599999999999999,2.133,6.71
4444,2020-10-18,圆茄子(2),3.72,5.599999999999999,7.025,6.71
4490,2020-10-19,圆茄子(2),3.66,5.599999999999999,4.015000000000001,6.71
4535,2020-10-20,圆茄子(2),3.69,5.6,1.738,6.71
4577,2020-10-21,圆茄子(2),3.65,5.6,4.857,6.71
4619,2020-10-22,圆茄子(2),3.63,5.599999999999999,1.577,6.71
4660,2020-10-23,圆茄子(2),3.62,7.0,1.189,6.71
4703,2020-10-24,圆茄子(2),3.64,5.599999999999999,5.521,6.71
4746,2020-10-25,圆茄子(2),3.6,5.6,4.05,6.71
4790,2020-10-26,圆茄子(2),3.61,5.6,1.075,6.71
4833,2020-10-27,圆茄子(2),3.63,5.599999999999999,1.9,6.71
4876,2020-10-28,圆茄子(2),3.59,5.599999999999999,1.56,6.71
4921,2020-10-29,圆茄子(2),3.61,5.599999999999999,3.012,6.71
4967,2020-10-30,圆茄子(2),3.67,5.6,2.026,6.71
5014,2020-10-31,圆茄子(2),3.48,5.599999999999999,3.567,6.71
5060,2020-11-01,圆茄子(2),3.48,5.6,4.856,6.71
5105,2020-11-02,圆茄子(2),3.59,5.6,2.527,6.71
5147,2020-11-03,圆茄子(2),3.64,5.6,2.903,6.71
5189,2020-11-04,圆茄子(2),3.65,5.6,1.237,6.71
5231,2020-11-05,圆茄子(2),3.64,5.6,1.057,6.71
5272,2020-11-06,圆茄子(2),3.64,5.6,1.1829999999999998,6.71
5314,2020-11-07,圆茄子(2),3.62,5.6,0.591,6.71
5357,2020-11-08,圆茄子(2),3.59,5.599999999999999,2.347,6.71
5401,2020-11-09,圆茄子(2),3.6,5.6,2.672,6.709999999999999
5447,2020-11-10,圆茄子(2),3.68,5.6,1.254,6.71
5491,2020-11-11,圆茄子(2),3.67,5.6,3.728,6.71
5538,2020-11-12,圆茄子(2),3.65,5.599999999999999,3.118,6.71
5585,2020-11-13,圆茄子(2),3.57,5.6,0.484,6.71
5630,2020-11-14,圆茄子(2),3.57,5.6,1.022,6.71
5676,2020-11-15,圆茄子(2),3.58,5.6,1.111,6.71
5721,2020-11-16,圆茄子(2),3.57,5.6,1.058,6.71
5764,2020-11-17,圆茄子(2),3.58,5.599999999999999,1.452,6.71
5808,2020-11-18,圆茄子(2),3.57,5.6,0.968,6.71
5852,2020-11-19,圆茄子(2),3.56,5.6,0.376,6.71
5896,2020-11-20,圆茄子(2),3.56,5.6,0.77,6.71
5941,2020-11-21,圆茄子(2),3.65,5.6,2.617,6.709999999999999
5988,2020-11-22,圆茄子(2),3.66,5.6,2.688,6.709999999999999
6031,2020-11-23,圆茄子(2),3.92,5.6,1.505,6.71
6075,2020-11-24,圆茄子(2),4.0,5.6,1.075,6.71
6117,2020-11-25,圆茄子(2),4.0,5.599999999999999,2.223,6.71
6162,2020-11-26,圆茄子(2),4.04,5.6,1.254,6.71
6205,2020-11-27,圆茄子(2),4.14,5.6,1.219,6.71
6254,2020-11-28,圆茄子(2),4.33,7.0,2.221,6.71
6302,2020-11-29,圆茄子(2),4.44,7.0,3.124,6.709999999999999
6347,2020-11-30,圆茄子(2),4.64,7.0,2.809,6.71
6395,2020-12-01,圆茄子(2),4.58,8.0,0.514,6.71
6440,2020-12-02,圆茄子(2),4.58,8.0,1.967,6.71
6487,2020-12-03,圆茄子(2),4.57,8.0,0.451,6.71
6533,2020-12-04,圆茄子(2),4.58,8.0,1.165,6.71
6583,2020-12-05,圆茄子(2),4.76,8.0,2.018,6.71
6634,2020-12-06,圆茄子(2),5.05,8.0,2.03,6.71
6683,2020-12-07,圆茄子(2),5.29,8.0,1.178,6.71
6734,2020-12-08,圆茄子(2),5.4,8.0,0.439,6.71
6785,2020-12-09,圆茄子(2),5.35,8.0,1.604,6.71
6836,2020-12-10,圆茄子(2),5.32,8.0,1.354,6.71
6889,2020-12-11,圆茄子(2),5.4,8.0,0.426,6.71
6942,2020-12-12,圆茄子(2),5.33,12.0,2.02,6.71
6998,2020-12-13,圆茄子(2),4.79,12.0,0.735,6.71
7051,2020-12-14,圆茄子(2),4.75,12.0,0.659,6.71
7097,2020-12-15,圆茄子(2),4.75,9.0,1.3809999999999998,6.71
7197,2020-12-17,圆茄子(2),4.69,9.0,1.548,6.71
7249,2020-12-18,圆茄子(2),4.66,9.0,0.457,6.71
7302,2020-12-19,圆茄子(2),4.65,8.0,1.253,6.71
7353,2020-12-20,圆茄子(2),4.66,8.0,1.503,6.71
7451,2020-12-22,圆茄子(2),4.68,10.0,1.142,6.71
7499,2020-12-23,圆茄子(2),4.68,12.0,1.144,6.71
7644,2020-12-26,圆茄子(2),4.74,12.0,1.418,6.71
7739,2020-12-28,圆茄子(2),8.7,14.0,1.81,6.71
9365,2021-02-01,圆茄子(2),9.25,14.0,1.037,6.71
9412,2021-02-02,圆茄子(2),9.25,14.0,3.455,6.709999999999999
9462,2021-02-03,圆茄子(2),9.25,14.0,0.751,6.71
9510,2021-02-04,圆茄子(2),9.25,14.0,0.415,6.71
9559,2021-02-05,圆茄子(2),9.25,14.0,2.532,6.71
9608,2021-02-06,圆茄子(2),9.25,14.0,2.246,6.71
9660,2021-02-07,圆茄子(2),9.25,14.0,4.865,6.709999999999999
9710,2021-02-08,圆茄子(2),9.25,14.0,0.401,6.71
10160,2021-02-20,圆茄子(2),9.25,12.0,1.661,6.71
10208,2021-02-21,圆茄子(2),9.25,12.0,1.853,6.71
10253,2021-02-22,圆茄子(2),7.84,8.0,0.476,6.71
10342,2021-02-24,圆茄子(2),4.23,8.0,1.253,6.71
10387,2021-02-25,圆茄子(2),4.24,8.0,1.115,6.71
10435,2021-02-26,圆茄子(2),4.26,8.0,6.103,6.709999999999999
10478,2021-02-27,圆茄子(2),4.25,8.0,1.541,6.71
10518,2021-02-28,圆茄子(2),4.29,8.0,1.529,6.71
10565,2021-03-01,圆茄子(2),4.34,8.0,3.522,6.709999999999999
10614,2021-03-02,圆茄子(2),5.14,9.0,0.512,6.71
10663,2021-03-03,圆茄子(2),5.14,9.0,1.37,6.71
10709,2021-03-04,圆茄子(2),5.14,9.0,0.991,6.71
10850,2021-03-07,圆茄子(2),5.14,9.0,0.868,6.71
10900,2021-03-08,圆茄子(2),5.68,9.0,1.648,6.71
11040,2021-03-11,圆茄子(2),5.97,10.0,1.894,6.71
11090,2021-03-12,圆茄子(2),5.96,10.0,1.984,6.71
11140,2021-03-13,圆茄子(2),5.96,10.0,0.8520000000000001,6.71
11192,2021-03-14,圆茄子(2),6.260000000000001,12.0,2.045,6.71
11283,2021-03-16,圆茄子(2),6.25,12.0,0.518,6.71
11376,2021-03-18,圆茄子(2),6.29,12.0,0.367,6.71
11423,2021-03-19,圆茄子(2),6.31,12.0,0.367,6.71
11470,2021-03-20,圆茄子(2),6.28,12.0,2.8040000000000003,6.709999999999999
11519,2021-03-21,圆茄子(2),6.24,12.0,0.8180000000000001,6.71
11614,2021-03-23,圆茄子(2),5.98,12.0,0.835,6.71
11704,2021-03-25,圆茄子(2),6.11,12.0,1.102,6.71
11752,2021-03-26,圆茄子(2),6.49,12.0,1.961,6.709999999999999
11799,2021-03-27,圆茄子(2),6.66,10.0,2.115,6.71
11845,2021-03-28,圆茄子(2),6.23,10.0,2.146,6.71
11894,2021-03-29,圆茄子(2),6.23,10.0,0.441,6.71
11941,2021-03-30,圆茄子(2),6.23,10.0,0.451,6.71
11985,2021-03-31,圆茄子(2),6.23,10.0,2.646,6.71
12079,2021-04-02,圆茄子(2),6.0,9.0,1.092,6.71
12183,2021-04-04,圆茄子(2),5.46,9.0,2.906,6.71
12413,2021-04-09,圆茄子(2),5.22,9.0,1.459,6.71
12459,2021-04-10,圆茄子(2),5.22,9.0,0.824,6.71
12589,2021-04-13,圆茄子(2),5.23,9.0,1.258,6.71
12682,2021-04-15,圆茄子(2),5.18,8.0,0.827,6.71
12730,2021-04-16,圆茄子(2),3.16,8.0,0.326,6.71
12778,2021-04-17,圆茄子(2),2.35,8.0,1.955,6.71
12827,2021-04-18,圆茄子(2),3.16,8.0,4.375,6.71
12878,2021-04-19,圆茄子(2),4.15,8.0,1.229,6.71
12926,2021-04-20,圆茄子(2),4.13,6.599999999999999,1.93,6.71
13013,2021-04-22,圆茄子(2),4.05,6.6,4.149,6.71
13061,2021-04-23,圆茄子(2),4.11,6.599999999999999,2.37,6.71
13109,2021-04-24,圆茄子(2),4.04,6.6,0.821,6.71
13157,2021-04-25,圆茄子(2),4.02,6.6,1.109,6.71
13203,2021-04-26,圆茄子(2),4.01,6.6,0.882,6.71
13250,2021-04-27,圆茄子(2),4.02,6.6,3.284,6.709999999999999
13294,2021-04-28,圆茄子(2),4.2,6.6,0.866,6.71
13341,2021-04-29,圆茄子(2),4.2,6.6,0.502,6.71
13387,2021-04-30,圆茄子(2),4.2,6.6,0.851,6.71
13434,2021-05-01,圆茄子(2),4.19,6.6,0.775,6.71
13481,2021-05-02,圆茄子(2),4.1,6.6,0.578,6.71
13524,2021-05-03,圆茄子(2),4.1,6.6,1.247,6.71
13568,2021-05-04,圆茄子(2),4.08,6.599999999999999,2.903,6.71
13611,2021-05-05,圆茄子(2),4.21,6.0,2.491,6.709999999999999
13657,2021-05-06,圆茄子(2),4.15,6.0,2.442,6.71
13700,2021-05-07,圆茄子(2),3.26,6.0,2.041,6.71
13746,2021-05-08,圆茄子(2),2.97,5.0,0.462,6.71
13791,2021-05-09,圆茄子(2),3.32,5.0,4.84,6.71
13839,2021-05-10,圆茄子(2),2.7900000000000005,5.0,2.309,6.71
13882,2021-05-11,圆茄子(2),2.86,5.6,1.846,6.71
13925,2021-05-12,圆茄子(2),2.92,6.0,2.525,6.709999999999999
13970,2021-05-13,圆茄子(2),3.12,6.0,1.556,6.71
14017,2021-05-14,圆茄子(2),2.84,6.0,1.4540000000000002,6.71
14062,2021-05-15,圆茄子(2),2.71,6.0,6.957000000000001,6.71
14108,2021-05-16,圆茄子(2),2.62,6.0,1.104,6.71
14152,2021-05-17,圆茄子(2),2.62,6.0,2.558,6.709999999999999
14194,2021-05-18,圆茄子(2),2.7099999999999995,6.0,2.341,6.71
14280,2021-05-20,圆茄子(2),2.71,6.0,0.97,6.71
14373,2021-05-22,圆茄子(2),2.71,6.6,2.037,6.71
14416,2021-05-23,圆茄子(2),2.94,6.6,4.349,6.71
14459,2021-05-24,圆茄子(2),3.62,6.6,0.441,6.71
14506,2021-05-25,圆茄子(2),3.53,6.6,1.368,6.71
14547,2021-05-26,圆茄子(2),2.99,6.6,1.551,6.71
14592,2021-05-27,圆茄子(2),2.98,6.6,0.365,6.71
14637,2021-05-28,圆茄子(2),2.99,6.6,0.973,6.71
14681,2021-05-29,圆茄子(2),2.99,6.6,0.897,6.71
14729,2021-05-30,圆茄子(2),2.9,5.0,2.912,6.71
14770,2021-05-31,圆茄子(2),2.78,5.0,2.208,6.71
14815,2021-06-01,圆茄子(2),2.57,5.0,1.546,6.71
14863,2021-06-02,圆茄子(2),3.0,6.0,4.08,6.71
14911,2021-06-03,圆茄子(2),3.32,6.0,1.372,6.71
14958,2021-06-04,圆茄子(2),3.35,6.0,1.991,6.71
15006,2021-06-05,圆茄子(2),3.63,6.0,4.565,6.71
15053,2021-06-06,圆茄子(2),3.65,6.0,2.292,6.71
15097,2021-06-07,圆茄子(2),3.63,6.0,1.271,6.71
15143,2021-06-08,圆茄子(2),3.5400000000000005,6.0,1.94,6.71
15189,2021-06-09,圆茄子(2),3.53,6.0,1.588,6.71
15240,2021-06-10,圆茄子(2),3.52,6.0,0.552,6.71
15289,2021-06-11,圆茄子(2),3.67,6.0,1.138,6.71
15339,2021-06-12,圆茄子(2),3.85,6.0,2.409,6.71
15390,2021-06-13,圆茄子(2),3.87,6.0,3.663,6.709999999999999
15435,2021-06-14,圆茄子(2),4.38,6.0,0.468,6.71
15480,2021-06-15,圆茄子(2),4.4,7.0,1.49,6.71
15528,2021-06-16,圆茄子(2),4.37,6.0,1.488,6.71
15571,2021-06-17,圆茄子(2),4.1,6.0,2.7430000000000003,6.709999999999999
15612,2021-06-18,圆茄子(2),4.1,6.0,0.904,6.71
15654,2021-06-19,圆茄子(2),4.1,6.0,3.445,6.71
15700,2021-06-20,圆茄子(2),3.52,6.0,2.96,6.71
15745,2021-06-21,圆茄子(2),3.21,6.0,0.535,6.71
15784,2021-06-22,圆茄子(2),3.22,6.0,0.351,6.71
15828,2021-06-23,圆茄子(2),3.2099999999999995,6.0,1.455,6.71
15923,2021-06-25,圆茄子(2),2.57,6.0,0.435,6.71
15963,2021-06-26,圆茄子(2),2.63,6.0,4.834,6.71
16006,2021-06-27,圆茄子(2),2.73,6.0,2.976,6.709999999999999
16052,2021-06-28,圆茄子(2),2.73,6.0,2.943,6.709999999999999
16100,2021-06-29,圆茄子(2),2.73,6.0,2.492,6.71
16144,2021-06-30,圆茄子(2),3.22,6.0,4.097,6.71
16191,2021-07-01,圆茄子(2),3.39,6.0,4.113,6.709999999999999
16238,2021-07-02,圆茄子(2),2.87,6.0,2.676,6.71
16285,2021-07-03,圆茄子(2),3.14,6.0,4.884,6.71
16337,2021-07-04,圆茄子(2),3.2,6.0,2.491,6.71
16390,2021-07-05,圆茄子(2),3.18,6.0,8.144,6.71
16442,2021-07-06,圆茄子(2),3.21,6.0,0.937,6.71
16493,2021-07-07,圆茄子(2),3.22,6.0,0.937,6.71
16538,2021-07-08,圆茄子(2),3.21,7.0,0.788,6.71
16587,2021-07-09,圆茄子(2),3.16,6.0,0.836,6.71
16635,2021-07-10,圆茄子(2),3.15,6.0,0.886,6.71
17005,2021-07-18,圆茄子(2),3.26,6.0,2.826,6.709999999999999
17057,2021-07-19,圆茄子(2),3.16,6.0,2.358,6.71
17103,2021-07-20,圆茄子(2),3.17,6.0,2.023,6.71
17154,2021-07-21,圆茄子(2),3.2900000000000005,6.0,1.338,6.71
17210,2021-07-22,圆茄子(2),3.27,6.0,3.5620000000000003,6.71
17260,2021-07-23,圆茄子(2),3.14,8.0,0.928,6.71
17308,2021-07-24,圆茄子(2),4.08,8.0,2.369,6.71
17357,2021-07-25,圆茄子(2),5.55,8.0,2.463,6.709999999999999
17400,2021-07-26,圆茄子(2),5.53,8.0,0.389,6.71
17439,2021-07-27,圆茄子(2),5.36,8.0,1.4580000000000002,6.71
17484,2021-07-28,圆茄子(2),5.5,8.0,2.312,6.71
17534,2021-07-29,圆茄子(2),5.83,9.0,0.959,6.71
17630,2021-07-31,圆茄子(2),5.83,9.0,0.781,6.71
17679,2021-08-01,圆茄子(2),5.830000000000001,9.0,1.517,6.71
17723,2021-08-02,圆茄子(2),5.839999999999999,12.0,4.833,6.71
17768,2021-08-03,圆茄子(2),6.84,12.0,1.28,6.71
17816,2021-08-04,圆茄子(2),6.87,12.0,1.689,6.71
17859,2021-08-05,圆茄子(2),6.709999999999999,12.0,2.877,6.709999999999999
17904,2021-08-06,圆茄子(2),6.75,12.0,0.677,6.71
17952,2021-08-07,圆茄子(2),6.75,12.0,1.622,6.71
17995,2021-08-08,圆茄子(2),6.74,12.0,2.123,6.71
18039,2021-08-09,圆茄子(2),6.72,12.0,1.889,6.71
18084,2021-08-10,圆茄子(2),6.82,12.0,1.563,6.71
18128,2021-08-11,圆茄子(2),7.06,12.0,1.756,6.71
18172,2021-08-12,圆茄子(2),6.81,9.0,1.954,6.71
18219,2021-08-13,圆茄子(2),5.97,9.0,1.776,6.71
18265,2021-08-14,圆茄子(2),5.46,9.0,2.846,6.709999999999999
18309,2021-08-15,圆茄子(2),5.35,9.0,1.372,6.71
18352,2021-08-16,圆茄子(2),5.17,9.0,2.512,6.709999999999999
18395,2021-08-17,圆茄子(2),5.34,9.0,1.808,6.71
18435,2021-08-18,圆茄子(2),5.74,9.0,1.975,6.71
18478,2021-08-19,圆茄子(2),5.74,9.0,2.467,6.709999999999999
18522,2021-08-20,圆茄子(2),5.72,9.0,4.486,6.71
18570,2021-08-21,圆茄子(2),5.85,9.0,2.098,6.71
18616,2021-08-22,圆茄子(2),5.91,9.0,0.435,6.71
18659,2021-08-23,圆茄子(2),6.03,9.0,2.244,6.71
18700,2021-08-24,圆茄子(2),5.79,9.0,2.634,6.709999999999999
18746,2021-08-25,圆茄子(2),5.79,9.0,1.44,6.71
18834,2021-08-27,圆茄子(2),5.28,10.0,2.239,6.71
18879,2021-08-28,圆茄子(2),4.99,10.0,2.531,6.709999999999999
18926,2021-08-29,圆茄子(2),4.81,10.0,1.396,6.71
18976,2021-08-30,圆茄子(2),4.48,10.0,2.27,6.71
19024,2021-08-31,圆茄子(2),4.47,10.0,2.51,6.71
19072,2021-09-01,圆茄子(2),4.49,7.0,2.629,6.709999999999999
19118,2021-09-02,圆茄子(2),4.11,7.0,6.768,6.71
19166,2021-09-03,圆茄子(2),4.29,7.0,3.248,6.71
19216,2021-09-04,圆茄子(2),4.36,8.0,2.337,6.71
19265,2021-09-05,圆茄子(2),4.87,8.0,4.359,6.71
19313,2021-09-06,圆茄子(2),5.31,8.0,1.344,6.71
19363,2021-09-07,圆茄子(2),5.33,8.0,3.593,6.71
19411,2021-09-08,圆茄子(2),5.27,8.0,1.23,6.71
19459,2021-09-09,圆茄子(2),5.12,8.0,1.659,6.71
19508,2021-09-10,圆茄子(2),5.1,8.0,0.49,6.71
19556,2021-09-11,圆茄子(2),5.09,8.0,1.231,6.71
19606,2021-09-12,圆茄子(2),4.97,8.0,0.98,6.71
19650,2021-09-13,圆茄子(2),4.7,8.0,0.364,6.71
19690,2021-09-14,圆茄子(2),4.71,7.0,0.805,6.71
19735,2021-09-15,圆茄子(2),4.86,7.0,1.423,6.71
19825,2021-09-17,圆茄子(2),5.2,7.0,1.896,6.71
19918,2021-09-19,圆茄子(2),5.67,7.0,0.503,6.71
19967,2021-09-20,圆茄子(2),4.4,7.0,0.805,6.71
20017,2021-09-21,圆茄子(2),4.15,7.0,2.644,6.709999999999999
20065,2021-09-22,圆茄子(2),3.74,7.0,2.27,6.71
20113,2021-09-23,圆茄子(2),4.03,7.0,2.558,6.71
20247,2021-09-26,圆茄子(2),4.46,8.0,1.658,6.71
20287,2021-09-27,圆茄子(2),4.46,8.0,0.892,6.71
20327,2021-09-28,圆茄子(2),4.24,8.0,2.575,6.709999999999999
20367,2021-09-29,圆茄子(2),4.25,8.0,1.231,6.71
20406,2021-09-30,圆茄子(2),4.26,8.0,0.314,6.71
20443,2021-10-01,圆茄子(2),4.41,8.0,1.708,6.71
20478,2021-10-02,圆茄子(2),5.4,9.0,2.244,6.71
20514,2021-10-03,圆茄子(2),5.5,9.0,1.72,6.71
20551,2021-10-04,圆茄子(2),6.3,9.0,1.25,6.71
20589,2021-10-05,圆茄子(2),6.43,10.0,3.123,6.71
20625,2021-10-06,圆茄子(2),6.65,9.0,1.485,6.71
20666,2021-10-07,圆茄子(2),5.77,9.0,1.407,6.71
20704,2021-10-08,圆茄子(2),5.41,9.0,1.418,6.71
20740,2021-10-09,圆茄子(2),5.92,10.0,1.225,6.71
20777,2021-10-10,圆茄子(2),6.17,10.0,0.894,6.71
20816,2021-10-11,圆茄子(2),5.55,9.0,1.696,6.71
20852,2021-10-12,圆茄子(2),5.26,10.0,0.422,6.71
20888,2021-10-13,圆茄子(2),6.3,12.0,1.906,6.71
20962,2021-10-15,圆茄子(2),6.31,14.0,0.881,6.71
21046,2021-10-17,圆茄子(2),6.33,12.0,0.343,6.71
21087,2021-10-18,圆茄子(2),6.34,12.0,1.296,6.71
21162,2021-10-20,圆茄子(2),6.59,12.0,0.677,6.71
21199,2021-10-21,圆茄子(2),7.24,12.0,1.931,6.71
21303,2021-10-24,圆茄子(2),8.86,12.0,0.368,6.71
21338,2021-10-25,圆茄子(2),8.61,12.0,1.4220000000000002,6.71
21372,2021-10-26,圆茄子(2),7.96,12.0,1.113,6.71
21407,2021-10-27,圆茄子(2),7.96,14.0,0.939,6.71
21439,2021-10-28,圆茄子(2),8.3,14.0,0.48,6.71
21472,2021-10-29,圆茄子(2),7.95,14.0,1.161,6.71
21538,2021-10-31,圆茄子(2),6.78,14.0,0.509,6.71
21608,2021-11-02,圆茄子(2),7.03,14.0,2.199,6.71
21644,2021-11-03,圆茄子(2),7.64,14.0,0.416,6.71
21748,2021-11-06,圆茄子(2),7.64,14.0,0.96,6.71
21782,2021-11-07,圆茄子(2),7.64,14.0,1.977,6.71
22075,2021-11-16,圆茄子(2),7.59,12.0,0.443,6.71
22298,2021-11-23,圆茄子(2),7.18,14.0,0.888,6.71
22330,2021-11-24,圆茄子(2),8.29,14.0,0.516,6.71
22421,2021-11-27,圆茄子(2),8.29,14.0,0.666,6.71
22452,2021-11-28,圆茄子(2),8.26,14.0,0.867,6.71
