export/q3_2单品数据筛选.csv
,日期,单品名称,批发价格(元/千克)_否,销售单价(元/千克)_否,销量(千克)_否,损耗率(%)_否
2883,2020-09-12,芜湖青椒(1),6.64,12.0,13.668,5.7
9731,2021-02-08,芜湖青椒(1),8.86,12.0,147.665,5.7
9783,2021-02-09,芜湖青椒(1),8.86,14.0,219.734,5.7
9833,2021-02-10,芜湖青椒(1),8.86,16.0,249.974,5.7
9878,2021-02-13,芜湖青椒(1),8.86,16.0,50.97,5.7
9917,2021-02-14,芜湖青椒(1),8.85,16.0,9.552,5.7
9966,2021-02-15,芜湖青椒(1),8.84,10.0,85.206,5.7
10007,2021-02-16,芜湖青椒(1),8.84,10.0,80.675,5.700000000000001
10049,2021-02-17,芜湖青椒(1),8.84,8.0,79.221,5.7
10093,2021-02-18,芜湖青椒(1),8.84,7.6,62.014,5.7
10136,2021-02-19,芜湖青椒(1),7.05,5.0,78.806,5.7
10180,2021-02-20,芜湖青椒(1),3.29,6.0,84.219,5.7
10228,2021-02-21,芜湖青椒(1),3.63,7.0,54.828,5.7
10274,2021-02-22,芜湖青椒(1),3.66,7.0,44.965,5.7
10317,2021-02-23,芜湖青椒(1),3.67,6.0,61.144,5.7
10362,2021-02-24,芜湖青椒(1),3.5699999999999994,6.0,33.346,5.7
10408,2021-02-25,芜湖青椒(1),3.41,6.0,59.275,5.7
10455,2021-02-26,芜湖青椒(1),3.71,6.0,67.95,5.7
10495,2021-02-27,芜湖青椒(1),3.7,6.0,78.375,5.7
10536,2021-02-28,芜湖青椒(1),3.73,6.0,34.436,5.700000000000001
10586,2021-03-01,芜湖青椒(1),3.7000000000000006,5.599999999999999,37.047,5.7
10634,2021-03-02,芜湖青椒(1),3.71,5.6,31.58,5.7
10684,2021-03-03,芜湖青椒(1),3.9,5.0,22.575,5.7
10729,2021-03-04,芜湖青椒(1),3.2,4.0,72.44,5.7
10771,2021-03-05,芜湖青椒(1),3.04,4.0,63.547,5.7
10820,2021-03-06,芜湖青椒(1),2.96,4.6,97.965,5.7
10872,2021-03-07,芜湖青椒(1),3.01,4.6,84.667,5.7
10920,2021-03-08,芜湖青椒(1),2.92,5.0,47.093,5.7
10967,2021-03-09,芜湖青椒(1),2.93,5.0,34.903,5.7
11014,2021-03-10,芜湖青椒(1),2.96,5.0,30.263,5.7
11060,2021-03-11,芜湖青椒(1),2.99,5.0,27.87,5.7
11110,2021-03-12,芜湖青椒(1),3.15,4.0,72.119,5.7
11163,2021-03-13,芜湖青椒(1),3.04,4.0,66.488,5.7
11212,2021-03-14,芜湖青椒(1),2.99,4.0,89.007,5.7
11255,2021-03-15,芜湖青椒(1),2.95,4.0,66.587,5.7
11301,2021-03-16,芜湖青椒(1),2.91,4.0,56.788,5.7
11347,2021-03-17,芜湖青椒(1),2.81,4.0,50.584,5.7
11395,2021-03-18,芜湖青椒(1),2.62,4.6,50.86,5.7
11445,2021-03-19,芜湖青椒(1),3.16,4.6,41.273,5.7
11490,2021-03-20,芜湖青椒(1),3.22,4.6,81.981,5.7
11541,2021-03-21,芜湖青椒(1),3.19,4.6,83.79,5.7
11587,2021-03-22,芜湖青椒(1),3.11,4.0,51.239,5.7
11634,2021-03-23,芜湖青椒(1),3.22,4.6,44.415,5.7
11679,2021-03-24,芜湖青椒(1),3.23,5.6,28.033,5.7
11725,2021-03-25,芜湖青椒(1),4.06,6.0,30.723,5.7
11773,2021-03-26,芜湖青椒(1),4.31,6.0,42.361,5.7
11820,2021-03-27,芜湖青椒(1),4.66,6.0,48.114,5.7
11868,2021-03-28,芜湖青椒(1),4.49,6.0,53.165,5.7
11916,2021-03-29,芜湖青椒(1),4.29,6.0,44.902,5.7
11962,2021-03-30,芜湖青椒(1),4.44,6.0,37.043,5.7
12005,2021-03-31,芜湖青椒(1),4.32,6.0,43.48,5.7
12050,2021-04-01,芜湖青椒(1),4.1,6.0,36.656,5.7
12104,2021-04-02,芜湖青椒(1),4.08,6.0,51.559,5.7
12153,2021-04-03,芜湖青椒(1),3.96,6.0,62.915,5.7
12204,2021-04-04,芜湖青椒(1),3.770000000000001,6.0,66.277,5.7
12250,2021-04-05,芜湖青椒(1),3.82,4.0,85.561,5.7
12292,2021-04-06,芜湖青椒(1),3.76,4.0,26.808,5.7
12340,2021-04-07,芜湖青椒(1),3.7,6.0,39.233,5.700000000000001
12385,2021-04-08,芜湖青椒(1),3.7,5.6,28.051,5.7
12432,2021-04-09,芜湖青椒(1),3.7,5.6,26.78,5.7
12478,2021-04-10,芜湖青椒(1),3.91,6.0,58.05,5.7
12522,2021-04-11,芜湖青椒(1),4.19,6.0,66.878,5.7
12565,2021-04-12,芜湖青椒(1),4.09,6.0,15.82,5.7
12609,2021-04-13,芜湖青椒(1),4.41,6.0,32.195,5.7
12655,2021-04-14,芜湖青椒(1),4.63,6.0,28.417,5.7
12702,2021-04-15,芜湖青椒(1),4.69,6.0,26.874,5.7
12750,2021-04-16,芜湖青椒(1),4.69,5.6,29.198,5.7
12800,2021-04-17,芜湖青椒(1),4.67,5.6,4.194,5.700000000000001
12849,2021-04-18,芜湖青椒(1),4.47,5.2,79.583,5.7
12899,2021-04-19,芜湖青椒(1),4.21,6.0,30.569,5.7
12945,2021-04-20,芜湖青椒(1),4.2,6.0,42.696,5.7
12989,2021-04-21,芜湖青椒(1),4.12,6.0,34.1,5.7
13034,2021-04-22,芜湖青椒(1),4.03,6.0,25.972,5.7
13080,2021-04-23,芜湖青椒(1),4.07,6.0,26.595,5.7
13130,2021-04-24,芜湖青椒(1),4.15,6.0,54.921,5.7
13175,2021-04-25,芜湖青椒(1),4.11,6.0,35.924,5.7
13224,2021-04-26,芜湖青椒(1),3.79,6.0,40.089,5.7
13268,2021-04-27,芜湖青椒(1),4.0,6.0,33.231,5.7
13314,2021-04-28,芜湖青椒(1),4.0,6.0,30.578,5.7
13360,2021-04-29,芜湖青椒(1),4.1,6.0,36.559,5.7
13408,2021-04-30,芜湖青椒(1),4.25,6.941176470588236,28.011,5.7
13455,2021-05-01,芜湖青椒(1),4.47,7.0,51.77,5.7
13500,2021-05-02,芜湖青椒(1),4.46,7.0,48.895,5.7
13542,2021-05-03,芜湖青椒(1),5.18,8.0,53.554,5.7
13586,2021-05-04,芜湖青椒(1),5.55,8.0,22.129,5.7
13632,2021-05-05,芜湖青椒(1),6.15,8.0,37.902,5.7
13676,2021-05-06,芜湖青椒(1),6.06,6.0,41.586,5.7
13722,2021-05-07,芜湖青椒(1),5.76,6.0,53.632,5.7
13768,2021-05-08,芜湖青椒(1),5.28,6.0,42.365,5.7
13815,2021-05-09,芜湖青椒(1),4.82,6.0,66.127,5.7
13861,2021-05-10,芜湖青椒(1),3.93,5.017543859649122,41.488,5.7
13902,2021-05-11,芜湖青椒(1),3.44,4.0,23.618,5.7
13947,2021-05-12,芜湖青椒(1),3.32,4.0,20.502,5.7
13992,2021-05-13,芜湖青椒(1),4.77,4.0,19.599,5.7
14037,2021-05-14,芜湖青椒(1),3.1,3.6,26.736,5.7
14085,2021-05-15,芜湖青椒(1),2.69,4.0,34.525,5.7
14129,2021-05-16,芜湖青椒(1),2.39,3.6,100.877,5.7
14171,2021-05-17,芜湖青椒(1),2.25,3.6,61.15,5.7
14214,2021-05-18,芜湖青椒(1),2.36,3.6,55.477,5.7
14256,2021-05-19,芜湖青椒(1),2.41,3.2,50.797,5.7
14303,2021-05-20,芜湖青椒(1),2.41,4.0,40.383,5.7
14348,2021-05-21,芜湖青椒(1),2.4,4.0,4.119,5.7
14393,2021-05-22,芜湖青椒(1),2.84,3.4,67.247,5.7
14438,2021-05-23,芜湖青椒(1),2.78,3.4,103.061,5.7
14481,2021-05-24,芜湖青椒(1),2.66,3.4,32.455,5.7
14526,2021-05-25,芜湖青椒(1),2.69,3.6000000000000005,31.145,5.7
14569,2021-05-26,芜湖青椒(1),2.75,3.6,37.237,5.7
14615,2021-05-27,芜湖青椒(1),2.7,3.6,4.303,5.7
14658,2021-05-28,芜湖青椒(1),2.6499999999999995,3.2,46.071,5.700000000000001
14703,2021-05-29,芜湖青椒(1),2.65,3.2,78.189,5.7
14748,2021-05-30,芜湖青椒(1),2.53,2.8,70.004,5.7
14794,2021-05-31,芜湖青椒(1),2.23,2.6,35.271,5.7
14839,2021-06-01,芜湖青椒(1),2.12,2.6,52.295,5.7
14887,2021-06-02,芜湖青椒(1),2.02,2.0,72.251,5.7
14934,2021-06-03,芜湖青椒(1),1.96,2.0,57.1,5.7
14982,2021-06-04,芜湖青椒(1),1.92,2.6,31.67,5.7
15029,2021-06-05,芜湖青椒(1),1.77,3.0,50.281,5.7
15076,2021-06-06,芜湖青椒(1),1.73,2.6,45.468,5.7
15122,2021-06-07,芜湖青椒(1),1.79,2.6,37.331,5.7
15166,2021-06-08,芜湖青椒(1),1.85,2.6,30.431,5.7
15214,2021-06-09,芜湖青椒(1),1.72,2.6,24.07,5.7
15265,2021-06-10,芜湖青椒(1),1.67,2.0,29.559,5.7
15314,2021-06-11,芜湖青椒(1),1.67,2.0,39.864,5.7
15364,2021-06-12,芜湖青椒(1),1.6700000000000002,2.8,30.849,5.7
15413,2021-06-13,芜湖青椒(1),1.7,2.8,44.308,5.7
15458,2021-06-14,芜湖青椒(1),1.95,2.7999999999999994,37.866,5.7
15505,2021-06-15,芜湖青椒(1),1.94,2.8,24.872,5.7
15549,2021-06-16,芜湖青椒(1),1.92,2.8,26.134,5.7
15590,2021-06-17,芜湖青椒(1),1.89,2.8,26.314,5.7
15632,2021-06-18,芜湖青椒(1),1.89,2.8,22.607,5.7
15677,2021-06-19,芜湖青椒(1),1.92,2.8,49.81,5.7
15722,2021-06-20,芜湖青椒(1),1.85,3.0,47.558,5.7
15762,2021-06-21,芜湖青椒(1),2.04,3.0,31.343,5.7
15805,2021-06-22,芜湖青椒(1),2.11,3.2,25.917,5.7
15849,2021-06-23,芜湖青椒(1),2.12,3.2,27.017,5.7
15897,2021-06-24,芜湖青椒(1),2.33,3.2,16.323999999999998,5.7
15941,2021-06-25,芜湖青椒(1),2.29,3.2,18.716,5.7
15983,2021-06-26,芜湖青椒(1),2.14,3.4,43.285,5.7
16027,2021-06-27,芜湖青椒(1),2.4,3.4,46.928,5.7
16074,2021-06-28,芜湖青椒(1),2.67,3.4,24.703,5.7
16120,2021-06-29,芜湖青椒(1),2.66,3.3999999999999995,17.987,5.700000000000001
16166,2021-06-30,芜湖青椒(1),2.6,3.6,16.176000000000002,5.7
16213,2021-07-01,芜湖青椒(1),2.67,3.6,28.081,5.7
16259,2021-07-02,芜湖青椒(1),2.75,3.6,12.265,5.7
16310,2021-07-03,芜湖青椒(1),2.7400000000000007,4.0,35.583,5.700000000000001
16363,2021-07-04,芜湖青椒(1),2.86,4.0,25.103,5.7
16414,2021-07-05,芜湖青椒(1),2.91,4.0,17.064,5.7
16465,2021-07-06,芜湖青椒(1),2.86,4.0,15.028,5.7
16514,2021-07-07,芜湖青椒(1),2.87,4.0,14.549,5.7
16562,2021-07-08,芜湖青椒(1),2.870000000000001,4.0,19.599,5.7
16609,2021-07-09,芜湖青椒(1),2.76,5.0,11.39,5.7
16658,2021-07-10,芜湖青椒(1),3.91,5.0,29.496,5.7
16704,2021-07-11,芜湖青椒(1),4.04,5.0,18.538,5.7
16749,2021-07-12,芜湖青椒(1),4.33,6.0,28.381,5.7
16790,2021-07-13,芜湖青椒(1),4.3,6.0,2.276,5.7
16834,2021-07-14,芜湖青椒(1),4.22,6.0,19.414,5.7
16882,2021-07-15,芜湖青椒(1),4.26,6.0,21.641,5.7
16928,2021-07-16,芜湖青椒(1),4.36,6.0,40.907,5.7
16979,2021-07-17,芜湖青椒(1),4.19,6.0,37.842,5.7
17032,2021-07-18,芜湖青椒(1),4.07,6.0,43.381,5.7
17081,2021-07-19,芜湖青椒(1),4.3,6.0,22.758,5.7
17130,2021-07-20,芜湖青椒(1),4.32,6.0,24.951,5.7
17182,2021-07-21,芜湖青椒(1),4.45,6.0,35.874,5.7
17236,2021-07-22,芜湖青椒(1),4.52,6.0,41.893,5.7
17284,2021-07-23,芜湖青椒(1),4.53,6.0,23.846,5.7
17331,2021-07-24,芜湖青椒(1),4.27,6.0,53.437,5.7
17378,2021-07-25,芜湖青椒(1),4.03,5.8,41.309,5.7
17421,2021-07-26,芜湖青椒(1),4.26,5.8,31.341,5.7
17462,2021-07-27,芜湖青椒(1),4.25,5.8,31.935,5.7
17510,2021-07-28,芜湖青椒(1),4.32,5.8,40.612,5.7
17559,2021-07-29,芜湖青椒(1),4.24,5.8,15.506,5.7
17605,2021-07-30,芜湖青椒(1),4.39,7.0,32.3,5.7
17655,2021-07-31,芜湖青椒(1),4.94,8.0,32.234,5.7
17702,2021-08-01,芜湖青椒(1),5.26,8.0,7.853,5.7
17746,2021-08-02,芜湖青椒(1),5.73,8.0,4.3100000000000005,5.7
17792,2021-08-03,芜湖青椒(1),6.12,8.0,4.008,5.7
17838,2021-08-04,芜湖青椒(1),5.22,8.0,7.952,5.7
17882,2021-08-05,芜湖青椒(1),5.24,8.0,2.427,5.7
17929,2021-08-06,芜湖青椒(1),5.35,7.0,23.612,5.7
17974,2021-08-07,芜湖青椒(1),5.25,6.0,42.926,5.7
18018,2021-08-08,芜湖青椒(1),4.73,6.0,33.754,5.7
18062,2021-08-09,芜湖青椒(1),3.7,5.0,36.92,5.7
18106,2021-08-10,芜湖青椒(1),3.46,5.0,42.506,5.7
18150,2021-08-11,芜湖青椒(1),3.35,5.0,35.612,5.7
18195,2021-08-12,芜湖青椒(1),3.88,6.0,58.938,5.7
18244,2021-08-13,芜湖青椒(1),4.59,6.0,53.085,5.7
18288,2021-08-14,芜湖青椒(1),4.4,6.0,70.93299999999999,5.7
18331,2021-08-15,芜湖青椒(1),4.47,6.0,49.154,5.7
18372,2021-08-16,芜湖青椒(1),4.47,7.0,27.723,5.7
18414,2021-08-17,芜湖青椒(1),4.83,7.0,37.682,5.7
18456,2021-08-18,芜湖青椒(1),5.08,7.0,32.368,5.7
18499,2021-08-19,芜湖青椒(1),5.26,6.0,33.514,5.7
18545,2021-08-20,芜湖青椒(1),5.35,6.0,31.483,5.7
18594,2021-08-21,芜湖青椒(1),4.99,6.0,32.592,5.7
18638,2021-08-22,芜湖青椒(1),4.5,6.0,60.347,5.7
18679,2021-08-23,芜湖青椒(1),4.21,6.0,2.014,5.7
18724,2021-08-24,芜湖青椒(1),2.3,4.0,35.236,5.7
18768,2021-08-25,芜湖青椒(1),2.55,4.0,36.323,5.7
18812,2021-08-26,芜湖青椒(1),2.64,4.0,36.27,5.7
18856,2021-08-27,芜湖青椒(1),2.9,4.0,44.934,5.7
18902,2021-08-28,芜湖青椒(1),2.96,4.0,41.349,5.7
18951,2021-08-29,芜湖青椒(1),3.1,4.0,57.434,5.7
19000,2021-08-30,芜湖青椒(1),3.14,4.0,41.602,5.7
19048,2021-08-31,芜湖青椒(1),3.21,4.0,39.277,5.7
19095,2021-09-01,芜湖青椒(1),4.2,6.0,26.445,5.7
19142,2021-09-02,芜湖青椒(1),4.44,6.0,24.285,5.7
19191,2021-09-03,芜湖青椒(1),4.66,6.0,21.919,5.7
19240,2021-09-04,芜湖青椒(1),4.76,6.0,59.793,5.7
19289,2021-09-05,芜湖青椒(1),4.8,7.0,34.059,5.700000000000001
19337,2021-09-06,芜湖青椒(1),4.82,7.0,28.018,5.7
19386,2021-09-07,芜湖青椒(1),5.17,7.0,28.579,5.7
19436,2021-09-08,芜湖青椒(1),5.14,9.0,20.324,5.7
19485,2021-09-09,芜湖青椒(1),5.78,9.0,26.335,5.7
19533,2021-09-10,芜湖青椒(1),6.89,9.0,17.725,5.700000000000001
19581,2021-09-11,芜湖青椒(1),6.83,9.0,34.222,5.700000000000001
19629,2021-09-12,芜湖青椒(1),6.63,8.0,32.012,5.7
19670,2021-09-13,芜湖青椒(1),5.61,8.0,30.819,5.7
19712,2021-09-14,芜湖青椒(1),5.92,8.0,20.169,5.700000000000001
19757,2021-09-15,芜湖青椒(1),5.4,9.0,15.272,5.7
19801,2021-09-16,芜湖青椒(1),5.4,9.0,12.133,5.7
19848,2021-09-17,芜湖青椒(1),6.12,9.0,13.005,5.7
19893,2021-09-18,芜湖青椒(1),6.57,9.0,20.327,5.7
19942,2021-09-19,芜湖青椒(1),6.34,9.0,43.134,5.7
19991,2021-09-20,芜湖青椒(1),5.79,9.0,48.36,5.7
20040,2021-09-21,芜湖青椒(1),6.05,9.0,8.73,5.7
20090,2021-09-22,芜湖青椒(1),6.36,8.0,29.296,5.7
20137,2021-09-23,芜湖青椒(1),6.5,8.0,27.009,5.7
20182,2021-09-24,芜湖青椒(1),6.8,9.0,4.343,5.7
20224,2021-09-25,芜湖青椒(1),6.64,8.866666666666667,4.765,5.7
20263,2021-09-26,芜湖青椒(1),6.61,8.0,24.486,5.7
20304,2021-09-27,芜湖青椒(1),5.54,8.0,19.135,5.7
20342,2021-09-28,芜湖青椒(1),5.58,8.0,20.721,5.7
20384,2021-09-29,芜湖青椒(1),5.68,6.0,30.537,5.7
20419,2021-09-30,芜湖青椒(1),5.24,6.0,21.736,5.7
20457,2021-10-01,芜湖青椒(1),4.62,6.0,45.483,5.7
20491,2021-10-02,芜湖青椒(1),3.67,5.0,45.361,5.7
20530,2021-10-03,芜湖青椒(1),3.29,5.0,19.903,5.7
20566,2021-10-04,芜湖青椒(1),3.02,4.0,42.81,5.7
20604,2021-10-05,芜湖青椒(1),3.0,4.0,42.559,5.7
20644,2021-10-06,芜湖青椒(1),3.01,4.0,53.288,5.7
20682,2021-10-07,芜湖青椒(1),3.08,4.0,45.664,5.7
20720,2021-10-08,芜湖青椒(1),3.15,4.0,49.103,5.7
20757,2021-10-09,芜湖青椒(1),3.21,4.0,46.116,5.7
20794,2021-10-10,芜湖青椒(1),3.18,4.0,78.857,5.7
20829,2021-10-11,芜湖青椒(1),2.9300000000000006,4.0,41.774,5.7
20866,2021-10-12,芜湖青椒(1),2.74,4.0,39.552,5.7
20903,2021-10-13,芜湖青椒(1),2.93,4.0,30.462,5.7
20939,2021-10-14,芜湖青椒(1),2.97,5.0,22.217,5.7
20980,2021-10-15,芜湖青椒(1),3.02,6.0,28.463,5.7
21021,2021-10-16,芜湖青椒(1),3.74,6.0,56.756,5.7
21063,2021-10-17,芜湖青椒(1),4.18,6.0,50.592,5.7
21103,2021-10-18,芜湖青椒(1),4.29,6.0,26.567,5.7
21138,2021-10-19,芜湖青椒(1),4.7,6.0,31.366,5.7
21176,2021-10-20,芜湖青椒(1),4.74,8.0,29.213,5.7
21212,2021-10-21,芜湖青椒(1),4.74,9.0,13.594,5.7
21247,2021-10-22,芜湖青椒(1),5.26,8.0,18.106,5.7
21281,2021-10-23,芜湖青椒(1),5.99,8.0,35.077,5.7
21315,2021-10-24,芜湖青椒(1),6.79,8.0,25.83,5.7
21351,2021-10-25,芜湖青椒(1),6.74,8.0,18.786,5.7
21385,2021-10-26,芜湖青椒(1),6.51,10.0,20.516,5.700000000000001
21419,2021-10-27,芜湖青椒(1),6.51,10.0,23.173,5.7
21452,2021-10-28,芜湖青椒(1),7.109999999999999,11.0,15.323,5.7
21483,2021-10-29,芜湖青椒(1),7.31,12.0,15.218,5.7
21516,2021-10-30,芜湖青椒(1),7.52,12.0,14.9,5.7
21554,2021-10-31,芜湖青椒(1),7.71,12.0,22.327,5.7
21586,2021-11-01,芜湖青椒(1),8.34,11.0,16.131999999999998,5.7
21622,2021-11-02,芜湖青椒(1),9.17,12.0,18.231,5.7
21657,2021-11-03,芜湖青椒(1),8.15,12.0,19.697,5.7
21690,2021-11-04,芜湖青椒(1),8.63,12.0,15.044,5.7
21725,2021-11-05,芜湖青椒(1),8.15,12.0,12.116,5.7
21760,2021-11-06,芜湖青椒(1),8.08,12.0,19.176,5.7
21793,2021-11-07,芜湖青椒(1),7.79,12.0,31.767,5.7
21829,2021-11-08,芜湖青椒(1),8.93,12.0,18.308,5.7
21862,2021-11-09,芜湖青椒(1),8.14,12.0,17.034,5.7
21893,2021-11-10,芜湖青椒(1),8.05,12.0,13.39,5.7
21926,2021-11-11,芜湖青椒(1),8.06,12.0,10.485,5.7
21958,2021-11-12,芜湖青椒(1),8.18,12.0,17.595,5.7
21991,2021-11-13,芜湖青椒(1),8.1,12.0,20.74,5.7
22023,2021-11-14,芜湖青椒(1),7.940000000000001,10.0,29.229,5.7
22054,2021-11-15,芜湖青椒(1),7.19,10.0,23.385,5.7
22086,2021-11-16,芜湖青椒(1),7.51,10.0,15.864,5.7
22117,2021-11-17,芜湖青椒(1),7.839999999999999,11.0,10.139,5.7
22149,2021-11-18,芜湖青椒(1),8.0,11.0,4.718,5.7
22182,2021-11-19,芜湖青椒(1),7.97,11.0,7.966,5.7
22214,2021-11-20,芜湖青椒(1),7.65,10.0,22.621,5.7
22247,2021-11-21,芜湖青椒(1),7.86,10.0,17.085,5.7
22278,2021-11-22,芜湖青椒(1),8.04,10.0,15.301,5.7
22309,2021-11-23,芜湖青椒(1),7.970000000000001,10.0,13.112,5.7
22340,2021-11-24,芜湖青椒(1),8.4,10.0,13.125,5.7
22369,2021-11-25,芜湖青椒(1),8.32,12.0,12.127,5.7
22401,2021-11-26,芜湖青椒(1),8.08,12.0,8.971,5.7
22431,2021-11-27,芜湖青椒(1),7.660000000000001,11.2,26.175,5.7
3143,2020-09-18,西峡花菇(1),14.0,23.6,0.195,10.8
3550,2020-09-27,西峡花菇(1),17.1,27.6,1.308,10.8
3595,2020-09-28,西峡花菇(1),17.1,27.6,0.163,10.8
6017,2020-11-22,西峡花菇(1),12.0,19.8,44.844,10.8
6059,2020-11-23,西峡花菇(1),12.0,19.8,17.55,10.8
6102,2020-11-24,西峡花菇(1),12.0,19.8,14.653,10.8
6147,2020-11-25,西峡花菇(1),12.05,19.8,17.311,10.8
6190,2020-11-26,西峡花菇(1),12.05,21.8,8.325,10.8
6235,2020-11-27,西峡花菇(1),12.05,21.8,11.599,10.8
6284,2020-11-28,西峡花菇(1),12.05,19.8,21.584,10.8
6330,2020-11-29,西峡花菇(1),12.77,19.8,27.072,10.8
6378,2020-11-30,西峡花菇(1),13.04,21.8,0.743,10.8
6423,2020-12-01,西峡花菇(1),13.0,21.8,0.17,10.8
6470,2020-12-02,西峡花菇(1),12.99,21.8,0.395,10.8
8731,2021-01-18,西峡花菇(1),14.0,21.8,1.17,10.800000000000002
8779,2021-01-19,西峡花菇(1),14.0,21.8,3.216,10.8
8827,2021-01-20,西峡花菇(1),14.0,21.8,3.643,10.8
8875,2021-01-21,西峡花菇(1),14.0,21.8,3.174,10.8
8923,2021-01-22,西峡花菇(1),14.0,21.8,19.915,10.8
8968,2021-01-23,西峡花菇(1),14.0,21.8,30.122,10.800000000000002
9016,2021-01-24,西峡花菇(1),14.0,21.8,29.017,10.8
9063,2021-01-25,西峡花菇(1),14.65,21.8,19.002,10.8
9154,2021-01-27,西峡花菇(1),15.0,21.8,5.628,10.800000000000002
9201,2021-01-28,西峡花菇(1),15.02,21.8,16.274,10.8
9249,2021-01-29,西峡花菇(1),15.05,21.8,20.616,10.8
9297,2021-01-30,西峡花菇(1),15.05,21.8,22.342,10.8
9346,2021-01-31,西峡花菇(1),15.04,21.8,27.923,10.8
9395,2021-02-01,西峡花菇(1),15.18,21.8,18.91,10.8
9442,2021-02-02,西峡花菇(1),15.24,21.8,18.576,10.8
9491,2021-02-03,西峡花菇(1),15.239999999999998,21.8,24.234,10.8
9540,2021-02-04,西峡花菇(1),15.11,21.8,29.841,10.8
9589,2021-02-05,西峡花菇(1),15.05,21.8,30.669,10.8
9641,2021-02-06,西峡花菇(1),15.05,21.8,32.56,10.8
9692,2021-02-07,西峡花菇(1),15.04,21.8,37.856,10.8
9743,2021-02-08,西峡花菇(1),14.41,19.8,61.175,10.8
9794,2021-02-09,西峡花菇(1),13.68,19.8,98.563,10.8
9846,2021-02-10,西峡花菇(1),14.09,21.8,125.417,10.8
9885,2021-02-13,西峡花菇(1),14.38,21.8,11.475,10.8
9928,2021-02-14,西峡花菇(1),14.38,19.8,21.042,10.8
9975,2021-02-15,西峡花菇(1),14.38,21.8,32.607,10.8
10016,2021-02-16,西峡花菇(1),13.98,21.8,24.503,10.8
10059,2021-02-17,西峡花菇(1),14.38,21.8,24.259,10.8
10103,2021-02-18,西峡花菇(1),14.38,21.8,3.688,10.8
10147,2021-02-19,西峡花菇(1),14.240000000000002,21.8,15.572,10.8
10191,2021-02-20,西峡花菇(1),14.0,21.8,16.333,10.8
10238,2021-02-21,西峡花菇(1),14.0,21.8,13.512,10.8
10284,2021-02-22,西峡花菇(1),14.0,21.8,10.32,10.8
10327,2021-02-23,西峡花菇(1),14.0,21.8,9.269,10.800000000000002
10372,2021-02-24,西峡花菇(1),14.0,21.8,15.442,10.8
10419,2021-02-25,西峡花菇(1),14.0,21.8,11.155,10.8
10463,2021-02-26,西峡花菇(1),13.17,21.8,20.508,10.8
10503,2021-02-27,西峡花菇(1),13.0,21.8,13.47,10.8
10547,2021-02-28,西峡花菇(1),12.5,21.8,3.993,10.8
10597,2021-03-01,西峡花菇(1),14.0,21.8,1.266,10.800000000000002
10645,2021-03-02,西峡花菇(1),14.02,21.8,0.174,10.8
11069,2021-03-11,西峡花菇(1),12.6,21.8,12.051,10.8
11120,2021-03-12,西峡花菇(1),12.6,21.8,12.899,10.8
