export/q3_2单品数据筛选.csv
,日期,单品名称,批发价格(元/千克)_否,销售单价(元/千克)_否,销量(千克)_否,损耗率(%)_否
9301,2021-01-30,长线茄,10.32,16.0,7.954,6.9
9349,2021-01-31,长线茄,10.32,16.0,4.399,6.900000000000001
9398,2021-02-01,长线茄,10.32,16.0,2.183,6.9
9446,2021-02-02,长线茄,10.41,16.0,6.871,6.9
9494,2021-02-03,长线茄,10.47,16.0,3.36,6.9
9544,2021-02-04,长线茄,10.43,16.0,6.833,6.9
9593,2021-02-05,长线茄,10.43,16.0,8.605,6.9
9644,2021-02-06,长线茄,10.43,16.0,8.055,6.9
9695,2021-02-07,长线茄,12.52,18.0,11.208,6.9
9746,2021-02-08,长线茄,12.87,18.0,12.475,6.9
9797,2021-02-09,长线茄,12.42,18.0,4.299,6.9
9849,2021-02-10,长线茄,12.42,19.8,0.843,6.9
10150,2021-02-19,长线茄,12.42,19.8,2.364,6.9
10195,2021-02-20,长线茄,13.570000000000002,19.8,1.966,6.9
10241,2021-02-21,长线茄,14.41,19.8,3.38,6.9
10287,2021-02-22,长线茄,14.41,19.8,1.193,6.9
10330,2021-02-23,长线茄,14.41,18.0,2.204,6.9
15373,2021-06-12,长线茄,3.0,18.0,1.668,6.9
15422,2021-06-13,长线茄,3.0,18.0,3.4770000000000003,6.9
15467,2021-06-14,长线茄,3.01,4.0,8.996,6.9
16268,2021-07-02,长线茄,2.19,4.0,9.249,6.9
16425,2021-07-05,长线茄,2.22,4.0,15.003,6.9
16475,2021-07-06,长线茄,2.22,4.0,13.465,6.9
16523,2021-07-07,长线茄,2.21,4.0,9.573,6.9
16572,2021-07-08,长线茄,2.21,4.0,12.966,6.9
16618,2021-07-09,长线茄,2.19,4.0,10.276,6.9
16668,2021-07-10,长线茄,2.2,4.0,18.746,6.9
16713,2021-07-11,长线茄,2.22,4.0,23.821,6.9
16759,2021-07-12,长线茄,2.28,4.0,3.468,6.9
16799,2021-07-13,长线茄,2.33,4.0,5.6530000000000005,6.900000000000001
16847,2021-07-14,长线茄,2.27,4.0,11.232,6.9
16892,2021-07-15,长线茄,2.94,5.0,8.715,6.9
16940,2021-07-16,长线茄,3.15,5.0,8.536,6.9
16990,2021-07-17,长线茄,3.12,5.0,8.777000000000001,6.9
17044,2021-07-18,长线茄,3.1,5.0,9.738,6.9
17090,2021-07-19,长线茄,3.11,5.0,9.399,6.9
17140,2021-07-20,长线茄,3.12,5.0,6.125,6.9
17195,2021-07-21,长线茄,3.12,5.0,7.791,6.9
17246,2021-07-22,长线茄,3.11,7.0,5.603,6.9
17295,2021-07-23,长线茄,3.63,7.0,7.037,6.9
17342,2021-07-24,长线茄,4.62,6.0,15.818,6.9
17387,2021-07-25,长线茄,4.6,6.0,4.295,6.9
17470,2021-07-27,长线茄,4.2,7.0,7.415,6.9
17520,2021-07-28,长线茄,4.0,7.0,1.38,6.900000000000001
17567,2021-07-29,长线茄,2.59,4.0,50.208,6.9
17615,2021-07-30,长线茄,2.23,4.0,16.795,6.9
17664,2021-07-31,长线茄,2.26,3.6,9.608,6.9
17711,2021-08-01,长线茄,2.37,3.6,6.2090000000000005,6.9
17755,2021-08-02,长线茄,2.54,6.0,13.343,6.9
17801,2021-08-03,长线茄,3.38,6.0,6.445,6.9
17845,2021-08-04,长线茄,3.97,6.0,15.721,6.9
17891,2021-08-05,长线茄,3.96,6.0,13.341,6.9
17938,2021-08-06,长线茄,3.96,6.0,11.329,6.9
17983,2021-08-07,长线茄,3.65,6.0,9.315,6.9
18027,2021-08-08,长线茄,3.37,5.0,9.434,6.9
18071,2021-08-09,长线茄,3.13,5.0,18.126,6.9
18114,2021-08-10,长线茄,2.51,5.0,7.298,6.9
18158,2021-08-11,长线茄,2.5,5.0,6.715,6.9
18204,2021-08-12,长线茄,2.56,5.0,19.7,6.9
18253,2021-08-13,长线茄,2.94,4.0,17.247,6.9
18297,2021-08-14,长线茄,1.62,4.0,16.19,6.9
18339,2021-08-15,长线茄,1.7600000000000002,4.0,16.543,6.9
18382,2021-08-16,长线茄,2.54,5.0,11.898,6.9
18422,2021-08-17,长线茄,3.08,5.0,11.676,6.9
18464,2021-08-18,长线茄,4.64,7.0,10.605,6.9
18508,2021-08-19,长线茄,3.6,6.0,12.401,6.9
18553,2021-08-20,长线茄,4.73,6.0,1.242,6.900000000000001
18602,2021-08-21,长线茄,3.91,6.0,23.897,6.9
18646,2021-08-22,长线茄,4.53,6.0,9.515,6.9
18687,2021-08-23,长线茄,4.52,7.0,6.38,6.9
18732,2021-08-24,长线茄,4.28,7.0,5.991,6.900000000000001
18776,2021-08-25,长线茄,4.0,7.0,6.942,6.9
18821,2021-08-26,长线茄,4.2,7.0,10.807,6.9
18865,2021-08-27,长线茄,3.88,9.0,6.016,6.9
18912,2021-08-28,长线茄,5.41,9.0,10.927,6.900000000000001
18961,2021-08-29,长线茄,6.19,9.0,17.995,6.9
19009,2021-08-30,长线茄,6.23,9.0,8.428,6.9
19057,2021-08-31,长线茄,6.33,10.0,6.235,6.9
19104,2021-09-01,长线茄,6.33,10.0,7.509,6.9
19151,2021-09-02,长线茄,5.12,10.0,7.911,6.9
19201,2021-09-03,长线茄,5.13,10.0,5.363,6.9
19250,2021-09-04,长线茄,5.13,10.0,8.414,6.9
19298,2021-09-05,长线茄,4.97,10.0,7.191,6.9
19348,2021-09-06,长线茄,5.8,10.0,5.2620000000000005,6.9
19396,2021-09-07,长线茄,5.12,8.0,1.043,6.9
19446,2021-09-08,长线茄,5.12,8.0,3.003,6.9
19494,2021-09-09,长线茄,5.11,8.0,1.948,6.900000000000001
19542,2021-09-10,长线茄,5.01,8.0,5.702,6.900000000000001
19590,2021-09-11,长线茄,4.52,8.0,4.761,6.9
19638,2021-09-12,长线茄,4.37,8.0,10.253,6.900000000000001
19678,2021-09-13,长线茄,4.28,8.0,12.188,6.9
19722,2021-09-14,长线茄,4.39,8.0,8.77,6.9
19767,2021-09-15,长线茄,4.34,8.0,10.088,6.9
19811,2021-09-16,长线茄,4.32,8.0,10.843,6.900000000000001
19858,2021-09-17,长线茄,4.22,8.0,3.993,6.9
19904,2021-09-18,长线茄,4.2,8.0,5.931,6.9
19953,2021-09-19,长线茄,4.16,8.0,9.287,6.9
20003,2021-09-20,长线茄,3.97,8.0,14.236,6.9
20052,2021-09-21,长线茄,3.81,8.0,14.047,6.9
20101,2021-09-22,长线茄,3.69,8.0,9.839,6.9
20147,2021-09-23,长线茄,3.69,8.0,5.025,6.900000000000001
20193,2021-09-24,长线茄,4.18,8.0,7.541,6.9
20235,2021-09-25,长线茄,4.3,8.0,9.235,6.9
20274,2021-09-26,长线茄,3.9,8.0,10.53,6.9
20314,2021-09-27,长线茄,2.6699999999999995,8.0,2.274,6.9
20353,2021-09-28,长线茄,3.4100000000000006,6.0,6.077,6.9
20394,2021-09-29,长线茄,3.85,7.0,4.34,6.900000000000001
20429,2021-09-30,长线茄,3.05,7.0,5.791,6.9
20466,2021-10-01,长线茄,3.96,7.0,7.716,6.9
20501,2021-10-02,长线茄,4.04,7.0,9.627,6.9
20540,2021-10-03,长线茄,3.2400000000000007,7.0,9.543,6.9
20577,2021-10-04,长线茄,5.55,8.0,8.242,6.9
20614,2021-10-05,长线茄,5.15,9.0,7.614,6.9
20656,2021-10-06,长线茄,5.46,8.0,8.077,6.9
20693,2021-10-07,长线茄,6.4,10.0,5.352,6.9
20731,2021-10-08,长线茄,6.4,10.0,7.868,6.9
20768,2021-10-09,长线茄,6.16,10.0,4.536,6.900000000000001
20806,2021-10-10,长线茄,6.11,10.0,10.832,6.9
20841,2021-10-11,长线茄,5.28,8.0,3.932,6.9
20878,2021-10-12,长线茄,4.62,10.0,4.858,6.9
20915,2021-10-13,长线茄,4.62,10.0,3.213,6.9
20951,2021-10-14,长线茄,5.55,10.0,4.357,6.9
20992,2021-10-15,长线茄,5.62,14.0,0.315,6.9
21033,2021-10-16,长线茄,5.49,14.0,1.483,6.9
21075,2021-10-17,长线茄,5.38,16.0,1.949,6.9
21114,2021-10-18,长线茄,5.38,16.0,3.052,6.9
21151,2021-10-19,长线茄,5.38,16.0,2.2,6.900000000000001
21188,2021-10-20,长线茄,6.46,16.0,1.987,6.9
21224,2021-10-21,长线茄,7.5,18.0,3.302,6.9
21257,2021-10-22,长线茄,7.489999999999999,18.0,1.616,6.900000000000001
21293,2021-10-23,长线茄,9.49,18.0,2.84,6.9
21327,2021-10-24,长线茄,11.31,18.0,2.317,6.900000000000001
21362,2021-10-25,长线茄,13.43,18.0,1.676,6.9
21397,2021-10-26,长线茄,13.44,18.0,1.921,6.9
21429,2021-10-27,长线茄,13.52,19.8,1.708,6.9
21462,2021-10-28,长线茄,14.45,19.8,0.8180000000000001,6.9
21494,2021-10-29,长线茄,14.45,16.0,1.542,6.9
21527,2021-10-30,长线茄,14.449999999999998,12.0,3.186,6.900000000000001
21565,2021-10-31,长线茄,10.8,14.0,3.661,6.9
21598,2021-11-01,长线茄,7.06,14.0,2.0490000000000004,6.9
21634,2021-11-02,长线茄,7.06,14.0,1.44,6.9
21668,2021-11-03,长线茄,7.06,14.0,2.528,6.900000000000001
21701,2021-11-04,长线茄,7.06,14.0,1.985,6.9
21736,2021-11-05,长线茄,7.06,14.0,0.208,6.9
21771,2021-11-06,长线茄,7.06,14.0,0.215,6.9
21803,2021-11-07,长线茄,8.22,14.0,0.866,6.9
21838,2021-11-08,长线茄,10.4,14.0,0.143,6.9
21936,2021-11-11,长线茄,9.38,14.0,0.817,6.9
21968,2021-11-12,长线茄,9.38,14.0,3.941,6.9
22000,2021-11-13,长线茄,7.37,14.0,2.135,6.900000000000001
22033,2021-11-14,长线茄,8.85,14.0,6.612,6.9
22064,2021-11-15,长线茄,8.85,14.0,1.763,6.9
22095,2021-11-16,长线茄,8.85,14.0,1.397,6.900000000000001
22127,2021-11-17,长线茄,8.89,14.0,1.899,6.9
22159,2021-11-18,长线茄,8.89,14.0,0.989,6.900000000000001
22191,2021-11-19,长线茄,8.88,14.0,2.013,6.9
22225,2021-11-20,长线茄,8.85,14.0,3.44,6.9
22258,2021-11-21,长线茄,8.8,14.0,2.851,6.9
22288,2021-11-22,长线茄,8.8,14.0,2.155,6.9
22319,2021-11-23,长线茄,9.37,14.0,2.135,6.9
22349,2021-11-24,长线茄,9.37,14.0,4.099,6.9
22379,2021-11-25,长线茄,9.48,14.0,3.308,6.9
22411,2021-11-26,长线茄,9.49,14.0,1.197,6.9
22441,2021-11-27,长线茄,9.49,14.0,0.773,6.9
18887,2021-08-28,小青菜(1),5.02,7.0,7.861,10.33
18985,2021-08-30,小青菜(1),5.51,8.0,8.253,10.33
19034,2021-08-31,小青菜(1),5.89,8.0,8.041,10.33
19081,2021-09-01,小青菜(1),6.05,10.0,8.051,10.33
19127,2021-09-02,小青菜(1),6.04,10.0,3.416,10.33
19176,2021-09-03,小青菜(1),6.0,10.0,6.274,10.33
19225,2021-09-04,小青菜(1),6.04,10.0,7.735,10.33
19275,2021-09-05,小青菜(1),6.06,10.0,6.788,10.33
19323,2021-09-06,小青菜(1),6.22,10.0,9.23,10.33
19373,2021-09-07,小青菜(1),6.42,10.0,7.643,10.33
19421,2021-09-08,小青菜(1),6.53,10.0,8.125,10.33
19469,2021-09-09,小青菜(1),6.44,10.0,7.493,10.33
19518,2021-09-10,小青菜(1),6.04,10.0,4.027,10.33
19565,2021-09-11,小青菜(1),6.05,10.0,9.197,10.33
19615,2021-09-12,小青菜(1),6.06,10.0,7.623,10.33
19658,2021-09-13,小青菜(1),5.070000000000001,8.0,6.759,10.33
19699,2021-09-14,小青菜(1),5.06,8.0,8.583,10.33
19743,2021-09-15,小青菜(1),5.48,10.0,4.269,10.33
19788,2021-09-16,小青菜(1),5.28,10.0,2.66,10.33
19833,2021-09-17,小青菜(1),5.03,8.0,5.452,10.33
19879,2021-09-18,小青菜(1),4.6,8.0,7.726,10.33
19926,2021-09-19,小青菜(1),4.11,8.0,13.304,10.33
19975,2021-09-20,小青菜(1),4.05,8.0,9.61,10.33
20024,2021-09-21,小青菜(1),3.9500000000000006,8.0,9.801,10.33
20073,2021-09-22,小青菜(1),3.54,8.0,7.7,10.33
20120,2021-09-23,小青菜(1),3.56,8.0,3.996,10.33
20166,2021-09-24,小青菜(1),3.55,8.0,6.494,10.33
20211,2021-09-25,小青菜(1),3.55,8.0,9.12,10.33
20252,2021-09-26,小青菜(1),3.79,8.0,5.013,10.33
20293,2021-09-27,小青菜(1),4.06,8.0,8.127,10.33
20331,2021-09-28,小青菜(1),4.04,8.0,4.876,10.33
20372,2021-09-29,小青菜(1),3.65,8.0,5.453,10.33
20410,2021-09-30,小青菜(1),3.54,8.0,4.159,10.33
20447,2021-10-01,小青菜(1),3.55,8.0,5.403,10.33
20482,2021-10-02,小青菜(1),3.55,8.0,7.3,10.33
20519,2021-10-03,小青菜(1),3.54,8.0,7.336,10.33
20556,2021-10-04,小青菜(1),4.53,8.0,5.956,10.33
20594,2021-10-05,小青菜(1),4.56,7.0,8.017,10.33
20631,2021-10-06,小青菜(1),4.56,8.0,7.838999999999999,10.33
20671,2021-10-07,小青菜(1),4.54,8.0,9.446,10.33
20709,2021-10-08,小青菜(1),4.54,8.0,9.262,10.33
20745,2021-10-09,小青菜(1),4.56,8.0,7.349,10.33
20783,2021-10-10,小青菜(1),4.54,8.0,7.46,10.33
20819,2021-10-11,小青菜(1),4.54,8.0,8.216,10.33
20855,2021-10-12,小青菜(1),4.54,8.0,8.429,10.33
20893,2021-10-13,小青菜(1),5.04,8.0,7.236,10.33
20928,2021-10-14,小青菜(1),5.56,9.0,2.289,10.33
20965,2021-10-15,小青菜(1),5.5600000000000005,9.0,5.19,10.33
21009,2021-10-16,小青菜(1),5.54,9.0,14.221,10.33
21050,2021-10-17,小青菜(1),5.92,9.0,12.43,10.33
21165,2021-10-20,小青菜(1),5.55,9.0,5.548,10.33
21203,2021-10-21,小青菜(1),5.27,8.0,6.57,10.33
21238,2021-10-22,小青菜(1),5.17,8.0,7.966,10.33
21270,2021-10-23,小青菜(1),5.52,8.0,10.076,10.33
21306,2021-10-24,小青菜(1),5.54,8.0,7.024,10.33
21342,2021-10-25,小青菜(1),5.55,8.0,2.474,10.33
21375,2021-10-26,小青菜(1),5.54,8.0,6.519,10.33
21409,2021-10-27,小青菜(1),5.54,8.0,9.75,10.33
21442,2021-10-28,小青菜(1),5.44,8.0,3.354,10.33
21476,2021-10-29,小青菜(1),5.0,8.0,6.433,10.33
21507,2021-10-30,小青菜(1),4.03,6.0,21.027,10.33
21543,2021-10-31,小青菜(1),3.48,6.0,4.801,10.33
21578,2021-11-01,小青菜(1),3.3199999999999994,6.0,4.598,10.33
21613,2021-11-02,小青菜(1),3.32,6.0,5.084,10.33
21649,2021-11-03,小青菜(1),3.33,6.0,3.322,10.33
21680,2021-11-04,小青菜(1),3.2999999999999994,6.0,9.532,10.33
21717,2021-11-05,小青菜(1),2.9,4.0,16.418,10.33
21752,2021-11-06,小青菜(1),2.0,4.0,9.698,10.33
21786,2021-11-07,小青菜(1),2.0,4.0,5.0520000000000005,10.33
21820,2021-11-08,小青菜(1),2.21,5.0,5.222,10.33
21853,2021-11-09,小青菜(1),2.58,6.0,3.556,10.33
21885,2021-11-10,小青菜(1),3.49,6.0,5.758,10.33
21917,2021-11-11,小青菜(1),3.5400000000000005,7.0,4.411,10.33
21951,2021-11-12,小青菜(1),3.76,7.0,5.245,10.33
21983,2021-11-13,小青菜(1),4.36,7.0,6.293,10.33
22015,2021-11-14,小青菜(1),4.35,7.0,9.154,10.33
22047,2021-11-15,小青菜(1),4.45,7.0,2.284,10.33
22079,2021-11-16,小青菜(1),4.53,8.0,2.324,10.33
22108,2021-11-17,小青菜(1),4.86,8.0,1.735,10.33
22142,2021-11-18,小青菜(1),5.0,8.0,4.4350000000000005,10.33
22174,2021-11-19,小青菜(1),5.0,8.0,3.38,10.33
22205,2021-11-20,小青菜(1),5.0,8.0,3.782,10.33
22240,2021-11-21,小青菜(1),5.0,8.0,3.416,10.33
22272,2021-11-22,小青菜(1),4.93,8.0,2.613,10.33
22302,2021-11-23,小青菜(1),4.53,8.0,4.95,10.33
22334,2021-11-24,小青菜(1),4.04,7.0,2.989,10.33
22363,2021-11-25,小青菜(1),4.05,7.0,2.788,10.33
22393,2021-11-26,小青菜(1),3.73,7.0,2.931,10.33
22424,2021-11-27,小青菜(1),3.54,6.0,3.238,10.33
20822,2021-10-11,海鲜菇(包),2.67,3.9,3.0,0.0
20859,2021-10-12,海鲜菇(包),2.65,3.9,9.0,0.0
20896,2021-10-13,海鲜菇(包),2.54,3.9,8.0,0.0
20932,2021-10-14,海鲜菇(包),2.74,3.9,3.0,0.0
20970,2021-10-15,海鲜菇(包),2.8,3.9,11.0,0.0
21012,2021-10-16,海鲜菇(包),2.66,3.9,17.0,0.0
21053,2021-10-17,海鲜菇(包),1.0,3.9,7.0,0.0
21094,2021-10-18,海鲜菇(包),1.0,3.9,4.0,0.0
21377,2021-10-26,海鲜菇(包),3.14,3.9,4.0,0.0
21411,2021-10-27,海鲜菇(包),3.14,3.9,1.0,0.0
21510,2021-10-30,海鲜菇(包),3.17,4.9,11.0,0.0
21545,2021-10-31,海鲜菇(包),3.11,4.9,9.0,0.0
21580,2021-11-01,海鲜菇(包),3.09,4.9,9.0,0.0
21615,2021-11-02,海鲜菇(包),3.1,4.9,9.0,0.0
21652,2021-11-03,海鲜菇(包),3.06,4.9,9.0,0.0
21683,2021-11-04,海鲜菇(包),3.09,4.9,5.0,0.0
21719,2021-11-05,海鲜菇(包),2.99,4.9,20.0,0.0
21754,2021-11-06,海鲜菇(包),2.99,4.9,10.0,0.0
21788,2021-11-07,海鲜菇(包),3.02,4.9,22.0,0.0
21824,2021-11-08,海鲜菇(包),2.98,4.9,4.0,0.0
21856,2021-11-09,海鲜菇(包),2.98,4.9,6.0,0.0
21888,2021-11-10,海鲜菇(包),2.98,9.9,7.0,0.0
21921,2021-11-11,海鲜菇(包),2.98,4.9,6.0,0.0
21954,2021-11-12,海鲜菇(包),3.0,4.9,9.0,0.0
21987,2021-11-13,海鲜菇(包),3.02,4.9,9.0,0.0
22019,2021-11-14,海鲜菇(包),3.02,4.9,10.0,0.0
22050,2021-11-15,海鲜菇(包),3.02,4.9,3.0,0.0
22082,2021-11-16,海鲜菇(包),2.98,4.9,5.0,0.0
22112,2021-11-17,海鲜菇(包),2.81,4.9,4.0,0.0
22145,2021-11-18,海鲜菇(包),2.81,4.9,3.0,0.0
22177,2021-11-19,海鲜菇(包),2.81,4.9,2.0,0.0
22208,2021-11-20,海鲜菇(包),2.7900000000000005,3.9,12.0,0.0
22243,2021-11-21,海鲜菇(包),2.68,3.9,16.0,0.0
22275,2021-11-22,海鲜菇(包),2.22,3.9,2.0,0.0
22304,2021-11-23,海鲜菇(包),2.67,3.9,4.0,0.0
22336,2021-11-24,海鲜菇(包),2.58,3.9,4.0,0.0
22365,2021-11-25,海鲜菇(包),2.62,3.9,3.0,0.0
22396,2021-11-26,海鲜菇(包),2.68,3.9,4.0,0.0
22427,2021-11-27,海鲜菇(包),2.63,3.9,7.0,0.0
